2026-08-14 22:23:24,644 [DEBUG] cnn_neat: Split edge 0→1, new hidden node 2 (pool=1)
2026-08-14 22:23:24,656 [DEBUG] cnn_neat: Split edge 0→2, new hidden node 3 (pool=2)
2026-08-14 22:23:24,659 [DEBUG] cnn_neat: Added edge 0→1 (from 1 candidates)
2026-08-14 22:23:24,668 [DEBUG] cnn_neat: Split edge 3→2, new hidden node 4 (pool=3)
2026-08-14 22:23:24,673 [DEBUG] cnn_neat: Added edge 3→1 (from 2 candidates)
2026-08-14 22:23:24,682 [DEBUG] cnn_neat: Split edge 0→2, new hidden node 4 (pool=3)
2026-08-14 22:23:24,689 [DEBUG] cnn_neat: Added edge 2→1 (from 2 candidates)
2026-08-14 22:23:24,695 [DEBUG] cnn_neat: Split edge 4→2, new hidden node 5 (pool=4)
2026-08-14 22:23:24,698 [DEBUG] cnn_neat: Added edge 0→2 (from 4 candidates)
2026-08-14 22:23:24,702 [DEBUG] cnn_neat: Split edge 3→1, new hidden node 6 (pool=5)
2026-08-14 22:23:24,706 [DEBUG] cnn_neat: Added edge 4→3 (from 6 candidates)
2026-08-14 22:23:24,708 [DEBUG] cnn_neat: Split edge 4→2, new hidden node 5 (pool=5)
2026-08-14 22:23:24,712 [DEBUG] cnn_neat: Split edge 0→1, new hidden node 3 (pool=1)
2026-08-14 22:23:24,717 [DEBUG] cnn_neat: Removed hidden node 2 (pool=1)
2026-08-14 22:23:24,718 [DEBUG] cnn_neat: Removed edge 0→2 (from 3 candidates)
2026-08-14 22:23:24,719 [DEBUG] cnn_neat: Removed 1 edges (requested 3)
2026-08-14 22:23:24,724 [DEBUG] cnn_neat: Split edge 3→1, new hidden node 4 (pool=2)
2026-08-14 22:23:24,727 [DEBUG] cnn_neat: Added edge 0→2 (from 1 candidates)
2026-08-14 22:23:24,731 [DEBUG] cnn_neat: Removed hidden node 2 (pool=1)
2026-08-14 22:23:24,734 [DEBUG] cnn_neat: Removed edge 2→1 (from 3 candidates)
2026-08-14 22:23:24,737 [DEBUG] cnn_neat: Removed 2 edges (requested 3)
2026-08-14 22:23:24,739 [DEBUG] cnn_neat: Split edge 3→1, new hidden node 4 (pool=5)
2026-08-14 22:23:24,742 [DEBUG] cnn_neat: Added edge 0→1 (from 1 candidates)
2026-08-14 22:23:24,745 [DEBUG] cnn_neat: Split edge 2→1, new hidden node 5 (pool=3)
2026-08-14 22:23:24,750 [DEBUG] cnn_neat: Removed hidden node 3 (pool=2)
2026-08-14 22:23:24,753 [DEBUG] cnn_neat: Added edge 3→1 (from 4 candidates)
2026-08-14 22:23:24,755 [DEBUG] cnn_neat: Split edge 0→1, new hidden node 4 (pool=1)
2026-08-14 22:23:24,761 [DEBUG] cnn_neat: Split edge 2→1, new hidden node 4 (pool=2)
2026-08-14 22:23:24,765 [DEBUG] cnn_neat: Added edge 0→3 (from 1 candidates)
2026-08-14 22:23:24,770 [DEBUG] cnn_neat: Removed hidden node 3 (pool=1)
2026-08-14 22:23:24,771 [DEBUG] cnn_neat: Removed edge 2→1 (from 3 candidates)
2026-08-14 22:23:24,775 [DEBUG] cnn_neat: Removed 2 edges (requested 3)
2026-08-14 22:23:24,778 [DEBUG] cnn_neat: Split edge 2→3, new hidden node 5 (pool=5)
2026-08-14 22:23:24,781 [DEBUG] cnn_neat: Added edge 0→4 (from 5 candidates)
2026-08-14 22:23:24,785 [DEBUG] cnn_neat: Split edge 0→2, new hidden node 6 (pool=3)
2026-08-14 22:23:24,789 [DEBUG] cnn_neat: Removed hidden node 3 (pool=2)
2026-08-14 22:23:24,792 [DEBUG] cnn_neat: Added edge 3→4 (from 8 candidates)
2026-08-14 22:23:24,796 [DEBUG] cnn_neat: Split edge 3→1, new hidden node 4 (pool=2)
2026-08-14 22:23:24,798 [DEBUG] cnn_neat: Added edge 0→1 (from 1 candidates)
2026-08-14 22:23:24,806 [DEBUG] cnn_neat: Split edge 2→1, new hidden node 4 (pool=2)
2026-08-14 22:23:24,808 [DEBUG] cnn_neat: Added edge 3→1 (from 2 candidates)
2026-08-14 22:23:24,810 [DEBUG] cnn_neat: Removed hidden node 3 (pool=1)
2026-08-14 22:23:24,812 [DEBUG] cnn_neat: Removed edge 2→3 (from 1 candidates)
2026-08-14 22:23:24,814 [DEBUG] cnn_neat: Removed 1 edges (requested 3)
2026-08-14 22:23:24,816 [DEBUG] cnn_neat: Split edge 0→2, new hidden node 5 (pool=4)
2026-08-14 22:23:24,818 [DEBUG] cnn_neat: Added edge 2→1 (from 6 candidates)
2026-08-14 22:23:24,821 [DEBUG] cnn_neat: Split edge 5→2, new hidden node 6 (pool=5)
2026-08-14 22:23:24,825 [DEBUG] cnn_neat: Removed hidden node 3 (pool=1)
2026-08-14 22:23:24,828 [DEBUG] cnn_neat: Added edge 4→3 (from 8 candidates)
2026-08-14 22:23:24,830 [DEBUG] cnn_neat: Split edge 2→1, new hidden node 5 (pool=2)
2026-08-14 22:23:24,870 [DEBUG] cnn_neat: Split edge 4→2, new hidden node 5 (pool=3)
2026-08-14 22:23:24,873 [DEBUG] cnn_neat: Added edge 3→1 (from 4 candidates)
2026-08-14 22:23:24,877 [DEBUG] cnn_neat: Removed hidden node 3 (pool=1)
2026-08-14 22:23:24,880 [DEBUG] cnn_neat: Removed edge 2→3 (from 1 candidates)
2026-08-14 22:23:24,883 [DEBUG] cnn_neat: Removed 1 edges (requested 3)
2026-08-14 22:23:24,887 [DEBUG] cnn_neat: Split edge 2→3, new hidden node 4 (pool=4)
2026-08-14 22:23:24,889 [DEBUG] cnn_neat: Added edge 0→1 (from 2 candidates)
2026-08-14 22:23:24,894 [DEBUG] cnn_neat: Removed hidden node 3 (pool=1)
2026-08-14 22:23:24,895 [DEBUG] cnn_neat: Removed edge 0→3 (from 2 candidates)
2026-08-14 22:23:24,899 [DEBUG] cnn_neat: Removed 2 edges (requested 3)
2026-08-14 22:23:24,901 [DEBUG] cnn_neat: Split edge 0→2, new hidden node 5 (pool=3)
2026-08-14 22:23:24,904 [DEBUG] cnn_neat: Split edge 0→1, new hidden node 4 (pool=1)
2026-08-14 22:23:24,907 [DEBUG] cnn_neat: Added edge 4→1 (from 4 candidates)
2026-08-14 22:23:24,910 [DEBUG] cnn_neat: Added edge 3→1 (from 1 candidates)
2026-08-14 22:23:24,919 [DEBUG] cnn_neat: Split edge 0→4, new hidden node 5 (pool=3)
2026-08-14 22:23:24,921 [DEBUG] cnn_neat: Added edge 4→1 (from 2 candidates)
2026-08-14 22:23:24,933 [DEBUG] cnn_neat: Split edge 4→1, new hidden node 5 (pool=2)
2026-08-14 22:23:24,938 [DEBUG] cnn_neat: Added edge 0→2 (from 1 candidates)
2026-08-14 22:23:24,942 [DEBUG] cnn_neat: Removed hidden node 2 (pool=1)
2026-08-14 22:23:24,947 [DEBUG] cnn_neat: Removed edge 2→1 (from 3 candidates)
2026-08-14 22:23:24,952 [DEBUG] cnn_neat: Removed 2 edges (requested 3)
2026-08-14 22:23:24,957 [DEBUG] cnn_neat: Split edge 0→2, new hidden node 5 (pool=5)
2026-08-14 22:23:24,960 [DEBUG] cnn_neat: Added edge 0→1 (from 1 candidates)
2026-08-14 22:23:25,048 [DEBUG] cnn_neat: Split edge 0→5, new hidden node 6 (pool=5)
2026-08-14 22:23:25,053 [DEBUG] cnn_neat: Removed hidden node 2 (pool=2)
2026-08-14 22:23:25,057 [DEBUG] cnn_neat: Added edge 5→4 (from 4 candidates)
2026-08-14 22:23:25,062 [DEBUG] cnn_neat: Split edge 0→1, new hidden node 5 (pool=1)
2026-08-14 22:23:25,070 [DEBUG] cnn_neat: Split edge 3→1, new hidden node 4 (pool=4)
2026-08-14 22:23:25,074 [DEBUG] cnn_neat: Added edge 2→1 (from 2 candidates)
2026-08-14 22:23:25,079 [DEBUG] cnn_neat: Removed hidden node 2 (pool=1)
2026-08-14 22:23:25,082 [DEBUG] cnn_neat: Removed edge 2→3 (from 3 candidates)
2026-08-14 22:23:25,086 [DEBUG] cnn_neat: Removed 1 edges (requested 3)
2026-08-14 22:23:25,089 [DEBUG] cnn_neat: Split edge 0→3, new hidden node 4 (pool=3)
2026-08-14 22:23:25,091 [DEBUG] cnn_neat: Added edge 0→1 (from 4 candidates)
2026-08-14 22:23:25,093 [DEBUG] cnn_neat: Split edge 3→1, new hidden node 5 (pool=4)
2026-08-14 22:23:25,098 [DEBUG] cnn_neat: Removed hidden node 2 (pool=1)
2026-08-14 22:23:25,101 [DEBUG] cnn_neat: Added edge 2→3 (from 7 candidates)
2026-08-14 22:23:25,105 [DEBUG] cnn_neat: Split edge 0→1, new hidden node 4 (pool=1)
2026-08-14 22:23:25,113 [DEBUG] cnn_neat: Split edge 0→2, new hidden node 5 (pool=4)
2026-08-14 22:23:25,118 [DEBUG] cnn_neat: Added edge 3→1 (from 4 candidates)
2026-08-14 22:23:25,129 [DEBUG] cnn_neat: Split edge 2→3, new hidden node 6 (pool=5)
2026-08-14 22:23:25,135 [DEBUG] cnn_neat: Split edge 0→2, new hidden node 5 (pool=3)
2026-08-14 22:23:25,141 [DEBUG] cnn_neat: Added edge 0→2 (from 6 candidates)
2026-08-14 22:23:25,145 [DEBUG] cnn_neat: Added edge 0→3 (from 3 candidates)
2026-08-14 22:23:25,152 [DEBUG] cnn_neat: Split edge 0→5, new hidden node 6 (pool=4)
2026-08-14 22:23:25,159 [DEBUG] cnn_neat: Split edge 4→1, new hidden node 5 (pool=5)
2026-08-14 22:23:25,165 [DEBUG] cnn_neat: Added edge 2→4 (from 4 candidates)
2026-08-14 22:23:25,171 [DEBUG] cnn_neat: Removed hidden node 2 (pool=1)
2026-08-14 22:23:25,177 [DEBUG] cnn_neat: Removed edge 0→3 (from 3 candidates)
2026-08-14 22:23:25,184 [DEBUG] cnn_neat: Removed 2 edges (requested 3)
2026-08-14 22:23:25,250 [DEBUG] cnn_neat: Split edge 0→2, new hidden node 5 (pool=6)
2026-08-14 22:23:25,255 [DEBUG] cnn_neat: Added edge 3→1 (from 3 candidates)
2026-08-14 22:23:25,260 [DEBUG] cnn_neat: Split edge 2→3, new hidden node 6 (pool=7)
2026-08-14 22:23:25,266 [DEBUG] cnn_neat: Removed hidden node 3 (pool=2)
2026-08-14 22:23:25,273 [DEBUG] cnn_neat: Added edge 0→2 (from 7 candidates)
2026-08-14 22:23:25,280 [DEBUG] cnn_neat: Split edge 0→3, new hidden node 7 (pool=4)
2026-08-14 22:23:25,289 [DEBUG] cnn_neat: Split edge 0→3, new hidden node 4 (pool=5)
2026-08-14 22:23:25,294 [DEBUG] cnn_neat: Added edge 0→1 (from 1 candidates)
2026-08-14 22:23:25,302 [DEBUG] cnn_neat: Removed hidden node 2 (pool=2)
2026-08-14 22:23:25,307 [DEBUG] cnn_neat: Removed edge 2→1 (from 5 candidates)
2026-08-14 22:23:25,315 [DEBUG] cnn_neat: Removed 3 edges (requested 3)
2026-08-14 22:23:25,321 [DEBUG] cnn_neat: Split edge 0→2, new hidden node 5 (pool=5)
2026-08-14 22:23:25,326 [DEBUG] cnn_neat: Added edge 4→1 (from 4 candidates)
2026-08-14 22:23:25,332 [DEBUG] cnn_neat: Split edge 0→4, new hidden node 6 (pool=7)
2026-08-14 22:23:25,341 [DEBUG] cnn_neat: Removed hidden node 3 (pool=3)
2026-08-14 22:23:25,345 [DEBUG] cnn_neat: Added edge 4→5 (from 9 candidates)
2026-08-14 22:23:25,355 [DEBUG] cnn_neat: Split edge 3→1, new hidden node 5 (pool=4)
2026-08-14 22:23:25,422 [DEBUG] cnn_neat: Added edge 4→1 (from 4 candidates)
2026-08-14 22:23:25,431 [DEBUG] cnn_neat: Split edge 0→2, new hidden node 5 (pool=3)
2026-08-14 22:23:25,436 [DEBUG] cnn_neat: Added edge 2→3 (from 3 candidates)
2026-08-14 22:23:25,441 [DEBUG] cnn_neat: Split edge 5→2, new hidden node 6 (pool=4)
2026-08-14 22:23:25,451 [DEBUG] cnn_neat: Removed hidden node 3 (pool=1)
2026-08-14 22:23:25,454 [DEBUG] cnn_neat: Added edge 5→3 (from 5 candidates)
2026-08-14 22:23:25,458 [DEBUG] cnn_neat: Split edge 0→1, new hidden node 2 (pool=1)
2026-08-14 22:23:25,467 [DEBUG] cnn_neat: Split edge 0→2, new hidden node 3 (pool=2)
2026-08-14 22:23:25,470 [DEBUG] cnn_neat: Added edge 0→1 (from 1 candidates)
2026-08-14 22:23:25,481 [DEBUG] cnn_neat: Split edge 3→2, new hidden node 4 (pool=3)
2026-08-14 22:23:25,485 [DEBUG] cnn_neat: Added edge 3→1 (from 2 candidates)
2026-08-14 22:23:25,493 [DEBUG] cnn_neat: Split edge 0→1, new hidden node 3 (pool=1)
2026-08-14 22:23:25,495 [DEBUG] cnn_neat: Removed hidden node 2 (pool=1)
2026-08-14 22:23:25,496 [DEBUG] cnn_neat: Removed edge 0→1 (from 3 candidates)
2026-08-14 22:23:25,498 [DEBUG] cnn_neat: Removed 2 edges (requested 3)
2026-08-14 22:23:25,501 [DEBUG] cnn_neat: Split edge 0→1, new hidden node 4 (pool=1)
2026-08-14 22:23:25,504 [DEBUG] cnn_neat: Removed hidden node 3 (pool=1)
2026-08-14 22:23:25,505 [DEBUG] cnn_neat: Removed edge 0→1 (from 3 candidates)
2026-08-14 22:23:25,508 [DEBUG] cnn_neat: Removed 2 edges (requested 3)
2026-08-14 22:23:25,512 [DEBUG] cnn_neat: Split edge 3→1, new hidden node 5 (pool=4)
2026-08-14 22:23:25,515 [DEBUG] cnn_neat: Added edge 0→1 (from 3 candidates)
2026-08-14 22:23:25,519 [DEBUG] cnn_neat: Split edge 0→4, new hidden node 6 (pool=2)
2026-08-14 22:23:25,526 [DEBUG] cnn_neat: Removed hidden node 4 (pool=2)
2026-08-14 22:23:25,529 [DEBUG] cnn_neat: Added edge 3→4 (from 6 candidates)
2026-08-14 22:23:25,533 [DEBUG] cnn_neat: Split edge 0→1, new hidden node 5 (pool=1)
2026-08-14 22:23:25,539 [DEBUG] cnn_neat: Split edge 4→1, new hidden node 5 (pool=5)
2026-08-14 22:23:25,606 [DEBUG] cnn_neat: Added edge 4→2 (from 5 candidates)
2026-08-14 22:23:25,614 [DEBUG] cnn_neat: Removed hidden node 2 (pool=2)
2026-08-14 22:23:25,618 [DEBUG] cnn_neat: Removed edge 2→1 (from 4 candidates)
2026-08-14 22:23:25,624 [DEBUG] cnn_neat: Removed 2 edges (requested 3)
2026-08-14 22:23:25,629 [DEBUG] cnn_neat: Split edge 3→2, new hidden node 6 (pool=3)
2026-08-14 22:23:25,634 [DEBUG] cnn_neat: Split edge 0→3, new hidden node 5 (pool=6)
2026-08-14 22:23:25,637 [DEBUG] cnn_neat: Added edge 3→5 (from 8 candidates)
2026-08-14 22:23:25,640 [DEBUG] cnn_neat: Added edge 3→1 (from 3 candidates)
2026-08-14 22:23:25,666 [DEBUG] cnn_neat: Split edge 0→3, new hidden node 4 (pool=2)
2026-08-14 22:23:25,668 [DEBUG] cnn_neat: Added edge 0→1 (from 1 candidates)
2026-08-14 22:23:25,672 [DEBUG] cnn_neat: Split edge 3→1, new hidden node 5 (pool=3)
2026-08-14 22:23:25,674 [DEBUG] cnn_neat: Added edge 4→1 (from 2 candidates)
2026-08-14 22:23:25,677 [DEBUG] cnn_neat: Split edge 0→4, new hidden node 6 (pool=4)
2026-08-14 22:23:25,682 [DEBUG] cnn_neat: Added edge 0→3 (from 4 candidates)
2026-08-14 22:23:25,684 [DEBUG] cnn_neat: Split edge 4→1, new hidden node 5 (pool=2)
2026-08-14 22:23:25,689 [DEBUG] cnn_neat: Split edge 2→1, new hidden node 5 (pool=3)
2026-08-14 22:23:25,770 [DEBUG] cnn_neat: Added edge 0→3 (from 4 candidates)
2026-08-14 22:23:25,775 [DEBUG] cnn_neat: Removed hidden node 3 (pool=1)
2026-08-14 22:23:25,777 [DEBUG] cnn_neat: Removed edge 2→3 (from 1 candidates)
2026-08-14 22:23:25,779 [DEBUG] cnn_neat: Removed 1 edges (requested 3)
2026-08-14 22:23:25,781 [DEBUG] cnn_neat: Split edge 4→2, new hidden node 6 (pool=5)
2026-08-14 22:23:25,784 [DEBUG] cnn_neat: Added edge 5→3 (from 8 candidates)
2026-08-14 22:23:25,788 [DEBUG] cnn_neat: Split edge 6→2, new hidden node 7 (pool=6)
2026-08-14 22:23:25,792 [DEBUG] cnn_neat: Removed hidden node 3 (pool=1)
2026-08-14 22:23:25,797 [DEBUG] cnn_neat: Added edge 4→2 (from 11 candidates)
2026-08-14 22:23:25,802 [DEBUG] cnn_neat: Split edge 2→1, new hidden node 5 (pool=3)
2026-08-14 22:23:25,805 [DEBUG] cnn_neat: Added edge 0→2 (from 2 candidates)
2026-08-14 22:23:25,812 [DEBUG] cnn_neat: Split edge 0→4, new hidden node 6 (pool=5)
2026-08-14 22:23:25,815 [DEBUG] cnn_neat: Added edge 5→2 (from 5 candidates)
2026-08-14 22:23:25,819 [DEBUG] cnn_neat: Removed hidden node 2 (pool=2)
2026-08-14 22:23:25,822 [DEBUG] cnn_neat: Removed edge 5→1 (from 4 candidates)
2026-08-14 22:23:25,826 [DEBUG] cnn_neat: Removed 2 edges (requested 3)
2026-08-14 22:23:25,829 [DEBUG] cnn_neat: Split edge 4→2, new hidden node 7 (pool=6)
2026-08-14 22:23:25,833 [DEBUG] cnn_neat: Split edge 5→1, new hidden node 6 (pool=6)
2026-08-14 22:23:25,837 [DEBUG] cnn_neat: Added edge 0→4 (from 6 candidates)
2026-08-14 22:23:25,840 [DEBUG] cnn_neat: Added edge 0→2 (from 3 candidates)
2026-08-14 22:23:25,844 [DEBUG] cnn_neat: Split edge 3→4, new hidden node 5 (pool=4)
2026-08-14 22:23:25,847 [DEBUG] cnn_neat: Added edge 4→1 (from 4 candidates)
2026-08-14 22:23:25,855 [DEBUG] cnn_neat: Split edge 4→1, new hidden node 5 (pool=3)
2026-08-14 22:23:25,857 [DEBUG] cnn_neat: Added edge 0→2 (from 3 candidates)
2026-08-14 22:23:25,861 [DEBUG] cnn_neat: Split edge 4→2, new hidden node 6 (pool=6)
2026-08-14 22:23:25,867 [DEBUG] cnn_neat: Removed hidden node 2 (pool=1)
2026-08-14 22:23:25,869 [DEBUG] cnn_neat: Saved generation 0
2026-08-14 22:23:25,896 [DEBUG] cnn_neat: Added edge 4→1 (from 6 candidates)
2026-08-14 22:23:25,904 [DEBUG] cnn_neat: Split edge 5→1, new hidden node 6 (pool=3)
2026-08-14 22:23:25,908 [DEBUG] cnn_neat: Added edge 0→5 (from 2 candidates)
2026-08-14 22:23:25,939 [DEBUG] cnn_neat: Split edge 0→4, new hidden node 7 (pool=4)
2026-08-14 22:23:25,944 [DEBUG] cnn_neat: Split edge 0→4, new hidden node 6 (pool=4)
2026-08-14 22:23:25,948 [DEBUG] cnn_neat: Added edge 0→5 (from 4 candidates)
2026-08-14 22:23:25,952 [DEBUG] cnn_neat: Added edge 4→1 (from 2 candidates)
2026-08-14 22:23:25,957 [DEBUG] cnn_neat: Split edge 5→6, new hidden node 8 (pool=5)
2026-08-14 22:23:25,963 [DEBUG] cnn_neat: Split edge 0→3, new hidden node 5 (pool=3)
2026-08-14 22:23:25,965 [DEBUG] cnn_neat: Added edge 3→1 (from 2 candidates)
2026-08-14 22:23:25,969 [DEBUG] cnn_neat: Split edge 3→4, new hidden node 6 (pool=4)
2026-08-14 22:23:25,970 [DEBUG] cnn_neat: Added edge 3→1 (from 4 candidates)
2026-08-14 22:23:25,972 [DEBUG] cnn_neat: Split edge 6→4, new hidden node 7 (pool=5)
2026-08-14 22:23:25,975 [DEBUG] cnn_neat: Added edge 5→4 (from 6 candidates)
2026-08-14 22:23:26,001 [DEBUG] cnn_neat: Split edge 0→5, new hidden node 6 (pool=3)
2026-08-14 22:23:26,005 [DEBUG] cnn_neat: Selected 25 elite individuals
2026-08-14 22:23:26,010 [DEBUG] cnn_neat: Split edge 3→5, new hidden node 6 (pool=5)
2026-08-14 22:23:26,016 [DEBUG] cnn_neat: Added edge 0→4 (from 6 candidates)
2026-08-14 22:23:26,033 [DEBUG] cnn_neat: Split edge 2→4, new hidden node 6 (pool=6)
2026-08-14 22:23:26,040 [DEBUG] cnn_neat: Added edge 0→4 (from 9 candidates)
2026-08-14 22:23:26,046 [DEBUG] cnn_neat: Added edge 2→5 (from 6 candidates)
2026-08-14 22:23:26,052 [DEBUG] cnn_neat: Split edge 0→2, new hidden node 7 (pool=7)
2026-08-14 22:23:26,057 [DEBUG] cnn_neat: Split edge 3→1, new hidden node 4 (pool=2)
2026-08-14 22:23:26,060 [DEBUG] cnn_neat: Added edge 0→2 (from 2 candidates)
2026-08-14 22:23:26,189 [DEBUG] cnn_neat: Removed hidden node 2 (pool=1)
2026-08-14 22:23:26,195 [DEBUG] cnn_neat: Split edge 3→1, new hidden node 5 (pool=2)
2026-08-14 22:23:26,197 [DEBUG] cnn_neat: Removed edge 3→2 (from 1 candidates)
2026-08-14 22:23:26,199 [DEBUG] cnn_neat: Removed 1 edges (requested 3)
2026-08-14 22:23:26,200 [DEBUG] cnn_neat: Added edge 4→1 (from 3 candidates)
2026-08-14 22:23:26,203 [DEBUG] cnn_neat: Split edge 0→2, new hidden node 4 (pool=4)
2026-08-14 22:23:26,205 [DEBUG] cnn_neat: Added edge 2→1 (from 2 candidates)
2026-08-14 22:23:26,209 [DEBUG] cnn_neat: Split edge 0→3, new hidden node 5 (pool=5)
2026-08-14 22:23:26,209 [DEBUG] cnn_neat: Removed hidden node 2 (pool=3)
2026-08-14 22:23:26,214 [DEBUG] cnn_neat: Removed edge 3→1 (from 6 candidates)
2026-08-14 22:23:26,214 [DEBUG] cnn_neat: Removed hidden node 2 (pool=1)
2026-08-14 22:23:26,217 [DEBUG] cnn_neat: Added edge 3→4 (from 5 candidates)
2026-08-14 22:23:26,217 [DEBUG] cnn_neat: Split edge 2→1, new hidden node 5 (pool=5)
2026-08-14 22:23:26,220 [DEBUG] cnn_neat: Split edge 4→2, new hidden node 6 (pool=6)
2026-08-14 22:23:26,223 [DEBUG] cnn_neat: Removed edge 3→2 (from 2 candidates)
2026-08-14 22:23:26,224 [DEBUG] cnn_neat: Removed 2 edges (requested 3)
2026-08-14 22:23:26,227 [DEBUG] cnn_neat: Crossover union: A_edges=6 B_added=6 dup_skipped=0 child_edges=12 nodes=9
2026-08-14 22:23:26,228 [DEBUG] cnn_neat: Added edge 0→2 (from 3 candidates)
2026-08-14 22:23:26,230 [DEBUG] cnn_neat: Added edge 4→1 (from 3 candidates)
2026-08-14 22:23:26,233 [DEBUG] cnn_neat: Added edge 0→1 (from 2 candidates)
2026-08-14 22:23:26,235 [DEBUG] cnn_neat: Added edge 4→3 (from 1 candidates)
2026-08-14 22:23:26,240 [DEBUG] cnn_neat: Added edge 2→5 (from 9 candidates)
2026-08-14 22:23:26,242 [DEBUG] cnn_neat: Added edge 2→3 (from 9 candidates)
2026-08-14 22:23:26,246 [DEBUG] cnn_neat: Added edge 2→3 (from 9 candidates)
2026-08-14 22:23:26,249 [DEBUG] cnn_neat: Removed hidden node 6 (pool=1)
2026-08-14 22:23:26,253 [DEBUG] cnn_neat: Split edge 0→2, new hidden node 6 (pool=5)
2026-08-14 22:23:26,256 [DEBUG] cnn_neat: Added edge 2→3 (from 9 candidates)
2026-08-14 22:23:26,260 [DEBUG] cnn_neat: Removed hidden node 6 (pool=1)
2026-08-14 22:23:26,263 [DEBUG] cnn_neat: Split edge 5→4, new hidden node 6 (pool=5)
2026-08-14 22:23:26,268 [DEBUG] cnn_neat: Added edge 0→3 (from 9 candidates)
2026-08-14 22:23:26,271 [DEBUG] cnn_neat: Crossover rejected: union topology invalid (edges=11 nodes=9)
2026-08-14 22:23:26,274 [DEBUG] cnn_neat: Added edge 6→4 (from 9 candidates)
2026-08-14 22:23:26,275 [DEBUG] cnn_neat: Added edge 0→6 (from 9 candidates)
2026-08-14 22:23:26,277 [DEBUG] cnn_neat: Added edge 6→5 (from 9 candidates)
2026-08-14 22:23:26,280 [DEBUG] cnn_neat: Added edge 0→5 (from 10 candidates)
2026-08-14 22:23:26,282 [DEBUG] cnn_neat: Added edge 3→4 (from 11 candidates)
2026-08-14 22:23:26,285 [DEBUG] cnn_neat: Added edge 5→1 (from 10 candidates)
2026-08-14 22:23:26,289 [DEBUG] cnn_neat: Added edge 3→2 (from 9 candidates)
2026-08-14 22:23:26,291 [DEBUG] cnn_neat: Added edge 3→4 (from 9 candidates)
2026-08-14 22:23:26,295 [DEBUG] cnn_neat: Added edge 3→2 (from 9 candidates)
2026-08-14 22:23:26,298 [DEBUG] cnn_neat: Removed hidden node 6 (pool=2)
2026-08-14 22:23:26,302 [DEBUG] cnn_neat: Added edge 0→4 (from 9 candidates)
2026-08-14 22:23:26,306 [DEBUG] cnn_neat: Added edge 2→1 (from 9 candidates)
2026-08-14 22:23:26,309 [DEBUG] cnn_neat: Crossover rejected: union topology invalid (edges=12 nodes=11)
2026-08-14 22:23:26,312 [DEBUG] cnn_neat: Added edge 0→2 (from 9 candidates)
2026-08-14 22:23:26,315 [DEBUG] cnn_neat: Removed hidden node 6 (pool=3)
2026-08-14 22:23:26,318 [DEBUG] cnn_neat: Added edge 0→6 (from 9 candidates)
2026-08-14 22:23:26,320 [DEBUG] cnn_neat: Added edge 0→2 (from 9 candidates)
2026-08-14 22:23:26,322 [DEBUG] cnn_neat: Added edge 3→5 (from 12 candidates)
2026-08-14 22:23:26,324 [DEBUG] cnn_neat: Added edge 2→1 (from 11 candidates)
2026-08-14 22:23:26,326 [DEBUG] cnn_neat: Added edge 3→4 (from 10 candidates)
2026-08-14 22:23:26,329 [DEBUG] cnn_neat: Split edge 3→4, new hidden node 5 (pool=3)
2026-08-14 22:23:26,330 [DEBUG] cnn_neat: Added edge 0→4 (from 2 candidates)
2026-08-14 22:23:26,332 [DEBUG] cnn_neat: Split edge 0→3, new hidden node 5 (pool=3)
2026-08-14 22:23:26,334 [DEBUG] cnn_neat: Split edge 0→3, new hidden node 5 (pool=3)
2026-08-14 22:23:26,336 [DEBUG] cnn_neat: Added edge 0→4 (from 4 candidates)
2026-08-14 22:23:26,338 [DEBUG] cnn_neat: Split edge 0→3, new hidden node 5 (pool=3)
2026-08-14 22:23:26,339 [DEBUG] cnn_neat: Added edge 0→3 (from 4 candidates)
2026-08-14 22:23:26,341 [DEBUG] cnn_neat: Crossover union: A_edges=3 B_added=5 dup_skipped=0 child_edges=8 nodes=6
2026-08-14 22:23:26,342 [DEBUG] cnn_neat: Added edge 0→4 (from 2 candidates)
2026-08-14 22:23:26,344 [DEBUG] cnn_neat: Added edge 3→1 (from 2 candidates)
2026-08-14 22:23:26,346 [DEBUG] cnn_neat: Added edge 0→1 (from 1 candidates)
2026-08-14 22:23:26,348 [DEBUG] cnn_neat: Split edge 4→1, new hidden node 5 (pool=4)
2026-08-14 22:23:26,350 [DEBUG] cnn_neat: Added edge 3→1 (from 6 candidates)
2026-08-14 22:23:26,353 [DEBUG] cnn_neat: Removed hidden node 2 (pool=1)
2026-08-14 22:23:26,354 [DEBUG] cnn_neat: Split edge 3→4, new hidden node 5 (pool=3)
2026-08-14 22:23:26,355 [DEBUG] cnn_neat: Added edge 5→1 (from 4 candidates)
2026-08-14 22:23:26,357 [DEBUG] cnn_neat: Removed edge 3→2 (from 1 candidates)
2026-08-14 22:23:26,358 [DEBUG] cnn_neat: Split edge 4→1, new hidden node 5 (pool=3)
2026-08-14 22:23:26,359 [DEBUG] cnn_neat: Removed 1 edges (requested 3)
2026-08-14 22:23:26,360 [DEBUG] cnn_neat: Split edge 4→1, new hidden node 5 (pool=3)
2026-08-14 22:23:26,362 [DEBUG] cnn_neat: Added edge 0→5 (from 4 candidates)
2026-08-14 22:23:26,364 [DEBUG] cnn_neat: Crossover rejected: copied edge has no live Conv2d
2026-08-14 22:23:26,365 [DEBUG] cnn_neat: Split edge 0→3, new hidden node 5 (pool=4)
2026-08-14 22:23:26,367 [DEBUG] cnn_neat: Added edge 2→1 (from 6 candidates)
2026-08-14 22:23:26,368 [DEBUG] cnn_neat: Added edge 4→2 (from 5 candidates)
2026-08-14 22:23:26,370 [DEBUG] cnn_neat: Added edge 3→1 (from 3 candidates)
2026-08-14 22:23:26,372 [DEBUG] cnn_neat: Added edge 0→4 (from 2 candidates)
2026-08-14 22:23:26,374 [DEBUG] cnn_neat: Added edge 0→2 (from 1 candidates)
2026-08-14 22:23:26,376 [DEBUG] cnn_neat: Split edge 5→4, new hidden node 7 (pool=6)
2026-08-14 22:23:26,378 [DEBUG] cnn_neat: Added edge 5→3 (from 10 candidates)
2026-08-14 22:23:26,382 [DEBUG] cnn_neat: Removed hidden node 3 (pool=2)
2026-08-14 22:23:26,384 [DEBUG] cnn_neat: Removed edge 2→3 (from 4 candidates)
2026-08-14 22:23:26,386 [DEBUG] cnn_neat: Split edge 0→5, new hidden node 7 (pool=6)
2026-08-14 22:23:26,388 [DEBUG] cnn_neat: Removed 3 edges (requested 3)
2026-08-14 22:23:26,390 [DEBUG] cnn_neat: Crossover rejected: union topology invalid (edges=12 nodes=10)
2026-08-14 22:23:26,392 [DEBUG] cnn_neat: Split edge 2→1, new hidden node 7 (pool=6)
2026-08-14 22:23:26,394 [DEBUG] cnn_neat: Added edge 0→6 (from 10 candidates)
2026-08-14 22:23:26,396 [DEBUG] cnn_neat: Added edge 6→3 (from 10 candidates)
2026-08-14 22:23:26,398 [DEBUG] cnn_neat: Added edge 0→3 (from 11 candidates)
2026-08-14 22:23:26,400 [DEBUG] cnn_neat: Added edge 5→3 (from 10 candidates)
2026-08-14 22:23:26,402 [DEBUG] cnn_neat: Added edge 0→4 (from 9 candidates)
2026-08-14 22:23:26,404 [DEBUG] cnn_neat: Split edge 0→1, new hidden node 5 (pool=1)
2026-08-14 22:23:26,406 [DEBUG] cnn_neat: Split edge 0→1, new hidden node 5 (pool=1)
2026-08-14 22:23:26,407 [DEBUG] cnn_neat: Added edge 5→4 (from 3 candidates)
2026-08-14 22:23:26,410 [DEBUG] cnn_neat: Removed hidden node 4 (pool=1)
2026-08-14 22:23:26,411 [DEBUG] cnn_neat: Split edge 0→1, new hidden node 2 (pool=1)
2026-08-14 22:23:26,412 [DEBUG] cnn_neat: Added edge 0→1 (from 1 candidates)
2026-08-14 22:23:26,414 [DEBUG] cnn_neat: Removed hidden node 2 (pool=1)
2026-08-14 22:23:26,415 [DEBUG] cnn_neat: Split edge 0→1, new hidden node 2 (pool=1)
2026-08-14 22:23:26,416 [DEBUG] cnn_neat: Split edge 0→2, new hidden node 3 (pool=2)
2026-08-14 22:23:26,417 [DEBUG] cnn_neat: Added edge 0→1 (from 1 candidates)
2026-08-14 22:23:26,418 [DEBUG] cnn_neat: Weight mutation: 1 conv modules updated (direct tensor perturbation)
2026-08-14 22:23:26,419 [DEBUG] cnn_neat: Removed edge 0→4 (from 3 candidates)
2026-08-14 22:23:26,420 [DEBUG] cnn_neat: Removed 1 edges (requested 3)
2026-08-14 22:23:26,421 [DEBUG] cnn_neat: Split edge 0→4, new hidden node 5 (pool=2)
2026-08-14 22:23:26,423 [DEBUG] cnn_neat: Added edge 5→1 (from 2 candidates)
2026-08-14 22:23:26,425 [DEBUG] cnn_neat: Crossover rejected: union topology invalid (edges=9 nodes=8)
2026-08-14 22:23:26,426 [DEBUG] cnn_neat: Split edge 0→1, new hidden node 5 (pool=1)
2026-08-14 22:23:26,427 [DEBUG] cnn_neat: Added edge 5→4 (from 3 candidates)
2026-08-14 22:23:26,429 [DEBUG] cnn_neat: Removed hidden node 5 (pool=2)
2026-08-14 22:23:26,431 [DEBUG] cnn_neat: Split edge 0→4, new hidden node 5 (pool=2)
2026-08-14 22:23:26,433 [DEBUG] cnn_neat: Split edge 0→5, new hidden node 6 (pool=3)
2026-08-14 22:23:26,434 [DEBUG] cnn_neat: Added edge 0→4 (from 2 candidates)
2026-08-14 22:23:26,438 [DEBUG] cnn_neat: Split edge 0→1, new hidden node 5 (pool=1)
2026-08-14 22:23:26,439 [DEBUG] cnn_neat: Added edge 5→4 (from 3 candidates)
2026-08-14 22:23:26,443 [DEBUG] cnn_neat: Removed hidden node 5 (pool=2)
2026-08-14 22:23:26,445 [DEBUG] cnn_neat: Split edge 4→1, new hidden node 5 (pool=2)
2026-08-14 22:23:26,446 [DEBUG] cnn_neat: Split edge 5→1, new hidden node 6 (pool=3)
2026-08-14 22:23:26,448 [DEBUG] cnn_neat: Split edge 2→1, new hidden node 5 (pool=5)
2026-08-14 22:23:26,450 [DEBUG] cnn_neat: Added edge 3→1 (from 5 candidates)
2026-08-14 22:23:26,452 [DEBUG] cnn_neat: Removed hidden node 2 (pool=2)
2026-08-14 22:23:26,454 [DEBUG] cnn_neat: Split edge 0→3, new hidden node 5 (pool=3)
2026-08-14 22:23:26,455 [DEBUG] cnn_neat: Added edge 0→4 (from 4 candidates)
2026-08-14 22:23:26,457 [DEBUG] cnn_neat: Removed hidden node 3 (pool=2)
2026-08-14 22:23:26,459 [DEBUG] cnn_neat: Removed edge 2→1 (from 4 candidates)
2026-08-14 22:23:26,460 [DEBUG] cnn_neat: Split edge 0→3, new hidden node 5 (pool=4)
2026-08-14 22:23:26,462 [DEBUG] cnn_neat: Added edge 2→4 (from 8 candidates)
2026-08-14 22:23:26,464 [DEBUG] cnn_neat: Removed 2 edges (requested 3)
2026-08-14 22:23:26,465 [DEBUG] cnn_neat: Split edge 0→3, new hidden node 5 (pool=3)
2026-08-14 22:23:26,467 [DEBUG] cnn_neat: Added edge 0→4 (from 4 candidates)
2026-08-14 22:23:26,469 [DEBUG] cnn_neat: Removed hidden node 3 (pool=2)
2026-08-14 22:23:26,470 [DEBUG] cnn_neat: Removed edge 0→5 (from 1 candidates)
2026-08-14 22:23:26,472 [DEBUG] cnn_neat: Crossover rejected: copied edge has no live Conv2d
2026-08-14 22:23:26,473 [DEBUG] cnn_neat: Split edge 3→2, new hidden node 5 (pool=5)
2026-08-14 22:23:26,475 [DEBUG] cnn_neat: Added edge 0→2 (from 5 candidates)
2026-08-14 22:23:26,477 [DEBUG] cnn_neat: Added edge 2→4 (from 4 candidates)
2026-08-14 22:23:26,479 [DEBUG] cnn_neat: Added edge 0→4 (from 2 candidates)
2026-08-14 22:23:26,481 [DEBUG] cnn_neat: Added edge 3→1 (from 2 candidates)
2026-08-14 22:23:26,484 [DEBUG] cnn_neat: Added edge 0→1 (from 1 candidates)
2026-08-14 22:23:26,486 [DEBUG] cnn_neat: Split edge 3→5, new hidden node 6 (pool=5)
2026-08-14 22:23:26,488 [DEBUG] cnn_neat: Added edge 0→5 (from 6 candidates)
2026-08-14 22:23:26,491 [DEBUG] cnn_neat: Split edge 5→4, new hidden node 6 (pool=5)
2026-08-14 22:23:26,492 [DEBUG] cnn_neat: Added edge 3→4 (from 9 candidates)
2026-08-14 22:23:26,495 [DEBUG] cnn_neat: Split edge 3→5, new hidden node 6 (pool=5)
2026-08-14 22:23:26,497 [DEBUG] cnn_neat: Added edge 6→4 (from 9 candidates)
2026-08-14 22:23:26,499 [DEBUG] cnn_neat: Split edge 2→3, new hidden node 6 (pool=5)
2026-08-14 22:23:26,501 [DEBUG] cnn_neat: Added edge 5→1 (from 9 candidates)
2026-08-14 22:23:26,504 [DEBUG] cnn_neat: Crossover union: A_edges=5 B_added=6 dup_skipped=0 child_edges=11 nodes=11
2026-08-14 22:23:26,506 [DEBUG] cnn_neat: Added edge 2→4 (from 6 candidates)
2026-08-14 22:23:26,508 [DEBUG] cnn_neat: Added edge 5→1 (from 6 candidates)
2026-08-14 22:23:26,510 [DEBUG] cnn_neat: Added edge 3→4 (from 5 candidates)
2026-08-14 22:23:26,512 [DEBUG] cnn_neat: Added edge 2→5 (from 4 candidates)
2026-08-14 22:23:26,514 [DEBUG] cnn_neat: Added edge 2→1 (from 5 candidates)
2026-08-14 22:23:26,516 [DEBUG] cnn_neat: Split edge 0→3, new hidden node 6 (pool=4)
2026-08-14 22:23:26,517 [DEBUG] cnn_neat: Added edge 4→5 (from 5 candidates)
2026-08-14 22:23:26,519 [DEBUG] cnn_neat: Removed hidden node 4 (pool=1)
2026-08-14 22:23:26,521 [DEBUG] cnn_neat: Split edge 5→1, new hidden node 6 (pool=3)
2026-08-14 22:23:26,522 [DEBUG] cnn_neat: Removed edge 4→3 (from 1 candidates)
2026-08-14 22:23:26,523 [DEBUG] cnn_neat: Split edge 5→1, new hidden node 6 (pool=3)
2026-08-14 22:23:26,525 [DEBUG] cnn_neat: Added edge 5→1 (from 4 candidates)
2026-08-14 22:23:26,526 [DEBUG] cnn_neat: Removed 1 edges (requested 3)
2026-08-14 22:23:26,527 [DEBUG] cnn_neat: Split edge 5→1, new hidden node 6 (pool=3)
2026-08-14 22:23:26,529 [DEBUG] cnn_neat: Added edge 3→6 (from 4 candidates)
2026-08-14 22:23:26,531 [DEBUG] cnn_neat: Crossover rejected: copied edge has no live Conv2d
2026-08-14 22:23:26,532 [DEBUG] cnn_neat: Split edge 4→3, new hidden node 6 (pool=4)
2026-08-14 22:23:26,533 [DEBUG] cnn_neat: Added edge 4→1 (from 5 candidates)
2026-08-14 22:23:26,535 [DEBUG] cnn_neat: Added edge 0→4 (from 4 candidates)
2026-08-14 22:23:26,536 [DEBUG] cnn_neat: Added edge 0→5 (from 3 candidates)
2026-08-14 22:23:26,538 [DEBUG] cnn_neat: Added edge 4→5 (from 3 candidates)
2026-08-14 22:23:26,540 [DEBUG] cnn_neat: Added edge 0→1 (from 2 candidates)
2026-08-14 22:23:26,543 [DEBUG] cnn_neat: Split edge 5→1, new hidden node 6 (pool=6)
2026-08-14 22:23:26,545 [DEBUG] cnn_neat: Added edge 2→5 (from 12 candidates)
2026-08-14 22:23:26,548 [DEBUG] cnn_neat: Removed hidden node 5 (pool=4)
2026-08-14 22:23:26,549 [DEBUG] cnn_neat: Removed edge 0→3 (from 6 candidates)
2026-08-14 22:23:26,553 [DEBUG] cnn_neat: Removed 3 edges (requested 3)
2026-08-14 22:23:26,554 [DEBUG] cnn_neat: Split edge 4→2, new hidden node 5 (pool=3)
2026-08-14 22:23:26,556 [DEBUG] cnn_neat: Added edge 5→1 (from 4 candidates)
2026-08-14 22:23:26,559 [DEBUG] cnn_neat: Crossover union: A_edges=6 B_added=7 dup_skipped=0 child_edges=13 nodes=10
2026-08-14 22:23:26,561 [DEBUG] cnn_neat: Added edge 3→2 (from 12 candidates)
2026-08-14 22:23:26,563 [DEBUG] cnn_neat: Added edge 4→1 (from 10 candidates)
2026-08-14 22:23:26,566 [DEBUG] cnn_neat: Added edge 5→2 (from 9 candidates)
2026-08-14 22:23:26,569 [DEBUG] cnn_neat: Added edge 5→4 (from 7 candidates)
2026-08-14 22:23:26,571 [DEBUG] cnn_neat: Added edge 3→4 (from 4 candidates)
2026-08-14 22:23:26,573 [DEBUG] cnn_neat: Split edge 0→2, new hidden node 4 (pool=5)
2026-08-14 22:23:26,575 [DEBUG] cnn_neat: Split edge 0→3, new hidden node 5 (pool=2)
2026-08-14 22:23:26,576 [DEBUG] cnn_neat: Added edge 0→1 (from 1 candidates)
2026-08-14 22:23:26,579 [DEBUG] cnn_neat: Removed hidden node 2 (pool=2)
2026-08-14 22:23:26,580 [DEBUG] cnn_neat: Split edge 3→1, new hidden node 4 (pool=2)
2026-08-14 22:23:26,581 [DEBUG] cnn_neat: Added edge 0→4 (from 2 candidates)
2026-08-14 22:23:26,583 [DEBUG] cnn_neat: Removed edge 3→1 (from 5 candidates)
2026-08-14 22:23:26,584 [DEBUG] cnn_neat: Split edge 0→2, new hidden node 4 (pool=4)
2026-08-14 22:23:26,584 [DEBUG] cnn_neat: Added edge 4→3 (from 4 candidates)
2026-08-14 22:23:26,588 [DEBUG] cnn_neat: Removed 3 edges (requested 3)
2026-08-14 22:23:26,589 [DEBUG] cnn_neat: Split edge 0→2, new hidden node 3 (pool=2)
2026-08-14 22:23:26,590 [DEBUG] cnn_neat: Added edge 3→1 (from 2 candidates)
2026-08-14 22:23:26,592 [DEBUG] cnn_neat: Removed hidden node 2 (pool=1)
2026-08-14 22:23:26,594 [DEBUG] cnn_neat: Split edge 3→1, new hidden node 4 (pool=2)
2026-08-14 22:23:26,595 [DEBUG] cnn_neat: Split edge 3→4, new hidden node 5 (pool=3)
2026-08-14 22:23:26,596 [DEBUG] cnn_neat: Added edge 3→1 (from 2 candidates)
2026-08-14 22:23:26,598 [DEBUG] cnn_neat: Crossover rejected: copied edge has no live Conv2d
2026-08-14 22:23:26,599 [DEBUG] cnn_neat: Split edge 0→3, new hidden node 4 (pool=5)
2026-08-14 22:23:26,601 [DEBUG] cnn_neat: Added edge 4→2 (from 4 candidates)
2026-08-14 22:23:26,603 [DEBUG] cnn_neat: Added edge 0→1 (from 1 candidates)
2026-08-14 22:23:26,609 [DEBUG] cnn_neat: Split edge 0→1, new hidden node 4 (pool=1)
2026-08-14 22:23:26,610 [DEBUG] cnn_neat: Split edge 4→5, new hidden node 6 (pool=5)
2026-08-14 22:23:26,612 [DEBUG] cnn_neat: Added edge 4→3 (from 6 candidates)
2026-08-14 22:23:26,615 [DEBUG] cnn_neat: Split edge 4→5, new hidden node 6 (pool=5)
2026-08-14 22:23:26,616 [DEBUG] cnn_neat: Added edge 0→6 (from 9 candidates)
2026-08-14 22:23:26,619 [DEBUG] cnn_neat: Split edge 4→5, new hidden node 6 (pool=5)
2026-08-14 22:23:26,621 [DEBUG] cnn_neat: Added edge 2→6 (from 9 candidates)
2026-08-14 22:23:26,624 [DEBUG] cnn_neat: Split edge 5→3, new hidden node 6 (pool=5)
2026-08-14 22:23:26,625 [DEBUG] cnn_neat: Added edge 5→3 (from 9 candidates)
2026-08-14 22:23:26,628 [DEBUG] cnn_neat: Crossover rejected: union topology invalid (edges=7 nodes=7)
2026-08-14 22:23:26,629 [DEBUG] cnn_neat: Split edge 2→4, new hidden node 6 (pool=5)
2026-08-14 22:23:26,631 [DEBUG] cnn_neat: Added edge 5→1 (from 6 candidates)
2026-08-14 22:23:26,633 [DEBUG] cnn_neat: Added edge 0→4 (from 5 candidates)
2026-08-14 22:23:26,635 [DEBUG] cnn_neat: Added edge 2→5 (from 5 candidates)
2026-08-14 22:23:26,637 [DEBUG] cnn_neat: Added edge 0→3 (from 4 candidates)
2026-08-14 22:23:26,639 [DEBUG] cnn_neat: Added edge 2→1 (from 5 candidates)
2026-08-14 22:23:26,641 [DEBUG] cnn_neat: Split edge 0→5, new hidden node 6 (pool=4)
2026-08-14 22:23:26,643 [DEBUG] cnn_neat: Added edge 2→5 (from 3 candidates)
2026-08-14 22:23:26,646 [DEBUG] cnn_neat: Removed hidden node 4 (pool=3)
2026-08-14 22:23:26,647 [DEBUG] cnn_neat: Removed edge 0→4 (from 7 candidates)
2026-08-14 22:23:26,651 [DEBUG] cnn_neat: Removed 3 edges (requested 3)
2026-08-14 22:23:26,653 [DEBUG] cnn_neat: Crossover rejected: union topology invalid (edges=13 nodes=10)
2026-08-14 22:23:26,656 [DEBUG] cnn_neat: Split edge 0→5, new hidden node 6 (pool=4)
2026-08-14 22:23:26,658 [DEBUG] cnn_neat: Added edge 0→2 (from 9 candidates)
2026-08-14 22:23:26,660 [DEBUG] cnn_neat: Added edge 0→2 (from 3 candidates)
2026-08-14 22:23:26,662 [DEBUG] cnn_neat: Added edge 2→5 (from 3 candidates)
2026-08-14 22:23:26,664 [DEBUG] cnn_neat: Added edge 0→1 (from 1 candidates)
2026-08-14 22:23:26,668 [DEBUG] cnn_neat: Split edge 2→1, new hidden node 6 (pool=4)
2026-08-14 22:23:26,671 [DEBUG] cnn_neat: Added edge 0→5 (from 7 candidates)
2026-08-14 22:23:26,674 [DEBUG] cnn_neat: Removed hidden node 3 (pool=1)
2026-08-14 22:23:26,676 [DEBUG] cnn_neat: Split edge 2→1, new hidden node 6 (pool=4)
2026-08-14 22:23:26,677 [DEBUG] cnn_neat: Removed edge 2→3 (from 1 candidates)
2026-08-14 22:23:26,679 [DEBUG] cnn_neat: Split edge 0→4, new hidden node 6 (pool=4)
2026-08-14 22:23:26,680 [DEBUG] cnn_neat: Removed 1 edges (requested 3)
2026-08-14 22:23:26,682 [DEBUG] cnn_neat: Split edge 0→4, new hidden node 6 (pool=4)
2026-08-14 22:23:26,684 [DEBUG] cnn_neat: Added edge 0→4 (from 6 candidates)
2026-08-14 22:23:26,686 [DEBUG] cnn_neat: Crossover rejected: union topology invalid (edges=11 nodes=10)
2026-08-14 22:23:26,688 [DEBUG] cnn_neat: Split edge 4→5, new hidden node 6 (pool=4)
2026-08-14 22:23:26,691 [DEBUG] cnn_neat: Added edge 5→3 (from 10 candidates)
2026-08-14 22:23:26,693 [DEBUG] cnn_neat: Added edge 0→5 (from 7 candidates)
2026-08-14 22:23:26,694 [DEBUG] cnn_neat: Added edge 4→2 (from 6 candidates)
2026-08-14 22:23:26,696 [DEBUG] cnn_neat: Added edge 4→3 (from 5 candidates)
2026-08-14 22:23:26,698 [DEBUG] cnn_neat: Added edge 5→1 (from 6 candidates)
2026-08-14 22:23:26,700 [DEBUG] cnn_neat: Added edge 0→2 (from 5 candidates)
2026-08-14 22:23:26,702 [DEBUG] cnn_neat: Split edge 3→1, new hidden node 5 (pool=2)
2026-08-14 22:23:26,704 [DEBUG] cnn_neat: Split edge 0→4, new hidden node 6 (pool=6)
2026-08-14 22:23:26,706 [DEBUG] cnn_neat: Added edge 4→3 (from 6 candidates)
2026-08-14 22:23:26,708 [DEBUG] cnn_neat: Removed hidden node 2 (pool=3)
2026-08-14 22:23:26,709 [DEBUG] cnn_neat: Split edge 0→4, new hidden node 5 (pool=3)
2026-08-14 22:23:26,711 [DEBUG] cnn_neat: Removed edge 0→3 (from 5 candidates)
2026-08-14 22:23:26,713 [DEBUG] cnn_neat: Removed 3 edges (requested 3)
2026-08-14 22:23:26,714 [DEBUG] cnn_neat: Split edge 0→3, new hidden node 4 (pool=2)
2026-08-14 22:23:26,717 [DEBUG] cnn_neat: Crossover rejected: union topology invalid (edges=12 nodes=10)
2026-08-14 22:23:26,719 [DEBUG] cnn_neat: Split edge 3→1, new hidden node 5 (pool=2)
2026-08-14 22:23:26,720 [DEBUG] cnn_neat: Added edge 4→3 (from 12 candidates)
2026-08-14 22:23:26,738 [DEBUG] cnn_neat: Split edge 0→3, new hidden node 5 (pool=2)
2026-08-14 22:23:26,763 [DEBUG] cnn_neat: Added edge 4→1 (from 3 candidates)
2026-08-14 22:23:26,802 [DEBUG] cnn_neat: Removed hidden node 2 (pool=3)
2026-08-14 22:23:26,805 [DEBUG] cnn_neat: Removed edge 0→3 (from 6 candidates)
2026-08-14 22:23:26,812 [DEBUG] cnn_neat: Removed 3 edges (requested 3)
2026-08-14 22:23:26,815 [DEBUG] cnn_neat: Split edge 0→3, new hidden node 4 (pool=3)
2026-08-14 22:23:26,817 [DEBUG] cnn_neat: Added edge 2→1 (from 3 candidates)
2026-08-14 22:23:26,820 [DEBUG] cnn_neat: Split edge 4→3, new hidden node 5 (pool=4)
2026-08-14 22:23:26,824 [DEBUG] cnn_neat: Removed hidden node 2 (pool=1)
2026-08-14 22:23:26,826 [DEBUG] cnn_neat: Added edge 0→3 (from 6 candidates)
2026-08-14 22:23:26,829 [DEBUG] cnn_neat: Split edge 2→3, new hidden node 4 (pool=4)
2026-08-14 22:23:26,837 [DEBUG] cnn_neat: Added edge 0→6 (from 9 candidates)
2026-08-14 22:23:26,849 [DEBUG] cnn_neat: Split edge 2→6, new hidden node 7 (pool=7)
2026-08-14 22:23:26,853 [DEBUG] cnn_neat: Added edge 2→4 (from 9 candidates)
2026-08-14 22:23:26,859 [DEBUG] cnn_neat: Split edge 0→6, new hidden node 8 (pool=8)
2026-08-14 22:23:26,909 [DEBUG] cnn_neat: Removed hidden node 2 (pool=1)
2026-08-14 22:23:26,917 [DEBUG] cnn_neat: Added edge 2→6 (from 14 candidates)
2026-08-14 22:23:28,893 [DEBUG] cnn_neat: Split edge 0→1, new hidden node 2 (pool=1)
2026-08-14 22:23:28,897 [DEBUG] cnn_neat: Split edge 0→2, new hidden node 3 (pool=2)
2026-08-14 22:23:28,899 [DEBUG] cnn_neat: Split edge 2→1, new hidden node 3 (pool=2)
2026-08-14 22:23:28,902 [DEBUG] cnn_neat: Added edge 0→1 (from 1 candidates)
2026-08-14 22:23:28,906 [DEBUG] cnn_neat: Added edge 3→1 (from 2 candidates)
2026-08-14 22:23:28,907 [DEBUG] cnn_neat: Added edge 2→1 (from 2 candidates)
2026-08-14 22:23:28,909 [DEBUG] cnn_neat: Removed 2 edges (requested 3)
2026-08-14 22:23:28,911 [DEBUG] cnn_neat: Split edge 0→1, new hidden node 2 (pool=1)
2026-08-14 22:23:28,913 [DEBUG] cnn_neat: Removed edge 3→1 (from 3 candidates)
2026-08-14 22:23:28,915 [DEBUG] cnn_neat: Removed hidden node 3 (pool=1)
2026-08-14 22:23:28,916 [DEBUG] cnn_neat: Split edge 0→1, new hidden node 2 (pool=1)
2026-08-14 22:23:28,917 [DEBUG] cnn_neat: Removed hidden node 2 (pool=1)
2026-08-14 22:23:28,919 [DEBUG] cnn_neat: Removed 1 edges (requested 3)
2026-08-14 22:23:28,920 [DEBUG] cnn_neat: Removed 1 edges (requested 3)
2026-08-14 22:23:28,921 [DEBUG] cnn_neat: Split edge 0→2, new hidden node 4 (pool=2)
2026-08-14 22:23:28,924 [DEBUG] cnn_neat: Added edge 0→3 (from 2 candidates)
2026-08-14 22:23:28,926 [DEBUG] cnn_neat: Removed edge 2→3 (from 1 candidates)
2026-08-14 22:23:28,927 [DEBUG] cnn_neat: Added edge 4→1 (from 2 candidates)
2026-08-14 22:23:28,928 [DEBUG] cnn_neat: Removed edge 3→1 (from 3 candidates)
2026-08-14 22:23:28,930 [DEBUG] cnn_neat: Added edge 0→3 (from 2 candidates)
2026-08-14 22:23:28,932 [DEBUG] cnn_neat: Split edge 3→1, new hidden node 4 (pool=3)
2026-08-14 22:23:28,934 [DEBUG] cnn_neat: Removed 1 edges (requested 3)
2026-08-14 22:23:28,935 [DEBUG] cnn_neat: Split edge 0→2, new hidden node 3 (pool=2)
2026-08-14 22:23:28,937 [DEBUG] cnn_neat: Split edge 3→1, new hidden node 4 (pool=4)
2026-08-14 22:23:28,938 [DEBUG] cnn_neat: Added edge 0→3 (from 2 candidates)
2026-08-14 22:23:28,939 [DEBUG] cnn_neat: Added edge 2→1 (from 2 candidates)
2026-08-14 22:23:28,941 [DEBUG] cnn_neat: Split edge 2→3, new hidden node 4 (pool=3)
2026-08-14 22:23:28,942 [DEBUG] cnn_neat: Added edge 0→1 (from 1 candidates)
2026-08-14 22:23:28,944 [DEBUG] cnn_neat: Removed edge 2→1 (from 3 candidates)
2026-08-14 22:23:28,947 [DEBUG] cnn_neat: Removed 1 edges (requested 3)
2026-08-14 22:23:28,948 [DEBUG] cnn_neat: Split edge 0→2, new hidden node 3 (pool=2)
2026-08-14 22:23:28,949 [DEBUG] cnn_neat: Split edge 3→1, new hidden node 4 (pool=2)
2026-08-14 22:23:28,955 [DEBUG] cnn_neat: Split edge 4→1, new hidden node 5 (pool=2)
2026-08-14 22:23:28,957 [DEBUG] cnn_neat: Removed 2 edges (requested 3)
2026-08-14 22:23:28,959 [DEBUG] cnn_neat: Removed edge 2→3 (from 1 candidates)
2026-08-14 22:23:28,960 [DEBUG] cnn_neat: Split edge 3→2, new hidden node 4 (pool=3)
2026-08-14 22:23:28,962 [DEBUG] cnn_neat: Added edge 3→1 (from 2 candidates)
2026-08-14 22:23:28,964 [DEBUG] cnn_neat: Removed 2 edges (requested 3)
2026-08-14 22:23:28,966 [DEBUG] cnn_neat: Added edge 2→1 (from 2 candidates)
2026-08-14 22:23:28,968 [DEBUG] cnn_neat: Removed hidden node 3 (pool=1)
2026-08-14 22:23:28,971 [DEBUG] cnn_neat: Removed hidden node 2 (pool=1)
2026-08-14 22:23:28,972 [DEBUG] cnn_neat: Split edge 0→2, new hidden node 3 (pool=2)
2026-08-14 22:23:28,975 [DEBUG] cnn_neat: Split edge 3→1, new hidden node 5 (pool=4)
2026-08-14 22:23:28,976 [DEBUG] cnn_neat: Removed 1 edges (requested 3)
2026-08-14 22:23:28,978 [DEBUG] cnn_neat: Removed 1 edges (requested 3)
2026-08-14 22:23:28,980 [DEBUG] cnn_neat: Removed edge 2→1 (from 3 candidates)
2026-08-14 22:23:28,981 [DEBUG] cnn_neat: Added edge 2→1 (from 2 candidates)
2026-08-14 22:23:28,984 [DEBUG] cnn_neat: Added edge 0→3 (from 4 candidates)
2026-08-14 22:23:28,986 [DEBUG] cnn_neat: Removed edge 0→3 (from 5 candidates)
2026-08-14 22:23:28,987 [DEBUG] cnn_neat: Split edge 0→1, new hidden node 2 (pool=1)
2026-08-14 22:23:28,989 [DEBUG] cnn_neat: Removed hidden node 3 (pool=1)
2026-08-14 22:23:28,991 [DEBUG] cnn_neat: Removed hidden node 2 (pool=1)
2026-08-14 22:23:28,992 [DEBUG] cnn_neat: Split edge 2→3, new hidden node 4 (pool=5)
2026-08-14 22:23:28,994 [DEBUG] cnn_neat: Added edge 3→1 (from 2 candidates)
2026-08-14 22:23:28,996 [DEBUG] cnn_neat: Split edge 2→1, new hidden node 5 (pool=4)
2026-08-14 22:23:28,998 [DEBUG] cnn_neat: Removed edge 3→1 (from 3 candidates)
2026-08-14 22:23:28,999 [DEBUG] cnn_neat: Added edge 3→2 (from 4 candidates)
2026-08-14 22:23:29,000 [DEBUG] cnn_neat: Split edge 4→2, new hidden node 5 (pool=5)
2026-08-14 22:23:29,002 [DEBUG] cnn_neat: Removed edge 5→1 (from 4 candidates)
2026-08-14 22:23:29,003 [DEBUG] cnn_neat: Removed 2 edges (requested 3)
2026-08-14 22:23:29,005 [DEBUG] cnn_neat: Removed 2 edges (requested 3)
2026-08-14 22:23:29,007 [DEBUG] cnn_neat: Split edge 0→4, new hidden node 5 (pool=3)
2026-08-14 22:23:29,008 [DEBUG] cnn_neat: Removed edge 0→2 (from 3 candidates)
2026-08-14 22:23:29,009 [DEBUG] cnn_neat: Removed edge 4→2 (from 3 candidates)
2026-08-14 22:23:29,010 [DEBUG] cnn_neat: Split edge 4→2, new hidden node 5 (pool=3)
2026-08-14 22:23:29,013 [DEBUG] cnn_neat: Added edge 3→2 (from 6 candidates)
2026-08-14 22:23:29,014 [DEBUG] cnn_neat: Removed 1 edges (requested 3)
2026-08-14 22:23:29,016 [DEBUG] cnn_neat: Removed 2 edges (requested 3)
2026-08-14 22:23:29,016 [DEBUG] cnn_neat: Removed edge 2→1 (from 1 candidates)
2026-08-14 22:23:29,018 [DEBUG] cnn_neat: Removed edge 3→4 (from 3 candidates)
2026-08-14 22:23:29,022 [DEBUG] cnn_neat: Removed hidden node 2 (pool=1)
2026-08-14 22:23:29,025 [DEBUG] cnn_neat: Removed 2 edges (requested 3)
2026-08-14 22:23:29,027 [DEBUG] cnn_neat: Added edge 2→1 (from 2 candidates)
2026-08-14 22:23:29,029 [DEBUG] cnn_neat: Split edge 4→5, new hidden node 6 (pool=4)
2026-08-14 22:23:29,031 [DEBUG] cnn_neat: Removed 1 edges (requested 3)
2026-08-14 22:23:29,034 [DEBUG] cnn_neat: Added edge 2→1 (from 2 candidates)
2026-08-14 22:23:29,035 [DEBUG] cnn_neat: Split edge 4→2, new hidden node 6 (pool=4)
2026-08-14 22:23:29,037 [DEBUG] cnn_neat: Added edge 0→2 (from 6 candidates)
2026-08-14 22:23:29,039 [DEBUG] cnn_neat: Added edge 4→1 (from 5 candidates)
2026-08-14 22:23:29,042 [DEBUG] cnn_neat: Removed hidden node 3 (pool=1)
2026-08-14 22:23:29,044 [DEBUG] cnn_neat: Split edge 3→2, new hidden node 5 (pool=5)
2026-08-14 22:23:29,045 [DEBUG] cnn_neat: Split edge 4→2, new hidden node 6 (pool=4)
2026-08-14 22:23:29,047 [DEBUG] cnn_neat: Added edge 3→1 (from 4 candidates)
2026-08-14 22:23:29,048 [DEBUG] cnn_neat: Added edge 4→2 (from 4 candidates)
2026-08-14 22:23:29,049 [DEBUG] cnn_neat: Removed 2 edges (requested 3)
2026-08-14 22:23:29,051 [DEBUG] cnn_neat: Removed 1 edges (requested 3)
2026-08-14 22:23:29,051 [DEBUG] cnn_neat: Removed edge 2→1 (from 1 candidates)
2026-08-14 22:23:29,053 [DEBUG] cnn_neat: Split edge 4→1, new hidden node 5 (pool=2)
2026-08-14 22:23:29,055 [DEBUG] cnn_neat: Removed 1 edges (requested 3)
2026-08-14 22:23:29,056 [DEBUG] cnn_neat: Split edge 2→1, new hidden node 5 (pool=3)
2026-08-14 22:23:29,059 [DEBUG] cnn_neat: Removed hidden node 2 (pool=3)
2026-08-14 22:23:29,060 [DEBUG] cnn_neat: Added edge 4→1 (from 3 candidates)
2026-08-14 22:23:29,062 [DEBUG] cnn_neat: Removed 1 edges (requested 3)
2026-08-14 22:23:29,065 [DEBUG] cnn_neat: Split edge 4→1, new hidden node 5 (pool=5)
2026-08-14 22:23:29,066 [DEBUG] cnn_neat: Split edge 3→4, new hidden node 5 (pool=4)
2026-08-14 22:23:29,068 [DEBUG] cnn_neat: Removed hidden node 2 (pool=2)
2026-08-14 22:23:29,071 [DEBUG] cnn_neat: Removed hidden node 5 (pool=2)
2026-08-14 22:23:29,073 [DEBUG] cnn_neat: Split edge 4→1, new hidden node 5 (pool=2)
2026-08-14 22:23:29,073 [DEBUG] cnn_neat: Added edge 0→1 (from 1 candidates)
2026-08-14 22:23:29,075 [DEBUG] cnn_neat: Removed edge 2→3 (from 2 candidates)
2026-08-14 22:23:29,077 [DEBUG] cnn_neat: Removed 2 edges (requested 3)
2026-08-14 22:23:29,079 [DEBUG] cnn_neat: Removed hidden node 2 (pool=1)
2026-08-14 22:23:29,081 [DEBUG] cnn_neat: Split edge 3→4, new hidden node 5 (pool=4)
2026-08-14 22:23:29,083 [DEBUG] cnn_neat: Added edge 0→5 (from 4 candidates)
2026-08-14 22:23:29,086 [DEBUG] cnn_neat: Added edge 0→3 (from 1 candidates)
2026-08-14 22:23:29,088 [DEBUG] cnn_neat: Split edge 4→3, new hidden node 5 (pool=4)
2026-08-14 22:23:29,090 [DEBUG] cnn_neat: Split edge 2→1, new hidden node 6 (pool=5)
2026-08-14 22:23:29,092 [DEBUG] cnn_neat: Split edge 3→2, new hidden node 5 (pool=5)
2026-08-14 22:23:29,094 [DEBUG] cnn_neat: Added edge 3→1 (from 4 candidates)
2026-08-14 22:23:29,096 [DEBUG] cnn_neat: Removed 1 edges (requested 3)
2026-08-14 22:23:29,099 [DEBUG] cnn_neat: Removed 2 edges (requested 3)
2026-08-14 22:23:29,101 [DEBUG] cnn_neat: Added edge 0→3 (from 1 candidates)
2026-08-14 22:23:29,102 [DEBUG] cnn_neat: Split edge 0→2, new hidden node 4 (pool=4)
2026-08-14 22:23:29,104 [DEBUG] cnn_neat: Split edge 5→1, new hidden node 6 (pool=5)
2026-08-14 22:23:29,106 [DEBUG] cnn_neat: Added edge 4→1 (from 4 candidates)
2026-08-14 22:23:29,110 [DEBUG] cnn_neat: Removed 3 edges (requested 3)
2026-08-14 22:23:29,111 [DEBUG] cnn_neat: Removed edge 3→4 (from 4 candidates)
2026-08-14 22:23:29,112 [DEBUG] cnn_neat: Removed edge 4→1 (from 1 candidates)
2026-08-14 22:23:29,115 [DEBUG] cnn_neat: Removed hidden node 3 (pool=1)
2026-08-14 22:23:29,116 [DEBUG] cnn_neat: Split edge 2→3, new hidden node 4 (pool=3)
2026-08-14 22:23:29,118 [DEBUG] cnn_neat: Removed 1 edges (requested 3)
2026-08-14 22:23:29,121 [DEBUG] cnn_neat: Split edge 0→5, new hidden node 6 (pool=3)
2026-08-14 22:23:29,123 [DEBUG] cnn_neat: Added edge 2→1 (from 2 candidates)
2026-08-14 22:23:29,125 [DEBUG] cnn_neat: Removed hidden node 4 (pool=1)
2026-08-14 22:23:29,127 [DEBUG] cnn_neat: Removed 3 edges (requested 3)
2026-08-14 22:23:29,129 [DEBUG] cnn_neat: Split edge 4→2, new hidden node 6 (pool=4)
2026-08-14 22:23:29,131 [DEBUG] cnn_neat: Split edge 0→2, new hidden node 6 (pool=6)
2026-08-14 22:23:29,133 [DEBUG] cnn_neat: Removed hidden node 3 (pool=1)
2026-08-14 22:23:29,134 [DEBUG] cnn_neat: Removed edge 2→1 (from 1 candidates)
2026-08-14 22:23:29,136 [DEBUG] cnn_neat: Added edge 3→1 (from 4 candidates)
2026-08-14 22:23:29,137 [DEBUG] cnn_neat: Added edge 0→2 (from 2 candidates)
2026-08-14 22:23:29,139 [DEBUG] cnn_neat: Added edge 3→1 (from 4 candidates)
2026-08-14 22:23:29,140 [DEBUG] cnn_neat: Removed 1 edges (requested 3)
2026-08-14 22:23:29,143 [DEBUG] cnn_neat: Added edge 0→4 (from 5 candidates)
2026-08-14 22:23:29,147 [DEBUG] cnn_neat: Removed hidden node 2 (pool=1)
2026-08-14 22:23:29,148 [DEBUG] cnn_neat: Added edge 0→4 (from 3 candidates)
2026-08-14 22:23:29,152 [DEBUG] cnn_neat: Removed hidden node 2 (pool=2)
2026-08-14 22:23:29,154 [DEBUG] cnn_neat: Added edge 0→4 (from 4 candidates)
2026-08-14 22:23:29,157 [DEBUG] cnn_neat: Removed edge 2→1 (from 4 candidates)
2026-08-14 22:23:29,158 [DEBUG] cnn_neat: Removed edge 2→1 (from 3 candidates)
2026-08-14 22:23:29,160 [DEBUG] cnn_neat: Split edge 5→3, new hidden node 6 (pool=5)
2026-08-14 22:23:29,162 [DEBUG] cnn_neat: Split edge 3→1, new hidden node 5 (pool=3)
2026-08-14 22:23:29,164 [DEBUG] cnn_neat: Removed 2 edges (requested 3)
2026-08-14 22:23:29,166 [DEBUG] cnn_neat: Split edge 3→4, new hidden node 6 (pool=5)
2026-08-14 22:23:29,167 [DEBUG] cnn_neat: Split edge 3→1, new hidden node 4 (pool=3)
2026-08-14 22:23:29,169 [DEBUG] cnn_neat: Added edge 0→5 (from 1 candidates)
2026-08-14 22:23:29,171 [DEBUG] cnn_neat: Removed 1 edges (requested 3)
2026-08-14 22:23:29,173 [DEBUG] cnn_neat: Added edge 0→1 (from 2 candidates)
2026-08-14 22:23:29,176 [DEBUG] cnn_neat: Removed 3 edges (requested 3)
2026-08-14 22:23:29,178 [DEBUG] cnn_neat: Added edge 2→1 (from 7 candidates)
2026-08-14 22:23:29,179 [DEBUG] cnn_neat: Added edge 2→1 (from 2 candidates)
2026-08-14 22:23:29,182 [DEBUG] cnn_neat: Removed hidden node 5 (pool=1)
2026-08-14 22:23:29,183 [DEBUG] cnn_neat: Split edge 4→5, new hidden node 6 (pool=4)
2026-08-14 22:23:29,185 [DEBUG] cnn_neat: Removed 2 edges (requested 3)
2026-08-14 22:23:29,186 [DEBUG] cnn_neat: Added edge 2→4 (from 4 candidates)
2026-08-14 22:23:29,187 [DEBUG] cnn_neat: Split edge 4→3, new hidden node 5 (pool=4)
2026-08-14 22:23:29,189 [DEBUG] cnn_neat: Split edge 0→2, new hidden node 4 (pool=5)
2026-08-14 22:23:29,193 [DEBUG] cnn_neat: Removed 3 edges (requested 3)
2026-08-14 22:23:29,196 [DEBUG] cnn_neat: Split edge 3→4, new hidden node 6 (pool=6)
2026-08-14 22:23:29,197 [DEBUG] cnn_neat: Split edge 5→4, new hidden node 7 (pool=5)
2026-08-14 22:23:29,201 [DEBUG] cnn_neat: Removed hidden node 3 (pool=3)
2026-08-14 22:23:29,203 [DEBUG] cnn_neat: Split edge 3→1, new hidden node 5 (pool=4)
2026-08-14 22:23:29,207 [DEBUG] cnn_neat: Removed hidden node 2 (pool=3)
2026-08-14 22:23:29,209 [DEBUG] cnn_neat: Removed edge 5→1 (from 2 candidates)
2026-08-14 22:23:29,212 [DEBUG] cnn_neat: Removed 3 edges (requested 3)
2026-08-14 22:23:29,214 [DEBUG] cnn_neat: Removed 2 edges (requested 3)
2026-08-14 22:23:29,217 [DEBUG] cnn_neat: Removed hidden node 4 (pool=1)
2026-08-14 22:23:29,220 [DEBUG] cnn_neat: Removed hidden node 5 (pool=2)
2026-08-14 22:23:29,222 [DEBUG] cnn_neat: Split edge 2→4, new hidden node 6 (pool=5)
2026-08-14 22:23:29,223 [DEBUG] cnn_neat: Split edge 3→2, new hidden node 4 (pool=3)
2026-08-14 22:23:29,224 [DEBUG] cnn_neat: Split edge 4→2, new hidden node 5 (pool=5)
2026-08-14 22:23:29,227 [DEBUG] cnn_neat: Split edge 4→5, new hidden node 6 (pool=3)
2026-08-14 22:23:29,229 [DEBUG] cnn_neat: Removed 2 edges (requested 3)
2026-08-14 22:23:29,231 [DEBUG] cnn_neat: Split edge 3→4, new hidden node 7 (pool=7)
2026-08-14 22:23:29,234 [DEBUG] cnn_neat: Removed 3 edges (requested 3)
2026-08-14 22:23:29,237 [DEBUG] cnn_neat: Split edge 2→3, new hidden node 6 (pool=5)
2026-08-14 22:23:29,240 [DEBUG] cnn_neat: Removed 3 edges (requested 3)
2026-08-14 22:23:29,242 [DEBUG] cnn_neat: Split edge 4→1, new hidden node 5 (pool=2)
2026-08-14 22:23:29,245 [DEBUG] cnn_neat: Removed hidden node 2 (pool=1)
2026-08-14 22:23:29,247 [DEBUG] cnn_neat: Removed edge 4→1 (from 6 candidates)
2026-08-14 22:23:29,249 [DEBUG] cnn_neat: Added edge 2→4 (from 3 candidates)
2026-08-14 22:23:29,252 [DEBUG] cnn_neat: Removed 3 edges (requested 3)
2026-08-14 22:23:29,254 [DEBUG] cnn_neat: Split edge 0→2, new hidden node 6 (pool=4)
2026-08-14 22:23:29,256 [DEBUG] cnn_neat: Added edge 4→1 (from 3 candidates)
2026-08-14 22:23:29,259 [DEBUG] cnn_neat: Removed 3 edges (requested 3)
2026-08-14 22:23:29,260 [DEBUG] cnn_neat: Removed 2 edges (requested 3)
2026-08-14 22:23:29,263 [DEBUG] cnn_neat: Removed hidden node 3 (pool=3)
2026-08-14 22:23:29,264 [DEBUG] cnn_neat: Removed hidden node 2 (pool=1)
2026-08-14 22:23:29,266 [DEBUG] cnn_neat: Split edge 4→1, new hidden node 6 (pool=2)
2026-08-14 22:23:29,268 [DEBUG] cnn_neat: Split edge 3→1, new hidden node 5 (pool=3)
2026-08-14 22:23:29,271 [DEBUG] cnn_neat: Removed hidden node 2 (pool=2)
2026-08-14 22:23:29,273 [DEBUG] cnn_neat: Removed 2 edges (requested 3)
2026-08-14 22:23:29,275 [DEBUG] cnn_neat: Removed edge 4→1 (from 3 candidates)
2026-08-14 22:23:29,276 [DEBUG] cnn_neat: Added edge 5→3 (from 7 candidates)
2026-08-14 22:23:29,278 [DEBUG] cnn_neat: Removed edge 4→2 (from 1 candidates)
2026-08-14 22:23:29,280 [DEBUG] cnn_neat: Added edge 2→3 (from 3 candidates)
2026-08-14 22:23:29,282 [DEBUG] cnn_neat: Split edge 2→3, new hidden node 5 (pool=5)
2026-08-14 22:23:29,285 [DEBUG] cnn_neat: Removed hidden node 4 (pool=1)
2026-08-14 22:23:29,287 [DEBUG] cnn_neat: Removed 1 edges (requested 3)
2026-08-14 22:23:29,288 [DEBUG] cnn_neat: Removed edge 3→5 (from 4 candidates)
2026-08-14 22:23:29,292 [DEBUG] cnn_neat: Removed hidden node 6 (pool=2)
2026-08-14 22:23:29,293 [DEBUG] cnn_neat: Added edge 2→1 (from 2 candidates)
2026-08-14 22:23:29,296 [DEBUG] cnn_neat: Split edge 5→1, new hidden node 7 (pool=7)
2026-08-14 22:23:29,298 [DEBUG] cnn_neat: Removed 1 edges (requested 3)
2026-08-14 22:23:29,301 [DEBUG] cnn_neat: Removed hidden node 5 (pool=2)
2026-08-14 22:23:29,302 [DEBUG] cnn_neat: Split edge 2→1, new hidden node 5 (pool=4)
2026-08-14 22:23:29,304 [DEBUG] cnn_neat: Removed edge 3→2 (from 1 candidates)
2026-08-14 22:23:29,306 [DEBUG] cnn_neat: Removed hidden node 5 (pool=2)
2026-08-14 22:23:29,307 [DEBUG] cnn_neat: Removed edge 3→1 (from 3 candidates)
2026-08-14 22:23:29,308 [DEBUG] cnn_neat: Removed 1 edges (requested 3)
2026-08-14 22:23:29,310 [DEBUG] cnn_neat: Removed hidden node 3 (pool=1)
2026-08-14 22:23:29,311 [DEBUG] cnn_neat: Split edge 0→1, new hidden node 3 (pool=1)
2026-08-14 22:23:29,313 [DEBUG] cnn_neat: Split edge 3→2, new hidden node 6 (pool=5)
2026-08-14 22:23:29,314 [DEBUG] cnn_neat: Added edge 0→2 (from 2 candidates)
2026-08-14 22:23:29,315 [DEBUG] cnn_neat: Added edge 0→2 (from 4 candidates)
2026-08-14 22:23:29,317 [DEBUG] cnn_neat: Removed hidden node 4 (pool=1)
2026-08-14 22:23:29,318 [DEBUG] cnn_neat: Removed 2 edges (requested 3)
2026-08-14 22:23:29,320 [DEBUG] cnn_neat: Removed 2 edges (requested 3)
2026-08-14 22:23:29,321 [DEBUG] cnn_neat: Removed edge 2→1 (from 1 candidates)
2026-08-14 22:23:29,323 [DEBUG] cnn_neat: Removed 1 edges (requested 3)
2026-08-14 22:23:29,326 [DEBUG] cnn_neat: Removed hidden node 5 (pool=2)
2026-08-14 22:23:29,327 [DEBUG] cnn_neat: Removed edge 4→2 (from 6 candidates)
2026-08-14 22:23:29,329 [DEBUG] cnn_neat: Removed 1 edges (requested 3)
2026-08-14 22:23:29,330 [DEBUG] cnn_neat: Added edge 2→1 (from 6 candidates)
2026-08-14 22:23:29,332 [DEBUG] cnn_neat: Removed edge 2→3 (from 6 candidates)
2026-08-14 22:23:29,333 [DEBUG] cnn_neat: Split edge 3→1, new hidden node 5 (pool=2)
2026-08-14 22:23:29,335 [DEBUG] cnn_neat: Added edge 5→6 (from 10 candidates)
2026-08-14 22:23:29,339 [DEBUG] cnn_neat: Removed hidden node 2 (pool=1)
2026-08-14 22:23:29,340 [DEBUG] cnn_neat: Removed edge 0→3 (from 4 candidates)
2026-08-14 22:23:29,344 [DEBUG] cnn_neat: Removed 3 edges (requested 3)
2026-08-14 22:23:29,347 [DEBUG] cnn_neat: Added edge 6→4 (from 9 candidates)
2026-08-14 22:23:29,349 [DEBUG] cnn_neat: Added edge 2→5 (from 7 candidates)
2026-08-14 22:23:29,351 [DEBUG] cnn_neat: Removed edge 4→2 (from 6 candidates)
2026-08-14 22:23:29,352 [INFO] cnn_neat: CnnNeat started | run=run_0005 | population=128 | in=(32, 32) out=(1, 1)
2026-08-14 22:23:29,352 [INFO] cnn_neat: Compute: device=cuda | grid (32, 32)→(1, 1) | AMP=on (float16) | GPU=NVIDIA GeForce RTX 4060 Ti
