OK ablation_backups_ova_hash_host_spill_2026-08-06_1953: results=18 archives=23 (6.63s)
OK ablation_backups_ova_hash_host_spill_2026-08-07_2026_cone_prefetch: results=2 archives=5 (1.83s)
OK ablation_backups_ova_hash_host_spill_2026-08-07_2032_wrong_aug6_restore: results=18 archives=10 (3.22s)
OK ablation_backups_ova_hash_host_spill_20260807_150121: results=45 archives=51 (13.67s)
OK ablation_ova_gpu_ab: results=5 archives=7 (2.28s)
OK ablation_ova_gpu_only: results=174 archives=443 (128.61s)
OK ablation_ova_hash_host_spill: results=96 archives=108 (33.28s)
OK ablation_ova_hash_host_spill_cpu_phase_c: results=0 archives=1 (0.95s)
OK ablation_ova_mnist_gpu_only: results=2 archives=5 (2.05s)
OK ablation_ova_mnist_gpu_only__hold_script15_ova_mnist__hold_script15_ova_mnist: results=1 archives=3 (1.46s)
OK ablation_ova_structural_hash_20260802_151441: results=1 archives=2 (1.17s)
OK ablation_ova_structural_hash_20260802_214526: results=101 archives=102 (140.16s)
OK ablation_ova_structural_hash_20260803_093504: results=39 archives=41 (96.01s)
OK ablation_ova_study: results=348 archives=445 (2719.16s)
OK analysis_script11_smoke_a: results=1 archives=1 (1.33s)
OK analysis_script11_smoke_a2: results=1 archives=1 (1.32s)
OK analysis_script11_smoke_c: results=1 archives=1 (1.31s)
OK analysis_script11_smoke_c_gpu_only: results=1 archives=1 (1.33s)
OK analysis_script11_smoke_telemetry: results=1 archives=1 (1.32s)
Wrote D:\cifar-10-CNN_NEAT\runs\site\data\studies.json (19 studies, head=8d9b0f460ef6)
