OK ablation_backups_ova_hash_host_spill_2026-08-06_1953: results=18 archives=23 (44.6s)
OK ablation_backups_ova_hash_host_spill_2026-08-07_2026_cone_prefetch: results=2 archives=5 (16.47s)
OK ablation_backups_ova_hash_host_spill_2026-08-07_2032_wrong_aug6_restore: results=18 archives=10 (2.15s)
OK ablation_backups_ova_hash_host_spill_20260807_150121: results=45 archives=51 (80.48s)
OK ablation_ova_gpu_ab: results=5 archives=7 (1.11s)
OK ablation_ova_gpu_only: results=174 archives=420 (716.01s)
OK ablation_ova_hash_host_spill: results=96 archives=106 (111.99s)
OK ablation_ova_hash_host_spill_cpu_phase_c: results=0 archives=1 (3.07s)
OK ablation_ova_mnist_gpu_only: results=2 archives=5 (2.52s)
OK ablation_ova_mnist_gpu_only__hold_script15_ova_mnist__hold_script15_ova_mnist: results=1 archives=3 (1.81s)
OK ablation_ova_structural_hash_20260802_151441: results=1 archives=2 (5.7s)
OK ablation_ova_structural_hash_20260802_214526: results=101 archives=101 (223.82s)
OK ablation_ova_structural_hash_20260803_093504: results=39 archives=40 (95.57s)
OK ablation_ova_study: results=348 archives=445 (2718.54s)
OK analysis_script11_smoke_a: results=1 archives=1 (1.75s)
OK analysis_script11_smoke_a2: results=1 archives=1 (1.74s)
OK analysis_script11_smoke_c: results=1 archives=1 (1.75s)
OK analysis_script11_smoke_c_gpu_only: results=1 archives=1 (1.76s)
OK analysis_script11_smoke_telemetry: results=1 archives=1 (1.63s)
Wrote D:\cifar-10-CNN_NEAT\runs\site\data\studies.json (19 studies, head=5e07a8de9e17)
