2026-08-14 22:23:38,892 [DEBUG] cnn_neat: Split edge 0→1, new hidden node 2 (pool=1)
2026-08-14 22:23:38,905 [DEBUG] cnn_neat: Split edge 0→2, new hidden node 3 (pool=2)
2026-08-14 22:23:38,909 [DEBUG] cnn_neat: Added edge 0→1 (from 1 candidates)
2026-08-14 22:23:38,921 [DEBUG] cnn_neat: Split edge 3→2, new hidden node 4 (pool=3)
2026-08-14 22:23:38,927 [DEBUG] cnn_neat: Added edge 3→1 (from 2 candidates)
2026-08-14 22:23:38,942 [DEBUG] cnn_neat: Split edge 0→2, new hidden node 4 (pool=3)
2026-08-14 22:23:38,944 [DEBUG] cnn_neat: Added edge 2→1 (from 2 candidates)
2026-08-14 22:23:38,949 [DEBUG] cnn_neat: Split edge 4→2, new hidden node 5 (pool=4)
2026-08-14 22:23:38,952 [DEBUG] cnn_neat: Added edge 0→2 (from 4 candidates)
2026-08-14 22:23:38,955 [DEBUG] cnn_neat: Split edge 3→1, new hidden node 6 (pool=5)
2026-08-14 22:23:38,959 [DEBUG] cnn_neat: Added edge 4→3 (from 6 candidates)
2026-08-14 22:23:38,961 [DEBUG] cnn_neat: Split edge 4→2, new hidden node 5 (pool=5)
2026-08-14 22:23:38,966 [DEBUG] cnn_neat: Split edge 0→1, new hidden node 3 (pool=1)
2026-08-14 22:23:38,970 [DEBUG] cnn_neat: Removed hidden node 2 (pool=1)
2026-08-14 22:23:38,972 [DEBUG] cnn_neat: Removed edge 0→2 (from 3 candidates)
2026-08-14 22:23:38,974 [DEBUG] cnn_neat: Removed 1 edges (requested 3)
2026-08-14 22:23:38,977 [DEBUG] cnn_neat: Split edge 3→1, new hidden node 4 (pool=2)
2026-08-14 22:23:38,980 [DEBUG] cnn_neat: Added edge 0→2 (from 1 candidates)
2026-08-14 22:23:38,984 [DEBUG] cnn_neat: Removed hidden node 2 (pool=1)
2026-08-14 22:23:38,986 [DEBUG] cnn_neat: Removed edge 2→1 (from 3 candidates)
2026-08-14 22:23:38,989 [DEBUG] cnn_neat: Removed 2 edges (requested 3)
2026-08-14 22:23:38,992 [DEBUG] cnn_neat: Split edge 3→1, new hidden node 4 (pool=5)
2026-08-14 22:23:38,995 [DEBUG] cnn_neat: Added edge 0→1 (from 1 candidates)
2026-08-14 22:23:38,998 [DEBUG] cnn_neat: Split edge 2→1, new hidden node 5 (pool=3)
2026-08-14 22:23:39,003 [DEBUG] cnn_neat: Removed hidden node 3 (pool=2)
2026-08-14 22:23:39,006 [DEBUG] cnn_neat: Added edge 3→1 (from 4 candidates)
2026-08-14 22:23:39,009 [DEBUG] cnn_neat: Split edge 0→1, new hidden node 4 (pool=1)
2026-08-14 22:23:39,014 [DEBUG] cnn_neat: Split edge 2→1, new hidden node 4 (pool=2)
2026-08-14 22:23:39,017 [DEBUG] cnn_neat: Added edge 0→3 (from 1 candidates)
2026-08-14 22:23:39,023 [DEBUG] cnn_neat: Removed hidden node 3 (pool=1)
2026-08-14 22:23:39,025 [DEBUG] cnn_neat: Removed edge 2→1 (from 3 candidates)
2026-08-14 22:23:39,028 [DEBUG] cnn_neat: Removed 2 edges (requested 3)
2026-08-14 22:23:39,032 [DEBUG] cnn_neat: Split edge 2→3, new hidden node 5 (pool=5)
2026-08-14 22:23:39,035 [DEBUG] cnn_neat: Added edge 0→4 (from 5 candidates)
2026-08-14 22:23:39,038 [DEBUG] cnn_neat: Split edge 0→2, new hidden node 6 (pool=3)
2026-08-14 22:23:39,043 [DEBUG] cnn_neat: Removed hidden node 3 (pool=2)
2026-08-14 22:23:39,046 [DEBUG] cnn_neat: Added edge 3→4 (from 8 candidates)
2026-08-14 22:23:39,050 [DEBUG] cnn_neat: Split edge 3→1, new hidden node 4 (pool=2)
2026-08-14 22:23:39,052 [DEBUG] cnn_neat: Added edge 0→1 (from 1 candidates)
2026-08-14 22:23:39,058 [DEBUG] cnn_neat: Split edge 2→1, new hidden node 4 (pool=2)
2026-08-14 22:23:39,060 [DEBUG] cnn_neat: Added edge 3→1 (from 2 candidates)
2026-08-14 22:23:39,064 [DEBUG] cnn_neat: Removed hidden node 3 (pool=1)
2026-08-14 22:23:39,065 [DEBUG] cnn_neat: Removed edge 2→3 (from 1 candidates)
2026-08-14 22:23:39,067 [DEBUG] cnn_neat: Removed 1 edges (requested 3)
2026-08-14 22:23:39,069 [DEBUG] cnn_neat: Split edge 0→2, new hidden node 5 (pool=4)
2026-08-14 22:23:39,071 [DEBUG] cnn_neat: Added edge 2→1 (from 6 candidates)
2026-08-14 22:23:39,074 [DEBUG] cnn_neat: Split edge 5→2, new hidden node 6 (pool=5)
2026-08-14 22:23:39,078 [DEBUG] cnn_neat: Removed hidden node 3 (pool=1)
2026-08-14 22:23:39,081 [DEBUG] cnn_neat: Added edge 4→3 (from 8 candidates)
2026-08-14 22:23:39,084 [DEBUG] cnn_neat: Split edge 2→1, new hidden node 5 (pool=2)
2026-08-14 22:23:39,126 [DEBUG] cnn_neat: Split edge 4→2, new hidden node 5 (pool=3)
2026-08-14 22:23:39,129 [DEBUG] cnn_neat: Added edge 3→1 (from 4 candidates)
2026-08-14 22:23:39,134 [DEBUG] cnn_neat: Removed hidden node 3 (pool=1)
2026-08-14 22:23:39,137 [DEBUG] cnn_neat: Removed edge 2→3 (from 1 candidates)
2026-08-14 22:23:39,141 [DEBUG] cnn_neat: Removed 1 edges (requested 3)
2026-08-14 22:23:39,144 [DEBUG] cnn_neat: Split edge 2→3, new hidden node 4 (pool=4)
2026-08-14 22:23:39,146 [DEBUG] cnn_neat: Added edge 0→1 (from 2 candidates)
2026-08-14 22:23:39,150 [DEBUG] cnn_neat: Removed hidden node 3 (pool=1)
2026-08-14 22:23:39,152 [DEBUG] cnn_neat: Removed edge 0→3 (from 2 candidates)
2026-08-14 22:23:39,156 [DEBUG] cnn_neat: Removed 2 edges (requested 3)
2026-08-14 22:23:39,158 [DEBUG] cnn_neat: Split edge 0→2, new hidden node 5 (pool=3)
2026-08-14 22:23:39,161 [DEBUG] cnn_neat: Split edge 0→1, new hidden node 4 (pool=1)
2026-08-14 22:23:39,164 [DEBUG] cnn_neat: Added edge 4→1 (from 4 candidates)
2026-08-14 22:23:39,166 [DEBUG] cnn_neat: Added edge 3→1 (from 1 candidates)
2026-08-14 22:23:39,172 [DEBUG] cnn_neat: Split edge 0→4, new hidden node 5 (pool=3)
2026-08-14 22:23:39,174 [DEBUG] cnn_neat: Added edge 4→1 (from 2 candidates)
2026-08-14 22:23:39,185 [DEBUG] cnn_neat: Split edge 4→1, new hidden node 5 (pool=2)
2026-08-14 22:23:39,188 [DEBUG] cnn_neat: Added edge 0→2 (from 1 candidates)
2026-08-14 22:23:39,194 [DEBUG] cnn_neat: Removed hidden node 2 (pool=1)
2026-08-14 22:23:39,196 [DEBUG] cnn_neat: Removed edge 2→1 (from 3 candidates)
2026-08-14 22:23:39,200 [DEBUG] cnn_neat: Removed 2 edges (requested 3)
2026-08-14 22:23:39,204 [DEBUG] cnn_neat: Split edge 0→2, new hidden node 5 (pool=5)
2026-08-14 22:23:39,207 [DEBUG] cnn_neat: Added edge 0→1 (from 1 candidates)
2026-08-14 22:23:39,212 [DEBUG] cnn_neat: Split edge 0→5, new hidden node 6 (pool=5)
2026-08-14 22:23:39,219 [DEBUG] cnn_neat: Removed hidden node 2 (pool=2)
2026-08-14 22:23:39,223 [DEBUG] cnn_neat: Added edge 5→4 (from 4 candidates)
2026-08-14 22:23:39,228 [DEBUG] cnn_neat: Split edge 0→1, new hidden node 5 (pool=1)
2026-08-14 22:23:39,316 [DEBUG] cnn_neat: Split edge 3→1, new hidden node 4 (pool=4)
2026-08-14 22:23:39,320 [DEBUG] cnn_neat: Added edge 2→1 (from 2 candidates)
2026-08-14 22:23:39,325 [DEBUG] cnn_neat: Removed hidden node 2 (pool=1)
2026-08-14 22:23:39,329 [DEBUG] cnn_neat: Removed edge 2→3 (from 3 candidates)
2026-08-14 22:23:39,333 [DEBUG] cnn_neat: Removed 1 edges (requested 3)
2026-08-14 22:23:39,336 [DEBUG] cnn_neat: Split edge 0→3, new hidden node 4 (pool=3)
2026-08-14 22:23:39,339 [DEBUG] cnn_neat: Added edge 0→1 (from 4 candidates)
2026-08-14 22:23:39,343 [DEBUG] cnn_neat: Split edge 3→1, new hidden node 5 (pool=4)
2026-08-14 22:23:39,346 [DEBUG] cnn_neat: Removed hidden node 2 (pool=1)
2026-08-14 22:23:39,350 [DEBUG] cnn_neat: Added edge 2→3 (from 7 candidates)
2026-08-14 22:23:39,354 [DEBUG] cnn_neat: Split edge 0→1, new hidden node 4 (pool=1)
2026-08-14 22:23:39,361 [DEBUG] cnn_neat: Split edge 0→2, new hidden node 5 (pool=4)
2026-08-14 22:23:39,365 [DEBUG] cnn_neat: Added edge 3→1 (from 4 candidates)
2026-08-14 22:23:39,376 [DEBUG] cnn_neat: Split edge 2→3, new hidden node 6 (pool=5)
2026-08-14 22:23:39,382 [DEBUG] cnn_neat: Split edge 0→2, new hidden node 5 (pool=3)
2026-08-14 22:23:39,386 [DEBUG] cnn_neat: Added edge 0→2 (from 6 candidates)
2026-08-14 22:23:39,392 [DEBUG] cnn_neat: Added edge 0→3 (from 3 candidates)
2026-08-14 22:23:39,402 [DEBUG] cnn_neat: Split edge 0→5, new hidden node 6 (pool=4)
2026-08-14 22:23:39,410 [DEBUG] cnn_neat: Split edge 4→1, new hidden node 5 (pool=5)
2026-08-14 22:23:39,415 [DEBUG] cnn_neat: Added edge 2→4 (from 4 candidates)
2026-08-14 22:23:39,421 [DEBUG] cnn_neat: Removed hidden node 2 (pool=1)
2026-08-14 22:23:39,426 [DEBUG] cnn_neat: Removed edge 0→3 (from 3 candidates)
2026-08-14 22:23:39,430 [DEBUG] cnn_neat: Removed 2 edges (requested 3)
2026-08-14 22:23:39,436 [DEBUG] cnn_neat: Split edge 0→2, new hidden node 5 (pool=6)
2026-08-14 22:23:39,440 [DEBUG] cnn_neat: Added edge 3→1 (from 3 candidates)
2026-08-14 22:23:39,445 [DEBUG] cnn_neat: Split edge 2→3, new hidden node 6 (pool=7)
2026-08-14 22:23:39,450 [DEBUG] cnn_neat: Removed hidden node 3 (pool=2)
2026-08-14 22:23:39,454 [DEBUG] cnn_neat: Added edge 0→2 (from 7 candidates)
2026-08-14 22:23:39,460 [DEBUG] cnn_neat: Split edge 0→3, new hidden node 7 (pool=4)
2026-08-14 22:23:39,532 [DEBUG] cnn_neat: Split edge 0→3, new hidden node 4 (pool=5)
2026-08-14 22:23:39,536 [DEBUG] cnn_neat: Added edge 0→1 (from 1 candidates)
2026-08-14 22:23:39,544 [DEBUG] cnn_neat: Removed hidden node 2 (pool=2)
2026-08-14 22:23:39,547 [DEBUG] cnn_neat: Removed edge 2→1 (from 5 candidates)
2026-08-14 22:23:39,554 [DEBUG] cnn_neat: Removed 3 edges (requested 3)
2026-08-14 22:23:39,558 [DEBUG] cnn_neat: Split edge 0→2, new hidden node 5 (pool=5)
2026-08-14 22:23:39,563 [DEBUG] cnn_neat: Added edge 4→1 (from 4 candidates)
2026-08-14 22:23:39,570 [DEBUG] cnn_neat: Split edge 0→4, new hidden node 6 (pool=7)
2026-08-14 22:23:39,576 [DEBUG] cnn_neat: Removed hidden node 3 (pool=3)
2026-08-14 22:23:39,581 [DEBUG] cnn_neat: Added edge 4→5 (from 9 candidates)
2026-08-14 22:23:39,587 [DEBUG] cnn_neat: Split edge 3→1, new hidden node 5 (pool=4)
2026-08-14 22:23:39,591 [DEBUG] cnn_neat: Added edge 4→1 (from 4 candidates)
2026-08-14 22:23:39,601 [DEBUG] cnn_neat: Split edge 0→2, new hidden node 5 (pool=3)
2026-08-14 22:23:39,605 [DEBUG] cnn_neat: Added edge 2→3 (from 3 candidates)
2026-08-14 22:23:39,610 [DEBUG] cnn_neat: Split edge 5→2, new hidden node 6 (pool=4)
2026-08-14 22:23:39,615 [DEBUG] cnn_neat: Removed hidden node 3 (pool=1)
2026-08-14 22:23:39,620 [DEBUG] cnn_neat: Added edge 5→3 (from 5 candidates)
2026-08-14 22:23:39,626 [DEBUG] cnn_neat: Split edge 0→1, new hidden node 4 (pool=1)
2026-08-14 22:23:39,632 [DEBUG] cnn_neat: Removed hidden node 3 (pool=1)
2026-08-14 22:23:39,634 [DEBUG] cnn_neat: Removed edge 3→1 (from 3 candidates)
2026-08-14 22:23:39,638 [DEBUG] cnn_neat: Removed 2 edges (requested 3)
2026-08-14 22:23:39,641 [DEBUG] cnn_neat: Split edge 0→4, new hidden node 5 (pool=4)
2026-08-14 22:23:39,643 [DEBUG] cnn_neat: Split edge 0→1, new hidden node 4 (pool=1)
2026-08-14 22:23:39,708 [DEBUG] cnn_neat: Added edge 4→3 (from 3 candidates)
2026-08-14 22:23:39,709 [DEBUG] cnn_neat: Added edge 3→1 (from 1 candidates)
2026-08-14 22:23:39,716 [DEBUG] cnn_neat: Split edge 3→1, new hidden node 6 (pool=2)
2026-08-14 22:23:39,720 [DEBUG] cnn_neat: Split edge 0→1, new hidden node 2 (pool=1)
2026-08-14 22:23:39,727 [DEBUG] cnn_neat: Split edge 2→1, new hidden node 3 (pool=2)
2026-08-14 22:23:39,731 [DEBUG] cnn_neat: Added edge 0→1 (from 1 candidates)
2026-08-14 22:23:39,742 [DEBUG] cnn_neat: Split edge 3→2, new hidden node 4 (pool=3)
2026-08-14 22:23:39,745 [DEBUG] cnn_neat: Added edge 0→2 (from 2 candidates)
2026-08-14 22:23:39,754 [DEBUG] cnn_neat: Split edge 0→2, new hidden node 4 (pool=4)
2026-08-14 22:23:39,757 [DEBUG] cnn_neat: Added edge 3→1 (from 2 candidates)
2026-08-14 22:23:39,761 [DEBUG] cnn_neat: Split edge 0→4, new hidden node 5 (pool=5)
2026-08-14 22:23:39,766 [DEBUG] cnn_neat: Removed hidden node 3 (pool=1)
2026-08-14 22:23:39,769 [DEBUG] cnn_neat: Added edge 0→2 (from 5 candidates)
2026-08-14 22:23:39,774 [DEBUG] cnn_neat: Split edge 3→2, new hidden node 6 (pool=6)
2026-08-14 22:23:39,776 [DEBUG] cnn_neat: Removed edge 3→2 (from 3 candidates)
2026-08-14 22:23:39,782 [DEBUG] cnn_neat: Split edge 0→1, new hidden node 3 (pool=1)
2026-08-14 22:23:39,789 [DEBUG] cnn_neat: Removed hidden node 2 (pool=1)
2026-08-14 22:23:39,793 [DEBUG] cnn_neat: Removed edge 0→1 (from 3 candidates)
2026-08-14 22:23:39,796 [DEBUG] cnn_neat: Removed 1 edges (requested 3)
2026-08-14 22:23:39,802 [DEBUG] cnn_neat: Split edge 0→3, new hidden node 5 (pool=5)
2026-08-14 22:23:39,807 [DEBUG] cnn_neat: Added edge 3→1 (from 5 candidates)
2026-08-14 22:23:39,814 [DEBUG] cnn_neat: Removed hidden node 4 (pool=2)
2026-08-14 22:23:39,882 [DEBUG] cnn_neat: Removed edge 4→1 (from 4 candidates)
2026-08-14 22:23:39,889 [DEBUG] cnn_neat: Removed 2 edges (requested 3)
2026-08-14 22:23:39,895 [DEBUG] cnn_neat: Split edge 2→1, new hidden node 6 (pool=6)
2026-08-14 22:23:39,900 [DEBUG] cnn_neat: Split edge 3→1, new hidden node 5 (pool=2)
2026-08-14 22:23:39,904 [DEBUG] cnn_neat: Split edge 2→1, new hidden node 5 (pool=4)
2026-08-14 22:23:39,911 [DEBUG] cnn_neat: Split edge 3→1, new hidden node 4 (pool=2)
2026-08-14 22:23:39,913 [DEBUG] cnn_neat: Added edge 0→1 (from 1 candidates)
2026-08-14 22:23:39,920 [DEBUG] cnn_neat: Split edge 2→1, new hidden node 5 (pool=3)
2026-08-14 22:23:39,926 [DEBUG] cnn_neat: Added edge 0→3 (from 4 candidates)
2026-08-14 22:23:39,948 [DEBUG] cnn_neat: Removed hidden node 3 (pool=1)
2026-08-14 22:23:39,950 [DEBUG] cnn_neat: Removed edge 2→3 (from 1 candidates)
2026-08-14 22:23:39,952 [DEBUG] cnn_neat: Removed 1 edges (requested 3)
2026-08-14 22:23:39,955 [DEBUG] cnn_neat: Split edge 4→2, new hidden node 6 (pool=5)
2026-08-14 22:23:39,958 [DEBUG] cnn_neat: Added edge 2→1 (from 8 candidates)
2026-08-14 22:23:39,963 [DEBUG] cnn_neat: Split edge 4→6, new hidden node 7 (pool=6)
2026-08-14 22:23:39,967 [DEBUG] cnn_neat: Removed hidden node 3 (pool=1)
2026-08-14 22:23:39,970 [DEBUG] cnn_neat: Added edge 0→6 (from 11 candidates)
2026-08-14 22:23:39,975 [DEBUG] cnn_neat: Split edge 2→1, new hidden node 5 (pool=3)
2026-08-14 22:23:39,977 [DEBUG] cnn_neat: Added edge 0→2 (from 2 candidates)
2026-08-14 22:23:40,069 [DEBUG] cnn_neat: Split edge 2→1, new hidden node 6 (pool=5)
2026-08-14 22:23:40,073 [DEBUG] cnn_neat: Added edge 0→2 (from 5 candidates)
2026-08-14 22:23:40,078 [DEBUG] cnn_neat: Removed hidden node 2 (pool=2)
2026-08-14 22:23:40,080 [DEBUG] cnn_neat: Removed edge 5→1 (from 4 candidates)
2026-08-14 22:23:40,084 [DEBUG] cnn_neat: Removed 2 edges (requested 3)
2026-08-14 22:23:40,088 [DEBUG] cnn_neat: Split edge 0→4, new hidden node 7 (pool=3)
2026-08-14 22:23:40,091 [DEBUG] cnn_neat: Split edge 0→2, new hidden node 6 (pool=3)
2026-08-14 22:23:40,094 [DEBUG] cnn_neat: Added edge 6→5 (from 8 candidates)
2026-08-14 22:23:40,098 [DEBUG] cnn_neat: Added edge 0→5 (from 4 candidates)
2026-08-14 22:23:40,103 [DEBUG] cnn_neat: Split edge 3→4, new hidden node 5 (pool=4)
2026-08-14 22:23:40,106 [DEBUG] cnn_neat: Added edge 4→1 (from 4 candidates)
2026-08-14 22:23:40,113 [DEBUG] cnn_neat: Split edge 4→1, new hidden node 5 (pool=3)
2026-08-14 22:23:40,116 [DEBUG] cnn_neat: Added edge 0→2 (from 3 candidates)
2026-08-14 22:23:40,120 [DEBUG] cnn_neat: Split edge 4→2, new hidden node 6 (pool=6)
2026-08-14 22:23:40,124 [DEBUG] cnn_neat: Removed hidden node 2 (pool=1)
2026-08-14 22:23:40,127 [DEBUG] cnn_neat: Added edge 4→1 (from 6 candidates)
2026-08-14 22:23:40,132 [DEBUG] cnn_neat: Split edge 5→1, new hidden node 6 (pool=3)
2026-08-14 22:23:40,134 [DEBUG] cnn_neat: Added edge 0→5 (from 2 candidates)
2026-08-14 22:23:40,140 [DEBUG] cnn_neat: Split edge 0→4, new hidden node 7 (pool=4)
2026-08-14 22:23:40,142 [DEBUG] cnn_neat: Split edge 0→4, new hidden node 6 (pool=4)
2026-08-14 22:23:40,146 [DEBUG] cnn_neat: Added edge 0→5 (from 4 candidates)
2026-08-14 22:23:40,148 [DEBUG] cnn_neat: Added edge 4→1 (from 2 candidates)
2026-08-14 22:23:40,151 [DEBUG] cnn_neat: Split edge 5→6, new hidden node 8 (pool=5)
2026-08-14 22:23:40,155 [DEBUG] cnn_neat: Split edge 0→3, new hidden node 5 (pool=3)
2026-08-14 22:23:40,157 [DEBUG] cnn_neat: Added edge 3→1 (from 2 candidates)
2026-08-14 22:23:40,163 [DEBUG] cnn_neat: Split edge 3→4, new hidden node 6 (pool=4)
2026-08-14 22:23:40,165 [DEBUG] cnn_neat: Added edge 3→1 (from 4 candidates)
2026-08-14 22:23:40,168 [DEBUG] cnn_neat: Split edge 6→4, new hidden node 7 (pool=5)
2026-08-14 22:23:40,172 [DEBUG] cnn_neat: Added edge 5→4 (from 6 candidates)
2026-08-14 22:23:40,175 [DEBUG] cnn_neat: Split edge 0→5, new hidden node 6 (pool=3)
2026-08-14 22:23:40,180 [DEBUG] cnn_neat: Split edge 3→5, new hidden node 6 (pool=5)
2026-08-14 22:23:40,182 [DEBUG] cnn_neat: Added edge 0→4 (from 6 candidates)
2026-08-14 22:23:40,184 [DEBUG] cnn_neat: Saved generation 0
2026-08-14 22:23:40,237 [DEBUG] cnn_neat: Selected 25 elite individuals
2026-08-14 22:23:40,287 [DEBUG] cnn_neat: Split edge 2→4, new hidden node 6 (pool=6)
2026-08-14 22:23:40,300 [DEBUG] cnn_neat: Added edge 0→4 (from 9 candidates)
2026-08-14 22:23:40,313 [DEBUG] cnn_neat: Added edge 2→5 (from 6 candidates)
2026-08-14 22:23:40,322 [DEBUG] cnn_neat: Split edge 0→2, new hidden node 7 (pool=7)
2026-08-14 22:23:40,332 [DEBUG] cnn_neat: Split edge 3→1, new hidden node 4 (pool=2)
2026-08-14 22:23:40,336 [DEBUG] cnn_neat: Added edge 0→2 (from 2 candidates)
2026-08-14 22:23:40,346 [DEBUG] cnn_neat: Removed hidden node 2 (pool=1)
2026-08-14 22:23:40,349 [DEBUG] cnn_neat: Removed edge 3→2 (from 1 candidates)
2026-08-14 22:23:40,351 [DEBUG] cnn_neat: Removed 1 edges (requested 3)
2026-08-14 22:23:40,354 [DEBUG] cnn_neat: Split edge 3→2, new hidden node 4 (pool=4)
2026-08-14 22:23:40,358 [DEBUG] cnn_neat: Added edge 2→1 (from 2 candidates)
2026-08-14 22:23:40,361 [DEBUG] cnn_neat: Split edge 0→2, new hidden node 5 (pool=3)
2026-08-14 22:23:40,365 [DEBUG] cnn_neat: Removed hidden node 2 (pool=1)
2026-08-14 22:23:40,368 [DEBUG] cnn_neat: Added edge 2→1 (from 4 candidates)
2026-08-14 22:23:40,370 [DEBUG] cnn_neat: Split edge 0→3, new hidden node 6 (pool=2)
2026-08-14 22:23:40,373 [DEBUG] cnn_neat: Removed edge 0→2 (from 2 candidates)
2026-08-14 22:23:40,514 [DEBUG] cnn_neat: Removed hidden node 2 (pool=2)
2026-08-14 22:23:40,515 [DEBUG] cnn_neat: Split edge 0→2, new hidden node 6 (pool=6)
2026-08-14 22:23:40,517 [DEBUG] cnn_neat: Added edge 3→2 (from 8 candidates)
2026-08-14 22:23:40,521 [DEBUG] cnn_neat: Removed hidden node 3 (pool=2)
2026-08-14 22:23:40,522 [DEBUG] cnn_neat: Split edge 5→1, new hidden node 6 (pool=4)
2026-08-14 22:23:40,524 [DEBUG] cnn_neat: Removed edge 4→2 (from 4 candidates)
2026-08-14 22:23:40,527 [DEBUG] cnn_neat: Removed 3 edges (requested 3)
2026-08-14 22:23:40,529 [DEBUG] cnn_neat: Split edge 5→1, new hidden node 6 (pool=3)
2026-08-14 22:23:40,532 [DEBUG] cnn_neat: Crossover union: A_edges=6 B_added=7 dup_skipped=0 child_edges=13 nodes=10
2026-08-14 22:23:40,534 [DEBUG] cnn_neat: Added edge 3→5 (from 8 candidates)
2026-08-14 22:23:40,536 [DEBUG] cnn_neat: Added edge 4→1 (from 7 candidates)
2026-08-14 22:23:40,537 [DEBUG] cnn_neat: Added edge 3→1 (from 6 candidates)
2026-08-14 22:23:40,540 [DEBUG] cnn_neat: Added edge 4→5 (from 5 candidates)
2026-08-14 22:23:40,542 [DEBUG] cnn_neat: Added edge 2→1 (from 4 candidates)
2026-08-14 22:23:40,544 [DEBUG] cnn_neat: Split edge 5→2, new hidden node 7 (pool=6)
2026-08-14 22:23:40,546 [DEBUG] cnn_neat: Added edge 4→2 (from 14 candidates)
2026-08-14 22:23:40,550 [DEBUG] cnn_neat: Removed hidden node 3 (pool=1)
2026-08-14 22:23:40,552 [DEBUG] cnn_neat: Removed edge 0→3 (from 1 candidates)
2026-08-14 22:23:40,554 [DEBUG] cnn_neat: Split edge 5→2, new hidden node 7 (pool=5)
2026-08-14 22:23:40,555 [DEBUG] cnn_neat: Removed 1 edges (requested 3)
2026-08-14 22:23:40,557 [DEBUG] cnn_neat: Split edge 2→6, new hidden node 7 (pool=5)
2026-08-14 22:23:40,558 [DEBUG] cnn_neat: Crossover rejected: union topology invalid (edges=8 nodes=8)
2026-08-14 22:23:40,560 [DEBUG] cnn_neat: Split edge 0→4, new hidden node 7 (pool=6)
2026-08-14 22:23:40,562 [DEBUG] cnn_neat: Added edge 5→6 (from 14 candidates)
2026-08-14 22:23:40,564 [DEBUG] cnn_neat: Added edge 4→3 (from 14 candidates)
2026-08-14 22:23:40,566 [DEBUG] cnn_neat: Added edge 6→3 (from 12 candidates)
2026-08-14 22:23:40,567 [DEBUG] cnn_neat: Added edge 0→2 (from 8 candidates)
2026-08-14 22:23:40,570 [DEBUG] cnn_neat: Added edge 2→1 (from 10 candidates)
2026-08-14 22:23:40,572 [DEBUG] cnn_neat: Split edge 5→1, new hidden node 6 (pool=6)
2026-08-14 22:23:40,574 [DEBUG] cnn_neat: Added edge 5→4 (from 12 candidates)
2026-08-14 22:23:40,577 [DEBUG] cnn_neat: Removed hidden node 3 (pool=4)
2026-08-14 22:23:40,578 [DEBUG] cnn_neat: Removed edge 0→4 (from 6 candidates)
2026-08-14 22:23:40,581 [DEBUG] cnn_neat: Removed 3 edges (requested 3)
2026-08-14 22:23:40,583 [DEBUG] cnn_neat: Split edge 2→1, new hidden node 5 (pool=3)
2026-08-14 22:23:40,585 [DEBUG] cnn_neat: Crossover union: A_edges=6 B_added=5 dup_skipped=0 child_edges=11 nodes=9
2026-08-14 22:23:40,587 [DEBUG] cnn_neat: Added edge 4→3 (from 12 candidates)
2026-08-14 22:23:40,590 [DEBUG] cnn_neat: Added edge 2→3 (from 9 candidates)
2026-08-14 22:23:40,592 [DEBUG] cnn_neat: Added edge 3→1 (from 6 candidates)
2026-08-14 22:23:40,594 [DEBUG] cnn_neat: Added edge 2→5 (from 5 candidates)
2026-08-14 22:23:40,597 [DEBUG] cnn_neat: Added edge 0→2 (from 4 candidates)
2026-08-14 22:23:40,599 [DEBUG] cnn_neat: Split edge 3→5, new hidden node 6 (pool=7)
2026-08-14 22:23:40,601 [DEBUG] cnn_neat: Added edge 3→1 (from 8 candidates)
2026-08-14 22:23:40,604 [DEBUG] cnn_neat: Removed hidden node 5 (pool=3)
2026-08-14 22:23:40,606 [DEBUG] cnn_neat: Split edge 0→2, new hidden node 5 (pool=5)
2026-08-14 22:23:40,608 [DEBUG] cnn_neat: Removed edge 3→5 (from 7 candidates)
2026-08-14 22:23:40,612 [DEBUG] cnn_neat: Removed 3 edges (requested 3)
2026-08-14 22:23:40,614 [DEBUG] cnn_neat: Crossover rejected: union topology invalid (edges=9 nodes=7)
2026-08-14 22:23:40,616 [DEBUG] cnn_neat: Split edge 3→4, new hidden node 6 (pool=7)
2026-08-14 22:23:40,619 [DEBUG] cnn_neat: Added edge 2→5 (from 8 candidates)
2026-08-14 22:23:40,621 [DEBUG] cnn_neat: Added edge 2→1 (from 7 candidates)
2026-08-14 22:23:40,623 [DEBUG] cnn_neat: Added edge 4→5 (from 6 candidates)
2026-08-14 22:23:40,626 [DEBUG] cnn_neat: Added edge 0→4 (from 4 candidates)
2026-08-14 22:23:40,629 [DEBUG] cnn_neat: Added edge 2→4 (from 3 candidates)
2026-08-14 22:23:40,632 [DEBUG] cnn_neat: Split edge 0→3, new hidden node 5 (pool=2)
2026-08-14 22:23:40,633 [DEBUG] cnn_neat: Added edge 4→1 (from 3 candidates)
2026-08-14 22:23:40,636 [DEBUG] cnn_neat: Removed hidden node 2 (pool=3)
2026-08-14 22:23:40,638 [DEBUG] cnn_neat: Removed edge 4→2 (from 6 candidates)
2026-08-14 22:23:40,641 [DEBUG] cnn_neat: Removed 3 edges (requested 3)
2026-08-14 22:23:40,642 [DEBUG] cnn_neat: Crossover rejected: union topology invalid (edges=12 nodes=10)
2026-08-14 22:23:40,645 [DEBUG] cnn_neat: Split edge 0→3, new hidden node 5 (pool=2)
2026-08-14 22:23:40,647 [DEBUG] cnn_neat: Added edge 2→5 (from 9 candidates)
2026-08-14 22:23:40,649 [DEBUG] cnn_neat: Added edge 4→1 (from 3 candidates)
2026-08-14 22:23:40,650 [DEBUG] cnn_neat: Added edge 4→3 (from 2 candidates)
2026-08-14 22:23:40,653 [DEBUG] cnn_neat: Added edge 0→2 (from 1 candidates)
2026-08-14 22:23:40,655 [DEBUG] cnn_neat: Added edge 0→1 (from 1 candidates)
2026-08-14 22:23:40,660 [DEBUG] cnn_neat: Added edge 2→3 (from 9 candidates)
2026-08-14 22:23:40,662 [DEBUG] cnn_neat: Added edge 0→5 (from 9 candidates)
2026-08-14 22:23:40,666 [DEBUG] cnn_neat: Added edge 6→5 (from 9 candidates)
2026-08-14 22:23:40,670 [DEBUG] cnn_neat: Added edge 0→5 (from 9 candidates)
2026-08-14 22:23:40,674 [DEBUG] cnn_neat: Removed hidden node 3 (pool=3)
2026-08-14 22:23:40,678 [DEBUG] cnn_neat: Added edge 6→5 (from 9 candidates)
2026-08-14 22:23:40,681 [DEBUG] cnn_neat: Removed hidden node 3 (pool=1)
2026-08-14 22:23:40,683 [DEBUG] cnn_neat: Crossover rejected: union topology invalid (edges=10 nodes=10)
2026-08-14 22:23:40,686 [DEBUG] cnn_neat: Added edge 6→5 (from 9 candidates)
2026-08-14 22:23:40,689 [DEBUG] cnn_neat: Removed hidden node 3 (pool=1)
2026-08-14 22:23:40,693 [DEBUG] cnn_neat: Split edge 4→1, new hidden node 7 (pool=5)
2026-08-14 22:23:40,695 [DEBUG] cnn_neat: Added edge 6→4 (from 9 candidates)
2026-08-14 22:23:40,698 [DEBUG] cnn_neat: Added edge 6→5 (from 9 candidates)
2026-08-14 22:23:40,700 [DEBUG] cnn_neat: Added edge 0→3 (from 10 candidates)
2026-08-14 22:23:40,703 [DEBUG] cnn_neat: Added edge 6→1 (from 9 candidates)
2026-08-14 22:23:40,705 [DEBUG] cnn_neat: Added edge 0→4 (from 8 candidates)
2026-08-14 22:23:40,707 [DEBUG] cnn_neat: Split edge 0→3, new hidden node 4 (pool=2)
2026-08-14 22:23:40,708 [DEBUG] cnn_neat: Added edge 0→2 (from 1 candidates)
2026-08-14 22:23:40,710 [DEBUG] cnn_neat: Split edge 2→1, new hidden node 4 (pool=5)
2026-08-14 22:23:40,712 [DEBUG] cnn_neat: Removed hidden node 2 (pool=1)
2026-08-14 22:23:40,713 [DEBUG] cnn_neat: Split edge 3→1, new hidden node 4 (pool=2)
2026-08-14 22:23:40,714 [DEBUG] cnn_neat: Added edge 0→4 (from 2 candidates)
2026-08-14 22:23:40,717 [DEBUG] cnn_neat: Removed edge 2→1 (from 3 candidates)
2026-08-14 22:23:40,718 [DEBUG] cnn_neat: Split edge 3→1, new hidden node 4 (pool=2)
2026-08-14 22:23:40,719 [DEBUG] cnn_neat: Added edge 2→4 (from 6 candidates)
2026-08-14 22:23:40,721 [DEBUG] cnn_neat: Removed 2 edges (requested 3)
2026-08-14 22:23:40,722 [DEBUG] cnn_neat: Split edge 3→1, new hidden node 4 (pool=2)
2026-08-14 22:23:40,723 [DEBUG] cnn_neat: Added edge 3→1 (from 2 candidates)
2026-08-14 22:23:40,725 [DEBUG] cnn_neat: Crossover rejected: union topology invalid (edges=9 nodes=8)
2026-08-14 22:23:40,726 [DEBUG] cnn_neat: Split edge 0→3, new hidden node 4 (pool=2)
2026-08-14 22:23:40,728 [DEBUG] cnn_neat: Added edge 0→3 (from 3 candidates)
2026-08-14 22:23:40,729 [DEBUG] cnn_neat: Added edge 0→2 (from 1 candidates)
2026-08-14 22:23:40,731 [DEBUG] cnn_neat: Added edge 0→1 (from 1 candidates)
2026-08-14 22:23:40,735 [DEBUG] cnn_neat: Split edge 0→1, new hidden node 4 (pool=1)
2026-08-14 22:23:40,738 [DEBUG] cnn_neat: Added edge 4→3 (from 5 candidates)
2026-08-14 22:23:40,740 [DEBUG] cnn_neat: Split edge 2→3, new hidden node 5 (pool=4)
2026-08-14 22:23:40,741 [DEBUG] cnn_neat: Added edge 3→1 (from 4 candidates)
2026-08-14 22:23:40,743 [DEBUG] cnn_neat: Split edge 2→3, new hidden node 5 (pool=3)
2026-08-14 22:23:40,745 [DEBUG] cnn_neat: Split edge 4→1, new hidden node 5 (pool=4)
2026-08-14 22:23:40,747 [DEBUG] cnn_neat: Split edge 0→2, new hidden node 5 (pool=4)
2026-08-14 22:23:40,749 [DEBUG] cnn_neat: Added edge 0→3 (from 6 candidates)
2026-08-14 22:23:40,752 [DEBUG] cnn_neat: Removed hidden node 2 (pool=2)
2026-08-14 22:23:40,754 [DEBUG] cnn_neat: Split edge 3→4, new hidden node 5 (pool=4)
2026-08-14 22:23:40,756 [DEBUG] cnn_neat: Added edge 5→1 (from 6 candidates)
2026-08-14 22:23:40,759 [DEBUG] cnn_neat: Crossover rejected: copied edge has no live Conv2d
2026-08-14 22:23:40,760 [DEBUG] cnn_neat: Split edge 2→3, new hidden node 5 (pool=4)
2026-08-14 22:23:40,762 [DEBUG] cnn_neat: Added edge 0→3 (from 6 candidates)
2026-08-14 22:23:40,765 [DEBUG] cnn_neat: Removed hidden node 5 (pool=2)
2026-08-14 22:23:40,767 [DEBUG] cnn_neat: Added edge 3→1 (from 4 candidates)
2026-08-14 22:23:40,768 [DEBUG] cnn_neat: Added edge 2→4 (from 3 candidates)
2026-08-14 22:23:40,770 [DEBUG] cnn_neat: Added edge 0→3 (from 3 candidates)
2026-08-14 22:23:40,772 [DEBUG] cnn_neat: Added edge 0→4 (from 2 candidates)
2026-08-14 22:23:40,774 [DEBUG] cnn_neat: Added edge 0→1 (from 2 candidates)
2026-08-14 22:23:40,776 [DEBUG] cnn_neat: Split edge 4→5, new hidden node 6 (pool=5)
2026-08-14 22:23:40,777 [DEBUG] cnn_neat: Added edge 2→3 (from 6 candidates)
2026-08-14 22:23:40,781 [DEBUG] cnn_neat: Split edge 0→2, new hidden node 6 (pool=5)
2026-08-14 22:23:40,784 [DEBUG] cnn_neat: Split edge 0→2, new hidden node 6 (pool=5)
2026-08-14 22:23:40,786 [DEBUG] cnn_neat: Added edge 6→5 (from 9 candidates)
2026-08-14 22:23:40,788 [DEBUG] cnn_neat: Split edge 0→2, new hidden node 6 (pool=5)
2026-08-14 22:23:40,790 [DEBUG] cnn_neat: Added edge 4→3 (from 9 candidates)
2026-08-14 22:23:40,792 [DEBUG] cnn_neat: Crossover union: A_edges=5 B_added=6 dup_skipped=0 child_edges=11 nodes=10
2026-08-14 22:23:40,794 [DEBUG] cnn_neat: Added edge 5→1 (from 6 candidates)
2026-08-14 22:23:40,796 [DEBUG] cnn_neat: Added edge 4→3 (from 5 candidates)
2026-08-14 22:23:40,798 [DEBUG] cnn_neat: Added edge 2→3 (from 5 candidates)
2026-08-14 22:23:40,801 [DEBUG] cnn_neat: Added edge 4→1 (from 4 candidates)
2026-08-14 22:23:40,804 [DEBUG] cnn_neat: Added edge 0→5 (from 3 candidates)
2026-08-14 22:23:40,806 [DEBUG] cnn_neat: Split edge 0→4, new hidden node 6 (pool=5)
2026-08-14 22:23:40,808 [DEBUG] cnn_neat: Added edge 4→1 (from 4 candidates)
2026-08-14 22:23:40,809 [DEBUG] cnn_neat: Split edge 4→1, new hidden node 6 (pool=4)
2026-08-14 22:23:40,812 [DEBUG] cnn_neat: Removed hidden node 5 (pool=1)
2026-08-14 22:23:40,813 [DEBUG] cnn_neat: Split edge 0→4, new hidden node 5 (pool=3)
2026-08-14 22:23:40,815 [DEBUG] cnn_neat: Added edge 4→1 (from 4 candidates)
2026-08-14 22:23:40,817 [DEBUG] cnn_neat: Removed hidden node 2 (pool=1)
2026-08-14 22:23:40,819 [DEBUG] cnn_neat: Split edge 5→4, new hidden node 6 (pool=3)
2026-08-14 22:23:40,822 [DEBUG] cnn_neat: Removed edge 0→5 (from 3 candidates)
2026-08-14 22:23:40,823 [DEBUG] cnn_neat: Removed 1 edges (requested 3)
2026-08-14 22:23:40,825 [DEBUG] cnn_neat: Split edge 0→5, new hidden node 6 (pool=4)
2026-08-14 22:23:40,827 [DEBUG] cnn_neat: Crossover rejected: union topology invalid (edges=11 nodes=10)
2026-08-14 22:23:40,829 [DEBUG] cnn_neat: Split edge 0→4, new hidden node 6 (pool=5)
2026-08-14 22:23:40,830 [DEBUG] cnn_neat: Added edge 5→6 (from 7 candidates)
2026-08-14 22:23:40,832 [DEBUG] cnn_neat: Added edge 4→1 (from 4 candidates)
2026-08-14 22:23:40,834 [DEBUG] cnn_neat: Added edge 5→1 (from 3 candidates)
2026-08-14 22:23:40,836 [DEBUG] cnn_neat: Added edge 0→2 (from 2 candidates)
2026-08-14 22:23:40,838 [DEBUG] cnn_neat: Added edge 0→1 (from 2 candidates)
2026-08-14 22:23:40,840 [DEBUG] cnn_neat: Added edge 5→2 (from 1 candidates)
2026-08-14 22:23:40,843 [DEBUG] cnn_neat: Split edge 2→1, new hidden node 7 (pool=1)
2026-08-14 22:23:40,845 [DEBUG] cnn_neat: Added edge 5→3 (from 10 candidates)
2026-08-14 22:23:40,849 [DEBUG] cnn_neat: Removed hidden node 3 (pool=1)
2026-08-14 22:23:40,851 [DEBUG] cnn_neat: Split edge 5→4, new hidden node 7 (pool=5)
2026-08-14 22:23:40,852 [DEBUG] cnn_neat: Added edge 5→4 (from 9 candidates)
2026-08-14 22:23:40,854 [DEBUG] cnn_neat: Removed edge 2→3 (from 1 candidates)
2026-08-14 22:23:40,856 [DEBUG] cnn_neat: Split edge 2→1, new hidden node 7 (pool=5)
2026-08-14 22:23:40,858 [DEBUG] cnn_neat: Removed 1 edges (requested 3)
2026-08-14 22:23:40,859 [DEBUG] cnn_neat: Split edge 6→2, new hidden node 7 (pool=5)
2026-08-14 22:23:40,861 [DEBUG] cnn_neat: Crossover rejected: union topology invalid (edges=10 nodes=10)
2026-08-14 22:23:40,864 [DEBUG] cnn_neat: Split edge 2→1, new hidden node 7 (pool=1)
2026-08-14 22:23:40,866 [DEBUG] cnn_neat: Added edge 3→1 (from 15 candidates)
2026-08-14 22:23:40,868 [DEBUG] cnn_neat: Added edge 0→3 (from 10 candidates)
2026-08-14 22:23:40,870 [DEBUG] cnn_neat: Added edge 4→3 (from 9 candidates)
2026-08-14 22:23:40,872 [DEBUG] cnn_neat: Added edge 0→4 (from 8 candidates)
2026-08-14 22:23:40,873 [DEBUG] cnn_neat: Added edge 5→3 (from 8 candidates)
2026-08-14 22:23:40,875 [DEBUG] cnn_neat: Added edge 5→6 (from 7 candidates)
2026-08-14 22:23:40,877 [DEBUG] cnn_neat: Split edge 4→5, new hidden node 6 (pool=4)
2026-08-14 22:23:40,879 [DEBUG] cnn_neat: Split edge 6→5, new hidden node 7 (pool=5)
2026-08-14 22:23:40,880 [DEBUG] cnn_neat: Added edge 4→2 (from 4 candidates)
2026-08-14 22:23:40,882 [DEBUG] cnn_neat: Split edge 2→1, new hidden node 6 (pool=4)
2026-08-14 22:23:40,885 [DEBUG] cnn_neat: Added edge 5→6 (from 6 candidates)
2026-08-14 22:23:40,887 [DEBUG] cnn_neat: Split edge 4→5, new hidden node 6 (pool=4)
2026-08-14 22:23:40,889 [DEBUG] cnn_neat: Added edge 5→1 (from 6 candidates)
2026-08-14 22:23:40,892 [DEBUG] cnn_neat: Split edge 0→4, new hidden node 6 (pool=4)
2026-08-14 22:23:40,893 [DEBUG] cnn_neat: Crossover union: A_edges=4 B_added=6 dup_skipped=0 child_edges=10 nodes=9
2026-08-14 22:23:40,895 [DEBUG] cnn_neat: Added edge 0→2 (from 4 candidates)
2026-08-14 22:23:40,897 [DEBUG] cnn_neat: Added edge 0→5 (from 4 candidates)
2026-08-14 22:23:40,899 [DEBUG] cnn_neat: Added edge 4→1 (from 4 candidates)
2026-08-14 22:23:40,901 [DEBUG] cnn_neat: Added edge 0→1 (from 3 candidates)
2026-08-14 22:23:40,903 [DEBUG] cnn_neat: Added edge 4→2 (from 2 candidates)
2026-08-14 22:23:40,905 [DEBUG] cnn_neat: Split edge 0→3, new hidden node 6 (pool=5)
2026-08-14 22:23:40,907 [DEBUG] cnn_neat: Added edge 5→3 (from 10 candidates)
2026-08-14 22:23:40,910 [DEBUG] cnn_neat: Removed hidden node 3 (pool=1)
2026-08-14 22:23:40,911 [DEBUG] cnn_neat: Split edge 0→4, new hidden node 6 (pool=4)
2026-08-14 22:23:40,913 [DEBUG] cnn_neat: Added edge 5→1 (from 6 candidates)
2026-08-14 22:23:40,914 [DEBUG] cnn_neat: Removed edge 0→3 (from 1 candidates)
2026-08-14 22:23:40,916 [DEBUG] cnn_neat: Split edge 5→2, new hidden node 6 (pool=4)
2026-08-14 22:23:40,917 [DEBUG] cnn_neat: Removed 1 edges (requested 3)
2026-08-14 22:23:40,919 [DEBUG] cnn_neat: Split edge 0→4, new hidden node 6 (pool=4)
2026-08-14 22:23:40,921 [DEBUG] cnn_neat: Added edge 6→2 (from 6 candidates)
2026-08-14 22:23:40,923 [DEBUG] cnn_neat: Crossover rejected: copied edge has no live Conv2d
2026-08-14 22:23:40,924 [DEBUG] cnn_neat: Split edge 5→2, new hidden node 6 (pool=5)
2026-08-14 22:23:40,926 [DEBUG] cnn_neat: Added edge 4→3 (from 10 candidates)
2026-08-14 22:23:40,928 [DEBUG] cnn_neat: Added edge 3→2 (from 8 candidates)
2026-08-14 22:23:40,930 [DEBUG] cnn_neat: Added edge 0→5 (from 8 candidates)
2026-08-14 22:23:40,932 [DEBUG] cnn_neat: Added edge 5→3 (from 7 candidates)
2026-08-14 22:23:40,935 [DEBUG] cnn_neat: Added edge 0→2 (from 5 candidates)
2026-08-14 22:23:40,936 [DEBUG] cnn_neat: Split edge 5→2, new hidden node 6 (pool=6)
2026-08-14 22:23:40,938 [DEBUG] cnn_neat: Added edge 0→2 (from 6 candidates)
2026-08-14 22:23:40,941 [DEBUG] cnn_neat: Removed hidden node 3 (pool=1)
2026-08-14 22:23:40,942 [DEBUG] cnn_neat: Split edge 4→5, new hidden node 6 (pool=4)
2026-08-14 22:23:40,944 [DEBUG] cnn_neat: Added edge 6→2 (from 6 candidates)
2026-08-14 22:23:40,945 [DEBUG] cnn_neat: Removed edge 2→3 (from 2 candidates)
2026-08-14 22:23:40,948 [DEBUG] cnn_neat: Split edge 0→4, new hidden node 6 (pool=5)
2026-08-14 22:23:40,950 [DEBUG] cnn_neat: Removed 2 edges (requested 3)
2026-08-14 22:23:40,952 [DEBUG] cnn_neat: Split edge 4→5, new hidden node 6 (pool=4)
2026-08-14 22:23:40,954 [DEBUG] cnn_neat: Added edge 5→1 (from 6 candidates)
2026-08-14 22:23:40,956 [DEBUG] cnn_neat: Removed hidden node 2 (pool=1)
2026-08-14 22:23:40,958 [DEBUG] cnn_neat: Crossover rejected: union topology invalid (edges=12 nodes=11)
2026-08-14 22:23:40,960 [DEBUG] cnn_neat: Split edge 0→3, new hidden node 6 (pool=6)
2026-08-14 22:23:40,961 [DEBUG] cnn_neat: Added edge 5→3 (from 6 candidates)
2026-08-14 22:23:40,963 [DEBUG] cnn_neat: Added edge 0→2 (from 5 candidates)
2026-08-14 22:23:40,965 [DEBUG] cnn_neat: Added edge 4→1 (from 6 candidates)
2026-08-14 22:23:40,966 [DEBUG] cnn_neat: Added edge 3→1 (from 5 candidates)
2026-08-14 22:23:40,970 [DEBUG] cnn_neat: Added edge 5→1 (from 4 candidates)
2026-08-14 22:23:40,972 [DEBUG] cnn_neat: Split edge 0→4, new hidden node 7 (pool=2)
2026-08-14 22:23:40,975 [DEBUG] cnn_neat: Added edge 6→2 (from 7 candidates)
2026-08-14 22:23:40,978 [DEBUG] cnn_neat: Removed hidden node 5 (pool=3)
2026-08-14 22:23:40,980 [DEBUG] cnn_neat: Removed edge 4→1 (from 7 candidates)
2026-08-14 22:23:40,983 [DEBUG] cnn_neat: Removed 3 edges (requested 3)
2026-08-14 22:23:40,986 [DEBUG] cnn_neat: Crossover union: A_edges=7 B_added=7 dup_skipped=0 child_edges=14 nodes=10
2026-08-14 22:23:40,989 [DEBUG] cnn_neat: Added edge 5→2 (from 7 candidates)
2026-08-14 22:23:40,991 [DEBUG] cnn_neat: Added edge 0→2 (from 6 candidates)
2026-08-14 22:23:40,994 [DEBUG] cnn_neat: Added edge 6→1 (from 5 candidates)
2026-08-14 22:23:40,997 [DEBUG] cnn_neat: Added edge 6→4 (from 4 candidates)
2026-08-14 22:23:40,999 [DEBUG] cnn_neat: Added edge 5→1 (from 3 candidates)
2026-08-14 22:23:41,002 [DEBUG] cnn_neat: Split edge 2→3, new hidden node 8 (pool=8)
2026-08-14 22:23:41,004 [DEBUG] cnn_neat: Added edge 6→4 (from 14 candidates)
2026-08-14 22:23:41,008 [DEBUG] cnn_neat: Removed hidden node 2 (pool=2)
2026-08-14 22:23:41,011 [DEBUG] cnn_neat: Removed edge 2→3 (from 3 candidates)
2026-08-14 22:23:41,014 [DEBUG] cnn_neat: Removed 3 edges (requested 3)
2026-08-14 22:23:41,061 [DEBUG] cnn_neat: Split edge 3→4, new hidden node 6 (pool=6)
2026-08-14 22:23:41,094 [DEBUG] cnn_neat: Added edge 2→1 (from 8 candidates)
2026-08-14 22:23:41,101 [DEBUG] cnn_neat: Removed hidden node 3 (pool=2)
2026-08-14 22:23:41,105 [DEBUG] cnn_neat: Removed edge 3→4 (from 4 candidates)
2026-08-14 22:23:41,111 [DEBUG] cnn_neat: Removed 3 edges (requested 3)
2026-08-14 22:23:41,116 [DEBUG] cnn_neat: Split edge 2→1, new hidden node 6 (pool=2)
2026-08-14 22:23:41,119 [DEBUG] cnn_neat: Split edge 5→1, new hidden node 6 (pool=5)
2026-08-14 22:23:41,124 [DEBUG] cnn_neat: Added edge 0→5 (from 7 candidates)
2026-08-14 22:23:41,127 [DEBUG] cnn_neat: Added edge 4→1 (from 12 candidates)
2026-08-14 22:23:41,134 [DEBUG] cnn_neat: Split edge 4→5, new hidden node 7 (pool=6)
2026-08-14 22:23:41,138 [DEBUG] cnn_neat: Added edge 4→3 (from 14 candidates)
2026-08-14 22:23:41,146 [DEBUG] cnn_neat: Removed hidden node 3 (pool=1)
2026-08-14 22:23:41,149 [DEBUG] cnn_neat: Removed edge 0→3 (from 1 candidates)
2026-08-14 22:23:41,153 [DEBUG] cnn_neat: Removed 1 edges (requested 3)
2026-08-14 22:23:41,158 [DEBUG] cnn_neat: Split edge 0→3, new hidden node 8 (pool=1)
2026-08-14 22:23:41,162 [DEBUG] cnn_neat: Split edge 6→1, new hidden node 7 (pool=7)
2026-08-14 22:23:41,211 [DEBUG] cnn_neat: Added edge 3→2 (from 18 candidates)
2026-08-14 22:23:41,216 [DEBUG] cnn_neat: Added edge 3→2 (from 12 candidates)
2026-08-14 22:23:43,145 [DEBUG] cnn_neat: Split edge 0→1, new hidden node 2 (pool=1)
2026-08-14 22:23:43,150 [DEBUG] cnn_neat: Split edge 0→2, new hidden node 3 (pool=2)
2026-08-14 22:23:43,152 [DEBUG] cnn_neat: Split edge 2→1, new hidden node 3 (pool=2)
2026-08-14 22:23:43,155 [DEBUG] cnn_neat: Added edge 0→1 (from 1 candidates)
2026-08-14 22:23:43,158 [DEBUG] cnn_neat: Added edge 3→1 (from 2 candidates)
2026-08-14 22:23:43,159 [DEBUG] cnn_neat: Added edge 2→1 (from 2 candidates)
2026-08-14 22:23:43,161 [DEBUG] cnn_neat: Removed 2 edges (requested 3)
2026-08-14 22:23:43,163 [DEBUG] cnn_neat: Split edge 0→1, new hidden node 2 (pool=1)
2026-08-14 22:23:43,164 [DEBUG] cnn_neat: Removed edge 3→1 (from 3 candidates)
2026-08-14 22:23:43,166 [DEBUG] cnn_neat: Removed hidden node 3 (pool=1)
2026-08-14 22:23:43,167 [DEBUG] cnn_neat: Split edge 0→1, new hidden node 2 (pool=1)
2026-08-14 22:23:43,169 [DEBUG] cnn_neat: Removed hidden node 2 (pool=1)
2026-08-14 22:23:43,171 [DEBUG] cnn_neat: Removed 1 edges (requested 3)
2026-08-14 22:23:43,172 [DEBUG] cnn_neat: Removed 1 edges (requested 3)
2026-08-14 22:23:43,173 [DEBUG] cnn_neat: Split edge 0→2, new hidden node 4 (pool=2)
2026-08-14 22:23:43,176 [DEBUG] cnn_neat: Added edge 0→3 (from 2 candidates)
2026-08-14 22:23:43,178 [DEBUG] cnn_neat: Removed edge 2→3 (from 1 candidates)
2026-08-14 22:23:43,179 [DEBUG] cnn_neat: Added edge 4→1 (from 2 candidates)
2026-08-14 22:23:43,180 [DEBUG] cnn_neat: Removed edge 3→1 (from 3 candidates)
2026-08-14 22:23:43,182 [DEBUG] cnn_neat: Added edge 0→3 (from 2 candidates)
2026-08-14 22:23:43,184 [DEBUG] cnn_neat: Split edge 3→1, new hidden node 4 (pool=3)
2026-08-14 22:23:43,186 [DEBUG] cnn_neat: Removed 1 edges (requested 3)
2026-08-14 22:23:43,187 [DEBUG] cnn_neat: Split edge 0→2, new hidden node 3 (pool=2)
2026-08-14 22:23:43,189 [DEBUG] cnn_neat: Split edge 3→1, new hidden node 4 (pool=4)
2026-08-14 22:23:43,190 [DEBUG] cnn_neat: Added edge 0→3 (from 2 candidates)
2026-08-14 22:23:43,191 [DEBUG] cnn_neat: Added edge 2→1 (from 2 candidates)
2026-08-14 22:23:43,193 [DEBUG] cnn_neat: Split edge 2→3, new hidden node 4 (pool=3)
2026-08-14 22:23:43,194 [DEBUG] cnn_neat: Added edge 0→1 (from 1 candidates)
2026-08-14 22:23:43,196 [DEBUG] cnn_neat: Removed edge 2→1 (from 3 candidates)
2026-08-14 22:23:43,199 [DEBUG] cnn_neat: Removed 1 edges (requested 3)
2026-08-14 22:23:43,200 [DEBUG] cnn_neat: Split edge 0→2, new hidden node 3 (pool=2)
2026-08-14 22:23:43,202 [DEBUG] cnn_neat: Split edge 3→1, new hidden node 4 (pool=2)
2026-08-14 22:23:43,203 [DEBUG] cnn_neat: Split edge 4→1, new hidden node 5 (pool=2)
2026-08-14 22:23:43,205 [DEBUG] cnn_neat: Removed 2 edges (requested 3)
2026-08-14 22:23:43,207 [DEBUG] cnn_neat: Removed edge 2→3 (from 1 candidates)
2026-08-14 22:23:43,208 [DEBUG] cnn_neat: Split edge 3→2, new hidden node 4 (pool=3)
2026-08-14 22:23:43,210 [DEBUG] cnn_neat: Added edge 3→1 (from 2 candidates)
2026-08-14 22:23:43,212 [DEBUG] cnn_neat: Removed 2 edges (requested 3)
2026-08-14 22:23:43,213 [DEBUG] cnn_neat: Added edge 2→1 (from 2 candidates)
2026-08-14 22:23:43,216 [DEBUG] cnn_neat: Removed hidden node 3 (pool=1)
2026-08-14 22:23:43,219 [DEBUG] cnn_neat: Removed hidden node 2 (pool=1)
2026-08-14 22:23:43,220 [DEBUG] cnn_neat: Split edge 0→2, new hidden node 3 (pool=2)
2026-08-14 22:23:43,223 [DEBUG] cnn_neat: Split edge 3→1, new hidden node 5 (pool=4)
2026-08-14 22:23:43,224 [DEBUG] cnn_neat: Removed 1 edges (requested 3)
2026-08-14 22:23:43,227 [DEBUG] cnn_neat: Removed 1 edges (requested 3)
2026-08-14 22:23:43,228 [DEBUG] cnn_neat: Removed edge 2→1 (from 3 candidates)
2026-08-14 22:23:43,231 [DEBUG] cnn_neat: Added edge 2→1 (from 2 candidates)
2026-08-14 22:23:43,233 [DEBUG] cnn_neat: Added edge 0→3 (from 4 candidates)
2026-08-14 22:23:43,235 [DEBUG] cnn_neat: Removed edge 0→3 (from 5 candidates)
2026-08-14 22:23:43,236 [DEBUG] cnn_neat: Split edge 0→1, new hidden node 2 (pool=1)
2026-08-14 22:23:43,238 [DEBUG] cnn_neat: Removed hidden node 3 (pool=1)
2026-08-14 22:23:43,240 [DEBUG] cnn_neat: Removed hidden node 2 (pool=1)
2026-08-14 22:23:43,242 [DEBUG] cnn_neat: Split edge 2→3, new hidden node 4 (pool=5)
2026-08-14 22:23:43,243 [DEBUG] cnn_neat: Added edge 3→1 (from 2 candidates)
2026-08-14 22:23:43,246 [DEBUG] cnn_neat: Split edge 2→1, new hidden node 5 (pool=4)
2026-08-14 22:23:43,248 [DEBUG] cnn_neat: Removed edge 3→1 (from 3 candidates)
2026-08-14 22:23:43,250 [DEBUG] cnn_neat: Added edge 3→2 (from 4 candidates)
2026-08-14 22:23:43,251 [DEBUG] cnn_neat: Split edge 4→2, new hidden node 5 (pool=5)
2026-08-14 22:23:43,253 [DEBUG] cnn_neat: Removed edge 5→1 (from 4 candidates)
2026-08-14 22:23:43,254 [DEBUG] cnn_neat: Removed 2 edges (requested 3)
2026-08-14 22:23:43,256 [DEBUG] cnn_neat: Removed 2 edges (requested 3)
2026-08-14 22:23:43,258 [DEBUG] cnn_neat: Split edge 0→4, new hidden node 5 (pool=3)
2026-08-14 22:23:43,259 [DEBUG] cnn_neat: Removed edge 0→2 (from 3 candidates)
2026-08-14 22:23:43,260 [DEBUG] cnn_neat: Removed edge 4→2 (from 3 candidates)
2026-08-14 22:23:43,261 [DEBUG] cnn_neat: Split edge 4→2, new hidden node 5 (pool=3)
2026-08-14 22:23:43,264 [DEBUG] cnn_neat: Added edge 3→2 (from 6 candidates)
2026-08-14 22:23:43,265 [DEBUG] cnn_neat: Removed 1 edges (requested 3)
2026-08-14 22:23:43,266 [DEBUG] cnn_neat: Removed 2 edges (requested 3)
2026-08-14 22:23:43,267 [DEBUG] cnn_neat: Removed edge 2→1 (from 1 candidates)
2026-08-14 22:23:43,268 [DEBUG] cnn_neat: Removed edge 3→4 (from 3 candidates)
2026-08-14 22:23:43,272 [DEBUG] cnn_neat: Removed hidden node 2 (pool=1)
2026-08-14 22:23:43,274 [DEBUG] cnn_neat: Removed 2 edges (requested 3)
2026-08-14 22:23:43,278 [DEBUG] cnn_neat: Added edge 2→1 (from 2 candidates)
2026-08-14 22:23:43,279 [DEBUG] cnn_neat: Split edge 4→5, new hidden node 6 (pool=4)
2026-08-14 22:23:43,282 [DEBUG] cnn_neat: Removed 1 edges (requested 3)
2026-08-14 22:23:43,285 [DEBUG] cnn_neat: Added edge 2→1 (from 2 candidates)
2026-08-14 22:23:43,286 [DEBUG] cnn_neat: Split edge 4→2, new hidden node 6 (pool=4)
2026-08-14 22:23:43,288 [DEBUG] cnn_neat: Added edge 0→2 (from 6 candidates)
2026-08-14 22:23:43,290 [DEBUG] cnn_neat: Added edge 4→1 (from 5 candidates)
2026-08-14 22:23:43,293 [DEBUG] cnn_neat: Removed hidden node 3 (pool=1)
2026-08-14 22:23:43,295 [DEBUG] cnn_neat: Split edge 3→2, new hidden node 5 (pool=5)
2026-08-14 22:23:43,297 [DEBUG] cnn_neat: Split edge 4→2, new hidden node 6 (pool=4)
2026-08-14 22:23:43,299 [DEBUG] cnn_neat: Added edge 3→1 (from 4 candidates)
2026-08-14 22:23:43,300 [DEBUG] cnn_neat: Added edge 4→2 (from 4 candidates)
2026-08-14 22:23:43,302 [DEBUG] cnn_neat: Removed 2 edges (requested 3)
2026-08-14 22:23:43,303 [DEBUG] cnn_neat: Removed 1 edges (requested 3)
2026-08-14 22:23:43,304 [DEBUG] cnn_neat: Removed edge 2→1 (from 1 candidates)
2026-08-14 22:23:43,305 [DEBUG] cnn_neat: Split edge 4→1, new hidden node 5 (pool=2)
2026-08-14 22:23:43,307 [DEBUG] cnn_neat: Removed 1 edges (requested 3)
2026-08-14 22:23:43,308 [DEBUG] cnn_neat: Split edge 2→1, new hidden node 5 (pool=3)
2026-08-14 22:23:43,312 [DEBUG] cnn_neat: Removed hidden node 2 (pool=3)
2026-08-14 22:23:43,314 [DEBUG] cnn_neat: Added edge 4→1 (from 3 candidates)
2026-08-14 22:23:43,315 [DEBUG] cnn_neat: Removed 1 edges (requested 3)
2026-08-14 22:23:43,318 [DEBUG] cnn_neat: Split edge 4→1, new hidden node 5 (pool=5)
2026-08-14 22:23:43,320 [DEBUG] cnn_neat: Split edge 3→4, new hidden node 5 (pool=4)
2026-08-14 22:23:43,322 [DEBUG] cnn_neat: Removed hidden node 2 (pool=2)
2026-08-14 22:23:43,325 [DEBUG] cnn_neat: Removed hidden node 5 (pool=2)
2026-08-14 22:23:43,327 [DEBUG] cnn_neat: Split edge 4→1, new hidden node 5 (pool=2)
2026-08-14 22:23:43,328 [DEBUG] cnn_neat: Added edge 0→1 (from 1 candidates)
2026-08-14 22:23:43,329 [DEBUG] cnn_neat: Removed edge 2→3 (from 2 candidates)
2026-08-14 22:23:43,332 [DEBUG] cnn_neat: Removed 2 edges (requested 3)
2026-08-14 22:23:43,334 [DEBUG] cnn_neat: Removed hidden node 2 (pool=1)
2026-08-14 22:23:43,336 [DEBUG] cnn_neat: Split edge 3→4, new hidden node 5 (pool=4)
2026-08-14 22:23:43,338 [DEBUG] cnn_neat: Added edge 0→5 (from 4 candidates)
2026-08-14 22:23:43,341 [DEBUG] cnn_neat: Added edge 0→3 (from 1 candidates)
2026-08-14 22:23:43,343 [DEBUG] cnn_neat: Split edge 4→3, new hidden node 5 (pool=4)
2026-08-14 22:23:43,345 [DEBUG] cnn_neat: Split edge 2→1, new hidden node 6 (pool=5)
2026-08-14 22:23:43,347 [DEBUG] cnn_neat: Split edge 3→2, new hidden node 5 (pool=5)
2026-08-14 22:23:43,349 [DEBUG] cnn_neat: Added edge 3→1 (from 4 candidates)
2026-08-14 22:23:43,352 [DEBUG] cnn_neat: Removed 1 edges (requested 3)
2026-08-14 22:23:43,354 [DEBUG] cnn_neat: Removed 2 edges (requested 3)
2026-08-14 22:23:43,356 [DEBUG] cnn_neat: Added edge 0→3 (from 1 candidates)
2026-08-14 22:23:43,358 [DEBUG] cnn_neat: Split edge 0→2, new hidden node 4 (pool=4)
2026-08-14 22:23:43,360 [DEBUG] cnn_neat: Split edge 5→1, new hidden node 6 (pool=5)
2026-08-14 22:23:43,362 [DEBUG] cnn_neat: Added edge 4→1 (from 4 candidates)
2026-08-14 22:23:43,365 [DEBUG] cnn_neat: Removed 3 edges (requested 3)
2026-08-14 22:23:43,366 [DEBUG] cnn_neat: Removed edge 3→4 (from 4 candidates)
2026-08-14 22:23:43,367 [DEBUG] cnn_neat: Removed edge 4→1 (from 1 candidates)
2026-08-14 22:23:43,370 [DEBUG] cnn_neat: Removed hidden node 3 (pool=1)
2026-08-14 22:23:43,371 [DEBUG] cnn_neat: Split edge 2→3, new hidden node 4 (pool=3)
2026-08-14 22:23:43,372 [DEBUG] cnn_neat: Removed 1 edges (requested 3)
2026-08-14 22:23:43,376 [DEBUG] cnn_neat: Split edge 0→5, new hidden node 6 (pool=3)
2026-08-14 22:23:43,377 [DEBUG] cnn_neat: Added edge 2→1 (from 2 candidates)
2026-08-14 22:23:43,379 [DEBUG] cnn_neat: Removed hidden node 4 (pool=1)
2026-08-14 22:23:43,381 [DEBUG] cnn_neat: Removed 3 edges (requested 3)
2026-08-14 22:23:43,383 [DEBUG] cnn_neat: Split edge 4→2, new hidden node 6 (pool=4)
2026-08-14 22:23:43,385 [DEBUG] cnn_neat: Split edge 0→2, new hidden node 6 (pool=6)
2026-08-14 22:23:43,387 [DEBUG] cnn_neat: Removed hidden node 3 (pool=1)
2026-08-14 22:23:43,388 [DEBUG] cnn_neat: Removed edge 2→1 (from 1 candidates)
2026-08-14 22:23:43,390 [DEBUG] cnn_neat: Added edge 3→1 (from 4 candidates)
2026-08-14 22:23:43,392 [DEBUG] cnn_neat: Added edge 0→2 (from 2 candidates)
2026-08-14 22:23:43,394 [DEBUG] cnn_neat: Added edge 3→1 (from 4 candidates)
2026-08-14 22:23:43,395 [DEBUG] cnn_neat: Removed 1 edges (requested 3)
2026-08-14 22:23:43,398 [DEBUG] cnn_neat: Added edge 0→4 (from 5 candidates)
2026-08-14 22:23:43,402 [DEBUG] cnn_neat: Removed hidden node 2 (pool=1)
2026-08-14 22:23:43,404 [DEBUG] cnn_neat: Added edge 0→4 (from 3 candidates)
2026-08-14 22:23:43,407 [DEBUG] cnn_neat: Removed hidden node 2 (pool=2)
2026-08-14 22:23:43,408 [DEBUG] cnn_neat: Added edge 0→4 (from 4 candidates)
2026-08-14 22:23:43,411 [DEBUG] cnn_neat: Removed edge 2→1 (from 4 candidates)
2026-08-14 22:23:43,413 [DEBUG] cnn_neat: Removed edge 2→1 (from 3 candidates)
2026-08-14 22:23:43,414 [DEBUG] cnn_neat: Split edge 5→3, new hidden node 6 (pool=5)
2026-08-14 22:23:43,416 [DEBUG] cnn_neat: Split edge 3→1, new hidden node 5 (pool=3)
2026-08-14 22:23:43,418 [DEBUG] cnn_neat: Removed 2 edges (requested 3)
2026-08-14 22:23:43,420 [DEBUG] cnn_neat: Split edge 3→4, new hidden node 6 (pool=5)
2026-08-14 22:23:43,422 [DEBUG] cnn_neat: Split edge 3→1, new hidden node 4 (pool=3)
2026-08-14 22:23:43,424 [DEBUG] cnn_neat: Added edge 0→5 (from 1 candidates)
2026-08-14 22:23:43,426 [DEBUG] cnn_neat: Removed 1 edges (requested 3)
2026-08-14 22:23:43,428 [DEBUG] cnn_neat: Added edge 0→1 (from 2 candidates)
2026-08-14 22:23:43,431 [DEBUG] cnn_neat: Removed 3 edges (requested 3)
2026-08-14 22:23:43,433 [DEBUG] cnn_neat: Added edge 2→1 (from 7 candidates)
2026-08-14 22:23:43,434 [DEBUG] cnn_neat: Added edge 2→1 (from 2 candidates)
2026-08-14 22:23:43,437 [DEBUG] cnn_neat: Removed hidden node 5 (pool=1)
2026-08-14 22:23:43,439 [DEBUG] cnn_neat: Split edge 4→5, new hidden node 6 (pool=4)
2026-08-14 22:23:43,440 [DEBUG] cnn_neat: Removed 2 edges (requested 3)
2026-08-14 22:23:43,441 [DEBUG] cnn_neat: Added edge 2→4 (from 4 candidates)
2026-08-14 22:23:43,443 [DEBUG] cnn_neat: Split edge 4→3, new hidden node 5 (pool=4)
2026-08-14 22:23:43,445 [DEBUG] cnn_neat: Split edge 0→2, new hidden node 4 (pool=5)
2026-08-14 22:23:43,448 [DEBUG] cnn_neat: Removed 3 edges (requested 3)
2026-08-14 22:23:43,452 [DEBUG] cnn_neat: Split edge 3→4, new hidden node 6 (pool=6)
2026-08-14 22:23:43,453 [DEBUG] cnn_neat: Split edge 5→4, new hidden node 7 (pool=5)
2026-08-14 22:23:43,456 [DEBUG] cnn_neat: Removed hidden node 3 (pool=3)
2026-08-14 22:23:43,458 [DEBUG] cnn_neat: Split edge 3→1, new hidden node 5 (pool=4)
2026-08-14 22:23:43,463 [DEBUG] cnn_neat: Removed hidden node 2 (pool=3)
2026-08-14 22:23:43,465 [DEBUG] cnn_neat: Removed edge 5→1 (from 2 candidates)
2026-08-14 22:23:43,468 [DEBUG] cnn_neat: Removed 3 edges (requested 3)
2026-08-14 22:23:43,471 [DEBUG] cnn_neat: Removed 2 edges (requested 3)
2026-08-14 22:23:43,473 [DEBUG] cnn_neat: Removed hidden node 4 (pool=1)
2026-08-14 22:23:43,477 [DEBUG] cnn_neat: Removed hidden node 5 (pool=2)
2026-08-14 22:23:43,479 [DEBUG] cnn_neat: Split edge 2→4, new hidden node 6 (pool=5)
2026-08-14 22:23:43,480 [DEBUG] cnn_neat: Split edge 3→2, new hidden node 4 (pool=3)
2026-08-14 22:23:43,482 [DEBUG] cnn_neat: Split edge 4→2, new hidden node 5 (pool=5)
2026-08-14 22:23:43,485 [DEBUG] cnn_neat: Split edge 4→5, new hidden node 6 (pool=3)
2026-08-14 22:23:43,487 [DEBUG] cnn_neat: Removed 2 edges (requested 3)
2026-08-14 22:23:43,490 [DEBUG] cnn_neat: Split edge 3→4, new hidden node 7 (pool=7)
2026-08-14 22:23:43,493 [DEBUG] cnn_neat: Removed 3 edges (requested 3)
2026-08-14 22:23:43,497 [DEBUG] cnn_neat: Split edge 2→3, new hidden node 6 (pool=5)
2026-08-14 22:23:43,499 [DEBUG] cnn_neat: Removed 3 edges (requested 3)
2026-08-14 22:23:43,502 [DEBUG] cnn_neat: Split edge 4→1, new hidden node 5 (pool=2)
2026-08-14 22:23:43,504 [DEBUG] cnn_neat: Removed hidden node 2 (pool=1)
2026-08-14 22:23:43,506 [DEBUG] cnn_neat: Removed edge 4→1 (from 6 candidates)
2026-08-14 22:23:43,509 [DEBUG] cnn_neat: Added edge 2→4 (from 3 candidates)
2026-08-14 22:23:43,512 [DEBUG] cnn_neat: Removed 3 edges (requested 3)
2026-08-14 22:23:43,514 [DEBUG] cnn_neat: Split edge 0→2, new hidden node 6 (pool=4)
2026-08-14 22:23:43,516 [DEBUG] cnn_neat: Added edge 4→1 (from 3 candidates)
2026-08-14 22:23:43,519 [DEBUG] cnn_neat: Removed 3 edges (requested 3)
2026-08-14 22:23:43,520 [DEBUG] cnn_neat: Removed 2 edges (requested 3)
2026-08-14 22:23:43,523 [DEBUG] cnn_neat: Removed hidden node 3 (pool=3)
2026-08-14 22:23:43,525 [DEBUG] cnn_neat: Removed hidden node 2 (pool=1)
2026-08-14 22:23:43,527 [DEBUG] cnn_neat: Split edge 4→1, new hidden node 6 (pool=2)
2026-08-14 22:23:43,529 [DEBUG] cnn_neat: Split edge 3→1, new hidden node 5 (pool=3)
2026-08-14 22:23:43,532 [DEBUG] cnn_neat: Removed hidden node 2 (pool=2)
2026-08-14 22:23:43,534 [DEBUG] cnn_neat: Removed 2 edges (requested 3)
2026-08-14 22:23:43,536 [DEBUG] cnn_neat: Removed edge 4→1 (from 3 candidates)
2026-08-14 22:23:43,537 [DEBUG] cnn_neat: Added edge 5→3 (from 7 candidates)
2026-08-14 22:23:43,539 [DEBUG] cnn_neat: Removed edge 4→2 (from 1 candidates)
2026-08-14 22:23:43,542 [DEBUG] cnn_neat: Added edge 2→3 (from 3 candidates)
2026-08-14 22:23:43,543 [DEBUG] cnn_neat: Split edge 2→3, new hidden node 5 (pool=5)
2026-08-14 22:23:43,545 [DEBUG] cnn_neat: Removed hidden node 4 (pool=1)
2026-08-14 22:23:43,548 [DEBUG] cnn_neat: Removed 1 edges (requested 3)
2026-08-14 22:23:43,549 [DEBUG] cnn_neat: Removed edge 3→5 (from 4 candidates)
2026-08-14 22:23:43,553 [DEBUG] cnn_neat: Removed hidden node 6 (pool=2)
2026-08-14 22:23:43,554 [DEBUG] cnn_neat: Added edge 2→1 (from 2 candidates)
2026-08-14 22:23:43,556 [DEBUG] cnn_neat: Split edge 5→1, new hidden node 7 (pool=7)
2026-08-14 22:23:43,558 [DEBUG] cnn_neat: Removed 1 edges (requested 3)
2026-08-14 22:23:43,562 [DEBUG] cnn_neat: Removed hidden node 5 (pool=2)
2026-08-14 22:23:43,563 [DEBUG] cnn_neat: Split edge 2→1, new hidden node 5 (pool=4)
2026-08-14 22:23:43,564 [DEBUG] cnn_neat: Removed edge 3→2 (from 1 candidates)
2026-08-14 22:23:43,567 [DEBUG] cnn_neat: Removed hidden node 5 (pool=2)
2026-08-14 22:23:43,568 [DEBUG] cnn_neat: Removed edge 3→1 (from 3 candidates)
2026-08-14 22:23:43,569 [DEBUG] cnn_neat: Removed 1 edges (requested 3)
2026-08-14 22:23:43,571 [DEBUG] cnn_neat: Removed hidden node 3 (pool=1)
2026-08-14 22:23:43,572 [DEBUG] cnn_neat: Split edge 0→1, new hidden node 3 (pool=1)
2026-08-14 22:23:43,575 [DEBUG] cnn_neat: Split edge 3→2, new hidden node 6 (pool=5)
2026-08-14 22:23:43,576 [DEBUG] cnn_neat: Added edge 0→2 (from 2 candidates)
2026-08-14 22:23:43,578 [DEBUG] cnn_neat: Added edge 0→2 (from 4 candidates)
2026-08-14 22:23:43,579 [DEBUG] cnn_neat: Removed hidden node 4 (pool=1)
2026-08-14 22:23:43,580 [DEBUG] cnn_neat: Removed 2 edges (requested 3)
2026-08-14 22:23:43,582 [DEBUG] cnn_neat: Removed 2 edges (requested 3)
2026-08-14 22:23:43,583 [DEBUG] cnn_neat: Removed edge 2→1 (from 1 candidates)
2026-08-14 22:23:43,585 [DEBUG] cnn_neat: Removed 1 edges (requested 3)
2026-08-14 22:23:43,588 [DEBUG] cnn_neat: Removed hidden node 5 (pool=2)
2026-08-14 22:23:43,590 [DEBUG] cnn_neat: Removed edge 4→2 (from 6 candidates)
2026-08-14 22:23:43,591 [DEBUG] cnn_neat: Removed 1 edges (requested 3)
2026-08-14 22:23:43,593 [DEBUG] cnn_neat: Added edge 2→1 (from 6 candidates)
2026-08-14 22:23:43,594 [DEBUG] cnn_neat: Removed edge 2→3 (from 6 candidates)
2026-08-14 22:23:43,596 [DEBUG] cnn_neat: Split edge 3→1, new hidden node 5 (pool=2)
2026-08-14 22:23:43,598 [DEBUG] cnn_neat: Added edge 5→6 (from 10 candidates)
2026-08-14 22:23:43,601 [DEBUG] cnn_neat: Removed hidden node 2 (pool=1)
2026-08-14 22:23:43,604 [DEBUG] cnn_neat: Removed edge 0→3 (from 4 candidates)
2026-08-14 22:23:43,608 [DEBUG] cnn_neat: Removed 3 edges (requested 3)
2026-08-14 22:23:43,610 [DEBUG] cnn_neat: Added edge 6→4 (from 9 candidates)
2026-08-14 22:23:43,612 [DEBUG] cnn_neat: Added edge 2→5 (from 7 candidates)
2026-08-14 22:23:43,614 [DEBUG] cnn_neat: Removed edge 4→2 (from 6 candidates)
2026-08-14 22:23:43,615 [INFO] cnn_neat: CnnNeat started | run=run_0008 | population=128 | in=(32, 32) out=(1, 1)
2026-08-14 22:23:43,615 [INFO] cnn_neat: Compute: device=cuda | grid (32, 32)→(1, 1) | AMP=on (float16) | GPU=NVIDIA GeForce RTX 4060 Ti
