2026-08-14 22:23:54,882 [DEBUG] cnn_neat: Split edge 0→1, new hidden node 2 (pool=1)
2026-08-14 22:23:54,899 [DEBUG] cnn_neat: Split edge 0→2, new hidden node 3 (pool=2)
2026-08-14 22:23:54,902 [DEBUG] cnn_neat: Added edge 0→1 (from 1 candidates)
2026-08-14 22:23:54,913 [DEBUG] cnn_neat: Split edge 3→2, new hidden node 4 (pool=3)
2026-08-14 22:23:54,919 [DEBUG] cnn_neat: Added edge 3→1 (from 2 candidates)
2026-08-14 22:23:54,928 [DEBUG] cnn_neat: Split edge 0→2, new hidden node 4 (pool=3)
2026-08-14 22:23:54,935 [DEBUG] cnn_neat: Added edge 2→1 (from 2 candidates)
2026-08-14 22:23:54,940 [DEBUG] cnn_neat: Split edge 4→2, new hidden node 5 (pool=4)
2026-08-14 22:23:54,942 [DEBUG] cnn_neat: Added edge 0→2 (from 4 candidates)
2026-08-14 22:23:54,945 [DEBUG] cnn_neat: Split edge 3→1, new hidden node 6 (pool=5)
2026-08-14 22:23:54,950 [DEBUG] cnn_neat: Added edge 4→3 (from 6 candidates)
2026-08-14 22:23:54,953 [DEBUG] cnn_neat: Split edge 4→2, new hidden node 5 (pool=5)
2026-08-14 22:23:54,957 [DEBUG] cnn_neat: Split edge 0→1, new hidden node 3 (pool=1)
2026-08-14 22:23:54,961 [DEBUG] cnn_neat: Removed hidden node 2 (pool=1)
2026-08-14 22:23:54,963 [DEBUG] cnn_neat: Removed edge 0→2 (from 3 candidates)
2026-08-14 22:23:54,964 [DEBUG] cnn_neat: Removed 1 edges (requested 3)
2026-08-14 22:23:54,968 [DEBUG] cnn_neat: Split edge 3→1, new hidden node 4 (pool=2)
2026-08-14 22:23:54,972 [DEBUG] cnn_neat: Added edge 0→2 (from 1 candidates)
2026-08-14 22:23:54,976 [DEBUG] cnn_neat: Removed hidden node 2 (pool=1)
2026-08-14 22:23:54,978 [DEBUG] cnn_neat: Removed edge 2→1 (from 3 candidates)
2026-08-14 22:23:54,982 [DEBUG] cnn_neat: Removed 2 edges (requested 3)
2026-08-14 22:23:54,985 [DEBUG] cnn_neat: Split edge 3→1, new hidden node 4 (pool=5)
2026-08-14 22:23:54,988 [DEBUG] cnn_neat: Added edge 0→1 (from 1 candidates)
2026-08-14 22:23:54,992 [DEBUG] cnn_neat: Split edge 2→1, new hidden node 5 (pool=3)
2026-08-14 22:23:54,995 [DEBUG] cnn_neat: Removed hidden node 3 (pool=2)
2026-08-14 22:23:54,998 [DEBUG] cnn_neat: Added edge 3→1 (from 4 candidates)
2026-08-14 22:23:55,001 [DEBUG] cnn_neat: Split edge 0→1, new hidden node 4 (pool=1)
2026-08-14 22:23:55,007 [DEBUG] cnn_neat: Split edge 2→1, new hidden node 4 (pool=2)
2026-08-14 22:23:55,010 [DEBUG] cnn_neat: Added edge 0→3 (from 1 candidates)
2026-08-14 22:23:55,014 [DEBUG] cnn_neat: Removed hidden node 3 (pool=1)
2026-08-14 22:23:55,016 [DEBUG] cnn_neat: Removed edge 2→1 (from 3 candidates)
2026-08-14 22:23:55,018 [DEBUG] cnn_neat: Removed 2 edges (requested 3)
2026-08-14 22:23:55,021 [DEBUG] cnn_neat: Split edge 2→3, new hidden node 5 (pool=5)
2026-08-14 22:23:55,023 [DEBUG] cnn_neat: Added edge 0→4 (from 5 candidates)
2026-08-14 22:23:55,027 [DEBUG] cnn_neat: Split edge 0→2, new hidden node 6 (pool=3)
2026-08-14 22:23:55,032 [DEBUG] cnn_neat: Removed hidden node 3 (pool=2)
2026-08-14 22:23:55,035 [DEBUG] cnn_neat: Added edge 3→4 (from 8 candidates)
2026-08-14 22:23:55,038 [DEBUG] cnn_neat: Split edge 3→1, new hidden node 4 (pool=2)
2026-08-14 22:23:55,040 [DEBUG] cnn_neat: Added edge 0→1 (from 1 candidates)
2026-08-14 22:23:55,046 [DEBUG] cnn_neat: Split edge 2→1, new hidden node 4 (pool=2)
2026-08-14 22:23:55,048 [DEBUG] cnn_neat: Added edge 3→1 (from 2 candidates)
2026-08-14 22:23:55,051 [DEBUG] cnn_neat: Removed hidden node 3 (pool=1)
2026-08-14 22:23:55,052 [DEBUG] cnn_neat: Removed edge 2→3 (from 1 candidates)
2026-08-14 22:23:55,054 [DEBUG] cnn_neat: Removed 1 edges (requested 3)
2026-08-14 22:23:55,057 [DEBUG] cnn_neat: Split edge 0→2, new hidden node 5 (pool=4)
2026-08-14 22:23:55,058 [DEBUG] cnn_neat: Added edge 2→1 (from 6 candidates)
2026-08-14 22:23:55,060 [DEBUG] cnn_neat: Split edge 5→2, new hidden node 6 (pool=5)
2026-08-14 22:23:55,064 [DEBUG] cnn_neat: Removed hidden node 3 (pool=1)
2026-08-14 22:23:55,066 [DEBUG] cnn_neat: Added edge 4→3 (from 8 candidates)
2026-08-14 22:23:55,069 [DEBUG] cnn_neat: Split edge 2→1, new hidden node 5 (pool=2)
2026-08-14 22:23:55,074 [DEBUG] cnn_neat: Split edge 4→2, new hidden node 5 (pool=3)
2026-08-14 22:23:55,078 [DEBUG] cnn_neat: Added edge 3→1 (from 4 candidates)
2026-08-14 22:23:55,082 [DEBUG] cnn_neat: Removed hidden node 3 (pool=1)
2026-08-14 22:23:55,085 [DEBUG] cnn_neat: Removed edge 2→3 (from 1 candidates)
2026-08-14 22:23:55,087 [DEBUG] cnn_neat: Removed 1 edges (requested 3)
2026-08-14 22:23:55,090 [DEBUG] cnn_neat: Split edge 2→3, new hidden node 4 (pool=4)
2026-08-14 22:23:55,092 [DEBUG] cnn_neat: Added edge 0→1 (from 2 candidates)
2026-08-14 22:23:55,095 [DEBUG] cnn_neat: Removed hidden node 3 (pool=1)
2026-08-14 22:23:55,097 [DEBUG] cnn_neat: Removed edge 0→3 (from 2 candidates)
2026-08-14 22:23:55,100 [DEBUG] cnn_neat: Removed 2 edges (requested 3)
2026-08-14 22:23:55,102 [DEBUG] cnn_neat: Split edge 0→2, new hidden node 5 (pool=3)
2026-08-14 22:23:55,105 [DEBUG] cnn_neat: Split edge 0→1, new hidden node 4 (pool=1)
2026-08-14 22:23:55,107 [DEBUG] cnn_neat: Added edge 4→1 (from 4 candidates)
2026-08-14 22:23:55,109 [DEBUG] cnn_neat: Added edge 3→1 (from 1 candidates)
2026-08-14 22:23:55,145 [DEBUG] cnn_neat: Split edge 0→4, new hidden node 5 (pool=3)
2026-08-14 22:23:55,150 [DEBUG] cnn_neat: Added edge 4→1 (from 2 candidates)
2026-08-14 22:23:55,158 [DEBUG] cnn_neat: Split edge 4→1, new hidden node 5 (pool=2)
2026-08-14 22:23:55,161 [DEBUG] cnn_neat: Added edge 0→2 (from 1 candidates)
2026-08-14 22:23:55,169 [DEBUG] cnn_neat: Removed hidden node 2 (pool=1)
2026-08-14 22:23:55,173 [DEBUG] cnn_neat: Removed edge 2→1 (from 3 candidates)
2026-08-14 22:23:55,178 [DEBUG] cnn_neat: Removed 2 edges (requested 3)
2026-08-14 22:23:55,182 [DEBUG] cnn_neat: Split edge 0→2, new hidden node 5 (pool=5)
2026-08-14 22:23:55,185 [DEBUG] cnn_neat: Added edge 0→1 (from 1 candidates)
2026-08-14 22:23:55,190 [DEBUG] cnn_neat: Split edge 0→5, new hidden node 6 (pool=5)
2026-08-14 22:23:55,195 [DEBUG] cnn_neat: Removed hidden node 2 (pool=2)
2026-08-14 22:23:55,200 [DEBUG] cnn_neat: Added edge 5→4 (from 4 candidates)
2026-08-14 22:23:55,202 [DEBUG] cnn_neat: Split edge 0→1, new hidden node 5 (pool=1)
2026-08-14 22:23:55,209 [DEBUG] cnn_neat: Split edge 3→1, new hidden node 4 (pool=4)
2026-08-14 22:23:55,212 [DEBUG] cnn_neat: Added edge 2→1 (from 2 candidates)
2026-08-14 22:23:55,218 [DEBUG] cnn_neat: Removed hidden node 2 (pool=1)
2026-08-14 22:23:55,221 [DEBUG] cnn_neat: Removed edge 2→3 (from 3 candidates)
2026-08-14 22:23:55,225 [DEBUG] cnn_neat: Removed 1 edges (requested 3)
2026-08-14 22:23:55,228 [DEBUG] cnn_neat: Split edge 0→3, new hidden node 4 (pool=3)
2026-08-14 22:23:55,230 [DEBUG] cnn_neat: Added edge 0→1 (from 4 candidates)
2026-08-14 22:23:55,235 [DEBUG] cnn_neat: Split edge 3→1, new hidden node 5 (pool=4)
2026-08-14 22:23:55,324 [DEBUG] cnn_neat: Removed hidden node 2 (pool=1)
2026-08-14 22:23:55,328 [DEBUG] cnn_neat: Added edge 2→3 (from 7 candidates)
2026-08-14 22:23:55,334 [DEBUG] cnn_neat: Split edge 0→1, new hidden node 4 (pool=1)
2026-08-14 22:23:55,342 [DEBUG] cnn_neat: Split edge 0→2, new hidden node 5 (pool=4)
2026-08-14 22:23:55,347 [DEBUG] cnn_neat: Added edge 3→1 (from 4 candidates)
2026-08-14 22:23:55,360 [DEBUG] cnn_neat: Split edge 2→3, new hidden node 6 (pool=5)
2026-08-14 22:23:55,365 [DEBUG] cnn_neat: Split edge 0→2, new hidden node 5 (pool=3)
2026-08-14 22:23:55,367 [DEBUG] cnn_neat: Added edge 0→2 (from 6 candidates)
2026-08-14 22:23:55,368 [DEBUG] cnn_neat: Added edge 0→3 (from 3 candidates)
2026-08-14 22:23:55,373 [DEBUG] cnn_neat: Split edge 0→5, new hidden node 6 (pool=4)
2026-08-14 22:23:55,383 [DEBUG] cnn_neat: Split edge 4→1, new hidden node 5 (pool=5)
2026-08-14 22:23:55,387 [DEBUG] cnn_neat: Added edge 2→4 (from 4 candidates)
2026-08-14 22:23:55,397 [DEBUG] cnn_neat: Removed hidden node 2 (pool=1)
2026-08-14 22:23:55,403 [DEBUG] cnn_neat: Removed edge 0→3 (from 3 candidates)
2026-08-14 22:23:55,408 [DEBUG] cnn_neat: Removed 2 edges (requested 3)
2026-08-14 22:23:55,413 [DEBUG] cnn_neat: Split edge 0→2, new hidden node 5 (pool=6)
2026-08-14 22:23:55,417 [DEBUG] cnn_neat: Added edge 3→1 (from 3 candidates)
2026-08-14 22:23:55,423 [DEBUG] cnn_neat: Split edge 2→3, new hidden node 6 (pool=7)
2026-08-14 22:23:55,429 [DEBUG] cnn_neat: Removed hidden node 3 (pool=2)
2026-08-14 22:23:55,435 [DEBUG] cnn_neat: Added edge 0→2 (from 7 candidates)
2026-08-14 22:23:55,440 [DEBUG] cnn_neat: Split edge 0→3, new hidden node 7 (pool=4)
2026-08-14 22:23:55,510 [DEBUG] cnn_neat: Split edge 0→3, new hidden node 4 (pool=5)
2026-08-14 22:23:55,514 [DEBUG] cnn_neat: Added edge 0→1 (from 1 candidates)
2026-08-14 22:23:55,521 [DEBUG] cnn_neat: Removed hidden node 2 (pool=2)
2026-08-14 22:23:55,528 [DEBUG] cnn_neat: Removed edge 2→1 (from 5 candidates)
2026-08-14 22:23:55,535 [DEBUG] cnn_neat: Removed 3 edges (requested 3)
2026-08-14 22:23:55,542 [DEBUG] cnn_neat: Split edge 0→2, new hidden node 5 (pool=5)
2026-08-14 22:23:55,550 [DEBUG] cnn_neat: Added edge 4→1 (from 4 candidates)
2026-08-14 22:23:55,554 [DEBUG] cnn_neat: Split edge 0→4, new hidden node 6 (pool=7)
2026-08-14 22:23:55,561 [DEBUG] cnn_neat: Removed hidden node 3 (pool=3)
2026-08-14 22:23:55,568 [DEBUG] cnn_neat: Added edge 4→5 (from 9 candidates)
2026-08-14 22:23:55,576 [DEBUG] cnn_neat: Split edge 3→1, new hidden node 5 (pool=4)
2026-08-14 22:23:55,581 [DEBUG] cnn_neat: Added edge 4→1 (from 4 candidates)
2026-08-14 22:23:55,595 [DEBUG] cnn_neat: Split edge 0→2, new hidden node 5 (pool=3)
2026-08-14 22:23:55,600 [DEBUG] cnn_neat: Added edge 2→3 (from 3 candidates)
2026-08-14 22:23:55,605 [DEBUG] cnn_neat: Split edge 5→2, new hidden node 6 (pool=4)
2026-08-14 22:23:55,675 [DEBUG] cnn_neat: Removed hidden node 3 (pool=1)
2026-08-14 22:23:55,681 [DEBUG] cnn_neat: Added edge 5→3 (from 5 candidates)
2026-08-14 22:23:55,688 [DEBUG] cnn_neat: Split edge 0→1, new hidden node 2 (pool=1)
2026-08-14 22:23:55,696 [DEBUG] cnn_neat: Split edge 0→2, new hidden node 3 (pool=2)
2026-08-14 22:23:55,700 [DEBUG] cnn_neat: Added edge 0→1 (from 1 candidates)
2026-08-14 22:23:55,708 [DEBUG] cnn_neat: Split edge 3→2, new hidden node 4 (pool=3)
2026-08-14 22:23:55,711 [DEBUG] cnn_neat: Added edge 3→1 (from 2 candidates)
2026-08-14 22:23:55,723 [DEBUG] cnn_neat: Split edge 0→1, new hidden node 3 (pool=1)
2026-08-14 22:23:55,730 [DEBUG] cnn_neat: Removed hidden node 2 (pool=1)
2026-08-14 22:23:55,732 [DEBUG] cnn_neat: Removed edge 0→1 (from 3 candidates)
2026-08-14 22:23:55,737 [DEBUG] cnn_neat: Removed 2 edges (requested 3)
2026-08-14 22:23:55,740 [DEBUG] cnn_neat: Split edge 0→1, new hidden node 4 (pool=1)
2026-08-14 22:23:55,743 [DEBUG] cnn_neat: Removed hidden node 3 (pool=1)
2026-08-14 22:23:55,744 [DEBUG] cnn_neat: Removed edge 0→1 (from 3 candidates)
2026-08-14 22:23:55,745 [DEBUG] cnn_neat: Removed 2 edges (requested 3)
2026-08-14 22:23:55,747 [DEBUG] cnn_neat: Split edge 3→1, new hidden node 5 (pool=4)
2026-08-14 22:23:55,748 [DEBUG] cnn_neat: Added edge 0→1 (from 3 candidates)
2026-08-14 22:23:55,750 [DEBUG] cnn_neat: Split edge 0→4, new hidden node 6 (pool=2)
2026-08-14 22:23:55,753 [DEBUG] cnn_neat: Removed hidden node 4 (pool=2)
2026-08-14 22:23:55,754 [DEBUG] cnn_neat: Added edge 3→4 (from 6 candidates)
2026-08-14 22:23:55,756 [DEBUG] cnn_neat: Split edge 0→1, new hidden node 5 (pool=1)
2026-08-14 22:23:55,772 [DEBUG] cnn_neat: Split edge 4→1, new hidden node 5 (pool=5)
2026-08-14 22:23:55,777 [DEBUG] cnn_neat: Added edge 4→2 (from 5 candidates)
2026-08-14 22:23:55,788 [DEBUG] cnn_neat: Removed hidden node 2 (pool=2)
2026-08-14 22:23:55,792 [DEBUG] cnn_neat: Removed edge 2→1 (from 4 candidates)
2026-08-14 22:23:55,797 [DEBUG] cnn_neat: Removed 2 edges (requested 3)
2026-08-14 22:23:55,864 [DEBUG] cnn_neat: Split edge 3→2, new hidden node 6 (pool=3)
2026-08-14 22:23:55,869 [DEBUG] cnn_neat: Split edge 0→3, new hidden node 5 (pool=6)
2026-08-14 22:23:55,873 [DEBUG] cnn_neat: Added edge 3→5 (from 8 candidates)
2026-08-14 22:23:55,877 [DEBUG] cnn_neat: Added edge 3→1 (from 3 candidates)
2026-08-14 22:23:55,885 [DEBUG] cnn_neat: Split edge 0→3, new hidden node 4 (pool=2)
2026-08-14 22:23:55,888 [DEBUG] cnn_neat: Added edge 0→1 (from 1 candidates)
2026-08-14 22:23:55,892 [DEBUG] cnn_neat: Split edge 3→1, new hidden node 5 (pool=3)
2026-08-14 22:23:55,895 [DEBUG] cnn_neat: Added edge 4→1 (from 2 candidates)
2026-08-14 22:23:55,897 [DEBUG] cnn_neat: Split edge 0→4, new hidden node 6 (pool=4)
2026-08-14 22:23:55,902 [DEBUG] cnn_neat: Added edge 0→3 (from 4 candidates)
2026-08-14 22:23:55,907 [DEBUG] cnn_neat: Split edge 4→1, new hidden node 5 (pool=2)
2026-08-14 22:23:55,910 [DEBUG] cnn_neat: Split edge 2→1, new hidden node 5 (pool=3)
2026-08-14 22:23:55,912 [DEBUG] cnn_neat: Added edge 0→3 (from 4 candidates)
2026-08-14 22:23:55,914 [DEBUG] cnn_neat: Removed hidden node 3 (pool=1)
2026-08-14 22:23:55,916 [DEBUG] cnn_neat: Removed edge 2→3 (from 1 candidates)
2026-08-14 22:23:55,917 [DEBUG] cnn_neat: Removed 1 edges (requested 3)
2026-08-14 22:23:55,918 [DEBUG] cnn_neat: Split edge 4→2, new hidden node 6 (pool=5)
2026-08-14 22:23:55,920 [DEBUG] cnn_neat: Added edge 5→3 (from 8 candidates)
2026-08-14 22:23:55,921 [DEBUG] cnn_neat: Split edge 6→2, new hidden node 7 (pool=6)
2026-08-14 22:23:55,924 [DEBUG] cnn_neat: Removed hidden node 3 (pool=1)
2026-08-14 22:23:55,926 [DEBUG] cnn_neat: Added edge 4→2 (from 11 candidates)
2026-08-14 22:23:55,929 [DEBUG] cnn_neat: Split edge 2→1, new hidden node 5 (pool=3)
2026-08-14 22:23:55,930 [DEBUG] cnn_neat: Added edge 0→2 (from 2 candidates)
2026-08-14 22:23:55,937 [DEBUG] cnn_neat: Split edge 0→4, new hidden node 6 (pool=5)
2026-08-14 22:23:55,939 [DEBUG] cnn_neat: Added edge 5→2 (from 5 candidates)
2026-08-14 22:23:55,942 [DEBUG] cnn_neat: Removed hidden node 2 (pool=2)
2026-08-14 22:23:55,943 [DEBUG] cnn_neat: Removed edge 5→1 (from 4 candidates)
2026-08-14 22:23:55,945 [DEBUG] cnn_neat: Removed 2 edges (requested 3)
2026-08-14 22:23:55,947 [DEBUG] cnn_neat: Split edge 4→2, new hidden node 7 (pool=6)
2026-08-14 22:23:55,949 [DEBUG] cnn_neat: Split edge 5→1, new hidden node 6 (pool=6)
2026-08-14 22:23:55,951 [DEBUG] cnn_neat: Added edge 0→4 (from 6 candidates)
2026-08-14 22:23:55,953 [DEBUG] cnn_neat: Added edge 0→2 (from 3 candidates)
2026-08-14 22:23:55,956 [DEBUG] cnn_neat: Split edge 3→4, new hidden node 5 (pool=4)
2026-08-14 22:23:55,958 [DEBUG] cnn_neat: Added edge 4→1 (from 4 candidates)
2026-08-14 22:23:55,962 [DEBUG] cnn_neat: Split edge 4→1, new hidden node 5 (pool=3)
2026-08-14 22:23:55,964 [DEBUG] cnn_neat: Added edge 0→2 (from 3 candidates)
2026-08-14 22:23:55,966 [DEBUG] cnn_neat: Split edge 4→2, new hidden node 6 (pool=6)
2026-08-14 22:23:55,969 [DEBUG] cnn_neat: Removed hidden node 2 (pool=1)
2026-08-14 22:23:55,970 [DEBUG] cnn_neat: Added edge 4→1 (from 6 candidates)
2026-08-14 22:23:55,973 [DEBUG] cnn_neat: Split edge 5→1, new hidden node 6 (pool=3)
2026-08-14 22:23:55,975 [DEBUG] cnn_neat: Added edge 0→5 (from 2 candidates)
2026-08-14 22:23:55,979 [DEBUG] cnn_neat: Split edge 0→4, new hidden node 7 (pool=4)
2026-08-14 22:23:55,981 [DEBUG] cnn_neat: Split edge 0→4, new hidden node 6 (pool=4)
2026-08-14 22:23:55,994 [DEBUG] cnn_neat: Added edge 0→5 (from 4 candidates)
2026-08-14 22:23:55,997 [DEBUG] cnn_neat: Added edge 4→1 (from 2 candidates)
2026-08-14 22:23:56,000 [DEBUG] cnn_neat: Split edge 5→6, new hidden node 8 (pool=5)
2026-08-14 22:23:56,007 [DEBUG] cnn_neat: Split edge 0→3, new hidden node 5 (pool=3)
2026-08-14 22:23:56,094 [DEBUG] cnn_neat: Added edge 3→1 (from 2 candidates)
2026-08-14 22:23:56,100 [DEBUG] cnn_neat: Split edge 3→4, new hidden node 6 (pool=4)
2026-08-14 22:23:56,102 [DEBUG] cnn_neat: Added edge 3→1 (from 4 candidates)
2026-08-14 22:23:56,105 [DEBUG] cnn_neat: Split edge 6→4, new hidden node 7 (pool=5)
2026-08-14 22:23:56,109 [DEBUG] cnn_neat: Added edge 5→4 (from 6 candidates)
2026-08-14 22:23:56,112 [DEBUG] cnn_neat: Split edge 0→5, new hidden node 6 (pool=3)
2026-08-14 22:23:56,118 [DEBUG] cnn_neat: Split edge 3→5, new hidden node 6 (pool=5)
2026-08-14 22:23:56,121 [DEBUG] cnn_neat: Added edge 0→4 (from 6 candidates)
2026-08-14 22:23:56,129 [DEBUG] cnn_neat: Split edge 2→4, new hidden node 6 (pool=6)
2026-08-14 22:23:56,133 [DEBUG] cnn_neat: Added edge 0→4 (from 9 candidates)
2026-08-14 22:23:56,136 [DEBUG] cnn_neat: Added edge 2→5 (from 6 candidates)
2026-08-14 22:23:56,139 [DEBUG] cnn_neat: Split edge 0→2, new hidden node 7 (pool=7)
2026-08-14 22:23:56,144 [DEBUG] cnn_neat: Split edge 3→1, new hidden node 4 (pool=2)
2026-08-14 22:23:56,145 [DEBUG] cnn_neat: Added edge 0→2 (from 2 candidates)
2026-08-14 22:23:56,148 [DEBUG] cnn_neat: Removed hidden node 2 (pool=1)
2026-08-14 22:23:56,150 [DEBUG] cnn_neat: Removed edge 3→2 (from 1 candidates)
2026-08-14 22:23:56,152 [DEBUG] cnn_neat: Removed 1 edges (requested 3)
2026-08-14 22:23:56,153 [DEBUG] cnn_neat: Split edge 3→2, new hidden node 4 (pool=4)
2026-08-14 22:23:56,155 [DEBUG] cnn_neat: Added edge 2→1 (from 2 candidates)
2026-08-14 22:23:56,157 [DEBUG] cnn_neat: Split edge 0→2, new hidden node 5 (pool=3)
2026-08-14 22:23:56,160 [DEBUG] cnn_neat: Removed hidden node 2 (pool=1)
2026-08-14 22:23:56,162 [DEBUG] cnn_neat: Added edge 2→1 (from 4 candidates)
2026-08-14 22:23:56,163 [DEBUG] cnn_neat: Split edge 0→3, new hidden node 6 (pool=2)
2026-08-14 22:23:56,165 [DEBUG] cnn_neat: Removed edge 0→2 (from 2 candidates)
2026-08-14 22:23:56,167 [DEBUG] cnn_neat: Removed hidden node 2 (pool=2)
2026-08-14 22:23:56,171 [DEBUG] cnn_neat: Split edge 2→1, new hidden node 5 (pool=5)
2026-08-14 22:23:56,173 [DEBUG] cnn_neat: Added edge 4→1 (from 4 candidates)
2026-08-14 22:23:56,177 [DEBUG] cnn_neat: Removed hidden node 3 (pool=1)
2026-08-14 22:23:56,179 [DEBUG] cnn_neat: Removed edge 0→3 (from 2 candidates)
2026-08-14 22:23:56,181 [DEBUG] cnn_neat: Removed 2 edges (requested 3)
2026-08-14 22:23:56,183 [DEBUG] cnn_neat: Split edge 2→3, new hidden node 6 (pool=6)
2026-08-14 22:23:56,185 [DEBUG] cnn_neat: Split edge 4→1, new hidden node 5 (pool=3)
2026-08-14 22:23:56,188 [DEBUG] cnn_neat: Added edge 4→5 (from 7 candidates)
2026-08-14 22:23:56,190 [DEBUG] cnn_neat: Added edge 3→1 (from 3 candidates)
2026-08-14 22:23:56,195 [DEBUG] cnn_neat: Split edge 2→1, new hidden node 5 (pool=3)
2026-08-14 22:23:56,198 [DEBUG] cnn_neat: Added edge 4→1 (from 3 candidates)
2026-08-14 22:23:56,205 [DEBUG] cnn_neat: Removed hidden node 2 (pool=3)
2026-08-14 22:23:56,208 [DEBUG] cnn_neat: Removed edge 2→1 (from 5 candidates)
2026-08-14 22:23:56,209 [DEBUG] cnn_neat: Saved generation 0
2026-08-14 22:23:56,262 [DEBUG] cnn_neat: Selected 25 elite individuals
2026-08-14 22:23:56,267 [DEBUG] cnn_neat: Removed 3 edges (requested 3)
2026-08-14 22:23:56,280 [DEBUG] cnn_neat: Split edge 0→3, new hidden node 6 (pool=2)
2026-08-14 22:23:56,313 [DEBUG] cnn_neat: Split edge 0→3, new hidden node 5 (pool=2)
2026-08-14 22:23:56,321 [DEBUG] cnn_neat: Split edge 0→3, new hidden node 5 (pool=3)
2026-08-14 22:23:56,337 [DEBUG] cnn_neat: Split edge 3→1, new hidden node 5 (pool=2)
2026-08-14 22:23:56,342 [DEBUG] cnn_neat: Added edge 0→4 (from 1 candidates)
2026-08-14 22:23:56,353 [DEBUG] cnn_neat: Removed hidden node 4 (pool=1)
2026-08-14 22:23:56,356 [DEBUG] cnn_neat: Removed edge 4→1 (from 3 candidates)
2026-08-14 22:23:56,361 [DEBUG] cnn_neat: Removed 1 edges (requested 3)
2026-08-14 22:23:56,498 [DEBUG] cnn_neat: Split edge 0→1, new hidden node 2 (pool=1)
2026-08-14 22:23:56,499 [DEBUG] cnn_neat: Split edge 3→4, new hidden node 5 (pool=5)
2026-08-14 22:23:56,501 [DEBUG] cnn_neat: Split edge 0→2, new hidden node 3 (pool=2)
2026-08-14 22:23:56,502 [DEBUG] cnn_neat: Split edge 0→3, new hidden node 5 (pool=2)
2026-08-14 22:23:56,505 [DEBUG] cnn_neat: Added edge 0→2 (from 2 candidates)
2026-08-14 22:23:56,507 [DEBUG] cnn_neat: Added edge 0→1 (from 1 candidates)
2026-08-14 22:23:56,508 [DEBUG] cnn_neat: Split edge 0→1, new hidden node 2 (pool=1)
2026-08-14 22:23:56,509 [DEBUG] cnn_neat: Added edge 0→4 (from 2 candidates)
2026-08-14 22:23:56,510 [DEBUG] cnn_neat: Added edge 0→1 (from 1 candidates)
2026-08-14 22:23:56,511 [DEBUG] cnn_neat: Removed hidden node 2 (pool=1)
2026-08-14 22:23:56,513 [DEBUG] cnn_neat: Split edge 0→1, new hidden node 2 (pool=1)
2026-08-14 22:23:56,514 [DEBUG] cnn_neat: Split edge 2→1, new hidden node 3 (pool=2)
2026-08-14 22:23:56,515 [DEBUG] cnn_neat: Added edge 0→1 (from 1 candidates)
2026-08-14 22:23:56,515 [DEBUG] cnn_neat: Weight mutation: 2 conv modules updated (direct tensor perturbation)
2026-08-14 22:23:56,517 [DEBUG] cnn_neat: Split edge 0→1, new hidden node 2 (pool=1)
2026-08-14 22:23:56,518 [DEBUG] cnn_neat: Added edge 0→1 (from 1 candidates)
2026-08-14 22:23:56,519 [DEBUG] cnn_neat: Removed hidden node 2 (pool=1)
2026-08-14 22:23:56,520 [DEBUG] cnn_neat: Split edge 0→1, new hidden node 2 (pool=1)
2026-08-14 22:23:56,522 [DEBUG] cnn_neat: Split edge 2→1, new hidden node 3 (pool=2)
2026-08-14 22:23:56,523 [DEBUG] cnn_neat: Added edge 0→1 (from 1 candidates)
2026-08-14 22:23:56,524 [DEBUG] cnn_neat: Weight mutation: 2 conv modules updated (direct tensor perturbation)
2026-08-14 22:23:56,525 [DEBUG] cnn_neat: Split edge 0→1, new hidden node 2 (pool=1)
2026-08-14 22:23:56,526 [DEBUG] cnn_neat: Added edge 0→1 (from 1 candidates)
2026-08-14 22:23:56,527 [DEBUG] cnn_neat: Removed hidden node 2 (pool=1)
2026-08-14 22:23:56,529 [DEBUG] cnn_neat: Split edge 0→1, new hidden node 2 (pool=1)
2026-08-14 22:23:56,530 [DEBUG] cnn_neat: Split edge 2→1, new hidden node 3 (pool=2)
2026-08-14 22:23:56,531 [DEBUG] cnn_neat: Added edge 0→1 (from 1 candidates)
2026-08-14 22:23:56,531 [DEBUG] cnn_neat: Weight mutation: 2 conv modules updated (direct tensor perturbation)
2026-08-14 22:23:56,532 [DEBUG] cnn_neat: Split edge 0→1, new hidden node 2 (pool=1)
2026-08-14 22:23:56,533 [DEBUG] cnn_neat: Added edge 0→1 (from 1 candidates)
2026-08-14 22:23:56,535 [DEBUG] cnn_neat: Removed hidden node 2 (pool=1)
2026-08-14 22:23:56,536 [DEBUG] cnn_neat: Split edge 0→1, new hidden node 2 (pool=1)
2026-08-14 22:23:56,537 [DEBUG] cnn_neat: Split edge 0→2, new hidden node 3 (pool=2)
2026-08-14 22:23:56,538 [DEBUG] cnn_neat: Added edge 0→1 (from 1 candidates)
2026-08-14 22:23:56,538 [DEBUG] cnn_neat: Weight mutation: 2 conv modules updated (direct tensor perturbation)
2026-08-14 22:23:56,539 [DEBUG] cnn_neat: Crossover rejected: copied edge has no live Conv2d
2026-08-14 22:23:56,540 [DEBUG] cnn_neat: Split edge 0→1, new hidden node 2 (pool=1)
2026-08-14 22:23:56,541 [DEBUG] cnn_neat: Added edge 0→1 (from 1 candidates)
2026-08-14 22:23:56,543 [DEBUG] cnn_neat: Removed hidden node 2 (pool=1)
2026-08-14 22:23:56,545 [DEBUG] cnn_neat: Split edge 0→1, new hidden node 2 (pool=1)
2026-08-14 22:23:56,545 [DEBUG] cnn_neat: Split edge 2→1, new hidden node 3 (pool=2)
2026-08-14 22:23:56,546 [DEBUG] cnn_neat: Added edge 0→1 (from 1 candidates)
2026-08-14 22:23:56,547 [DEBUG] cnn_neat: Weight mutation: 1 conv modules updated (direct tensor perturbation)
2026-08-14 22:23:56,549 [DEBUG] cnn_neat: Split edge 0→1, new hidden node 2 (pool=1)
2026-08-14 22:23:56,550 [DEBUG] cnn_neat: Added edge 0→1 (from 1 candidates)
2026-08-14 22:23:56,552 [DEBUG] cnn_neat: Removed hidden node 2 (pool=1)
2026-08-14 22:23:56,554 [DEBUG] cnn_neat: Split edge 0→1, new hidden node 2 (pool=1)
2026-08-14 22:23:56,555 [DEBUG] cnn_neat: Split edge 2→1, new hidden node 3 (pool=2)
2026-08-14 22:23:56,556 [DEBUG] cnn_neat: Added edge 0→1 (from 1 candidates)
2026-08-14 22:23:56,556 [DEBUG] cnn_neat: Weight mutation: 2 conv modules updated (direct tensor perturbation)
2026-08-14 22:23:56,557 [DEBUG] cnn_neat: Split edge 3→1, new hidden node 4 (pool=2)
2026-08-14 22:23:56,559 [DEBUG] cnn_neat: Split edge 0→3, new hidden node 5 (pool=3)
2026-08-14 22:23:56,560 [DEBUG] cnn_neat: Added edge 0→1 (from 1 candidates)
2026-08-14 22:23:56,561 [DEBUG] cnn_neat: Split edge 0→3, new hidden node 4 (pool=2)
2026-08-14 22:23:56,563 [DEBUG] cnn_neat: Split edge 3→1, new hidden node 4 (pool=2)
2026-08-14 22:23:56,564 [DEBUG] cnn_neat: Added edge 3→1 (from 2 candidates)
2026-08-14 22:23:56,566 [DEBUG] cnn_neat: Removed hidden node 4 (pool=1)
2026-08-14 22:23:56,568 [DEBUG] cnn_neat: Split edge 3→1, new hidden node 4 (pool=2)
2026-08-14 22:23:56,569 [DEBUG] cnn_neat: Split edge 4→1, new hidden node 5 (pool=3)
2026-08-14 22:23:56,570 [DEBUG] cnn_neat: Added edge 0→4 (from 2 candidates)
2026-08-14 22:23:56,572 [DEBUG] cnn_neat: Split edge 3→1, new hidden node 4 (pool=2)
2026-08-14 22:23:56,573 [DEBUG] cnn_neat: Added edge 0→4 (from 2 candidates)
2026-08-14 22:23:56,575 [DEBUG] cnn_neat: Removed hidden node 3 (pool=1)
2026-08-14 22:23:56,576 [DEBUG] cnn_neat: Crossover rejected: copied edge has no live Conv2d
2026-08-14 22:23:56,577 [DEBUG] cnn_neat: Split edge 0→3, new hidden node 4 (pool=2)
2026-08-14 22:23:56,578 [DEBUG] cnn_neat: Added edge 0→3 (from 2 candidates)
2026-08-14 22:23:56,579 [DEBUG] cnn_neat: Added edge 0→1 (from 1 candidates)
2026-08-14 22:23:56,583 [DEBUG] cnn_neat: Split edge 0→1, new hidden node 4 (pool=1)
2026-08-14 22:23:56,584 [DEBUG] cnn_neat: Split edge 0→1, new hidden node 3 (pool=2)
2026-08-14 22:23:56,585 [DEBUG] cnn_neat: Added edge 0→2 (from 1 candidates)
2026-08-14 22:23:56,586 [DEBUG] cnn_neat: Split edge 0→1, new hidden node 3 (pool=1)
2026-08-14 22:23:56,587 [DEBUG] cnn_neat: Added edge 3→2 (from 3 candidates)
2026-08-14 22:23:56,588 [DEBUG] cnn_neat: Removed hidden node 2 (pool=1)
2026-08-14 22:23:56,589 [DEBUG] cnn_neat: Split edge 0→1, new hidden node 2 (pool=1)
2026-08-14 22:23:56,590 [DEBUG] cnn_neat: Added edge 0→1 (from 1 candidates)
2026-08-14 22:23:56,592 [DEBUG] cnn_neat: Removed hidden node 2 (pool=1)
2026-08-14 22:23:56,593 [DEBUG] cnn_neat: Split edge 0→1, new hidden node 2 (pool=1)
2026-08-14 22:23:56,594 [DEBUG] cnn_neat: Split edge 0→2, new hidden node 3 (pool=2)
2026-08-14 22:23:56,595 [DEBUG] cnn_neat: Added edge 0→1 (from 1 candidates)
2026-08-14 22:23:56,596 [DEBUG] cnn_neat: Weight mutation: 2 conv modules updated (direct tensor perturbation)
2026-08-14 22:23:56,597 [DEBUG] cnn_neat: Removed edge 2→1 (from 1 candidates)
2026-08-14 22:23:56,598 [DEBUG] cnn_neat: Split edge 0→1, new hidden node 2 (pool=1)
2026-08-14 22:23:56,599 [DEBUG] cnn_neat: Added edge 0→1 (from 1 candidates)
2026-08-14 22:23:56,600 [DEBUG] cnn_neat: Removed hidden node 2 (pool=1)
2026-08-14 22:23:56,601 [DEBUG] cnn_neat: Split edge 0→1, new hidden node 2 (pool=1)
2026-08-14 22:23:56,602 [DEBUG] cnn_neat: Split edge 0→2, new hidden node 3 (pool=2)
2026-08-14 22:23:56,603 [DEBUG] cnn_neat: Added edge 0→1 (from 1 candidates)
2026-08-14 22:23:56,604 [DEBUG] cnn_neat: Weight mutation: 1 conv modules updated (direct tensor perturbation)
2026-08-14 22:23:56,604 [DEBUG] cnn_neat: Removed 1 edges (requested 3)
2026-08-14 22:23:56,605 [DEBUG] cnn_neat: Split edge 0→1, new hidden node 2 (pool=1)
2026-08-14 22:23:56,606 [DEBUG] cnn_neat: Added edge 0→1 (from 1 candidates)
2026-08-14 22:23:56,607 [DEBUG] cnn_neat: Removed hidden node 2 (pool=1)
2026-08-14 22:23:56,609 [DEBUG] cnn_neat: Split edge 0→1, new hidden node 2 (pool=1)
2026-08-14 22:23:56,610 [DEBUG] cnn_neat: Split edge 0→2, new hidden node 3 (pool=2)
2026-08-14 22:23:56,611 [DEBUG] cnn_neat: Added edge 0→1 (from 1 candidates)
2026-08-14 22:23:56,611 [DEBUG] cnn_neat: Weight mutation: 2 conv modules updated (direct tensor perturbation)
2026-08-14 22:23:56,612 [DEBUG] cnn_neat: Crossover rejected: copied edge has no live Conv2d
2026-08-14 22:23:56,613 [DEBUG] cnn_neat: Split edge 2→1, new hidden node 3 (pool=2)
2026-08-14 22:23:56,614 [DEBUG] cnn_neat: Added edge 0→2 (from 1 candidates)
2026-08-14 22:23:56,618 [DEBUG] cnn_neat: Split edge 0→1, new hidden node 3 (pool=1)
2026-08-14 22:23:56,619 [DEBUG] cnn_neat: Added edge 2→3 (from 3 candidates)
2026-08-14 22:23:56,620 [DEBUG] cnn_neat: Split edge 0→1, new hidden node 5 (pool=1)
2026-08-14 22:23:56,621 [DEBUG] cnn_neat: Added edge 4→1 (from 1 candidates)
2026-08-14 22:23:56,622 [DEBUG] cnn_neat: Split edge 0→1, new hidden node 5 (pool=1)
2026-08-14 22:23:56,623 [DEBUG] cnn_neat: Removed hidden node 4 (pool=1)
2026-08-14 22:23:56,624 [DEBUG] cnn_neat: Split edge 0→1, new hidden node 2 (pool=1)
2026-08-14 22:23:56,625 [DEBUG] cnn_neat: Added edge 0→1 (from 1 candidates)
2026-08-14 22:23:56,627 [DEBUG] cnn_neat: Removed hidden node 2 (pool=1)
2026-08-14 22:23:56,628 [DEBUG] cnn_neat: Split edge 0→1, new hidden node 2 (pool=1)
2026-08-14 22:23:56,629 [DEBUG] cnn_neat: Split edge 0→2, new hidden node 3 (pool=2)
2026-08-14 22:23:56,630 [DEBUG] cnn_neat: Added edge 0→1 (from 1 candidates)
2026-08-14 22:23:56,631 [DEBUG] cnn_neat: Weight mutation: 2 conv modules updated (direct tensor perturbation)
2026-08-14 22:23:56,632 [DEBUG] cnn_neat: Removed edge 0→4 (from 1 candidates)
2026-08-14 22:23:56,632 [DEBUG] cnn_neat: Split edge 0→1, new hidden node 2 (pool=1)
2026-08-14 22:23:56,633 [DEBUG] cnn_neat: Added edge 0→1 (from 1 candidates)
2026-08-14 22:23:56,635 [DEBUG] cnn_neat: Removed hidden node 2 (pool=1)
2026-08-14 22:23:56,636 [DEBUG] cnn_neat: Split edge 0→1, new hidden node 2 (pool=1)
2026-08-14 22:23:56,637 [DEBUG] cnn_neat: Split edge 2→1, new hidden node 3 (pool=2)
2026-08-14 22:23:56,638 [DEBUG] cnn_neat: Added edge 0→1 (from 1 candidates)
2026-08-14 22:23:56,638 [DEBUG] cnn_neat: Weight mutation: 2 conv modules updated (direct tensor perturbation)
2026-08-14 22:23:56,639 [DEBUG] cnn_neat: Removed 1 edges (requested 3)
2026-08-14 22:23:56,640 [DEBUG] cnn_neat: Split edge 0→1, new hidden node 2 (pool=1)
2026-08-14 22:23:56,641 [DEBUG] cnn_neat: Added edge 0→1 (from 1 candidates)
2026-08-14 22:23:56,643 [DEBUG] cnn_neat: Removed hidden node 2 (pool=1)
2026-08-14 22:23:56,644 [DEBUG] cnn_neat: Split edge 0→1, new hidden node 2 (pool=1)
2026-08-14 22:23:56,645 [DEBUG] cnn_neat: Split edge 2→1, new hidden node 3 (pool=2)
2026-08-14 22:23:56,646 [DEBUG] cnn_neat: Added edge 0→1 (from 1 candidates)
2026-08-14 22:23:56,647 [DEBUG] cnn_neat: Weight mutation: 2 conv modules updated (direct tensor perturbation)
2026-08-14 22:23:56,648 [DEBUG] cnn_neat: Crossover rejected: union topology invalid (edges=6 nodes=6)
2026-08-14 22:23:56,649 [DEBUG] cnn_neat: Split edge 0→1, new hidden node 5 (pool=1)
2026-08-14 22:23:56,650 [DEBUG] cnn_neat: Added edge 4→5 (from 4 candidates)
2026-08-14 22:23:56,651 [DEBUG] cnn_neat: Added edge 4→1 (from 1 candidates)
2026-08-14 22:23:56,654 [DEBUG] cnn_neat: Split edge 0→1, new hidden node 5 (pool=1)
2026-08-14 22:23:56,655 [DEBUG] cnn_neat: Added edge 4→5 (from 3 candidates)
2026-08-14 22:23:56,657 [DEBUG] cnn_neat: Split edge 2→1, new hidden node 4 (pool=2)
2026-08-14 22:23:56,658 [DEBUG] cnn_neat: Split edge 0→2, new hidden node 5 (pool=4)
2026-08-14 22:23:56,660 [DEBUG] cnn_neat: Added edge 0→2 (from 8 candidates)
2026-08-14 22:23:56,661 [DEBUG] cnn_neat: Added edge 3→1 (from 2 candidates)
2026-08-14 22:23:56,662 [DEBUG] cnn_neat: Split edge 0→2, new hidden node 4 (pool=2)
2026-08-14 22:23:56,664 [DEBUG] cnn_neat: Added edge 0→3 (from 3 candidates)
2026-08-14 22:23:56,666 [DEBUG] cnn_neat: Removed hidden node 4 (pool=3)
2026-08-14 22:23:56,668 [DEBUG] cnn_neat: Removed hidden node 3 (pool=1)
2026-08-14 22:23:56,669 [DEBUG] cnn_neat: Split edge 0→2, new hidden node 3 (pool=2)
2026-08-14 22:23:56,670 [DEBUG] cnn_neat: Added edge 3→1 (from 2 candidates)
2026-08-14 22:23:56,672 [DEBUG] cnn_neat: Removed hidden node 2 (pool=1)
2026-08-14 22:23:56,674 [DEBUG] cnn_neat: Split edge 3→1, new hidden node 4 (pool=2)
2026-08-14 22:23:56,675 [DEBUG] cnn_neat: Split edge 3→4, new hidden node 5 (pool=3)
2026-08-14 22:23:56,676 [DEBUG] cnn_neat: Removed edge 2→3 (from 1 candidates)
2026-08-14 22:23:56,677 [DEBUG] cnn_neat: Split edge 0→2, new hidden node 3 (pool=2)
2026-08-14 22:23:56,678 [DEBUG] cnn_neat: Added edge 0→2 (from 2 candidates)
2026-08-14 22:23:56,680 [DEBUG] cnn_neat: Removed hidden node 3 (pool=1)
2026-08-14 22:23:56,682 [DEBUG] cnn_neat: Split edge 0→2, new hidden node 3 (pool=2)
2026-08-14 22:23:56,683 [DEBUG] cnn_neat: Split edge 3→2, new hidden node 4 (pool=3)
2026-08-14 22:23:56,684 [DEBUG] cnn_neat: Added edge 3→1 (from 2 candidates)
2026-08-14 22:23:56,685 [DEBUG] cnn_neat: Weight mutation: 3 conv modules updated (direct tensor perturbation)
2026-08-14 22:23:56,686 [DEBUG] cnn_neat: Removed 1 edges (requested 3)
2026-08-14 22:23:56,687 [DEBUG] cnn_neat: Split edge 2→1, new hidden node 3 (pool=2)
2026-08-14 22:23:56,689 [DEBUG] cnn_neat: Added edge 0→3 (from 2 candidates)
2026-08-14 22:23:56,691 [DEBUG] cnn_neat: Removed hidden node 2 (pool=1)
2026-08-14 22:23:56,693 [DEBUG] cnn_neat: Split edge 3→1, new hidden node 4 (pool=2)
2026-08-14 22:23:56,694 [DEBUG] cnn_neat: Split edge 3→4, new hidden node 5 (pool=3)
2026-08-14 22:23:56,695 [DEBUG] cnn_neat: Crossover rejected: union topology invalid (edges=8 nodes=8)
2026-08-14 22:23:56,696 [DEBUG] cnn_neat: Split edge 2→1, new hidden node 4 (pool=2)
2026-08-14 22:23:56,698 [DEBUG] cnn_neat: Added edge 3→1 (from 6 candidates)
2026-08-14 22:23:56,699 [DEBUG] cnn_neat: Added edge 0→3 (from 2 candidates)
2026-08-14 22:23:56,700 [DEBUG] cnn_neat: Added edge 0→1 (from 2 candidates)
2026-08-14 22:23:56,701 [DEBUG] cnn_neat: Added edge 3→1 (from 1 candidates)
2026-08-14 22:23:56,705 [DEBUG] cnn_neat: Split edge 0→1, new hidden node 4 (pool=1)
2026-08-14 22:23:56,706 [DEBUG] cnn_neat: Split edge 0→1, new hidden node 4 (pool=1)
2026-08-14 22:23:56,707 [DEBUG] cnn_neat: Split edge 0→3, new hidden node 5 (pool=4)
2026-08-14 22:23:56,709 [DEBUG] cnn_neat: Split edge 0→1, new hidden node 4 (pool=1)
2026-08-14 22:23:56,710 [DEBUG] cnn_neat: Added edge 3→4 (from 3 candidates)
2026-08-14 22:23:56,712 [DEBUG] cnn_neat: Removed hidden node 3 (pool=1)
2026-08-14 22:23:56,712 [DEBUG] cnn_neat: Split edge 0→1, new hidden node 2 (pool=1)
2026-08-14 22:23:56,713 [DEBUG] cnn_neat: Added edge 0→1 (from 1 candidates)
2026-08-14 22:23:56,715 [DEBUG] cnn_neat: Removed hidden node 2 (pool=1)
2026-08-14 22:23:56,717 [DEBUG] cnn_neat: Split edge 0→1, new hidden node 2 (pool=1)
2026-08-14 22:23:56,719 [DEBUG] cnn_neat: Split edge 0→2, new hidden node 3 (pool=2)
2026-08-14 22:23:56,720 [DEBUG] cnn_neat: Added edge 0→1 (from 1 candidates)
2026-08-14 22:23:56,720 [DEBUG] cnn_neat: Weight mutation: 1 conv modules updated (direct tensor perturbation)
2026-08-14 22:23:56,721 [DEBUG] cnn_neat: Removed edge 3→1 (from 3 candidates)
2026-08-14 22:23:56,722 [DEBUG] cnn_neat: Removed 1 edges (requested 3)
2026-08-14 22:23:56,723 [DEBUG] cnn_neat: Split edge 3→1, new hidden node 4 (pool=2)
2026-08-14 22:23:56,724 [DEBUG] cnn_neat: Added edge 3→1 (from 2 candidates)
2026-08-14 22:23:56,726 [DEBUG] cnn_neat: Crossover rejected: union topology invalid (edges=7 nodes=5)
2026-08-14 22:23:56,727 [DEBUG] cnn_neat: Split edge 0→1, new hidden node 4 (pool=1)
2026-08-14 22:23:56,728 [DEBUG] cnn_neat: Added edge 3→4 (from 3 candidates)
2026-08-14 22:23:56,730 [DEBUG] cnn_neat: Removed hidden node 4 (pool=2)
2026-08-14 22:23:56,732 [DEBUG] cnn_neat: Split edge 0→3, new hidden node 4 (pool=2)
2026-08-14 22:23:56,736 [DEBUG] cnn_neat: Split edge 0→1, new hidden node 4 (pool=1)
2026-08-14 22:23:56,737 [DEBUG] cnn_neat: Added edge 3→4 (from 3 candidates)
2026-08-14 22:23:56,740 [DEBUG] cnn_neat: Removed hidden node 3 (pool=2)
2026-08-14 22:23:56,741 [DEBUG] cnn_neat: Split edge 3→1, new hidden node 5 (pool=3)
2026-08-14 22:23:56,742 [DEBUG] cnn_neat: Split edge 4→3, new hidden node 6 (pool=4)
2026-08-14 22:23:56,743 [DEBUG] cnn_neat: Added edge 0→4 (from 3 candidates)
2026-08-14 22:23:56,745 [DEBUG] cnn_neat: Removed hidden node 4 (pool=1)
2026-08-14 22:23:56,746 [DEBUG] cnn_neat: Split edge 0→3, new hidden node 4 (pool=2)
2026-08-14 22:23:56,747 [DEBUG] cnn_neat: Added edge 0→3 (from 2 candidates)
2026-08-14 22:23:56,749 [DEBUG] cnn_neat: Removed hidden node 4 (pool=1)
2026-08-14 22:23:56,750 [DEBUG] cnn_neat: Split edge 0→3, new hidden node 4 (pool=2)
2026-08-14 22:23:56,752 [DEBUG] cnn_neat: Split edge 4→3, new hidden node 5 (pool=3)
2026-08-14 22:23:56,753 [DEBUG] cnn_neat: Removed edge 4→3 (from 1 candidates)
2026-08-14 22:23:56,754 [DEBUG] cnn_neat: Split edge 0→3, new hidden node 4 (pool=2)
2026-08-14 22:23:56,755 [DEBUG] cnn_neat: Added edge 0→3 (from 2 candidates)
2026-08-14 22:23:56,757 [DEBUG] cnn_neat: Removed hidden node 4 (pool=1)
2026-08-14 22:23:56,759 [DEBUG] cnn_neat: Split edge 0→3, new hidden node 4 (pool=2)
2026-08-14 22:23:56,759 [DEBUG] cnn_neat: Split edge 4→3, new hidden node 5 (pool=3)
2026-08-14 22:23:56,761 [DEBUG] cnn_neat: Added edge 4→1 (from 2 candidates)
2026-08-14 22:23:56,762 [DEBUG] cnn_neat: Removed 1 edges (requested 3)
2026-08-14 22:23:56,763 [DEBUG] cnn_neat: Split edge 0→3, new hidden node 4 (pool=2)
2026-08-14 22:23:56,765 [DEBUG] cnn_neat: Added edge 4→1 (from 2 candidates)
2026-08-14 22:23:56,767 [DEBUG] cnn_neat: Removed hidden node 3 (pool=1)
2026-08-14 22:23:56,768 [DEBUG] cnn_neat: Crossover rejected: copied edge has no live Conv2d
2026-08-14 22:23:56,769 [DEBUG] cnn_neat: Split edge 3→1, new hidden node 5 (pool=3)
2026-08-14 22:23:56,770 [DEBUG] cnn_neat: Added edge 3→1 (from 5 candidates)
2026-08-14 22:23:56,771 [DEBUG] cnn_neat: Added edge 0→1 (from 3 candidates)
2026-08-14 22:23:56,772 [DEBUG] cnn_neat: Added edge 4→1 (from 2 candidates)
2026-08-14 22:23:56,774 [DEBUG] cnn_neat: Added edge 0→4 (from 1 candidates)
2026-08-14 22:23:56,776 [DEBUG] cnn_neat: Split edge 0→1, new hidden node 5 (pool=1)
2026-08-14 22:23:56,778 [DEBUG] cnn_neat: Split edge 5→1, new hidden node 6 (pool=4)
2026-08-14 22:23:56,780 [DEBUG] cnn_neat: Split edge 0→1, new hidden node 5 (pool=1)
2026-08-14 22:23:56,782 [DEBUG] cnn_neat: Added edge 4→5 (from 3 candidates)
2026-08-14 22:23:56,784 [DEBUG] cnn_neat: Removed hidden node 4 (pool=2)
2026-08-14 22:23:56,786 [DEBUG] cnn_neat: Removed hidden node 4 (pool=1)
2026-08-14 22:23:56,787 [DEBUG] cnn_neat: Split edge 0→1, new hidden node 2 (pool=1)
2026-08-14 22:23:56,788 [DEBUG] cnn_neat: Added edge 0→1 (from 1 candidates)
2026-08-14 22:23:56,789 [DEBUG] cnn_neat: Removed hidden node 2 (pool=1)
2026-08-14 22:23:56,791 [DEBUG] cnn_neat: Split edge 0→1, new hidden node 2 (pool=1)
2026-08-14 22:23:56,791 [DEBUG] cnn_neat: Split edge 2→1, new hidden node 3 (pool=2)
2026-08-14 22:23:56,793 [DEBUG] cnn_neat: Added edge 0→1 (from 1 candidates)
2026-08-14 22:23:56,793 [DEBUG] cnn_neat: Weight mutation: 2 conv modules updated (direct tensor perturbation)
2026-08-14 22:23:56,794 [DEBUG] cnn_neat: Removed edge 4→1 (from 3 candidates)
2026-08-14 22:23:56,795 [DEBUG] cnn_neat: Split edge 0→1, new hidden node 5 (pool=1)
2026-08-14 22:23:56,796 [DEBUG] cnn_neat: Added edge 0→1 (from 4 candidates)
2026-08-14 22:23:56,798 [DEBUG] cnn_neat: Removed 2 edges (requested 3)
2026-08-14 22:23:56,799 [DEBUG] cnn_neat: Split edge 0→1, new hidden node 2 (pool=1)
2026-08-14 22:23:56,800 [DEBUG] cnn_neat: Added edge 0→1 (from 1 candidates)
2026-08-14 22:23:56,801 [DEBUG] cnn_neat: Removed hidden node 2 (pool=1)
2026-08-14 22:23:56,802 [DEBUG] cnn_neat: Split edge 0→1, new hidden node 2 (pool=1)
2026-08-14 22:23:56,803 [DEBUG] cnn_neat: Split edge 2→1, new hidden node 3 (pool=2)
2026-08-14 22:23:56,804 [DEBUG] cnn_neat: Added edge 0→1 (from 1 candidates)
2026-08-14 22:23:56,804 [DEBUG] cnn_neat: Weight mutation: 2 conv modules updated (direct tensor perturbation)
2026-08-14 22:23:56,806 [DEBUG] cnn_neat: Crossover rejected: copied edge has no live Conv2d
2026-08-14 22:23:56,807 [DEBUG] cnn_neat: Split edge 0→1, new hidden node 5 (pool=1)
2026-08-14 22:23:56,808 [DEBUG] cnn_neat: Added edge 0→1 (from 3 candidates)
2026-08-14 22:23:56,812 [DEBUG] cnn_neat: Split edge 0→1, new hidden node 5 (pool=1)
2026-08-14 22:23:56,814 [DEBUG] cnn_neat: Added edge 5→4 (from 3 candidates)
2026-08-14 22:23:56,815 [DEBUG] cnn_neat: Split edge 0→3, new hidden node 6 (pool=3)
2026-08-14 22:23:56,817 [DEBUG] cnn_neat: Added edge 0→5 (from 2 candidates)
2026-08-14 22:23:56,819 [DEBUG] cnn_neat: Split edge 5→1, new hidden node 6 (pool=3)
2026-08-14 22:23:56,820 [DEBUG] cnn_neat: Split edge 5→1, new hidden node 6 (pool=3)
2026-08-14 22:23:56,822 [DEBUG] cnn_neat: Added edge 0→6 (from 4 candidates)
2026-08-14 22:23:56,823 [DEBUG] cnn_neat: Split edge 0→3, new hidden node 6 (pool=3)
2026-08-14 22:23:56,825 [DEBUG] cnn_neat: Added edge 3→1 (from 4 candidates)
2026-08-14 22:23:56,826 [DEBUG] cnn_neat: Crossover rejected: union topology invalid (edges=6 nodes=5)
2026-08-14 22:23:56,827 [DEBUG] cnn_neat: Split edge 3→5, new hidden node 6 (pool=3)
2026-08-14 22:23:56,828 [DEBUG] cnn_neat: Added edge 3→1 (from 2 candidates)
2026-08-14 22:23:56,830 [DEBUG] cnn_neat: Added edge 0→5 (from 1 candidates)
2026-08-14 22:23:56,832 [DEBUG] cnn_neat: Added edge 0→1 (from 1 candidates)
2026-08-14 22:23:56,835 [DEBUG] cnn_neat: Split edge 2→5, new hidden node 6 (pool=3)
2026-08-14 22:23:56,837 [DEBUG] cnn_neat: Added edge 2→1 (from 2 candidates)
2026-08-14 22:23:56,838 [DEBUG] cnn_neat: Split edge 2→5, new hidden node 6 (pool=3)
2026-08-14 22:23:56,840 [DEBUG] cnn_neat: Added edge 0→5 (from 4 candidates)
2026-08-14 22:23:56,842 [DEBUG] cnn_neat: Split edge 0→2, new hidden node 6 (pool=3)
2026-08-14 22:23:56,843 [DEBUG] cnn_neat: Split edge 5→1, new hidden node 6 (pool=3)
2026-08-14 22:23:56,845 [DEBUG] cnn_neat: Crossover union: A_edges=3 B_added=4 dup_skipped=0 child_edges=7 nodes=7
2026-08-14 22:23:56,846 [DEBUG] cnn_neat: Added edge 2→1 (from 2 candidates)
2026-08-14 22:23:56,848 [DEBUG] cnn_neat: Added edge 0→5 (from 1 candidates)
2026-08-14 22:23:56,849 [DEBUG] cnn_neat: Added edge 0→1 (from 1 candidates)
2026-08-14 22:23:56,852 [DEBUG] cnn_neat: Split edge 0→3, new hidden node 4 (pool=2)
2026-08-14 22:23:56,853 [DEBUG] cnn_neat: Added edge 0→2 (from 1 candidates)
2026-08-14 22:23:56,854 [DEBUG] cnn_neat: Split edge 2→1, new hidden node 4 (pool=5)
2026-08-14 22:23:56,858 [DEBUG] cnn_neat: Removed hidden node 2 (pool=1)
2026-08-14 22:23:56,859 [DEBUG] cnn_neat: Split edge 3→1, new hidden node 4 (pool=2)
2026-08-14 22:23:56,860 [DEBUG] cnn_neat: Added edge 0→4 (from 2 candidates)
2026-08-14 22:23:56,861 [DEBUG] cnn_neat: Removed edge 3→2 (from 3 candidates)
2026-08-14 22:23:56,863 [DEBUG] cnn_neat: Removed 2 edges (requested 3)
2026-08-14 22:23:56,864 [DEBUG] cnn_neat: Split edge 3→1, new hidden node 4 (pool=2)
2026-08-14 22:23:56,865 [DEBUG] cnn_neat: Added edge 3→1 (from 2 candidates)
2026-08-14 22:23:56,867 [DEBUG] cnn_neat: Removed hidden node 4 (pool=1)
2026-08-14 22:23:56,869 [DEBUG] cnn_neat: Split edge 0→3, new hidden node 4 (pool=2)
2026-08-14 22:23:56,870 [DEBUG] cnn_neat: Split edge 4→3, new hidden node 5 (pool=3)
2026-08-14 22:23:56,871 [DEBUG] cnn_neat: Crossover rejected: union topology invalid (edges=7 nodes=5)
2026-08-14 22:23:56,873 [DEBUG] cnn_neat: Split edge 0→3, new hidden node 4 (pool=2)
2026-08-14 22:23:56,874 [DEBUG] cnn_neat: Added edge 4→2 (from 3 candidates)
2026-08-14 22:23:56,875 [DEBUG] cnn_neat: Added edge 0→2 (from 1 candidates)
2026-08-14 22:23:56,879 [DEBUG] cnn_neat: Added edge 0→1 (from 1 candidates)
2026-08-14 22:23:56,883 [DEBUG] cnn_neat: Split edge 0→1, new hidden node 4 (pool=1)
2026-08-14 22:23:56,884 [DEBUG] cnn_neat: Added edge 4→3 (from 5 candidates)
2026-08-14 22:23:56,886 [DEBUG] cnn_neat: Split edge 0→3, new hidden node 4 (pool=4)
2026-08-14 22:23:56,886 [DEBUG] cnn_neat: Added edge 3→1 (from 2 candidates)
2026-08-14 22:23:56,888 [DEBUG] cnn_neat: Split edge 0→3, new hidden node 4 (pool=5)
2026-08-14 22:23:56,889 [DEBUG] cnn_neat: Removed hidden node 3 (pool=1)
2026-08-14 22:23:56,890 [DEBUG] cnn_neat: Split edge 2→1, new hidden node 3 (pool=2)
2026-08-14 22:23:56,891 [DEBUG] cnn_neat: Added edge 2→1 (from 2 candidates)
2026-08-14 22:23:56,894 [DEBUG] cnn_neat: Removed hidden node 3 (pool=1)
2026-08-14 22:23:56,895 [DEBUG] cnn_neat: Split edge 0→2, new hidden node 3 (pool=2)
2026-08-14 22:23:56,897 [DEBUG] cnn_neat: Split edge 0→3, new hidden node 4 (pool=3)
2026-08-14 22:23:56,898 [DEBUG] cnn_neat: Removed edge 0→3 (from 2 candidates)
2026-08-14 22:23:56,899 [DEBUG] cnn_neat: Split edge 0→2, new hidden node 4 (pool=2)
2026-08-14 22:23:56,900 [DEBUG] cnn_neat: Added edge 0→2 (from 4 candidates)
2026-08-14 22:23:56,902 [DEBUG] cnn_neat: Removed 2 edges (requested 3)
2026-08-14 22:23:56,903 [DEBUG] cnn_neat: Split edge 2→1, new hidden node 3 (pool=2)
2026-08-14 22:23:56,904 [DEBUG] cnn_neat: Added edge 2→1 (from 2 candidates)
2026-08-14 22:23:56,906 [DEBUG] cnn_neat: Removed hidden node 3 (pool=1)
2026-08-14 22:23:56,908 [DEBUG] cnn_neat: Split edge 2→1, new hidden node 3 (pool=2)
2026-08-14 22:23:56,909 [DEBUG] cnn_neat: Split edge 3→1, new hidden node 4 (pool=3)
2026-08-14 22:23:56,911 [DEBUG] cnn_neat: Added edge 2→1 (from 2 candidates)
2026-08-14 22:23:56,911 [DEBUG] cnn_neat: Weight mutation: 2 conv modules updated (direct tensor perturbation)
2026-08-14 22:23:56,913 [DEBUG] cnn_neat: Crossover rejected: copied edge has no live Conv2d
2026-08-14 22:23:56,914 [DEBUG] cnn_neat: Split edge 0→2, new hidden node 4 (pool=4)
2026-08-14 22:23:56,915 [DEBUG] cnn_neat: Added edge 3→1 (from 4 candidates)
2026-08-14 22:23:56,917 [DEBUG] cnn_neat: Removed hidden node 4 (pool=3)
2026-08-14 22:23:56,918 [DEBUG] cnn_neat: Removed edge 2→3 (from 2 candidates)
2026-08-14 22:23:56,919 [DEBUG] cnn_neat: Added edge 3→1 (from 2 candidates)
2026-08-14 22:23:56,920 [DEBUG] cnn_neat: Added edge 0→1 (from 1 candidates)
2026-08-14 22:23:56,925 [DEBUG] cnn_neat: Split edge 0→1, new hidden node 4 (pool=1)
2026-08-14 22:23:56,926 [DEBUG] cnn_neat: Added edge 2→4 (from 5 candidates)
2026-08-14 22:23:56,927 [DEBUG] cnn_neat: Split edge 0→2, new hidden node 5 (pool=4)
2026-08-14 22:23:56,930 [DEBUG] cnn_neat: Split edge 0→5, new hidden node 6 (pool=5)
2026-08-14 22:23:56,932 [DEBUG] cnn_neat: Added edge 0→3 (from 4 candidates)
2026-08-14 22:23:56,933 [DEBUG] cnn_neat: Split edge 0→2, new hidden node 5 (pool=5)
2026-08-14 22:23:56,935 [DEBUG] cnn_neat: Split edge 4→1, new hidden node 5 (pool=4)
2026-08-14 22:23:56,937 [DEBUG] cnn_neat: Split edge 4→1, new hidden node 5 (pool=4)
2026-08-14 22:23:56,939 [DEBUG] cnn_neat: Added edge 4→1 (from 6 candidates)
2026-08-14 22:23:56,942 [DEBUG] cnn_neat: Split edge 3→4, new hidden node 5 (pool=4)
2026-08-14 22:23:56,943 [DEBUG] cnn_neat: Added edge 3→4 (from 6 candidates)
2026-08-14 22:23:56,945 [DEBUG] cnn_neat: Crossover rejected: union topology invalid (edges=8 nodes=8)
2026-08-14 22:23:56,946 [DEBUG] cnn_neat: Split edge 0→2, new hidden node 5 (pool=4)
2026-08-14 22:23:56,948 [DEBUG] cnn_neat: Added edge 2→4 (from 6 candidates)
2026-08-14 22:23:56,950 [DEBUG] cnn_neat: Added edge 0→3 (from 4 candidates)
2026-08-14 22:23:56,951 [DEBUG] cnn_neat: Added edge 2→1 (from 4 candidates)
2026-08-14 22:23:56,953 [DEBUG] cnn_neat: Added edge 3→1 (from 3 candidates)
2026-08-14 22:23:56,955 [DEBUG] cnn_neat: Added edge 2→4 (from 2 candidates)
2026-08-14 22:23:56,957 [DEBUG] cnn_neat: Added edge 0→4 (from 1 candidates)
2026-08-14 22:23:56,976 [DEBUG] cnn_neat: Split edge 0→1, new hidden node 2 (pool=1)
2026-08-14 22:23:57,026 [DEBUG] cnn_neat: Split edge 3→1, new hidden node 4 (pool=2)
2026-08-14 22:23:57,029 [DEBUG] cnn_neat: Added edge 0→1 (from 1 candidates)
2026-08-14 22:23:57,036 [DEBUG] cnn_neat: Split edge 0→1, new hidden node 3 (pool=2)
2026-08-14 22:23:57,038 [DEBUG] cnn_neat: Added edge 0→2 (from 1 candidates)
2026-08-14 22:23:57,040 [DEBUG] cnn_neat: Removed hidden node 2 (pool=1)
2026-08-14 22:23:57,041 [DEBUG] cnn_neat: Removed edge 2→1 (from 1 candidates)
2026-08-14 22:23:57,043 [DEBUG] cnn_neat: Removed 1 edges (requested 3)
2026-08-14 22:23:57,046 [DEBUG] cnn_neat: Split edge 0→1, new hidden node 5 (pool=1)
2026-08-14 22:23:57,049 [DEBUG] cnn_neat: Added edge 4→1 (from 1 candidates)
2026-08-14 22:23:57,051 [DEBUG] cnn_neat: Removed hidden node 4 (pool=1)
2026-08-14 22:23:57,053 [DEBUG] cnn_neat: Removed edge 0→4 (from 1 candidates)
2026-08-14 22:23:57,054 [DEBUG] cnn_neat: Removed 1 edges (requested 3)
2026-08-14 22:23:57,092 [DEBUG] cnn_neat: Split edge 2→1, new hidden node 4 (pool=2)
2026-08-14 22:23:57,095 [DEBUG] cnn_neat: Added edge 3→1 (from 2 candidates)
2026-08-14 22:23:57,100 [DEBUG] cnn_neat: Removed hidden node 3 (pool=1)
2026-08-14 22:23:57,103 [DEBUG] cnn_neat: Removed edge 2→3 (from 1 candidates)
2026-08-14 22:23:57,105 [DEBUG] cnn_neat: Removed 1 edges (requested 3)
