2026-08-17 21:46:32,472 [DEBUG] cnn_neat: Saved generation 0
2026-08-17 21:46:32,700 [DEBUG] cnn_neat: Selected 25 elite individuals
2026-08-17 21:46:32,955 [DEBUG] cnn_neat: Split edge 3→4, new hidden node 5 (pool=3)
2026-08-17 21:46:32,956 [DEBUG] cnn_neat: Added edge 3→1 (from 2 candidates)
2026-08-17 21:46:32,959 [DEBUG] cnn_neat: Split edge 4→1, new hidden node 5 (pool=3)
2026-08-17 21:46:32,960 [DEBUG] cnn_neat: Split edge 0→3, new hidden node 5 (pool=3)
2026-08-17 21:46:32,962 [DEBUG] cnn_neat: Split edge 0→3, new hidden node 5 (pool=3)
2026-08-17 21:46:32,964 [DEBUG] cnn_neat: Added edge 5→4 (from 4 candidates)
2026-08-17 21:46:32,965 [DEBUG] cnn_neat: Crossover rejected: copied edge has no live Conv2d
2026-08-17 21:46:32,967 [DEBUG] cnn_neat: Split edge 3→4, new hidden node 5 (pool=3)
2026-08-17 21:46:32,968 [DEBUG] cnn_neat: Added edge 0→4 (from 4 candidates)
2026-08-17 21:46:32,970 [DEBUG] cnn_neat: Added edge 3→1 (from 2 candidates)
2026-08-17 21:46:32,971 [DEBUG] cnn_neat: Added edge 0→4 (from 1 candidates)
2026-08-17 21:46:32,972 [DEBUG] cnn_neat: Added edge 0→1 (from 1 candidates)
2026-08-17 21:46:32,975 [DEBUG] cnn_neat: Split edge 3→2, new hidden node 5 (pool=4)
2026-08-17 21:46:32,977 [DEBUG] cnn_neat: Added edge 3→1 (from 6 candidates)
2026-08-17 21:46:32,979 [DEBUG] cnn_neat: Removed hidden node 2 (pool=1)
2026-08-17 21:46:32,980 [DEBUG] cnn_neat: Split edge 4→1, new hidden node 5 (pool=3)
2026-08-17 21:46:32,982 [DEBUG] cnn_neat: Added edge 0→5 (from 4 candidates)
2026-08-17 21:46:32,985 [DEBUG] cnn_neat: Removed edge 3→2 (from 1 candidates)
2026-08-17 21:46:32,987 [DEBUG] cnn_neat: Split edge 4→1, new hidden node 5 (pool=3)
2026-08-17 21:46:32,990 [DEBUG] cnn_neat: Added edge 3→5 (from 4 candidates)
2026-08-17 21:46:32,993 [DEBUG] cnn_neat: Removed 1 edges (requested 3)
2026-08-17 21:46:32,995 [DEBUG] cnn_neat: Split edge 4→1, new hidden node 5 (pool=3)
2026-08-17 21:46:32,998 [DEBUG] cnn_neat: Added edge 0→4 (from 4 candidates)
2026-08-17 21:46:33,001 [DEBUG] cnn_neat: Crossover rejected: copied edge has no live Conv2d
2026-08-17 21:46:33,003 [DEBUG] cnn_neat: Split edge 3→2, new hidden node 5 (pool=4)
2026-08-17 21:46:33,007 [DEBUG] cnn_neat: Added edge 5→1 (from 9 candidates)
2026-08-17 21:46:33,009 [DEBUG] cnn_neat: Added edge 0→4 (from 6 candidates)
2026-08-17 21:46:33,012 [DEBUG] cnn_neat: Added edge 3→1 (from 5 candidates)
2026-08-17 21:46:33,015 [DEBUG] cnn_neat: Added edge 4→2 (from 4 candidates)
2026-08-17 21:46:33,018 [DEBUG] cnn_neat: Added edge 0→2 (from 2 candidates)
2026-08-17 21:46:33,021 [DEBUG] cnn_neat: Added edge 0→1 (from 2 candidates)
2026-08-17 21:46:33,024 [DEBUG] cnn_neat: Split edge 2→1, new hidden node 6 (pool=6)
2026-08-17 21:46:33,028 [DEBUG] cnn_neat: Added edge 3→1 (from 12 candidates)
2026-08-17 21:46:33,034 [DEBUG] cnn_neat: Removed hidden node 4 (pool=4)
2026-08-17 21:46:33,037 [DEBUG] cnn_neat: Removed edge 2→1 (from 6 candidates)
2026-08-17 21:46:33,042 [DEBUG] cnn_neat: Removed 3 edges (requested 3)
2026-08-17 21:46:33,045 [DEBUG] cnn_neat: Split edge 0→4, new hidden node 5 (pool=3)
2026-08-17 21:46:33,047 [DEBUG] cnn_neat: Added edge 5→2 (from 4 candidates)
2026-08-17 21:46:33,051 [DEBUG] cnn_neat: Crossover union: A_edges=6 B_added=3 dup_skipped=0 child_edges=9 nodes=8
2026-08-17 21:46:33,055 [DEBUG] cnn_neat: Added edge 5→2 (from 12 candidates)
2026-08-17 21:46:33,059 [DEBUG] cnn_neat: Added edge 3→2 (from 9 candidates)
2026-08-17 21:46:33,063 [DEBUG] cnn_neat: Added edge 4→1 (from 8 candidates)
2026-08-17 21:46:33,068 [DEBUG] cnn_neat: Added edge 4→3 (from 7 candidates)
2026-08-17 21:46:33,072 [DEBUG] cnn_neat: Added edge 4→5 (from 4 candidates)
2026-08-17 21:46:33,076 [DEBUG] cnn_neat: Split edge 0→3, new hidden node 5 (pool=2)
2026-08-17 21:46:33,080 [DEBUG] cnn_neat: Added edge 3→2 (from 6 candidates)
2026-08-17 21:46:33,085 [DEBUG] cnn_neat: Removed hidden node 3 (pool=3)
2026-08-17 21:46:33,087 [DEBUG] cnn_neat: Split edge 2→1, new hidden node 5 (pool=3)
2026-08-17 21:46:33,090 [DEBUG] cnn_neat: Removed edge 0→4 (from 5 candidates)
2026-08-17 21:46:33,094 [DEBUG] cnn_neat: Removed 2 edges (requested 3)
2026-08-17 21:46:33,097 [DEBUG] cnn_neat: Split edge 0→4, new hidden node 5 (pool=3)
2026-08-17 21:46:33,099 [DEBUG] cnn_neat: Added edge 0→2 (from 4 candidates)
2026-08-17 21:46:33,103 [DEBUG] cnn_neat: Crossover union: A_edges=5 B_added=3 dup_skipped=0 child_edges=8 nodes=7
2026-08-17 21:46:33,107 [DEBUG] cnn_neat: Added edge 2→3 (from 6 candidates)
2026-08-17 21:46:33,110 [DEBUG] cnn_neat: Added edge 4→3 (from 3 candidates)
2026-08-17 21:46:33,114 [DEBUG] cnn_neat: Added edge 4→1 (from 2 candidates)
2026-08-17 21:46:33,119 [DEBUG] cnn_neat: Added edge 0→2 (from 1 candidates)
2026-08-17 21:46:33,124 [DEBUG] cnn_neat: Added edge 0→1 (from 1 candidates)
2026-08-17 21:46:33,128 [DEBUG] cnn_neat: Split edge 0→3, new hidden node 5 (pool=2)
2026-08-17 21:46:33,134 [DEBUG] cnn_neat: Added edge 4→3 (from 3 candidates)
2026-08-17 21:46:33,142 [DEBUG] cnn_neat: Removed hidden node 2 (pool=3)
2026-08-17 21:46:33,145 [DEBUG] cnn_neat: Removed edge 4→2 (from 6 candidates)
2026-08-17 21:46:33,150 [DEBUG] cnn_neat: Removed 3 edges (requested 3)
2026-08-17 21:46:33,153 [DEBUG] cnn_neat: Split edge 2→1, new hidden node 5 (pool=3)
2026-08-17 21:46:33,156 [DEBUG] cnn_neat: Added edge 0→5 (from 4 candidates)
2026-08-17 21:46:33,160 [DEBUG] cnn_neat: Crossover rejected: copied edge has no live Conv2d
2026-08-17 21:46:33,165 [DEBUG] cnn_neat: Split edge 0→3, new hidden node 5 (pool=2)
2026-08-17 21:46:33,170 [DEBUG] cnn_neat: Added edge 4→3 (from 9 candidates)
2026-08-17 21:46:33,174 [DEBUG] cnn_neat: Added edge 4→3 (from 3 candidates)
2026-08-17 21:46:33,178 [DEBUG] cnn_neat: Added edge 0→2 (from 2 candidates)
2026-08-17 21:46:33,182 [DEBUG] cnn_neat: Added edge 0→1 (from 2 candidates)
2026-08-17 21:46:33,187 [DEBUG] cnn_neat: Added edge 4→1 (from 1 candidates)
2026-08-17 21:46:33,195 [DEBUG] cnn_neat: Split edge 0→1, new hidden node 5 (pool=1)
2026-08-17 21:46:33,198 [DEBUG] cnn_neat: Split edge 3→4, new hidden node 5 (pool=5)
2026-08-17 21:46:33,201 [DEBUG] cnn_neat: Added edge 3→1 (from 5 candidates)
2026-08-17 21:46:33,207 [DEBUG] cnn_neat: Removed hidden node 2 (pool=2)
2026-08-17 21:46:33,209 [DEBUG] cnn_neat: Split edge 0→3, new hidden node 5 (pool=3)
2026-08-17 21:46:33,212 [DEBUG] cnn_neat: Added edge 5→4 (from 4 candidates)
2026-08-17 21:46:33,217 [DEBUG] cnn_neat: Removed hidden node 3 (pool=1)
2026-08-17 21:46:33,220 [DEBUG] cnn_neat: Removed edge 3→4 (from 4 candidates)
2026-08-17 21:46:33,222 [DEBUG] cnn_neat: Split edge 4→1, new hidden node 5 (pool=4)
2026-08-17 21:46:33,226 [DEBUG] cnn_neat: Removed 2 edges (requested 3)
2026-08-17 21:46:33,228 [DEBUG] cnn_neat: Split edge 4→1, new hidden node 5 (pool=3)
2026-08-17 21:46:33,232 [DEBUG] cnn_neat: Added edge 3→5 (from 4 candidates)
2026-08-17 21:46:33,237 [DEBUG] cnn_neat: Removed hidden node 4 (pool=1)
2026-08-17 21:46:33,241 [DEBUG] cnn_neat: Crossover union: A_edges=5 B_added=4 dup_skipped=0 child_edges=9 nodes=8
2026-08-17 21:46:33,244 [DEBUG] cnn_neat: Added edge 3→1 (from 5 candidates)
2026-08-17 21:46:33,248 [DEBUG] cnn_neat: Added edge 0→4 (from 4 candidates)
2026-08-17 21:46:33,252 [DEBUG] cnn_neat: Added edge 2→4 (from 3 candidates)
2026-08-17 21:46:33,257 [DEBUG] cnn_neat: Added edge 0→2 (from 1 candidates)
2026-08-17 21:46:33,262 [DEBUG] cnn_neat: Added edge 0→1 (from 1 candidates)
2026-08-17 21:46:33,265 [DEBUG] cnn_neat: Split edge 5→1, new hidden node 6 (pool=3)
2026-08-17 21:46:33,267 [DEBUG] cnn_neat: Added edge 3→1 (from 2 candidates)
2026-08-17 21:46:33,271 [DEBUG] cnn_neat: Split edge 5→1, new hidden node 6 (pool=3)
2026-08-17 21:46:33,274 [DEBUG] cnn_neat: Added edge 0→6 (from 4 candidates)
2026-08-17 21:46:33,279 [DEBUG] cnn_neat: Split edge 0→3, new hidden node 6 (pool=3)
2026-08-17 21:46:33,283 [DEBUG] cnn_neat: Split edge 3→5, new hidden node 6 (pool=3)
2026-08-17 21:46:33,286 [DEBUG] cnn_neat: Crossover union: A_edges=3 B_added=3 dup_skipped=0 child_edges=6 nodes=6
2026-08-17 21:46:33,289 [DEBUG] cnn_neat: Added edge 3→1 (from 2 candidates)
2026-08-17 21:46:33,292 [DEBUG] cnn_neat: Added edge 0→5 (from 1 candidates)
2026-08-17 21:46:33,295 [DEBUG] cnn_neat: Added edge 0→1 (from 1 candidates)
2026-08-17 21:46:33,300 [DEBUG] cnn_neat: Split edge 0→2, new hidden node 6 (pool=4)
2026-08-17 21:46:33,303 [DEBUG] cnn_neat: Split edge 3→5, new hidden node 7 (pool=5)
2026-08-17 21:46:33,306 [DEBUG] cnn_neat: Added edge 2→5 (from 7 candidates)
2026-08-17 21:46:33,309 [DEBUG] cnn_neat: Split edge 5→1, new hidden node 6 (pool=5)
2026-08-17 21:46:33,314 [DEBUG] cnn_neat: Removed hidden node 2 (pool=1)
2026-08-17 21:46:33,316 [DEBUG] cnn_neat: Split edge 0→3, new hidden node 6 (pool=3)
2026-08-17 21:46:33,319 [DEBUG] cnn_neat: Added edge 0→3 (from 4 candidates)
2026-08-17 21:46:33,321 [DEBUG] cnn_neat: Removed edge 0→2 (from 1 candidates)
2026-08-17 21:46:33,324 [DEBUG] cnn_neat: Split edge 0→3, new hidden node 6 (pool=3)
2026-08-17 21:46:33,327 [DEBUG] cnn_neat: Added edge 3→1 (from 4 candidates)
2026-08-17 21:46:33,329 [DEBUG] cnn_neat: Removed 1 edges (requested 3)
2026-08-17 21:46:33,332 [DEBUG] cnn_neat: Split edge 3→5, new hidden node 6 (pool=3)
2026-08-17 21:46:33,334 [DEBUG] cnn_neat: Added edge 0→5 (from 4 candidates)
2026-08-17 21:46:33,338 [DEBUG] cnn_neat: Crossover rejected: copied edge has no live Conv2d
2026-08-17 21:46:33,341 [DEBUG] cnn_neat: Split edge 3→5, new hidden node 6 (pool=4)
2026-08-17 21:46:33,343 [DEBUG] cnn_neat: Added edge 3→2 (from 7 candidates)
2026-08-17 21:46:33,346 [DEBUG] cnn_neat: Added edge 5→2 (from 5 candidates)
2026-08-17 21:46:33,348 [DEBUG] cnn_neat: Added edge 2→1 (from 3 candidates)
2026-08-17 21:46:33,352 [DEBUG] cnn_neat: Added edge 0→5 (from 2 candidates)
2026-08-17 21:46:33,357 [DEBUG] cnn_neat: Added edge 0→1 (from 2 candidates)
2026-08-17 21:46:33,360 [DEBUG] cnn_neat: Split edge 0→6, new hidden node 7 (pool=5)
2026-08-17 21:46:33,363 [DEBUG] cnn_neat: Added edge 2→3 (from 13 candidates)
2026-08-17 21:46:33,367 [DEBUG] cnn_neat: Removed hidden node 6 (pool=2)
2026-08-17 21:46:33,370 [DEBUG] cnn_neat: Split edge 0→3, new hidden node 6 (pool=3)
2026-08-17 21:46:33,373 [DEBUG] cnn_neat: Added edge 0→5 (from 4 candidates)
2026-08-17 21:46:33,376 [DEBUG] cnn_neat: Removed edge 0→6 (from 2 candidates)
2026-08-17 21:46:33,379 [DEBUG] cnn_neat: Removed 2 edges (requested 3)
2026-08-17 21:46:33,381 [DEBUG] cnn_neat: Split edge 0→3, new hidden node 6 (pool=3)
2026-08-17 21:46:33,384 [DEBUG] cnn_neat: Added edge 6→5 (from 4 candidates)
2026-08-17 21:46:33,388 [DEBUG] cnn_neat: Crossover rejected: copied edge has no live Conv2d
2026-08-17 21:46:33,390 [DEBUG] cnn_neat: Split edge 6→2, new hidden node 7 (pool=5)
2026-08-17 21:46:33,393 [DEBUG] cnn_neat: Added edge 6→1 (from 13 candidates)
2026-08-17 21:46:33,396 [DEBUG] cnn_neat: Added edge 2→1 (from 12 candidates)
2026-08-17 21:46:33,400 [DEBUG] cnn_neat: Added edge 5→6 (from 11 candidates)
2026-08-17 21:46:33,404 [DEBUG] cnn_neat: Added edge 0→5 (from 6 candidates)
2026-08-17 21:46:33,409 [DEBUG] cnn_neat: Added edge 3→1 (from 5 candidates)
2026-08-17 21:46:33,412 [DEBUG] cnn_neat: Split edge 2→3, new hidden node 6 (pool=5)
2026-08-17 21:46:33,418 [DEBUG] cnn_neat: Added edge 0→6 (from 9 candidates)
2026-08-17 21:46:33,421 [DEBUG] cnn_neat: Added edge 5→1 (from 6 candidates)
2026-08-17 21:46:33,426 [DEBUG] cnn_neat: Split edge 3→5, new hidden node 6 (pool=5)
2026-08-17 21:46:33,431 [DEBUG] cnn_neat: Split edge 3→5, new hidden node 6 (pool=5)
2026-08-17 21:46:33,435 [DEBUG] cnn_neat: Added edge 0→5 (from 9 candidates)
2026-08-17 21:46:33,440 [DEBUG] cnn_neat: Split edge 4→1, new hidden node 6 (pool=5)
2026-08-17 21:46:33,444 [DEBUG] cnn_neat: Crossover rejected: union topology invalid (edges=11 nodes=10)
2026-08-17 21:46:33,447 [DEBUG] cnn_neat: Split edge 2→3, new hidden node 6 (pool=5)
2026-08-17 21:46:33,451 [DEBUG] cnn_neat: Added edge 2→5 (from 9 candidates)
2026-08-17 21:46:33,454 [DEBUG] cnn_neat: Added edge 3→4 (from 6 candidates)
2026-08-17 21:46:33,458 [DEBUG] cnn_neat: Added edge 2→5 (from 6 candidates)
2026-08-17 21:46:33,462 [DEBUG] cnn_neat: Added edge 0→3 (from 6 candidates)
2026-08-17 21:46:33,466 [DEBUG] cnn_neat: Added edge 5→1 (from 6 candidates)
2026-08-17 21:46:33,470 [DEBUG] cnn_neat: Added edge 2→1 (from 5 candidates)
2026-08-17 21:46:33,474 [DEBUG] cnn_neat: Split edge 0→2, new hidden node 6 (pool=5)
2026-08-17 21:46:33,477 [DEBUG] cnn_neat: Added edge 0→5 (from 5 candidates)
2026-08-17 21:46:33,482 [DEBUG] cnn_neat: Removed hidden node 3 (pool=2)
2026-08-17 21:46:33,485 [DEBUG] cnn_neat: Removed edge 2→5 (from 4 candidates)
2026-08-17 21:46:33,487 [DEBUG] cnn_neat: Split edge 0→2, new hidden node 6 (pool=4)
2026-08-17 21:46:33,489 [DEBUG] cnn_neat: Added edge 5→6 (from 13 candidates)
2026-08-17 21:46:33,493 [DEBUG] cnn_neat: Removed 2 edges (requested 3)
2026-08-17 21:46:33,495 [DEBUG] cnn_neat: Split edge 2→5, new hidden node 6 (pool=3)
2026-08-17 21:46:33,500 [DEBUG] cnn_neat: Crossover union: A_edges=5 B_added=7 dup_skipped=0 child_edges=12 nodes=9
2026-08-17 21:46:33,504 [DEBUG] cnn_neat: Added edge 3→2 (from 5 candidates)
2026-08-17 21:46:33,507 [DEBUG] cnn_neat: Added edge 0→5 (from 3 candidates)
2026-08-17 21:46:33,511 [DEBUG] cnn_neat: Added edge 2→1 (from 3 candidates)
2026-08-17 21:46:33,515 [DEBUG] cnn_neat: Added edge 3→1 (from 2 candidates)
2026-08-17 21:46:33,519 [DEBUG] cnn_neat: Added edge 0→1 (from 1 candidates)
2026-08-17 21:46:33,522 [DEBUG] cnn_neat: Split edge 2→3, new hidden node 4 (pool=5)
2026-08-17 21:46:33,526 [DEBUG] cnn_neat: Split edge 2→1, new hidden node 5 (pool=3)
2026-08-17 21:46:33,529 [DEBUG] cnn_neat: Added edge 0→1 (from 1 candidates)
2026-08-17 21:46:33,534 [DEBUG] cnn_neat: Removed hidden node 2 (pool=2)
2026-08-17 21:46:33,535 [DEBUG] cnn_neat: Split edge 3→1, new hidden node 4 (pool=2)
2026-08-17 21:46:33,537 [DEBUG] cnn_neat: Added edge 0→4 (from 2 candidates)
2026-08-17 21:46:33,540 [DEBUG] cnn_neat: Removed edge 0→3 (from 5 candidates)
2026-08-17 21:46:33,543 [DEBUG] cnn_neat: Split edge 0→2, new hidden node 4 (pool=2)
2026-08-17 21:46:33,547 [DEBUG] cnn_neat: Added edge 0→3 (from 3 candidates)
2026-08-17 21:46:33,551 [DEBUG] cnn_neat: Removed hidden node 4 (pool=3)
2026-08-17 21:46:33,555 [DEBUG] cnn_neat: Removed 3 edges (requested 3)
2026-08-17 21:46:33,557 [DEBUG] cnn_neat: Split edge 2→1, new hidden node 3 (pool=2)
2026-08-17 21:46:33,559 [DEBUG] cnn_neat: Added edge 0→3 (from 2 candidates)
2026-08-17 21:46:33,564 [DEBUG] cnn_neat: Removed hidden node 2 (pool=1)
2026-08-17 21:46:33,567 [DEBUG] cnn_neat: Split edge 3→1, new hidden node 4 (pool=2)
2026-08-17 21:46:33,569 [DEBUG] cnn_neat: Split edge 0→3, new hidden node 5 (pool=3)
2026-08-17 21:46:33,573 [DEBUG] cnn_neat: Crossover union: A_edges=5 B_added=3 dup_skipped=0 child_edges=8 nodes=6
2026-08-17 21:46:33,577 [DEBUG] cnn_neat: Added edge 0→1 (from 1 candidates)
2026-08-17 21:46:33,586 [DEBUG] cnn_neat: Split edge 0→1, new hidden node 4 (pool=1)
2026-08-17 21:46:33,589 [DEBUG] cnn_neat: Split edge 0→4, new hidden node 6 (pool=3)
2026-08-17 21:46:33,592 [DEBUG] cnn_neat: Added edge 4→1 (from 2 candidates)
2026-08-17 21:46:33,595 [DEBUG] cnn_neat: Split edge 4→1, new hidden node 6 (pool=2)
2026-08-17 21:46:33,598 [DEBUG] cnn_neat: Split edge 4→5, new hidden node 6 (pool=3)
2026-08-17 21:46:33,601 [DEBUG] cnn_neat: Added edge 4→5 (from 4 candidates)
2026-08-17 21:46:33,604 [DEBUG] cnn_neat: Split edge 5→1, new hidden node 6 (pool=3)
2026-08-17 21:46:33,608 [DEBUG] cnn_neat: Split edge 0→4, new hidden node 6 (pool=3)
2026-08-17 21:46:33,611 [DEBUG] cnn_neat: Added edge 0→4 (from 4 candidates)
2026-08-17 21:46:33,614 [DEBUG] cnn_neat: Crossover union: A_edges=3 B_added=6 dup_skipped=0 child_edges=9 nodes=7
2026-08-17 21:46:33,617 [DEBUG] cnn_neat: Added edge 0→5 (from 2 candidates)
2026-08-17 21:46:33,620 [DEBUG] cnn_neat: Added edge 4→1 (from 2 candidates)
2026-08-17 21:46:33,623 [DEBUG] cnn_neat: Added edge 0→1 (from 1 candidates)
2026-08-17 21:46:33,629 [DEBUG] cnn_neat: Split edge 4→5, new hidden node 6 (pool=4)
2026-08-17 21:46:33,632 [DEBUG] cnn_neat: Split edge 2→1, new hidden node 7 (pool=1)
2026-08-17 21:46:33,635 [DEBUG] cnn_neat: Added edge 0→3 (from 7 candidates)
2026-08-17 21:46:33,638 [DEBUG] cnn_neat: Split edge 2→3, new hidden node 6 (pool=6)
2026-08-17 21:46:33,644 [DEBUG] cnn_neat: Removed hidden node 3 (pool=1)
2026-08-17 21:46:33,647 [DEBUG] cnn_neat: Split edge 5→2, new hidden node 6 (pool=4)
2026-08-17 21:46:33,649 [DEBUG] cnn_neat: Removed edge 2→3 (from 1 candidates)
2026-08-17 21:46:33,652 [DEBUG] cnn_neat: Split edge 2→1, new hidden node 6 (pool=4)
2026-08-17 21:46:33,657 [DEBUG] cnn_neat: Removed 1 edges (requested 3)
2026-08-17 21:46:33,661 [DEBUG] cnn_neat: Split edge 4→5, new hidden node 6 (pool=4)
2026-08-17 21:46:33,664 [DEBUG] cnn_neat: Added edge 0→5 (from 6 candidates)
2026-08-17 21:46:33,668 [DEBUG] cnn_neat: Crossover rejected: union topology invalid (edges=11 nodes=10)
2026-08-17 21:46:33,671 [DEBUG] cnn_neat: Split edge 0→4, new hidden node 6 (pool=4)
2026-08-17 21:46:33,674 [DEBUG] cnn_neat: Added edge 0→5 (from 7 candidates)
2026-08-17 21:46:33,677 [DEBUG] cnn_neat: Added edge 4→3 (from 6 candidates)
2026-08-17 21:46:33,680 [DEBUG] cnn_neat: Added edge 5→1 (from 7 candidates)
2026-08-17 21:46:33,683 [DEBUG] cnn_neat: Added edge 4→1 (from 6 candidates)
2026-08-17 21:46:33,687 [DEBUG] cnn_neat: Added edge 5→3 (from 5 candidates)
2026-08-17 21:46:33,691 [DEBUG] cnn_neat: Split edge 0→2, new hidden node 6 (pool=2)
2026-08-17 21:46:33,696 [DEBUG] cnn_neat: Added edge 4→5 (from 6 candidates)
2026-08-17 21:46:33,703 [DEBUG] cnn_neat: Removed hidden node 3 (pool=4)
2026-08-17 21:46:33,707 [DEBUG] cnn_neat: Removed edge 4→3 (from 7 candidates)
2026-08-17 21:46:33,713 [DEBUG] cnn_neat: Removed 3 edges (requested 3)
2026-08-17 21:46:33,715 [DEBUG] cnn_neat: Crossover rejected: union topology invalid (edges=13 nodes=10)
2026-08-17 21:46:33,717 [DEBUG] cnn_neat: Split edge 2→1, new hidden node 6 (pool=2)
2026-08-17 21:46:33,719 [DEBUG] cnn_neat: Added edge 3→1 (from 6 candidates)
2026-08-17 21:46:33,722 [DEBUG] cnn_neat: Added edge 2→5 (from 5 candidates)
2026-08-17 21:46:33,724 [DEBUG] cnn_neat: Added edge 0→4 (from 4 candidates)
2026-08-17 21:46:33,726 [DEBUG] cnn_neat: Added edge 4→5 (from 3 candidates)
2026-08-17 21:46:33,729 [DEBUG] cnn_neat: Added edge 2→3 (from 2 candidates)
2026-08-17 21:46:33,733 [DEBUG] cnn_neat: Added edge 6→4 (from 9 candidates)
2026-08-17 21:46:33,735 [DEBUG] cnn_neat: Added edge 3→4 (from 9 candidates)
2026-08-17 21:46:33,739 [DEBUG] cnn_neat: Added edge 0→6 (from 9 candidates)
2026-08-17 21:46:33,742 [DEBUG] cnn_neat: Removed hidden node 2 (pool=1)
2026-08-17 21:46:33,746 [DEBUG] cnn_neat: Added edge 6→5 (from 9 candidates)
2026-08-17 21:46:33,749 [DEBUG] cnn_neat: Added edge 3→4 (from 9 candidates)
2026-08-17 21:46:33,753 [DEBUG] cnn_neat: Removed hidden node 5 (pool=1)
2026-08-17 21:46:33,755 [DEBUG] cnn_neat: Crossover rejected: union topology invalid (edges=11 nodes=11)
2026-08-17 21:46:33,758 [DEBUG] cnn_neat: Added edge 2→5 (from 9 candidates)
2026-08-17 21:46:33,761 [DEBUG] cnn_neat: Removed hidden node 6 (pool=2)
2026-08-17 21:46:33,763 [DEBUG] cnn_neat: Added edge 2→3 (from 9 candidates)
2026-08-17 21:46:33,765 [DEBUG] cnn_neat: Added edge 2→5 (from 9 candidates)
2026-08-17 21:46:33,767 [DEBUG] cnn_neat: Added edge 0→6 (from 11 candidates)
2026-08-17 21:46:33,769 [DEBUG] cnn_neat: Added edge 3→1 (from 9 candidates)
2026-08-17 21:46:33,772 [DEBUG] cnn_neat: Added edge 6→5 (from 7 candidates)
2026-08-17 21:46:33,774 [DEBUG] cnn_neat: Split edge 0→2, new hidden node 5 (pool=5)
2026-08-17 21:46:33,776 [DEBUG] cnn_neat: Added edge 2→4 (from 4 candidates)
2026-08-17 21:46:33,779 [DEBUG] cnn_neat: Removed hidden node 2 (pool=1)
2026-08-17 21:46:33,780 [DEBUG] cnn_neat: Split edge 0→3, new hidden node 5 (pool=3)
2026-08-17 21:46:33,782 [DEBUG] cnn_neat: Added edge 5→4 (from 4 candidates)
2026-08-17 21:46:33,783 [DEBUG] cnn_neat: Removed edge 0→2 (from 3 candidates)
2026-08-17 21:46:33,785 [DEBUG] cnn_neat: Removed 2 edges (requested 3)
2026-08-17 21:46:33,787 [DEBUG] cnn_neat: Split edge 4→1, new hidden node 5 (pool=3)
2026-08-17 21:46:33,788 [DEBUG] cnn_neat: Added edge 4→1 (from 4 candidates)
2026-08-17 21:46:33,790 [DEBUG] cnn_neat: Crossover union: A_edges=5 B_added=4 dup_skipped=0 child_edges=9 nodes=8
2026-08-17 21:46:33,792 [DEBUG] cnn_neat: Added edge 2→4 (from 4 candidates)
2026-08-17 21:46:33,794 [DEBUG] cnn_neat: Added edge 0→4 (from 3 candidates)
2026-08-17 21:46:33,796 [DEBUG] cnn_neat: Added edge 3→1 (from 3 candidates)
2026-08-17 21:46:33,798 [DEBUG] cnn_neat: Added edge 2→1 (from 2 candidates)
2026-08-17 21:46:33,800 [DEBUG] cnn_neat: Added edge 0→1 (from 1 candidates)
2026-08-17 21:46:33,803 [DEBUG] cnn_neat: Split edge 3→4, new hidden node 6 (pool=7)
2026-08-17 21:46:33,805 [DEBUG] cnn_neat: Added edge 2→4 (from 8 candidates)
2026-08-17 21:46:33,808 [DEBUG] cnn_neat: Removed hidden node 4 (pool=3)
2026-08-17 21:46:33,810 [DEBUG] cnn_neat: Removed edge 3→4 (from 7 candidates)
2026-08-17 21:46:33,813 [DEBUG] cnn_neat: Removed 3 edges (requested 3)
2026-08-17 21:46:33,815 [DEBUG] cnn_neat: Split edge 4→1, new hidden node 5 (pool=4)
2026-08-17 21:46:33,817 [DEBUG] cnn_neat: Crossover rejected: union topology invalid (edges=13 nodes=11)
2026-08-17 21:46:33,819 [DEBUG] cnn_neat: Split edge 0→2, new hidden node 6 (pool=7)
2026-08-17 21:46:33,821 [DEBUG] cnn_neat: Added edge 0→5 (from 8 candidates)
2026-08-17 21:46:33,823 [DEBUG] cnn_neat: Added edge 2→1 (from 7 candidates)
2026-08-17 21:46:33,826 [DEBUG] cnn_neat: Added edge 4→5 (from 6 candidates)
2026-08-17 21:46:33,828 [DEBUG] cnn_neat: Added edge 0→4 (from 4 candidates)
2026-08-17 21:46:33,831 [DEBUG] cnn_neat: Added edge 2→4 (from 4 candidates)
2026-08-17 21:46:33,832 [DEBUG] cnn_neat: Split edge 0→4, new hidden node 5 (pool=4)
2026-08-17 21:46:33,834 [DEBUG] cnn_neat: Split edge 2→1, new hidden node 6 (pool=2)
2026-08-17 21:46:33,835 [DEBUG] cnn_neat: Added edge 4→1 (from 2 candidates)
2026-08-17 21:46:33,836 [DEBUG] cnn_neat: Generation bred 128 offspring from 25 parents (queue=25 enqueued=0)
2026-08-17 21:46:33,839 [DEBUG] cnn_neat: Generation 1 formed (128 models, elite_queue=25, breeders=25, offspring=128) | evaluated total: 128 | avg cycle ~26 с (last 1 of ≤5, no MAX_GENERATIONS limit)
2026-08-17 21:47:15,778 [DEBUG] cnn_neat: Saved generation 1
2026-08-17 21:47:15,836 [DEBUG] cnn_neat: Selected 25 elite individuals
2026-08-17 21:47:16,044 [DEBUG] cnn_neat: Split edge 3→1, new hidden node 5 (pool=2)
2026-08-17 21:47:16,045 [DEBUG] cnn_neat: Added edge 0→4 (from 1 candidates)
2026-08-17 21:47:16,048 [DEBUG] cnn_neat: Removed hidden node 4 (pool=1)
2026-08-17 21:47:16,048 [DEBUG] cnn_neat: Split edge 0→3, new hidden node 4 (pool=2)
2026-08-17 21:47:16,050 [DEBUG] cnn_neat: Removed edge 4→1 (from 3 candidates)
2026-08-17 21:47:16,051 [DEBUG] cnn_neat: Removed 2 edges (requested 3)
2026-08-17 21:47:16,052 [DEBUG] cnn_neat: Split edge 3→1, new hidden node 4 (pool=2)
2026-08-17 21:47:16,054 [DEBUG] cnn_neat: Added edge 3→1 (from 2 candidates)
2026-08-17 21:47:16,056 [DEBUG] cnn_neat: Removed hidden node 4 (pool=1)
2026-08-17 21:47:16,058 [DEBUG] cnn_neat: Split edge 0→3, new hidden node 4 (pool=2)
2026-08-17 21:47:16,059 [DEBUG] cnn_neat: Split edge 4→3, new hidden node 5 (pool=3)
2026-08-17 21:47:16,061 [DEBUG] cnn_neat: Crossover union: A_edges=4 B_added=6 dup_skipped=0 child_edges=10 nodes=8
2026-08-17 21:47:16,063 [DEBUG] cnn_neat: Added edge 0→4 (from 1 candidates)
2026-08-17 21:47:16,064 [DEBUG] cnn_neat: Added edge 0→1 (from 1 candidates)
2026-08-17 21:47:16,068 [DEBUG] cnn_neat: Split edge 0→1, new hidden node 5 (pool=1)
2026-08-17 21:47:16,070 [DEBUG] cnn_neat: Split edge 4→1, new hidden node 6 (pool=3)
2026-08-17 21:47:16,071 [DEBUG] cnn_neat: Added edge 4→5 (from 9 candidates)
2026-08-17 21:47:16,073 [DEBUG] cnn_neat: Removed hidden node 2 (pool=2)
2026-08-17 21:47:16,075 [DEBUG] cnn_neat: Removed edge 3→5 (from 2 candidates)
2026-08-17 21:47:16,076 [DEBUG] cnn_neat: Removed 2 edges (requested 3)
2026-08-17 21:47:16,077 [DEBUG] cnn_neat: Split edge 3→4, new hidden node 5 (pool=3)
2026-08-17 21:47:16,079 [DEBUG] cnn_neat: Added edge 0→5 (from 4 candidates)
2026-08-17 21:47:16,080 [DEBUG] cnn_neat: Crossover rejected: copied edge has no live Conv2d
2026-08-17 21:47:16,081 [DEBUG] cnn_neat: Split edge 4→1, new hidden node 6 (pool=3)
2026-08-17 21:47:16,083 [DEBUG] cnn_neat: Added edge 4→5 (from 16 candidates)
2026-08-17 21:47:16,084 [DEBUG] cnn_neat: Added edge 0→2 (from 9 candidates)
2026-08-17 21:47:16,086 [DEBUG] cnn_neat: Added edge 3→1 (from 10 candidates)
2026-08-17 21:47:16,087 [DEBUG] cnn_neat: Added edge 4→2 (from 9 candidates)
2026-08-17 21:47:16,089 [DEBUG] cnn_neat: Added edge 0→4 (from 7 candidates)
2026-08-17 21:47:16,090 [DEBUG] cnn_neat: Added edge 4→5 (from 6 candidates)
2026-08-17 21:47:16,092 [DEBUG] cnn_neat: Split edge 3→1, new hidden node 6 (pool=6)
2026-08-17 21:47:16,094 [DEBUG] cnn_neat: Added edge 3→2 (from 12 candidates)
2026-08-17 21:47:16,097 [DEBUG] cnn_neat: Removed hidden node 5 (pool=4)
2026-08-17 21:47:16,098 [DEBUG] cnn_neat: Removed edge 4→2 (from 6 candidates)
2026-08-17 21:47:16,101 [DEBUG] cnn_neat: Removed 3 edges (requested 3)
2026-08-17 21:47:16,102 [DEBUG] cnn_neat: Split edge 2→1, new hidden node 5 (pool=3)
2026-08-17 21:47:16,104 [DEBUG] cnn_neat: Added edge 0→5 (from 4 candidates)
2026-08-17 21:47:16,106 [DEBUG] cnn_neat: Removed hidden node 4 (pool=2)
2026-08-17 21:47:16,108 [DEBUG] cnn_neat: Crossover union: A_edges=6 B_added=6 dup_skipped=0 child_edges=12 nodes=9
2026-08-17 21:47:16,110 [DEBUG] cnn_neat: Added edge 4→3 (from 12 candidates)
2026-08-17 21:47:16,112 [DEBUG] cnn_neat: Added edge 4→1 (from 10 candidates)
2026-08-17 21:47:16,115 [DEBUG] cnn_neat: Added edge 0→3 (from 9 candidates)
2026-08-17 21:47:16,117 [DEBUG] cnn_neat: Added edge 0→2 (from 8 candidates)
2026-08-17 21:47:16,119 [DEBUG] cnn_neat: Added edge 3→2 (from 8 candidates)
2026-08-17 21:47:16,121 [DEBUG] cnn_neat: Split edge 0→5, new hidden node 6 (pool=7)
2026-08-17 21:47:16,123 [DEBUG] cnn_neat: Added edge 5→2 (from 9 candidates)
2026-08-17 21:47:16,127 [DEBUG] cnn_neat: Removed hidden node 4 (pool=4)
2026-08-17 21:47:16,129 [DEBUG] cnn_neat: Removed edge 2→3 (from 7 candidates)
2026-08-17 21:47:16,131 [DEBUG] cnn_neat: Split edge 3→1, new hidden node 6 (pool=6)
2026-08-17 21:47:16,133 [DEBUG] cnn_neat: Added edge 4→5 (from 16 candidates)
2026-08-17 21:47:16,135 [DEBUG] cnn_neat: Removed 3 edges (requested 3)
2026-08-17 21:47:16,138 [DEBUG] cnn_neat: Crossover union: A_edges=7 B_added=5 dup_skipped=0 child_edges=12 nodes=8
2026-08-17 21:47:16,140 [DEBUG] cnn_neat: Added edge 4→1 (from 9 candidates)
2026-08-17 21:47:16,142 [DEBUG] cnn_neat: Added edge 0→2 (from 8 candidates)
2026-08-17 21:47:16,144 [DEBUG] cnn_neat: Added edge 4→5 (from 7 candidates)
2026-08-17 21:47:16,147 [DEBUG] cnn_neat: Added edge 0→3 (from 5 candidates)
2026-08-17 21:47:16,150 [DEBUG] cnn_neat: Added edge 5→2 (from 5 candidates)
2026-08-17 21:47:16,151 [DEBUG] cnn_neat: Split edge 0→5, new hidden node 6 (pool=2)
2026-08-17 21:47:16,153 [DEBUG] cnn_neat: Added edge 4→1 (from 4 candidates)
2026-08-17 21:47:16,156 [DEBUG] cnn_neat: Removed hidden node 4 (pool=2)
2026-08-17 21:47:16,157 [DEBUG] cnn_neat: Removed edge 4→5 (from 4 candidates)
2026-08-17 21:47:16,159 [DEBUG] cnn_neat: Removed 1 edges (requested 3)
2026-08-17 21:47:16,160 [DEBUG] cnn_neat: Split edge 4→5, new hidden node 6 (pool=4)
2026-08-17 21:47:16,165 [DEBUG] cnn_neat: Crossover union: A_edges=5 B_added=3 dup_skipped=0 child_edges=8 nodes=7
2026-08-17 21:47:16,167 [DEBUG] cnn_neat: Added edge 4→1 (from 4 candidates)
2026-08-17 21:47:16,168 [DEBUG] cnn_neat: Added edge 3→1 (from 3 candidates)
2026-08-17 21:47:16,170 [DEBUG] cnn_neat: Added edge 3→5 (from 2 candidates)
2026-08-17 21:47:16,173 [DEBUG] cnn_neat: Added edge 0→4 (from 1 candidates)
2026-08-17 21:47:16,176 [DEBUG] cnn_neat: Added edge 0→1 (from 1 candidates)
2026-08-17 21:47:16,178 [DEBUG] cnn_neat: Split edge 0→3, new hidden node 11 (pool=2)
2026-08-17 21:47:16,181 [DEBUG] cnn_neat: Added edge 10→2 (from 20 candidates)
2026-08-17 21:47:16,184 [DEBUG] cnn_neat: Removed hidden node 9 (pool=5)
2026-08-17 21:47:16,186 [DEBUG] cnn_neat: Removed edge 4→2 (from 8 candidates)
2026-08-17 21:47:16,190 [DEBUG] cnn_neat: Removed 3 edges (requested 3)
2026-08-17 21:47:16,192 [DEBUG] cnn_neat: Split edge 3→1, new hidden node 5 (pool=2)
2026-08-17 21:47:16,194 [DEBUG] cnn_neat: Added edge 2→5 (from 12 candidates)
2026-08-17 21:47:16,197 [DEBUG] cnn_neat: Crossover rejected: union topology invalid (edges=13 nodes=10)
2026-08-17 21:47:16,199 [DEBUG] cnn_neat: Split edge 3→1, new hidden node 11 (pool=2)
2026-08-17 21:47:16,202 [DEBUG] cnn_neat: Added edge 2→9 (from 20 candidates)
2026-08-17 21:47:16,204 [DEBUG] cnn_neat: Added edge 4→9 (from 15 candidates)
2026-08-17 21:47:16,207 [DEBUG] cnn_neat: Added edge 9→3 (from 14 candidates)
2026-08-17 21:47:16,211 [DEBUG] cnn_neat: Added edge 0→2 (from 10 candidates)
2026-08-17 21:47:16,213 [DEBUG] cnn_neat: Added edge 2→10 (from 8 candidates)
2026-08-17 21:47:16,216 [DEBUG] cnn_neat: Split edge 0→3, new hidden node 6 (pool=2)
2026-08-17 21:47:16,218 [DEBUG] cnn_neat: Added edge 5→4 (from 11 candidates)
2026-08-17 21:47:16,221 [DEBUG] cnn_neat: Removed hidden node 3 (pool=4)
2026-08-17 21:47:16,223 [DEBUG] cnn_neat: Removed edge 0→4 (from 7 candidates)
2026-08-17 21:47:16,226 [DEBUG] cnn_neat: Removed 3 edges (requested 3)
2026-08-17 21:47:16,228 [DEBUG] cnn_neat: Crossover union: A_edges=7 B_added=3 dup_skipped=0 child_edges=10 nodes=8
2026-08-17 21:47:16,230 [DEBUG] cnn_neat: Added edge 0→2 (from 11 candidates)
2026-08-17 21:47:16,232 [DEBUG] cnn_neat: Added edge 2→5 (from 10 candidates)
2026-08-17 21:47:16,234 [DEBUG] cnn_neat: Added edge 3→2 (from 7 candidates)
2026-08-17 21:47:16,237 [DEBUG] cnn_neat: Added edge 4→5 (from 5 candidates)
2026-08-17 21:47:16,239 [DEBUG] cnn_neat: Added edge 4→1 (from 4 candidates)
2026-08-17 21:47:16,242 [DEBUG] cnn_neat: Split edge 0→3, new hidden node 7 (pool=6)
2026-08-17 21:47:16,244 [DEBUG] cnn_neat: Added edge 2→1 (from 8 candidates)
2026-08-17 21:47:16,247 [DEBUG] cnn_neat: Removed hidden node 2 (pool=2)
2026-08-17 21:47:16,248 [DEBUG] cnn_neat: Removed edge 2→3 (from 4 candidates)
2026-08-17 21:47:16,249 [DEBUG] cnn_neat: Split edge 6→2, new hidden node 7 (pool=5)
2026-08-17 21:47:16,251 [DEBUG] cnn_neat: Added edge 5→7 (from 17 candidates)
2026-08-17 21:47:16,253 [DEBUG] cnn_neat: Removed 3 edges (requested 3)
2026-08-17 21:47:16,254 [DEBUG] cnn_neat: Split edge 5→1, new hidden node 6 (pool=3)
2026-08-17 21:47:16,256 [DEBUG] cnn_neat: Added edge 5→1 (from 4 candidates)
2026-08-17 21:47:16,263 [DEBUG] cnn_neat: Crossover union: A_edges=6 B_added=7 dup_skipped=0 child_edges=13 nodes=9
2026-08-17 21:47:16,266 [DEBUG] cnn_neat: Added edge 2→5 (from 8 candidates)
2026-08-17 21:47:16,269 [DEBUG] cnn_neat: Added edge 6→3 (from 7 candidates)
2026-08-17 21:47:16,271 [DEBUG] cnn_neat: Added edge 3→1 (from 6 candidates)
2026-08-17 21:47:16,274 [DEBUG] cnn_neat: Added edge 0→2 (from 5 candidates)
2026-08-17 21:47:16,277 [DEBUG] cnn_neat: Added edge 6→5 (from 4 candidates)
2026-08-17 21:47:16,279 [DEBUG] cnn_neat: Split edge 0→3, new hidden node 5 (pool=3)
2026-08-17 21:47:16,282 [DEBUG] cnn_neat: Split edge 4→3, new hidden node 6 (pool=8)
2026-08-17 21:47:16,284 [DEBUG] cnn_neat: Added edge 0→2 (from 2 candidates)
2026-08-17 21:47:16,287 [DEBUG] cnn_neat: Removed hidden node 4 (pool=3)
2026-08-17 21:47:16,288 [DEBUG] cnn_neat: Split edge 2→3, new hidden node 4 (pool=4)
2026-08-17 21:47:16,290 [DEBUG] cnn_neat: Removed edge 2→3 (from 7 candidates)
2026-08-17 21:47:16,294 [DEBUG] cnn_neat: Removed 3 edges (requested 3)
2026-08-17 21:47:16,295 [DEBUG] cnn_neat: Split edge 3→1, new hidden node 4 (pool=4)
2026-08-17 21:47:16,297 [DEBUG] cnn_neat: Crossover rejected: union topology invalid (edges=12 nodes=9)
2026-08-17 21:47:16,299 [DEBUG] cnn_neat: Split edge 4→3, new hidden node 5 (pool=3)
2026-08-17 21:47:16,302 [DEBUG] cnn_neat: Added edge 0→2 (from 2 candidates)
2026-08-17 21:47:16,304 [DEBUG] cnn_neat: Added edge 0→1 (from 2 candidates)
2026-08-17 21:47:16,307 [DEBUG] cnn_neat: Added edge 4→1 (from 1 candidates)
2026-08-17 21:47:16,312 [DEBUG] cnn_neat: Split edge 0→1, new hidden node 5 (pool=1)
2026-08-17 21:47:16,315 [DEBUG] cnn_neat: Added edge 5→3 (from 7 candidates)
2026-08-17 21:47:16,317 [DEBUG] cnn_neat: Split edge 0→3, new hidden node 6 (pool=4)
2026-08-17 21:47:16,318 [DEBUG] cnn_neat: Added edge 4→1 (from 4 candidates)
2026-08-17 21:47:16,321 [DEBUG] cnn_neat: Split edge 0→3, new hidden node 6 (pool=4)
2026-08-17 21:47:16,323 [DEBUG] cnn_neat: Added edge 3→5 (from 6 candidates)
2026-08-17 21:47:16,325 [DEBUG] cnn_neat: Split edge 4→5, new hidden node 6 (pool=4)
2026-08-17 21:47:16,327 [DEBUG] cnn_neat: Added edge 6→1 (from 6 candidates)
2026-08-17 21:47:16,329 [DEBUG] cnn_neat: Split edge 5→1, new hidden node 6 (pool=4)
2026-08-17 21:47:16,331 [DEBUG] cnn_neat: Crossover rejected: copied edge has no live Conv2d
2026-08-17 21:47:16,333 [DEBUG] cnn_neat: Split edge 5→1, new hidden node 6 (pool=4)
2026-08-17 21:47:16,335 [DEBUG] cnn_neat: Added edge 4→6 (from 6 candidates)
2026-08-17 21:47:16,336 [DEBUG] cnn_neat: Added edge 4→1 (from 4 candidates)
2026-08-17 21:47:16,338 [DEBUG] cnn_neat: Added edge 0→5 (from 3 candidates)
2026-08-17 21:47:16,340 [DEBUG] cnn_neat: Added edge 3→1 (from 3 candidates)
2026-08-17 21:47:16,342 [DEBUG] cnn_neat: Added edge 0→4 (from 2 candidates)
2026-08-17 21:47:16,344 [DEBUG] cnn_neat: Added edge 0→1 (from 2 candidates)
2026-08-17 21:47:16,347 [DEBUG] cnn_neat: Split edge 2→1, new hidden node 6 (pool=8)
2026-08-17 21:47:16,349 [DEBUG] cnn_neat: Added edge 5→1 (from 8 candidates)
2026-08-17 21:47:16,353 [DEBUG] cnn_neat: Removed hidden node 3 (pool=4)
2026-08-17 21:47:16,355 [DEBUG] cnn_neat: Removed edge 2→1 (from 8 candidates)
2026-08-17 21:47:16,359 [DEBUG] cnn_neat: Removed 3 edges (requested 3)
2026-08-17 21:47:16,362 [DEBUG] cnn_neat: Crossover rejected: copied edge has no live Conv2d
2026-08-17 21:47:16,365 [DEBUG] cnn_neat: Split edge 4→2, new hidden node 6 (pool=8)
2026-08-17 21:47:16,368 [DEBUG] cnn_neat: Added edge 5→4 (from 8 candidates)
2026-08-17 21:47:16,371 [DEBUG] cnn_neat: Added edge 5→2 (from 5 candidates)
2026-08-17 21:47:16,373 [DEBUG] cnn_neat: Added edge 5→1 (from 4 candidates)
2026-08-17 21:47:16,377 [DEBUG] cnn_neat: Added edge 0→2 (from 3 candidates)
2026-08-17 21:47:16,380 [DEBUG] cnn_neat: Added edge 0→3 (from 2 candidates)
2026-08-17 21:47:16,382 [DEBUG] cnn_neat: Split edge 2→3, new hidden node 6 (pool=5)
2026-08-17 21:47:16,384 [DEBUG] cnn_neat: Added edge 2→4 (from 6 candidates)
2026-08-17 21:47:16,388 [DEBUG] cnn_neat: Split edge 4→5, new hidden node 6 (pool=5)
2026-08-17 21:47:16,390 [DEBUG] cnn_neat: Split edge 5→1, new hidden node 6 (pool=5)
2026-08-17 21:47:16,393 [DEBUG] cnn_neat: Split edge 0→2, new hidden node 6 (pool=5)
2026-08-17 21:47:16,395 [DEBUG] cnn_neat: Added edge 0→3 (from 9 candidates)
2026-08-17 21:47:16,400 [DEBUG] cnn_neat: Removed hidden node 2 (pool=2)
2026-08-17 21:47:16,402 [DEBUG] cnn_neat: Crossover rejected: union topology invalid (edges=11 nodes=10)
2026-08-17 21:47:16,404 [DEBUG] cnn_neat: Split edge 4→5, new hidden node 6 (pool=5)
2026-08-17 21:47:16,406 [DEBUG] cnn_neat: Added edge 0→4 (from 9 candidates)
2026-08-17 21:47:16,408 [DEBUG] cnn_neat: Added edge 4→1 (from 6 candidates)
2026-08-17 21:47:16,411 [DEBUG] cnn_neat: Added edge 0→3 (from 5 candidates)
2026-08-17 21:47:16,413 [DEBUG] cnn_neat: Added edge 2→5 (from 5 candidates)
2026-08-17 21:47:16,416 [DEBUG] cnn_neat: Added edge 2→4 (from 6 candidates)
2026-08-17 21:47:16,419 [DEBUG] cnn_neat: Added edge 0→4 (from 5 candidates)
2026-08-17 21:47:16,422 [DEBUG] cnn_neat: Split edge 0→9, new hidden node 11 (pool=2)
2026-08-17 21:47:16,425 [DEBUG] cnn_neat: Added edge 10→1 (from 17 candidates)
2026-08-17 21:47:16,430 [DEBUG] cnn_neat: Removed hidden node 5 (pool=5)
2026-08-17 21:47:16,433 [DEBUG] cnn_neat: Removed edge 8→1 (from 9 candidates)
2026-08-17 21:47:16,437 [DEBUG] cnn_neat: Removed 3 edges (requested 3)
2026-08-17 21:47:16,440 [DEBUG] cnn_neat: Crossover rejected: union topology invalid (edges=14 nodes=11)
2026-08-17 21:47:16,443 [DEBUG] cnn_neat: Split edge 0→9, new hidden node 11 (pool=2)
2026-08-17 21:47:16,447 [DEBUG] cnn_neat: Added edge 5→8 (from 27 candidates)
2026-08-17 21:47:16,450 [DEBUG] cnn_neat: Added edge 0→8 (from 17 candidates)
2026-08-17 21:47:16,453 [DEBUG] cnn_neat: Added edge 10→5 (from 15 candidates)
2026-08-17 21:47:16,456 [DEBUG] cnn_neat: Added edge 4→10 (from 13 candidates)
2026-08-17 21:47:16,459 [DEBUG] cnn_neat: Added edge 9→5 (from 9 candidates)
2026-08-17 21:47:16,463 [DEBUG] cnn_neat: Added edge 4→9 (from 6 candidates)
2026-08-17 21:47:16,465 [DEBUG] cnn_neat: Split edge 4→1, new hidden node 5 (pool=3)
2026-08-17 21:47:16,466 [DEBUG] cnn_neat: Split edge 5→1, new hidden node 6 (pool=4)
2026-08-17 21:47:16,468 [DEBUG] cnn_neat: Added edge 5→1 (from 6 candidates)
2026-08-17 21:47:16,470 [DEBUG] cnn_neat: Added edge 0→4 (from 2 candidates)
2026-08-17 21:47:16,472 [DEBUG] cnn_neat: Split edge 4→1, new hidden node 5 (pool=3)
2026-08-17 21:47:16,474 [DEBUG] cnn_neat: Added edge 0→5 (from 4 candidates)
2026-08-17 21:47:16,477 [DEBUG] cnn_neat: Removed hidden node 3 (pool=2)
2026-08-17 21:47:16,479 [DEBUG] cnn_neat: Split edge 0→3, new hidden node 5 (pool=3)
2026-08-17 21:47:16,481 [DEBUG] cnn_neat: Added edge 3→1 (from 4 candidates)
2026-08-17 21:47:16,483 [DEBUG] cnn_neat: Split edge 4→1, new hidden node 5 (pool=3)
2026-08-17 21:47:16,485 [DEBUG] cnn_neat: Added edge 4→1 (from 4 candidates)
2026-08-17 21:47:16,488 [DEBUG] cnn_neat: Removed hidden node 5 (pool=1)
2026-08-17 21:47:16,491 [DEBUG] cnn_neat: Split edge 4→1, new hidden node 5 (pool=3)
2026-08-17 21:47:16,492 [DEBUG] cnn_neat: Split edge 4→5, new hidden node 6 (pool=4)
2026-08-17 21:47:16,494 [DEBUG] cnn_neat: Added edge 4→1 (from 4 candidates)
2026-08-17 21:47:16,495 [DEBUG] cnn_neat: Weight mutation: 4 conv modules updated (direct tensor perturbation)
2026-08-17 21:47:16,498 [DEBUG] cnn_neat: Crossover union: A_edges=3 B_added=5 dup_skipped=0 child_edges=8 nodes=6
2026-08-17 21:47:16,500 [DEBUG] cnn_neat: Added edge 3→1 (from 2 candidates)
2026-08-17 21:47:16,501 [DEBUG] cnn_neat: Added edge 0→4 (from 1 candidates)
2026-08-17 21:47:16,503 [DEBUG] cnn_neat: Added edge 0→1 (from 1 candidates)
2026-08-17 21:47:16,506 [DEBUG] cnn_neat: Split edge 0→1, new hidden node 5 (pool=1)
2026-08-17 21:47:16,508 [DEBUG] cnn_neat: Added edge 4→5 (from 5 candidates)
2026-08-17 21:47:16,510 [DEBUG] cnn_neat: Split edge 3→2, new hidden node 5 (pool=4)
2026-08-17 21:47:16,511 [DEBUG] cnn_neat: Split edge 0→3, new hidden node 6 (pool=3)
2026-08-17 21:47:16,513 [DEBUG] cnn_neat: Added edge 3→1 (from 6 candidates)
2026-08-17 21:47:16,515 [DEBUG] cnn_neat: Split edge 0→3, new hidden node 5 (pool=2)
2026-08-17 21:47:16,517 [DEBUG] cnn_neat: Removed hidden node 2 (pool=1)
2026-08-17 21:47:16,519 [DEBUG] cnn_neat: Split edge 4→1, new hidden node 5 (pool=3)
2026-08-17 21:47:16,520 [DEBUG] cnn_neat: Added edge 3→5 (from 4 candidates)
2026-08-17 21:47:16,523 [DEBUG] cnn_neat: Removed hidden node 4 (pool=1)
2026-08-17 21:47:16,526 [DEBUG] cnn_neat: Split edge 3→5, new hidden node 6 (pool=3)
2026-08-17 21:47:16,527 [DEBUG] cnn_neat: Removed edge 3→2 (from 1 candidates)
2026-08-17 21:47:16,528 [DEBUG] cnn_neat: Split edge 3→4, new hidden node 5 (pool=3)
2026-08-17 21:47:16,529 [DEBUG] cnn_neat: Added edge 0→5 (from 4 candidates)
2026-08-17 21:47:16,532 [DEBUG] cnn_neat: Removed hidden node 3 (pool=1)
2026-08-17 21:47:16,533 [DEBUG] cnn_neat: Removed 1 edges (requested 3)
2026-08-17 21:47:16,535 [DEBUG] cnn_neat: Split edge 4→1, new hidden node 5 (pool=3)
2026-08-17 21:47:16,537 [DEBUG] cnn_neat: Added edge 4→1 (from 4 candidates)
2026-08-17 21:47:16,539 [DEBUG] cnn_neat: Removed hidden node 5 (pool=1)
2026-08-17 21:47:16,542 [DEBUG] cnn_neat: Split edge 3→4, new hidden node 5 (pool=3)
2026-08-17 21:47:16,543 [DEBUG] cnn_neat: Split edge 0→3, new hidden node 6 (pool=4)
2026-08-17 21:47:16,545 [DEBUG] cnn_neat: Crossover rejected: copied edge has no live Conv2d
2026-08-17 21:47:16,547 [DEBUG] cnn_neat: Split edge 4→1, new hidden node 5 (pool=4)
2026-08-17 21:47:16,548 [DEBUG] cnn_neat: Added edge 2→4 (from 6 candidates)
2026-08-17 21:47:16,550 [DEBUG] cnn_neat: Added edge 0→4 (from 4 candidates)
2026-08-17 21:47:16,552 [DEBUG] cnn_neat: Added edge 0→2 (from 3 candidates)
2026-08-17 21:47:16,554 [DEBUG] cnn_neat: Added edge 2→1 (from 3 candidates)
2026-08-17 21:47:16,556 [DEBUG] cnn_neat: Added edge 3→1 (from 2 candidates)
2026-08-17 21:47:16,558 [DEBUG] cnn_neat: Split edge 2→1, new hidden node 6 (pool=6)
2026-08-17 21:47:16,561 [DEBUG] cnn_neat: Split edge 3→5, new hidden node 7 (pool=3)
2026-08-17 21:47:16,563 [DEBUG] cnn_neat: Added edge 4→5 (from 12 candidates)
2026-08-17 21:47:16,566 [DEBUG] cnn_neat: Removed hidden node 2 (pool=4)
2026-08-17 21:47:16,567 [DEBUG] cnn_neat: Removed edge 0→3 (from 6 candidates)
2026-08-17 21:47:16,570 [DEBUG] cnn_neat: Removed 3 edges (requested 3)
2026-08-17 21:47:16,572 [DEBUG] cnn_neat: Split edge 0→3, new hidden node 6 (pool=3)
2026-08-17 21:47:16,573 [DEBUG] cnn_neat: Added edge 0→5 (from 4 candidates)
2026-08-17 21:47:16,576 [DEBUG] cnn_neat: Removed hidden node 3 (pool=2)
2026-08-17 21:47:16,578 [DEBUG] cnn_neat: Crossover rejected: union topology invalid (edges=15 nodes=11)
2026-08-17 21:47:16,580 [DEBUG] cnn_neat: Split edge 4→2, new hidden node 6 (pool=6)
2026-08-17 21:47:16,582 [DEBUG] cnn_neat: Added edge 4→3 (from 12 candidates)
2026-08-17 21:47:16,584 [DEBUG] cnn_neat: Added edge 4→5 (from 9 candidates)
2026-08-17 21:47:16,587 [DEBUG] cnn_neat: Added edge 2→5 (from 8 candidates)
2026-08-17 21:47:16,590 [DEBUG] cnn_neat: Added edge 2→3 (from 6 candidates)
2026-08-17 21:47:16,593 [DEBUG] cnn_neat: Added edge 0→2 (from 4 candidates)
2026-08-17 21:47:16,594 [DEBUG] cnn_neat: Split edge 3→1, new hidden node 5 (pool=2)
2026-08-17 21:47:16,596 [DEBUG] cnn_neat: Split edge 3→5, new hidden node 6 (pool=6)
2026-08-17 21:47:16,598 [DEBUG] cnn_neat: Added edge 3→4 (from 6 candidates)
2026-08-17 21:47:16,601 [DEBUG] cnn_neat: Removed hidden node 2 (pool=3)
2026-08-17 21:47:16,602 [DEBUG] cnn_neat: Split edge 3→1, new hidden node 5 (pool=3)
2026-08-17 21:47:16,603 [DEBUG] cnn_neat: Added edge 5→4 (from 7 candidates)
2026-08-17 21:47:16,604 [DEBUG] cnn_neat: Removed edge 4→2 (from 5 candidates)
2026-08-17 21:47:16,607 [DEBUG] cnn_neat: Removed 3 edges (requested 3)
2026-08-17 21:47:16,608 [DEBUG] cnn_neat: Split edge 0→3, new hidden node 4 (pool=2)
2026-08-17 21:47:16,610 [DEBUG] cnn_neat: Crossover rejected: union topology invalid (edges=10 nodes=9)
2026-08-17 21:47:16,612 [DEBUG] cnn_neat: Split edge 3→1, new hidden node 5 (pool=2)
2026-08-17 21:47:16,615 [DEBUG] cnn_neat: Added edge 4→5 (from 12 candidates)
2026-08-17 21:47:16,619 [DEBUG] cnn_neat: Removed hidden node 2 (pool=4)
2026-08-17 21:47:16,620 [DEBUG] cnn_neat: Added edge 0→2 (from 6 candidates)
2026-08-17 21:47:16,622 [DEBUG] cnn_neat: Added edge 0→1 (from 6 candidates)
2026-08-17 21:47:16,624 [DEBUG] cnn_neat: Added edge 2→3 (from 5 candidates)
2026-08-17 21:47:16,627 [DEBUG] cnn_neat: Added edge 4→1 (from 2 candidates)
2026-08-17 21:47:16,629 [DEBUG] cnn_neat: Added edge 4→3 (from 1 candidates)
2026-08-17 21:47:16,632 [DEBUG] cnn_neat: Split edge 0→1, new hidden node 5 (pool=1)
2026-08-17 21:47:16,635 [DEBUG] cnn_neat: Added edge 5→3 (from 7 candidates)
2026-08-17 21:47:16,640 [DEBUG] cnn_neat: Removed hidden node 5 (pool=4)
2026-08-17 21:47:16,642 [DEBUG] cnn_neat: Split edge 0→3, new hidden node 5 (pool=2)
2026-08-17 21:47:16,644 [DEBUG] cnn_neat: Split edge 0→5, new hidden node 6 (pool=7)
2026-08-17 21:47:16,646 [DEBUG] cnn_neat: Added edge 2→5 (from 14 candidates)
2026-08-17 21:47:16,648 [DEBUG] cnn_neat: Added edge 4→1 (from 3 candidates)
2026-08-17 21:47:16,651 [DEBUG] cnn_neat: Removed hidden node 2 (pool=3)
2026-08-17 21:47:16,652 [DEBUG] cnn_neat: Split edge 0→4, new hidden node 5 (pool=3)
2026-08-17 21:47:16,654 [DEBUG] cnn_neat: Removed edge 4→2 (from 6 candidates)
2026-08-17 21:47:16,655 [DEBUG] cnn_neat: Split edge 3→1, new hidden node 5 (pool=5)
2026-08-17 21:47:16,658 [DEBUG] cnn_neat: Removed 3 edges (requested 3)
2026-08-17 21:47:16,659 [DEBUG] cnn_neat: Split edge 0→4, new hidden node 5 (pool=3)
2026-08-17 21:47:16,661 [DEBUG] cnn_neat: Added edge 5→2 (from 4 candidates)
2026-08-17 21:47:16,664 [DEBUG] cnn_neat: Removed hidden node 4 (pool=1)
2026-08-17 21:47:16,667 [DEBUG] cnn_neat: Crossover union: A_edges=6 B_added=6 dup_skipped=0 child_edges=12 nodes=9
2026-08-17 21:47:16,669 [DEBUG] cnn_neat: Added edge 4→1 (from 3 candidates)
2026-08-17 21:47:16,671 [DEBUG] cnn_neat: Added edge 0→2 (from 2 candidates)
2026-08-17 21:47:16,673 [DEBUG] cnn_neat: Added edge 4→3 (from 2 candidates)
2026-08-17 21:47:16,676 [DEBUG] cnn_neat: Added edge 0→1 (from 1 candidates)
2026-08-17 21:47:16,680 [DEBUG] cnn_neat: Split edge 0→1, new hidden node 5 (pool=1)
2026-08-17 21:47:16,683 [DEBUG] cnn_neat: Added edge 4→5 (from 7 candidates)
2026-08-17 21:47:16,684 [DEBUG] cnn_neat: Split edge 3→2, new hidden node 5 (pool=5)
2026-08-17 21:47:16,686 [DEBUG] cnn_neat: Added edge 4→2 (from 5 candidates)
2026-08-17 21:47:16,689 [DEBUG] cnn_neat: Removed hidden node 2 (pool=2)
2026-08-17 21:47:16,690 [DEBUG] cnn_neat: Split edge 4→1, new hidden node 5 (pool=3)
2026-08-17 21:47:16,692 [DEBUG] cnn_neat: Added edge 4→1 (from 4 candidates)
2026-08-17 21:47:16,695 [DEBUG] cnn_neat: Removed hidden node 5 (pool=1)
2026-08-17 21:47:16,697 [DEBUG] cnn_neat: Split edge 0→3, new hidden node 5 (pool=3)
2026-08-17 21:47:16,698 [DEBUG] cnn_neat: Split edge 4→1, new hidden node 6 (pool=4)
2026-08-17 21:47:16,698 [DEBUG] cnn_neat: Generation bred 128 offspring from 26 parents (queue=50 enqueued=0)
2026-08-17 21:47:16,703 [DEBUG] cnn_neat: Generation 2 formed (128 models, elite_queue=50, breeders=26, offspring=128) | evaluated total: 256 | avg cycle ~34 с (last 2 of ≤5, no MAX_GENERATIONS limit)
2026-08-17 21:48:09,941 [DEBUG] cnn_neat: Saved generation 2
2026-08-17 21:48:10,000 [DEBUG] cnn_neat: Selected 25 elite individuals
2026-08-17 21:48:10,227 [DEBUG] cnn_neat: Split edge 3→4, new hidden node 7 (pool=4)
2026-08-17 21:48:10,229 [DEBUG] cnn_neat: Added edge 3→5 (from 5 candidates)
2026-08-17 21:48:10,232 [DEBUG] cnn_neat: Removed hidden node 6 (pool=1)
2026-08-17 21:48:10,233 [DEBUG] cnn_neat: Split edge 3→4, new hidden node 6 (pool=4)
2026-08-17 21:48:10,235 [DEBUG] cnn_neat: Removed edge 5→1 (from 3 candidates)
2026-08-17 21:48:10,237 [DEBUG] cnn_neat: Split edge 6→1, new hidden node 7 (pool=5)
2026-08-17 21:48:10,239 [DEBUG] cnn_neat: Removed 2 edges (requested 3)
2026-08-17 21:48:10,241 [DEBUG] cnn_neat: Split edge 3→4, new hidden node 6 (pool=4)
2026-08-17 21:48:10,243 [DEBUG] cnn_neat: Added edge 3→5 (from 6 candidates)
2026-08-17 21:48:10,245 [DEBUG] cnn_neat: Crossover rejected: union topology invalid (edges=14 nodes=11)
2026-08-17 21:48:10,247 [DEBUG] cnn_neat: Split edge 5→1, new hidden node 7 (pool=4)
2026-08-17 21:48:10,249 [DEBUG] cnn_neat: Added edge 0→5 (from 5 candidates)
2026-08-17 21:48:10,251 [DEBUG] cnn_neat: Added edge 4→6 (from 7 candidates)
2026-08-17 21:48:10,253 [DEBUG] cnn_neat: Added edge 0→4 (from 6 candidates)
2026-08-17 21:48:10,255 [DEBUG] cnn_neat: Added edge 0→6 (from 5 candidates)
2026-08-17 21:48:10,258 [DEBUG] cnn_neat: Added edge 3→1 (from 5 candidates)
2026-08-17 21:48:10,260 [DEBUG] cnn_neat: Split edge 0→3, new hidden node 7 (pool=4)
2026-08-17 21:48:10,261 [DEBUG] cnn_neat: Added edge 3→6 (from 5 candidates)
2026-08-17 21:48:10,265 [DEBUG] cnn_neat: Removed hidden node 5 (pool=1)
2026-08-17 21:48:10,267 [DEBUG] cnn_neat: Removed edge 6→5 (from 3 candidates)
2026-08-17 21:48:10,269 [DEBUG] cnn_neat: Removed 2 edges (requested 3)
2026-08-17 21:48:10,270 [DEBUG] cnn_neat: Split edge 3→4, new hidden node 7 (pool=4)
2026-08-17 21:48:10,272 [DEBUG] cnn_neat: Crossover rejected: union topology invalid (edges=10 nodes=8)
2026-08-17 21:48:10,274 [DEBUG] cnn_neat: Split edge 6→1, new hidden node 7 (pool=4)
2026-08-17 21:48:10,276 [DEBUG] cnn_neat: Added edge 3→5 (from 5 candidates)
2026-08-17 21:48:10,278 [DEBUG] cnn_neat: Added edge 4→1 (from 5 candidates)
2026-08-17 21:48:10,280 [DEBUG] cnn_neat: Added edge 4→5 (from 4 candidates)
2026-08-17 21:48:10,283 [DEBUG] cnn_neat: Added edge 3→6 (from 3 candidates)
2026-08-17 21:48:10,285 [DEBUG] cnn_neat: Added edge 0→4 (from 4 candidates)
2026-08-17 21:48:10,287 [DEBUG] cnn_neat: Split edge 3→4, new hidden node 6 (pool=5)
2026-08-17 21:48:10,289 [DEBUG] cnn_neat: Added edge 4→5 (from 5 candidates)
2026-08-17 21:48:10,291 [DEBUG] cnn_neat: Removed hidden node 4 (pool=2)
2026-08-17 21:48:10,292 [DEBUG] cnn_neat: Removed edge 3→4 (from 4 candidates)
2026-08-17 21:48:10,294 [DEBUG] cnn_neat: Removed 2 edges (requested 3)
2026-08-17 21:48:10,298 [DEBUG] cnn_neat: Split edge 5→1, new hidden node 6 (pool=3)
2026-08-17 21:48:10,300 [DEBUG] cnn_neat: Crossover union: A_edges=5 B_added=8 dup_skipped=0 child_edges=13 nodes=9
2026-08-17 21:48:10,303 [DEBUG] cnn_neat: Added edge 4→5 (from 5 candidates)
2026-08-17 21:48:10,306 [DEBUG] cnn_neat: Added edge 0→4 (from 3 candidates)
2026-08-17 21:48:10,308 [DEBUG] cnn_neat: Added edge 0→5 (from 2 candidates)
2026-08-17 21:48:10,311 [DEBUG] cnn_neat: Added edge 3→1 (from 2 candidates)
2026-08-17 21:48:10,313 [DEBUG] cnn_neat: Added edge 0→1 (from 1 candidates)
2026-08-17 21:48:10,316 [DEBUG] cnn_neat: Split edge 5→2, new hidden node 6 (pool=8)
2026-08-17 21:48:10,319 [DEBUG] cnn_neat: Added edge 4→5 (from 7 candidates)
2026-08-17 21:48:10,322 [DEBUG] cnn_neat: Removed hidden node 2 (pool=4)
2026-08-17 21:48:10,324 [DEBUG] cnn_neat: Removed edge 4→2 (from 8 candidates)
2026-08-17 21:48:10,329 [DEBUG] cnn_neat: Removed 3 edges (requested 3)
2026-08-17 21:48:10,332 [DEBUG] cnn_neat: Crossover rejected: copied edge has no live Conv2d
2026-08-17 21:48:10,334 [DEBUG] cnn_neat: Split edge 0→4, new hidden node 6 (pool=8)
2026-08-17 21:48:10,337 [DEBUG] cnn_neat: Added edge 5→4 (from 7 candidates)
2026-08-17 21:48:10,339 [DEBUG] cnn_neat: Added edge 4→3 (from 5 candidates)
2026-08-17 21:48:10,342 [DEBUG] cnn_neat: Added edge 4→1 (from 4 candidates)
2026-08-17 21:48:10,345 [DEBUG] cnn_neat: Added edge 0→3 (from 3 candidates)
2026-08-17 21:48:10,348 [DEBUG] cnn_neat: Added edge 5→1 (from 2 candidates)
2026-08-17 21:48:10,352 [DEBUG] cnn_neat: Split edge 0→9, new hidden node 10 (pool=5)
2026-08-17 21:48:10,355 [DEBUG] cnn_neat: Added edge 5→2 (from 23 candidates)
2026-08-17 21:48:10,361 [DEBUG] cnn_neat: Removed hidden node 3 (pool=6)
2026-08-17 21:48:10,365 [DEBUG] cnn_neat: Removed edge 0→9 (from 8 candidates)
2026-08-17 21:48:10,371 [DEBUG] cnn_neat: Removed 3 edges (requested 3)
2026-08-17 21:48:10,375 [DEBUG] cnn_neat: Crossover rejected: union topology invalid (edges=19 nodes=12)
2026-08-17 21:48:10,379 [DEBUG] cnn_neat: Split edge 8→9, new hidden node 10 (pool=5)
2026-08-17 21:48:10,382 [DEBUG] cnn_neat: Added edge 5→1 (from 23 candidates)
2026-08-17 21:48:10,385 [DEBUG] cnn_neat: Added edge 5→2 (from 22 candidates)
2026-08-17 21:48:10,389 [DEBUG] cnn_neat: Added edge 4→1 (from 20 candidates)
2026-08-17 21:48:10,393 [DEBUG] cnn_neat: Added edge 9→2 (from 19 candidates)
2026-08-17 21:48:10,397 [DEBUG] cnn_neat: Added edge 8→5 (from 14 candidates)
2026-08-17 21:48:10,398 [DEBUG] cnn_neat: Split edge 4→1, new hidden node 6 (pool=4)
2026-08-17 21:48:10,400 [DEBUG] cnn_neat: Added edge 0→5 (from 6 candidates)
2026-08-17 21:48:10,402 [DEBUG] cnn_neat: Removed hidden node 5 (pool=1)
2026-08-17 21:48:10,403 [DEBUG] cnn_neat: Split edge 4→1, new hidden node 5 (pool=3)
2026-08-17 21:48:10,405 [DEBUG] cnn_neat: Added edge 0→5 (from 4 candidates)
2026-08-17 21:48:10,408 [DEBUG] cnn_neat: Removed hidden node 3 (pool=2)
2026-08-17 21:48:10,409 [DEBUG] cnn_neat: Removed edge 4→5 (from 1 candidates)
2026-08-17 21:48:10,410 [DEBUG] cnn_neat: Removed edge 3→5 (from 1 candidates)
2026-08-17 21:48:10,411 [DEBUG] cnn_neat: Split edge 4→1, new hidden node 5 (pool=3)
2026-08-17 21:48:10,413 [DEBUG] cnn_neat: Added edge 3→5 (from 4 candidates)
2026-08-17 21:48:10,416 [DEBUG] cnn_neat: Removed hidden node 4 (pool=1)
2026-08-17 21:48:10,418 [DEBUG] cnn_neat: Split edge 5→1, new hidden node 6 (pool=3)
2026-08-17 21:48:10,419 [DEBUG] cnn_neat: Removed 1 edges (requested 3)
2026-08-17 21:48:10,421 [DEBUG] cnn_neat: Split edge 3→4, new hidden node 5 (pool=3)
2026-08-17 21:48:10,423 [DEBUG] cnn_neat: Added edge 0→4 (from 4 candidates)
2026-08-17 21:48:10,425 [DEBUG] cnn_neat: Removed hidden node 5 (pool=2)
2026-08-17 21:48:10,427 [DEBUG] cnn_neat: Crossover rejected: copied edge has no live Conv2d
2026-08-17 21:48:10,428 [DEBUG] cnn_neat: Split edge 3→4, new hidden node 6 (pool=4)
2026-08-17 21:48:10,429 [DEBUG] cnn_neat: Added edge 5→1 (from 6 candidates)
2026-08-17 21:48:10,431 [DEBUG] cnn_neat: Added edge 0→4 (from 5 candidates)
2026-08-17 21:48:10,433 [DEBUG] cnn_neat: Added edge 4→5 (from 4 candidates)
2026-08-17 21:48:10,434 [DEBUG] cnn_neat: Added edge 3→1 (from 2 candidates)
2026-08-17 21:48:10,436 [DEBUG] cnn_neat: Added edge 0→5 (from 1 candidates)
2026-08-17 21:48:10,438 [DEBUG] cnn_neat: Split edge 4→1, new hidden node 6 (pool=4)
2026-08-17 21:48:10,440 [DEBUG] cnn_neat: Added edge 0→4 (from 13 candidates)
2026-08-17 21:48:10,442 [DEBUG] cnn_neat: Removed hidden node 2 (pool=2)
2026-08-17 21:48:10,443 [DEBUG] cnn_neat: Split edge 4→1, new hidden node 5 (pool=3)
2026-08-17 21:48:10,445 [DEBUG] cnn_neat: Added edge 0→5 (from 4 candidates)
2026-08-17 21:48:10,447 [DEBUG] cnn_neat: Removed hidden node 4 (pool=2)
2026-08-17 21:48:10,448 [DEBUG] cnn_neat: Removed edge 0→3 (from 1 candidates)
2026-08-17 21:48:10,449 [DEBUG] cnn_neat: Split edge 0→5, new hidden node 6 (pool=2)
2026-08-17 21:48:10,450 [DEBUG] cnn_neat: Removed edge 5→2 (from 1 candidates)
2026-08-17 21:48:10,451 [DEBUG] cnn_neat: Split edge 0→3, new hidden node 5 (pool=3)
2026-08-17 21:48:10,453 [DEBUG] cnn_neat: Added edge 0→4 (from 4 candidates)
2026-08-17 21:48:10,454 [DEBUG] cnn_neat: Removed 1 edges (requested 3)
2026-08-17 21:48:10,455 [DEBUG] cnn_neat: Split edge 3→4, new hidden node 5 (pool=3)
2026-08-17 21:48:10,457 [DEBUG] cnn_neat: Added edge 0→5 (from 4 candidates)
2026-08-17 21:48:10,459 [DEBUG] cnn_neat: Removed hidden node 3 (pool=1)
2026-08-17 21:48:10,462 [DEBUG] cnn_neat: Split edge 4→1, new hidden node 6 (pool=3)
2026-08-17 21:48:10,464 [DEBUG] cnn_neat: Crossover rejected: copied edge has no live Conv2d
2026-08-17 21:48:10,465 [DEBUG] cnn_neat: Split edge 3→4, new hidden node 6 (pool=4)
2026-08-17 21:48:10,467 [DEBUG] cnn_neat: Added edge 0→4 (from 13 candidates)
2026-08-17 21:48:10,469 [DEBUG] cnn_neat: Added edge 5→1 (from 12 candidates)
2026-08-17 21:48:10,470 [DEBUG] cnn_neat: Added edge 5→3 (from 11 candidates)
2026-08-17 21:48:10,472 [DEBUG] cnn_neat: Added edge 0→1 (from 10 candidates)
2026-08-17 21:48:10,473 [DEBUG] cnn_neat: Added edge 5→4 (from 6 candidates)
2026-08-17 21:48:10,475 [DEBUG] cnn_neat: Split edge 4→5, new hidden node 6 (pool=4)
2026-08-17 21:48:10,477 [DEBUG] cnn_neat: Added edge 2→1 (from 6 candidates)
2026-08-17 21:48:10,479 [DEBUG] cnn_neat: Removed hidden node 5 (pool=2)
2026-08-17 21:48:10,481 [DEBUG] cnn_neat: Split edge 0→3, new hidden node 5 (pool=3)
2026-08-17 21:48:10,482 [DEBUG] cnn_neat: Added edge 5→4 (from 4 candidates)
2026-08-17 21:48:10,485 [DEBUG] cnn_neat: Removed hidden node 3 (pool=1)
2026-08-17 21:48:10,488 [DEBUG] cnn_neat: Split edge 0→5, new hidden node 6 (pool=3)
2026-08-17 21:48:10,489 [DEBUG] cnn_neat: Removed edge 4→5 (from 2 candidates)
2026-08-17 21:48:10,491 [DEBUG] cnn_neat: Split edge 4→1, new hidden node 6 (pool=3)
2026-08-17 21:48:10,492 [DEBUG] cnn_neat: Added edge 5→6 (from 16 candidates)
2026-08-17 21:48:10,495 [DEBUG] cnn_neat: Removed 3 edges (requested 3)
2026-08-17 21:48:10,496 [DEBUG] cnn_neat: Split edge 3→4, new hidden node 5 (pool=3)
2026-08-17 21:48:10,498 [DEBUG] cnn_neat: Added edge 0→5 (from 4 candidates)
2026-08-17 21:48:10,501 [DEBUG] cnn_neat: Removed hidden node 3 (pool=1)
2026-08-17 21:48:10,503 [DEBUG] cnn_neat: Split edge 0→5, new hidden node 6 (pool=3)
2026-08-17 21:48:10,505 [DEBUG] cnn_neat: Crossover rejected: union topology invalid (edges=14 nodes=11)
2026-08-17 21:48:10,507 [DEBUG] cnn_neat: Split edge 0→3, new hidden node 6 (pool=4)
2026-08-17 21:48:10,508 [DEBUG] cnn_neat: Added edge 4→2 (from 6 candidates)
2026-08-17 21:48:10,510 [DEBUG] cnn_neat: Added edge 0→4 (from 6 candidates)
2026-08-17 21:48:10,512 [DEBUG] cnn_neat: Added edge 2→1 (from 6 candidates)
2026-08-17 21:48:10,515 [DEBUG] cnn_neat: Added edge 0→5 (from 5 candidates)
2026-08-17 21:48:10,518 [DEBUG] cnn_neat: Added edge 3→1 (from 4 candidates)
2026-08-17 21:48:10,519 [DEBUG] cnn_neat: Split edge 0→4, new hidden node 5 (pool=4)
2026-08-17 21:48:10,521 [DEBUG] cnn_neat: Added edge 3→1 (from 2 candidates)
2026-08-17 21:48:10,523 [DEBUG] cnn_neat: Split edge 0→4, new hidden node 5 (pool=5)
2026-08-17 21:48:10,525 [DEBUG] cnn_neat: Removed hidden node 3 (pool=1)
2026-08-17 21:48:10,527 [DEBUG] cnn_neat: Removed edge 0→3 (from 3 candidates)
2026-08-17 21:48:10,528 [DEBUG] cnn_neat: Removed 2 edges (requested 3)
2026-08-17 21:48:10,529 [DEBUG] cnn_neat: Split edge 4→1, new hidden node 5 (pool=2)
2026-08-17 21:48:10,532 [DEBUG] cnn_neat: Crossover union: A_edges=4 B_added=5 dup_skipped=0 child_edges=9 nodes=7
2026-08-17 21:48:10,533 [DEBUG] cnn_neat: Added edge 0→1 (from 2 candidates)
2026-08-17 21:48:10,535 [DEBUG] cnn_neat: Added edge 3→1 (from 1 candidates)
2026-08-17 21:48:10,540 [DEBUG] cnn_neat: Split edge 0→1, new hidden node 5 (pool=1)
2026-08-17 21:48:10,542 [DEBUG] cnn_neat: Added edge 3→5 (from 5 candidates)
2026-08-17 21:48:10,545 [DEBUG] cnn_neat: Split edge 2→1, new hidden node 7 (pool=4)
2026-08-17 21:48:10,548 [DEBUG] cnn_neat: Added edge 6→2 (from 15 candidates)
2026-08-17 21:48:10,551 [DEBUG] cnn_neat: Removed hidden node 6 (pool=5)
2026-08-17 21:48:10,553 [DEBUG] cnn_neat: Removed edge 3→5 (from 8 candidates)
2026-08-17 21:48:10,557 [DEBUG] cnn_neat: Removed 3 edges (requested 3)
2026-08-17 21:48:10,560 [DEBUG] cnn_neat: Crossover union: A_edges=8 B_added=7 dup_skipped=0 child_edges=15 nodes=11
2026-08-17 21:48:10,563 [DEBUG] cnn_neat: Added edge 6→2 (from 15 candidates)
2026-08-17 21:48:10,566 [DEBUG] cnn_neat: Added edge 4→6 (from 13 candidates)
2026-08-17 21:48:10,569 [DEBUG] cnn_neat: Added edge 0→5 (from 9 candidates)
2026-08-17 21:48:10,572 [DEBUG] cnn_neat: Added edge 5→2 (from 11 candidates)
2026-08-17 21:48:10,575 [DEBUG] cnn_neat: Added edge 6→5 (from 8 candidates)
2026-08-17 21:48:10,578 [DEBUG] cnn_neat: Split edge 4→2, new hidden node 7 (pool=3)
2026-08-17 21:48:10,580 [DEBUG] cnn_neat: Added edge 2→5 (from 16 candidates)
2026-08-17 21:48:10,584 [DEBUG] cnn_neat: Removed hidden node 5 (pool=5)
2026-08-17 21:48:10,586 [DEBUG] cnn_neat: Removed edge 2→1 (from 7 candidates)
2026-08-17 21:48:10,588 [DEBUG] cnn_neat: Removed 3 edges (requested 3)
2026-08-17 21:48:10,591 [DEBUG] cnn_neat: Crossover rejected: union topology invalid (edges=13 nodes=11)
2026-08-17 21:48:10,594 [DEBUG] cnn_neat: Split edge 2→1, new hidden node 7 (pool=3)
2026-08-17 21:48:10,596 [DEBUG] cnn_neat: Added edge 2→6 (from 16 candidates)
2026-08-17 21:48:10,599 [DEBUG] cnn_neat: Added edge 5→6 (from 14 candidates)
2026-08-17 21:48:10,601 [DEBUG] cnn_neat: Added edge 5→1 (from 15 candidates)
2026-08-17 21:48:10,604 [DEBUG] cnn_neat: Added edge 4→6 (from 14 candidates)
2026-08-17 21:48:10,607 [DEBUG] cnn_neat: Added edge 2→3 (from 13 candidates)
2026-08-17 21:48:10,610 [DEBUG] cnn_neat: Split edge 2→5, new hidden node 6 (pool=7)
2026-08-17 21:48:10,612 [DEBUG] cnn_neat: Added edge 0→2 (from 9 candidates)
2026-08-17 21:48:10,616 [DEBUG] cnn_neat: Removed hidden node 4 (pool=4)
2026-08-17 21:48:10,618 [DEBUG] cnn_neat: Removed edge 4→2 (from 7 candidates)
2026-08-17 21:48:10,621 [DEBUG] cnn_neat: Removed 3 edges (requested 3)
2026-08-17 21:48:10,622 [DEBUG] cnn_neat: Split edge 5→1, new hidden node 6 (pool=4)
2026-08-17 21:48:10,625 [DEBUG] cnn_neat: Crossover rejected: union topology invalid (edges=11 nodes=10)
2026-08-17 21:48:10,627 [DEBUG] cnn_neat: Split edge 2→1, new hidden node 6 (pool=7)
2026-08-17 21:48:10,630 [DEBUG] cnn_neat: Added edge 4→3 (from 9 candidates)
2026-08-17 21:48:10,632 [DEBUG] cnn_neat: Added edge 4→5 (from 7 candidates)
2026-08-17 21:48:10,635 [DEBUG] cnn_neat: Added edge 3→2 (from 6 candidates)
2026-08-17 21:48:10,637 [DEBUG] cnn_neat: Added edge 0→5 (from 4 candidates)
2026-08-17 21:48:10,640 [DEBUG] cnn_neat: Added edge 3→1 (from 3 candidates)
2026-08-17 21:48:10,642 [DEBUG] cnn_neat: Split edge 0→4, new hidden node 5 (pool=4)
2026-08-17 21:48:10,643 [DEBUG] cnn_neat: Added edge 4→1 (from 7 candidates)
2026-08-17 21:48:10,646 [DEBUG] cnn_neat: Removed hidden node 3 (pool=1)
2026-08-17 21:48:10,647 [DEBUG] cnn_neat: Split edge 4→2, new hidden node 5 (pool=3)
2026-08-17 21:48:10,649 [DEBUG] cnn_neat: Added edge 5→1 (from 4 candidates)
2026-08-17 21:48:10,650 [DEBUG] cnn_neat: Removed edge 3→1 (from 1 candidates)
2026-08-17 21:48:10,651 [DEBUG] cnn_neat: Split edge 0→4, new hidden node 5 (pool=3)
2026-08-17 21:48:10,653 [DEBUG] cnn_neat: Added edge 0→4 (from 4 candidates)
2026-08-17 21:48:10,656 [DEBUG] cnn_neat: Removed hidden node 5 (pool=1)
2026-08-17 21:48:10,659 [DEBUG] cnn_neat: Split edge 2→1, new hidden node 5 (pool=3)
2026-08-17 21:48:10,661 [DEBUG] cnn_neat: Split edge 0→4, new hidden node 6 (pool=4)
2026-08-17 21:48:10,662 [DEBUG] cnn_neat: Removed 1 edges (requested 3)
2026-08-17 21:48:10,663 [DEBUG] cnn_neat: Split edge 2→1, new hidden node 5 (pool=3)
2026-08-17 21:48:10,665 [DEBUG] cnn_neat: Added edge 2→1 (from 4 candidates)
2026-08-17 21:48:10,667 [DEBUG] cnn_neat: Crossover rejected: copied edge has no live Conv2d
2026-08-17 21:48:10,668 [DEBUG] cnn_neat: Split edge 3→1, new hidden node 5 (pool=4)
2026-08-17 21:48:10,669 [DEBUG] cnn_neat: Added edge 5→2 (from 12 candidates)
2026-08-17 21:48:10,672 [DEBUG] cnn_neat: Added edge 0→2 (from 7 candidates)
2026-08-17 21:48:10,674 [DEBUG] cnn_neat: Added edge 3→4 (from 7 candidates)
2026-08-17 21:48:10,676 [DEBUG] cnn_neat: Added edge 4→1 (from 4 candidates)
2026-08-17 21:48:10,678 [DEBUG] cnn_neat: Added edge 0→1 (from 3 candidates)
2026-08-17 21:48:10,681 [DEBUG] cnn_neat: Added edge 0→3 (from 2 candidates)
2026-08-17 21:48:10,683 [DEBUG] cnn_neat: Split edge 0→3, new hidden node 5 (pool=2)
2026-08-17 21:48:10,686 [DEBUG] cnn_neat: Split edge 3→1, new hidden node 6 (pool=3)
2026-08-17 21:48:10,688 [DEBUG] cnn_neat: Added edge 0→4 (from 1 candidates)
2026-08-17 21:48:10,690 [DEBUG] cnn_neat: Split edge 4→1, new hidden node 5 (pool=5)
2026-08-17 21:48:10,692 [DEBUG] cnn_neat: Removed hidden node 4 (pool=1)
2026-08-17 21:48:10,693 [DEBUG] cnn_neat: Split edge 3→1, new hidden node 4 (pool=2)
2026-08-17 21:48:10,695 [DEBUG] cnn_neat: Added edge 0→4 (from 2 candidates)
2026-08-17 21:48:10,697 [DEBUG] cnn_neat: Removed hidden node 3 (pool=1)
2026-08-17 21:48:10,699 [DEBUG] cnn_neat: Split edge 4→1, new hidden node 5 (pool=2)
2026-08-17 21:48:10,701 [DEBUG] cnn_neat: Split edge 0→4, new hidden node 6 (pool=3)
2026-08-17 21:48:10,702 [DEBUG] cnn_neat: Removed edge 3→1 (from 3 candidates)
2026-08-17 21:48:10,704 [DEBUG] cnn_neat: Split edge 0→3, new hidden node 5 (pool=3)
2026-08-17 21:48:10,706 [DEBUG] cnn_neat: Added edge 0→3 (from 4 candidates)
2026-08-17 21:48:10,707 [DEBUG] cnn_neat: Removed 1 edges (requested 3)
2026-08-17 21:48:10,709 [DEBUG] cnn_neat: Split edge 4→1, new hidden node 5 (pool=3)
2026-08-17 21:48:10,710 [DEBUG] cnn_neat: Added edge 0→4 (from 4 candidates)
2026-08-17 21:48:10,713 [DEBUG] cnn_neat: Removed hidden node 3 (pool=1)
2026-08-17 21:48:10,715 [DEBUG] cnn_neat: Split edge 0→4, new hidden node 6 (pool=3)
2026-08-17 21:48:10,717 [DEBUG] cnn_neat: Split edge 4→5, new hidden node 7 (pool=4)
2026-08-17 21:48:10,719 [DEBUG] cnn_neat: Crossover union: A_edges=4 B_added=5 dup_skipped=0 child_edges=9 nodes=7
2026-08-17 21:48:10,721 [DEBUG] cnn_neat: Added edge 0→4 (from 1 candidates)
2026-08-17 21:48:10,723 [DEBUG] cnn_neat: Added edge 0→1 (from 1 candidates)
2026-08-17 21:48:10,727 [DEBUG] cnn_neat: Split edge 0→1, new hidden node 5 (pool=1)
2026-08-17 21:48:10,729 [DEBUG] cnn_neat: Added edge 5→3 (from 5 candidates)
2026-08-17 21:48:10,730 [DEBUG] cnn_neat: Split edge 3→4, new hidden node 5 (pool=3)
2026-08-17 21:48:10,732 [DEBUG] cnn_neat: Split edge 4→1, new hidden node 6 (pool=4)
2026-08-17 21:48:10,734 [DEBUG] cnn_neat: Added edge 0→4 (from 2 candidates)
2026-08-17 21:48:10,735 [DEBUG] cnn_neat: Split edge 4→1, new hidden node 5 (pool=4)
2026-08-17 21:48:10,737 [DEBUG] cnn_neat: Added edge 3→5 (from 4 candidates)
2026-08-17 21:48:10,739 [DEBUG] cnn_neat: Split edge 3→4, new hidden node 5 (pool=3)
2026-08-17 21:48:10,740 [DEBUG] cnn_neat: Added edge 0→5 (from 4 candidates)
2026-08-17 21:48:10,743 [DEBUG] cnn_neat: Removed hidden node 3 (pool=1)
2026-08-17 21:48:10,745 [DEBUG] cnn_neat: Split edge 0→5, new hidden node 6 (pool=3)
2026-08-17 21:48:10,747 [DEBUG] cnn_neat: Split edge 5→4, new hidden node 7 (pool=4)
2026-08-17 21:48:10,749 [DEBUG] cnn_neat: Split edge 3→4, new hidden node 5 (pool=3)
2026-08-17 21:48:10,750 [DEBUG] cnn_neat: Added edge 5→1 (from 4 candidates)
2026-08-17 21:48:10,752 [DEBUG] cnn_neat: Split edge 0→3, new hidden node 5 (pool=3)
2026-08-17 21:48:10,754 [DEBUG] cnn_neat: Added edge 5→4 (from 4 candidates)
2026-08-17 21:48:10,756 [DEBUG] cnn_neat: Removed hidden node 3 (pool=1)
2026-08-17 21:48:10,759 [DEBUG] cnn_neat: Split edge 0→5, new hidden node 6 (pool=3)
2026-08-17 21:48:10,760 [DEBUG] cnn_neat: Split edge 5→4, new hidden node 7 (pool=4)
2026-08-17 21:48:10,762 [DEBUG] cnn_neat: Crossover union: A_edges=3 B_added=5 dup_skipped=0 child_edges=8 nodes=7
2026-08-17 21:48:10,763 [DEBUG] cnn_neat: Added edge 0→4 (from 2 candidates)
2026-08-17 21:48:10,765 [DEBUG] cnn_neat: Added edge 3→1 (from 2 candidates)
2026-08-17 21:48:10,767 [DEBUG] cnn_neat: Added edge 0→1 (from 1 candidates)
2026-08-17 21:48:10,770 [DEBUG] cnn_neat: Split edge 0→1, new hidden node 5 (pool=1)
2026-08-17 21:48:10,772 [DEBUG] cnn_neat: Added edge 5→3 (from 5 candidates)
2026-08-17 21:48:10,775 [DEBUG] cnn_neat: Removed hidden node 3 (pool=3)
2026-08-17 21:48:10,777 [DEBUG] cnn_neat: Split edge 3→4, new hidden node 5 (pool=4)
2026-08-17 21:48:10,778 [DEBUG] cnn_neat: Added edge 3→1 (from 6 candidates)
2026-08-17 21:48:10,780 [DEBUG] cnn_neat: Split edge 3→1, new hidden node 5 (pool=2)
2026-08-17 21:48:10,782 [DEBUG] cnn_neat: Removed hidden node 2 (pool=1)
2026-08-17 21:48:10,784 [DEBUG] cnn_neat: Split edge 3→4, new hidden node 5 (pool=3)
2026-08-17 21:48:10,785 [DEBUG] cnn_neat: Added edge 3→4 (from 4 candidates)
2026-08-17 21:48:10,786 [DEBUG] cnn_neat: Removed edge 3→2 (from 1 candidates)
2026-08-17 21:48:10,788 [DEBUG] cnn_neat: Split edge 0→3, new hidden node 5 (pool=3)
2026-08-17 21:48:10,789 [DEBUG] cnn_neat: Added edge 3→1 (from 4 candidates)
2026-08-17 21:48:10,792 [DEBUG] cnn_neat: Removed hidden node 4 (pool=1)
2026-08-17 21:48:10,793 [DEBUG] cnn_neat: Removed 1 edges (requested 3)
2026-08-17 21:48:10,794 [DEBUG] cnn_neat: Split edge 4→1, new hidden node 5 (pool=3)
2026-08-17 21:48:10,796 [DEBUG] cnn_neat: Added edge 0→5 (from 4 candidates)
2026-08-17 21:48:10,799 [DEBUG] cnn_neat: Removed hidden node 3 (pool=2)
2026-08-17 21:48:10,799 [DEBUG] cnn_neat: Removed edge 4→5 (from 1 candidates)
2026-08-17 21:48:10,801 [DEBUG] cnn_neat: Split edge 5→1, new hidden node 6 (pool=2)
2026-08-17 21:48:10,803 [DEBUG] cnn_neat: Crossover rejected: copied edge has no live Conv2d
2026-08-17 21:48:10,804 [DEBUG] cnn_neat: Split edge 4→1, new hidden node 5 (pool=4)
2026-08-17 21:48:10,806 [DEBUG] cnn_neat: Added edge 2→1 (from 10 candidates)
2026-08-17 21:48:10,808 [DEBUG] cnn_neat: Added edge 4→2 (from 6 candidates)
2026-08-17 21:48:10,809 [DEBUG] cnn_neat: Added edge 0→4 (from 4 candidates)
2026-08-17 21:48:10,811 [DEBUG] cnn_neat: Added edge 2→1 (from 3 candidates)
2026-08-17 21:48:10,813 [DEBUG] cnn_neat: Added edge 0→2 (from 2 candidates)
2026-08-17 21:48:10,816 [DEBUG] cnn_neat: Added edge 0→1 (from 2 candidates)
2026-08-17 21:48:10,817 [DEBUG] cnn_neat: Split edge 4→1, new hidden node 6 (pool=3)
2026-08-17 21:48:10,819 [DEBUG] cnn_neat: Split edge 5→2, new hidden node 7 (pool=6)
2026-08-17 21:48:10,821 [DEBUG] cnn_neat: Added edge 2→1 (from 9 candidates)
2026-08-17 21:48:10,823 [DEBUG] cnn_neat: Split edge 4→1, new hidden node 6 (pool=3)
2026-08-17 21:48:10,827 [DEBUG] cnn_neat: Removed hidden node 5 (pool=2)
2026-08-17 21:48:10,828 [DEBUG] cnn_neat: Split edge 4→1, new hidden node 5 (pool=3)
2026-08-17 21:48:10,830 [DEBUG] cnn_neat: Added edge 0→5 (from 4 candidates)
2026-08-17 21:48:10,832 [DEBUG] cnn_neat: Removed hidden node 4 (pool=2)
2026-08-17 21:48:10,833 [DEBUG] cnn_neat: Removed edge 0→3 (from 1 candidates)
2026-08-17 21:48:10,834 [DEBUG] cnn_neat: Split edge 0→5, new hidden node 6 (pool=2)
2026-08-17 21:48:10,836 [DEBUG] cnn_neat: Split edge 0→6, new hidden node 7 (pool=3)
2026-08-17 21:48:10,837 [DEBUG] cnn_neat: Removed edge 5→2 (from 2 candidates)
2026-08-17 21:48:10,838 [DEBUG] cnn_neat: Split edge 4→1, new hidden node 6 (pool=4)
2026-08-17 21:48:10,840 [DEBUG] cnn_neat: Added edge 6→5 (from 10 candidates)
2026-08-17 21:48:10,842 [DEBUG] cnn_neat: Removed 2 edges (requested 3)
2026-08-17 21:48:10,843 [DEBUG] cnn_neat: Split edge 0→3, new hidden node 5 (pool=3)
2026-08-17 21:48:10,845 [DEBUG] cnn_neat: Added edge 3→1 (from 4 candidates)
2026-08-17 21:48:10,847 [DEBUG] cnn_neat: Removed hidden node 4 (pool=1)
2026-08-17 21:48:10,849 [DEBUG] cnn_neat: Split edge 3→1, new hidden node 6 (pool=3)
2026-08-17 21:48:10,851 [DEBUG] cnn_neat: Crossover rejected: copied edge has no live Conv2d
2026-08-17 21:48:10,853 [DEBUG] cnn_neat: Split edge 0→3, new hidden node 6 (pool=3)
2026-08-17 21:48:10,854 [DEBUG] cnn_neat: Added edge 0→5 (from 12 candidates)
2026-08-17 21:48:10,856 [DEBUG] cnn_neat: Added edge 4→5 (from 9 candidates)
2026-08-17 21:48:10,857 [DEBUG] cnn_neat: Added edge 3→2 (from 6 candidates)
2026-08-17 21:48:10,859 [DEBUG] cnn_neat: Added edge 4→2 (from 7 candidates)
2026-08-17 21:48:10,860 [DEBUG] cnn_neat: Added edge 5→1 (from 6 candidates)
2026-08-17 21:48:10,862 [DEBUG] cnn_neat: Added edge 3→1 (from 5 candidates)
2026-08-17 21:48:10,864 [DEBUG] cnn_neat: Split edge 2→1, new hidden node 6 (pool=6)
2026-08-17 21:48:10,866 [DEBUG] cnn_neat: Added edge 3→2 (from 12 candidates)
2026-08-17 21:48:10,868 [DEBUG] cnn_neat: Split edge 3→1, new hidden node 6 (pool=7)
2026-08-17 21:48:10,870 [DEBUG] cnn_neat: Removed hidden node 3 (pool=4)
2026-08-17 21:48:10,873 [DEBUG] cnn_neat: Split edge 4→2, new hidden node 6 (pool=4)
2026-08-17 21:48:10,874 [DEBUG] cnn_neat: Removed edge 2→1 (from 6 candidates)
2026-08-17 21:48:10,877 [DEBUG] cnn_neat: Removed 3 edges (requested 3)
2026-08-17 21:48:10,878 [DEBUG] cnn_neat: Split edge 0→4, new hidden node 5 (pool=3)
2026-08-17 21:48:10,879 [DEBUG] cnn_neat: Added edge 4→1 (from 4 candidates)
2026-08-17 21:48:10,882 [DEBUG] cnn_neat: Removed hidden node 2 (pool=1)
2026-08-17 21:48:10,884 [DEBUG] cnn_neat: Split edge 4→1, new hidden node 6 (pool=3)
2026-08-17 21:48:10,886 [DEBUG] cnn_neat: Crossover union: A_edges=6 B_added=5 dup_skipped=0 child_edges=11 nodes=9
2026-08-17 21:48:10,889 [DEBUG] cnn_neat: Added edge 3→4 (from 12 candidates)
2026-08-17 21:48:10,891 [DEBUG] cnn_neat: Added edge 0→2 (from 7 candidates)
2026-08-17 21:48:10,893 [DEBUG] cnn_neat: Added edge 5→4 (from 6 candidates)
2026-08-17 21:48:10,895 [DEBUG] cnn_neat: Added edge 5→1 (from 5 candidates)
2026-08-17 21:48:10,897 [DEBUG] cnn_neat: Added edge 5→2 (from 4 candidates)
2026-08-17 21:48:10,900 [DEBUG] cnn_neat: Split edge 2→1, new hidden node 6 (pool=7)
2026-08-17 21:48:10,902 [DEBUG] cnn_neat: Added edge 5→2 (from 9 candidates)
2026-08-17 21:48:10,904 [DEBUG] cnn_neat: Split edge 3→1, new hidden node 6 (pool=8)
2026-08-17 21:48:10,904 [DEBUG] cnn_neat: Generation bred 128 offspring from 26 parents (queue=75 enqueued=0)
2026-08-17 21:48:10,909 [DEBUG] cnn_neat: Generation 3 formed (128 models, elite_queue=75, breeders=26, offspring=128) | evaluated total: 384 | avg cycle ~41 с (last 3 of ≤5, no MAX_GENERATIONS limit)
