2026-08-14 22:23:29,378 [DEBUG] cnn_neat: Split edge 0→1, new hidden node 2 (pool=1)
2026-08-14 22:23:29,390 [DEBUG] cnn_neat: Split edge 0→2, new hidden node 3 (pool=2)
2026-08-14 22:23:29,392 [DEBUG] cnn_neat: Added edge 0→1 (from 1 candidates)
2026-08-14 22:23:29,403 [DEBUG] cnn_neat: Split edge 3→2, new hidden node 4 (pool=3)
2026-08-14 22:23:29,407 [DEBUG] cnn_neat: Added edge 3→1 (from 2 candidates)
2026-08-14 22:23:29,419 [DEBUG] cnn_neat: Split edge 0→2, new hidden node 4 (pool=3)
2026-08-14 22:23:29,423 [DEBUG] cnn_neat: Added edge 2→1 (from 2 candidates)
2026-08-14 22:23:29,429 [DEBUG] cnn_neat: Split edge 4→2, new hidden node 5 (pool=4)
2026-08-14 22:23:29,438 [DEBUG] cnn_neat: Added edge 0→2 (from 4 candidates)
2026-08-14 22:23:29,441 [DEBUG] cnn_neat: Split edge 3→1, new hidden node 6 (pool=5)
2026-08-14 22:23:29,444 [DEBUG] cnn_neat: Added edge 4→3 (from 6 candidates)
2026-08-14 22:23:29,447 [DEBUG] cnn_neat: Split edge 4→2, new hidden node 5 (pool=5)
2026-08-14 22:23:29,452 [DEBUG] cnn_neat: Split edge 0→1, new hidden node 3 (pool=1)
2026-08-14 22:23:29,457 [DEBUG] cnn_neat: Removed hidden node 2 (pool=1)
2026-08-14 22:23:29,460 [DEBUG] cnn_neat: Removed edge 0→2 (from 3 candidates)
2026-08-14 22:23:29,462 [DEBUG] cnn_neat: Removed 1 edges (requested 3)
2026-08-14 22:23:29,467 [DEBUG] cnn_neat: Split edge 3→1, new hidden node 4 (pool=2)
2026-08-14 22:23:29,470 [DEBUG] cnn_neat: Added edge 0→2 (from 1 candidates)
2026-08-14 22:23:29,474 [DEBUG] cnn_neat: Removed hidden node 2 (pool=1)
2026-08-14 22:23:29,476 [DEBUG] cnn_neat: Removed edge 2→1 (from 3 candidates)
2026-08-14 22:23:29,480 [DEBUG] cnn_neat: Removed 2 edges (requested 3)
2026-08-14 22:23:29,482 [DEBUG] cnn_neat: Split edge 3→1, new hidden node 4 (pool=5)
2026-08-14 22:23:29,484 [DEBUG] cnn_neat: Added edge 0→1 (from 1 candidates)
2026-08-14 22:23:29,487 [DEBUG] cnn_neat: Split edge 2→1, new hidden node 5 (pool=3)
2026-08-14 22:23:29,491 [DEBUG] cnn_neat: Removed hidden node 3 (pool=2)
2026-08-14 22:23:29,494 [DEBUG] cnn_neat: Added edge 3→1 (from 4 candidates)
2026-08-14 22:23:29,497 [DEBUG] cnn_neat: Split edge 0→1, new hidden node 4 (pool=1)
2026-08-14 22:23:29,501 [DEBUG] cnn_neat: Split edge 2→1, new hidden node 4 (pool=2)
2026-08-14 22:23:29,504 [DEBUG] cnn_neat: Added edge 0→3 (from 1 candidates)
2026-08-14 22:23:29,507 [DEBUG] cnn_neat: Removed hidden node 3 (pool=1)
2026-08-14 22:23:29,509 [DEBUG] cnn_neat: Removed edge 2→1 (from 3 candidates)
2026-08-14 22:23:29,512 [DEBUG] cnn_neat: Removed 2 edges (requested 3)
2026-08-14 22:23:29,515 [DEBUG] cnn_neat: Split edge 2→3, new hidden node 5 (pool=5)
2026-08-14 22:23:29,517 [DEBUG] cnn_neat: Added edge 0→4 (from 5 candidates)
2026-08-14 22:23:29,520 [DEBUG] cnn_neat: Split edge 0→2, new hidden node 6 (pool=3)
2026-08-14 22:23:29,525 [DEBUG] cnn_neat: Removed hidden node 3 (pool=2)
2026-08-14 22:23:29,528 [DEBUG] cnn_neat: Added edge 3→4 (from 8 candidates)
2026-08-14 22:23:29,532 [DEBUG] cnn_neat: Split edge 3→1, new hidden node 4 (pool=2)
2026-08-14 22:23:29,534 [DEBUG] cnn_neat: Added edge 0→1 (from 1 candidates)
2026-08-14 22:23:29,540 [DEBUG] cnn_neat: Split edge 2→1, new hidden node 4 (pool=2)
2026-08-14 22:23:29,542 [DEBUG] cnn_neat: Added edge 3→1 (from 2 candidates)
2026-08-14 22:23:29,545 [DEBUG] cnn_neat: Removed hidden node 3 (pool=1)
2026-08-14 22:23:29,546 [DEBUG] cnn_neat: Removed edge 2→3 (from 1 candidates)
2026-08-14 22:23:29,548 [DEBUG] cnn_neat: Removed 1 edges (requested 3)
2026-08-14 22:23:29,550 [DEBUG] cnn_neat: Split edge 0→2, new hidden node 5 (pool=4)
2026-08-14 22:23:29,552 [DEBUG] cnn_neat: Added edge 2→1 (from 6 candidates)
2026-08-14 22:23:29,554 [DEBUG] cnn_neat: Split edge 5→2, new hidden node 6 (pool=5)
2026-08-14 22:23:29,559 [DEBUG] cnn_neat: Removed hidden node 3 (pool=1)
2026-08-14 22:23:29,561 [DEBUG] cnn_neat: Added edge 4→3 (from 8 candidates)
2026-08-14 22:23:29,565 [DEBUG] cnn_neat: Split edge 2→1, new hidden node 5 (pool=2)
2026-08-14 22:23:29,569 [DEBUG] cnn_neat: Split edge 4→2, new hidden node 5 (pool=3)
2026-08-14 22:23:29,571 [DEBUG] cnn_neat: Added edge 3→1 (from 4 candidates)
2026-08-14 22:23:29,579 [DEBUG] cnn_neat: Removed hidden node 3 (pool=1)
2026-08-14 22:23:29,582 [DEBUG] cnn_neat: Removed edge 2→3 (from 1 candidates)
2026-08-14 22:23:29,584 [DEBUG] cnn_neat: Removed 1 edges (requested 3)
2026-08-14 22:23:29,588 [DEBUG] cnn_neat: Split edge 2→3, new hidden node 4 (pool=4)
2026-08-14 22:23:29,591 [DEBUG] cnn_neat: Added edge 0→1 (from 2 candidates)
2026-08-14 22:23:29,595 [DEBUG] cnn_neat: Removed hidden node 3 (pool=1)
2026-08-14 22:23:29,596 [DEBUG] cnn_neat: Removed edge 0→3 (from 2 candidates)
2026-08-14 22:23:29,599 [DEBUG] cnn_neat: Removed 2 edges (requested 3)
2026-08-14 22:23:29,601 [DEBUG] cnn_neat: Split edge 0→2, new hidden node 5 (pool=3)
2026-08-14 22:23:29,603 [DEBUG] cnn_neat: Split edge 0→1, new hidden node 4 (pool=1)
2026-08-14 22:23:29,606 [DEBUG] cnn_neat: Added edge 4→1 (from 4 candidates)
2026-08-14 22:23:29,608 [DEBUG] cnn_neat: Added edge 3→1 (from 1 candidates)
2026-08-14 22:23:29,635 [DEBUG] cnn_neat: Split edge 0→4, new hidden node 5 (pool=3)
2026-08-14 22:23:29,638 [DEBUG] cnn_neat: Added edge 4→1 (from 2 candidates)
2026-08-14 22:23:29,645 [DEBUG] cnn_neat: Split edge 4→1, new hidden node 5 (pool=2)
2026-08-14 22:23:29,648 [DEBUG] cnn_neat: Added edge 0→2 (from 1 candidates)
2026-08-14 22:23:29,653 [DEBUG] cnn_neat: Removed hidden node 2 (pool=1)
2026-08-14 22:23:29,656 [DEBUG] cnn_neat: Removed edge 2→1 (from 3 candidates)
2026-08-14 22:23:29,660 [DEBUG] cnn_neat: Removed 2 edges (requested 3)
2026-08-14 22:23:29,664 [DEBUG] cnn_neat: Split edge 0→2, new hidden node 5 (pool=5)
2026-08-14 22:23:29,668 [DEBUG] cnn_neat: Added edge 0→1 (from 1 candidates)
2026-08-14 22:23:29,672 [DEBUG] cnn_neat: Split edge 0→5, new hidden node 6 (pool=5)
2026-08-14 22:23:29,676 [DEBUG] cnn_neat: Removed hidden node 2 (pool=2)
2026-08-14 22:23:29,680 [DEBUG] cnn_neat: Added edge 5→4 (from 4 candidates)
2026-08-14 22:23:29,683 [DEBUG] cnn_neat: Split edge 0→1, new hidden node 5 (pool=1)
2026-08-14 22:23:29,691 [DEBUG] cnn_neat: Split edge 3→1, new hidden node 4 (pool=4)
2026-08-14 22:23:29,694 [DEBUG] cnn_neat: Added edge 2→1 (from 2 candidates)
2026-08-14 22:23:29,700 [DEBUG] cnn_neat: Removed hidden node 2 (pool=1)
2026-08-14 22:23:29,703 [DEBUG] cnn_neat: Removed edge 2→3 (from 3 candidates)
2026-08-14 22:23:29,706 [DEBUG] cnn_neat: Removed 1 edges (requested 3)
2026-08-14 22:23:29,709 [DEBUG] cnn_neat: Split edge 0→3, new hidden node 4 (pool=3)
2026-08-14 22:23:29,711 [DEBUG] cnn_neat: Added edge 0→1 (from 4 candidates)
2026-08-14 22:23:29,713 [DEBUG] cnn_neat: Split edge 3→1, new hidden node 5 (pool=4)
2026-08-14 22:23:29,717 [DEBUG] cnn_neat: Removed hidden node 2 (pool=1)
2026-08-14 22:23:29,721 [DEBUG] cnn_neat: Added edge 2→3 (from 7 candidates)
2026-08-14 22:23:29,726 [DEBUG] cnn_neat: Split edge 0→1, new hidden node 4 (pool=1)
2026-08-14 22:23:29,733 [DEBUG] cnn_neat: Split edge 0→2, new hidden node 5 (pool=4)
2026-08-14 22:23:29,737 [DEBUG] cnn_neat: Added edge 3→1 (from 4 candidates)
2026-08-14 22:23:29,832 [DEBUG] cnn_neat: Split edge 2→3, new hidden node 6 (pool=5)
2026-08-14 22:23:29,837 [DEBUG] cnn_neat: Split edge 0→2, new hidden node 5 (pool=3)
2026-08-14 22:23:29,841 [DEBUG] cnn_neat: Added edge 0→2 (from 6 candidates)
2026-08-14 22:23:29,847 [DEBUG] cnn_neat: Added edge 0→3 (from 3 candidates)
2026-08-14 22:23:29,855 [DEBUG] cnn_neat: Split edge 0→5, new hidden node 6 (pool=4)
2026-08-14 22:23:29,863 [DEBUG] cnn_neat: Split edge 4→1, new hidden node 5 (pool=5)
2026-08-14 22:23:29,867 [DEBUG] cnn_neat: Added edge 2→4 (from 4 candidates)
2026-08-14 22:23:29,875 [DEBUG] cnn_neat: Removed hidden node 2 (pool=1)
2026-08-14 22:23:29,878 [DEBUG] cnn_neat: Removed edge 0→3 (from 3 candidates)
2026-08-14 22:23:29,882 [DEBUG] cnn_neat: Removed 2 edges (requested 3)
2026-08-14 22:23:29,887 [DEBUG] cnn_neat: Split edge 0→2, new hidden node 5 (pool=6)
2026-08-14 22:23:29,892 [DEBUG] cnn_neat: Added edge 3→1 (from 3 candidates)
2026-08-14 22:23:29,897 [DEBUG] cnn_neat: Split edge 2→3, new hidden node 6 (pool=7)
2026-08-14 22:23:29,903 [DEBUG] cnn_neat: Removed hidden node 3 (pool=2)
2026-08-14 22:23:29,907 [DEBUG] cnn_neat: Added edge 0→2 (from 7 candidates)
2026-08-14 22:23:29,915 [DEBUG] cnn_neat: Split edge 0→3, new hidden node 7 (pool=4)
2026-08-14 22:23:29,922 [DEBUG] cnn_neat: Split edge 0→3, new hidden node 4 (pool=5)
2026-08-14 22:23:29,928 [DEBUG] cnn_neat: Added edge 0→1 (from 1 candidates)
2026-08-14 22:23:29,934 [DEBUG] cnn_neat: Removed hidden node 2 (pool=2)
2026-08-14 22:23:29,937 [DEBUG] cnn_neat: Removed edge 2→1 (from 5 candidates)
2026-08-14 22:23:29,943 [DEBUG] cnn_neat: Removed 3 edges (requested 3)
2026-08-14 22:23:29,947 [DEBUG] cnn_neat: Split edge 0→2, new hidden node 5 (pool=5)
2026-08-14 22:23:29,953 [DEBUG] cnn_neat: Added edge 4→1 (from 4 candidates)
2026-08-14 22:23:29,958 [DEBUG] cnn_neat: Split edge 0→4, new hidden node 6 (pool=7)
2026-08-14 22:23:29,965 [DEBUG] cnn_neat: Removed hidden node 3 (pool=3)
2026-08-14 22:23:29,970 [DEBUG] cnn_neat: Added edge 4→5 (from 9 candidates)
2026-08-14 22:23:29,978 [DEBUG] cnn_neat: Split edge 3→1, new hidden node 5 (pool=4)
2026-08-14 22:23:30,051 [DEBUG] cnn_neat: Added edge 4→1 (from 4 candidates)
2026-08-14 22:23:30,060 [DEBUG] cnn_neat: Split edge 0→2, new hidden node 5 (pool=3)
2026-08-14 22:23:30,063 [DEBUG] cnn_neat: Added edge 2→3 (from 3 candidates)
2026-08-14 22:23:30,068 [DEBUG] cnn_neat: Split edge 5→2, new hidden node 6 (pool=4)
2026-08-14 22:23:30,077 [DEBUG] cnn_neat: Removed hidden node 3 (pool=1)
2026-08-14 22:23:30,081 [DEBUG] cnn_neat: Added edge 5→3 (from 5 candidates)
2026-08-14 22:23:30,087 [DEBUG] cnn_neat: Split edge 0→1, new hidden node 4 (pool=1)
2026-08-14 22:23:30,093 [DEBUG] cnn_neat: Removed hidden node 3 (pool=1)
2026-08-14 22:23:30,096 [DEBUG] cnn_neat: Removed edge 3→1 (from 3 candidates)
2026-08-14 22:23:30,102 [DEBUG] cnn_neat: Removed 2 edges (requested 3)
2026-08-14 22:23:30,104 [DEBUG] cnn_neat: Split edge 0→4, new hidden node 5 (pool=4)
2026-08-14 22:23:30,106 [DEBUG] cnn_neat: Split edge 0→1, new hidden node 4 (pool=1)
2026-08-14 22:23:30,108 [DEBUG] cnn_neat: Added edge 4→3 (from 3 candidates)
2026-08-14 22:23:30,111 [DEBUG] cnn_neat: Added edge 3→1 (from 1 candidates)
2026-08-14 22:23:30,114 [DEBUG] cnn_neat: Split edge 3→1, new hidden node 6 (pool=2)
2026-08-14 22:23:30,124 [DEBUG] cnn_neat: Split edge 4→1, new hidden node 5 (pool=5)
2026-08-14 22:23:30,129 [DEBUG] cnn_neat: Added edge 4→2 (from 5 candidates)
2026-08-14 22:23:30,137 [DEBUG] cnn_neat: Removed hidden node 4 (pool=2)
2026-08-14 22:23:30,142 [DEBUG] cnn_neat: Removed edge 3→2 (from 4 candidates)
2026-08-14 22:23:30,147 [DEBUG] cnn_neat: Removed 2 edges (requested 3)
2026-08-14 22:23:30,153 [DEBUG] cnn_neat: Split edge 2→1, new hidden node 6 (pool=3)
2026-08-14 22:23:30,158 [DEBUG] cnn_neat: Split edge 3→4, new hidden node 5 (pool=6)
2026-08-14 22:23:30,160 [DEBUG] cnn_neat: Split edge 0→3, new hidden node 5 (pool=4)
2026-08-14 22:23:30,166 [DEBUG] cnn_neat: Split edge 0→1, new hidden node 2 (pool=1)
2026-08-14 22:23:30,237 [DEBUG] cnn_neat: Split edge 2→1, new hidden node 3 (pool=2)
2026-08-14 22:23:30,239 [DEBUG] cnn_neat: Added edge 0→1 (from 1 candidates)
2026-08-14 22:23:30,250 [DEBUG] cnn_neat: Split edge 0→3, new hidden node 4 (pool=3)
2026-08-14 22:23:30,253 [DEBUG] cnn_neat: Added edge 0→2 (from 2 candidates)
2026-08-14 22:23:30,263 [DEBUG] cnn_neat: Split edge 0→4, new hidden node 5 (pool=4)
2026-08-14 22:23:30,266 [DEBUG] cnn_neat: Split edge 2→1, new hidden node 4 (pool=4)
2026-08-14 22:23:30,270 [DEBUG] cnn_neat: Added edge 3→1 (from 4 candidates)
2026-08-14 22:23:30,274 [DEBUG] cnn_neat: Added edge 3→1 (from 2 candidates)
2026-08-14 22:23:30,278 [DEBUG] cnn_neat: Split edge 5→4, new hidden node 6 (pool=5)
2026-08-14 22:23:30,285 [DEBUG] cnn_neat: Split edge 0→1, new hidden node 3 (pool=1)
2026-08-14 22:23:30,290 [DEBUG] cnn_neat: Removed hidden node 2 (pool=1)
2026-08-14 22:23:30,292 [DEBUG] cnn_neat: Removed edge 0→2 (from 3 candidates)
2026-08-14 22:23:30,295 [DEBUG] cnn_neat: Removed 2 edges (requested 3)
2026-08-14 22:23:30,300 [DEBUG] cnn_neat: Split edge 3→1, new hidden node 4 (pool=2)
2026-08-14 22:23:30,303 [DEBUG] cnn_neat: Added edge 0→1 (from 1 candidates)
2026-08-14 22:23:30,312 [DEBUG] cnn_neat: Split edge 2→1, new hidden node 6 (pool=5)
2026-08-14 22:23:30,317 [DEBUG] cnn_neat: Added edge 0→5 (from 5 candidates)
2026-08-14 22:23:30,322 [DEBUG] cnn_neat: Removed hidden node 5 (pool=2)
2026-08-14 22:23:30,326 [DEBUG] cnn_neat: Removed edge 4→5 (from 4 candidates)
2026-08-14 22:23:30,333 [DEBUG] cnn_neat: Removed 2 edges (requested 3)
2026-08-14 22:23:30,337 [DEBUG] cnn_neat: Split edge 5→1, new hidden node 7 (pool=3)
2026-08-14 22:23:30,343 [DEBUG] cnn_neat: Split edge 5→1, new hidden node 6 (pool=3)
2026-08-14 22:23:30,345 [DEBUG] cnn_neat: Split edge 2→1, new hidden node 6 (pool=4)
2026-08-14 22:23:30,417 [DEBUG] cnn_neat: Split edge 4→2, new hidden node 5 (pool=3)
2026-08-14 22:23:30,420 [DEBUG] cnn_neat: Added edge 3→1 (from 4 candidates)
2026-08-14 22:23:30,426 [DEBUG] cnn_neat: Removed hidden node 3 (pool=1)
2026-08-14 22:23:30,430 [DEBUG] cnn_neat: Removed edge 2→3 (from 1 candidates)
2026-08-14 22:23:30,433 [DEBUG] cnn_neat: Removed 1 edges (requested 3)
2026-08-14 22:23:30,438 [DEBUG] cnn_neat: Split edge 2→1, new hidden node 5 (pool=3)
2026-08-14 22:23:30,442 [DEBUG] cnn_neat: Added edge 4→1 (from 2 candidates)
2026-08-14 22:23:30,449 [DEBUG] cnn_neat: Split edge 5→1, new hidden node 6 (pool=4)
2026-08-14 22:23:30,452 [DEBUG] cnn_neat: Added edge 0→5 (from 4 candidates)
2026-08-14 22:23:30,455 [DEBUG] cnn_neat: Split edge 5→6, new hidden node 7 (pool=5)
2026-08-14 22:23:30,466 [DEBUG] cnn_neat: Added edge 5→1 (from 6 candidates)
2026-08-14 22:23:30,483 [DEBUG] cnn_neat: Split edge 5→1, new hidden node 6 (pool=2)
2026-08-14 22:23:30,489 [DEBUG] cnn_neat: Split edge 3→4, new hidden node 5 (pool=4)
2026-08-14 22:23:30,491 [DEBUG] cnn_neat: Added edge 3→2 (from 4 candidates)
2026-08-14 22:23:30,500 [DEBUG] cnn_neat: Split edge 0→4, new hidden node 6 (pool=3)
2026-08-14 22:23:30,502 [DEBUG] cnn_neat: Added edge 4→1 (from 2 candidates)
2026-08-14 22:23:30,510 [DEBUG] cnn_neat: Split edge 0→6, new hidden node 7 (pool=4)
2026-08-14 22:23:30,513 [DEBUG] cnn_neat: Added edge 0→5 (from 4 candidates)
2026-08-14 22:23:30,597 [DEBUG] cnn_neat: Split edge 0→7, new hidden node 8 (pool=5)
2026-08-14 22:23:30,601 [DEBUG] cnn_neat: Added edge 4→1 (from 6 candidates)
2026-08-14 22:23:30,604 [DEBUG] cnn_neat: Split edge 0→5, new hidden node 7 (pool=2)
2026-08-14 22:23:30,608 [DEBUG] cnn_neat: Split edge 4→1, new hidden node 5 (pool=3)
2026-08-14 22:23:30,611 [DEBUG] cnn_neat: Added edge 3→1 (from 2 candidates)
2026-08-14 22:23:30,619 [DEBUG] cnn_neat: Split edge 2→4, new hidden node 6 (pool=5)
2026-08-14 22:23:30,621 [DEBUG] cnn_neat: Added edge 2→5 (from 6 candidates)
2026-08-14 22:23:30,628 [DEBUG] cnn_neat: Split edge 5→1, new hidden node 6 (pool=3)
2026-08-14 22:23:30,631 [DEBUG] cnn_neat: Added edge 2→3 (from 6 candidates)
2026-08-14 22:23:30,634 [DEBUG] cnn_neat: Split edge 2→4, new hidden node 7 (pool=7)
2026-08-14 22:23:30,639 [DEBUG] cnn_neat: Removed hidden node 3 (pool=2)
2026-08-14 22:23:30,642 [DEBUG] cnn_neat: Added edge 0→5 (from 11 candidates)
2026-08-14 22:23:30,648 [DEBUG] cnn_neat: Split edge 0→3, new hidden node 4 (pool=2)
2026-08-14 22:23:30,650 [DEBUG] cnn_neat: Added edge 2→1 (from 2 candidates)
2026-08-14 22:23:30,653 [DEBUG] cnn_neat: Removed hidden node 2 (pool=1)
2026-08-14 22:23:30,654 [DEBUG] cnn_neat: Removed edge 3→2 (from 1 candidates)
2026-08-14 22:23:30,655 [DEBUG] cnn_neat: Removed 1 edges (requested 3)
2026-08-14 22:23:30,657 [DEBUG] cnn_neat: Split edge 4→3, new hidden node 5 (pool=3)
2026-08-14 22:23:30,659 [DEBUG] cnn_neat: Added edge 0→2 (from 4 candidates)
2026-08-14 22:23:30,661 [DEBUG] cnn_neat: Split edge 3→1, new hidden node 6 (pool=4)
2026-08-14 22:23:30,665 [DEBUG] cnn_neat: Removed hidden node 2 (pool=1)
2026-08-14 22:23:30,667 [DEBUG] cnn_neat: Added edge 4→3 (from 7 candidates)
2026-08-14 22:23:30,671 [DEBUG] cnn_neat: Split edge 0→4, new hidden node 5 (pool=5)
2026-08-14 22:23:30,674 [DEBUG] cnn_neat: Added edge 4→3 (from 4 candidates)
2026-08-14 22:23:30,678 [DEBUG] cnn_neat: Removed hidden node 3 (pool=1)
2026-08-14 22:23:30,680 [DEBUG] cnn_neat: Removed edge 0→3 (from 2 candidates)
2026-08-14 22:23:30,683 [DEBUG] cnn_neat: Removed 2 edges (requested 3)
2026-08-14 22:23:30,685 [DEBUG] cnn_neat: Split edge 2→3, new hidden node 6 (pool=6)
2026-08-14 22:23:30,687 [DEBUG] cnn_neat: Split edge 0→3, new hidden node 5 (pool=6)
2026-08-14 22:23:30,689 [DEBUG] cnn_neat: Added edge 5→2 (from 6 candidates)
2026-08-14 22:23:30,692 [DEBUG] cnn_neat: Added edge 4→1 (from 3 candidates)
2026-08-14 22:23:30,697 [DEBUG] cnn_neat: Split edge 3→1, new hidden node 5 (pool=3)
2026-08-14 22:23:30,700 [DEBUG] cnn_neat: Added edge 4→1 (from 3 candidates)
2026-08-14 22:23:30,705 [DEBUG] cnn_neat: Removed hidden node 2 (pool=3)
2026-08-14 22:23:30,708 [DEBUG] cnn_neat: Removed edge 4→3 (from 5 candidates)
2026-08-14 22:23:30,713 [DEBUG] cnn_neat: Removed 3 edges (requested 3)
2026-08-14 22:23:30,717 [DEBUG] cnn_neat: Split edge 0→2, new hidden node 6 (pool=2)
2026-08-14 22:23:30,719 [DEBUG] cnn_neat: Saved generation 0
2026-08-14 22:23:30,769 [DEBUG] cnn_neat: Split edge 2→1, new hidden node 5 (pool=3)
2026-08-14 22:23:30,771 [DEBUG] cnn_neat: Selected 25 elite individuals
2026-08-14 22:23:30,776 [DEBUG] cnn_neat: Split edge 0→2, new hidden node 5 (pool=3)
2026-08-14 22:23:30,816 [DEBUG] cnn_neat: Split edge 0→3, new hidden node 5 (pool=2)
2026-08-14 22:23:30,827 [DEBUG] cnn_neat: Added edge 0→4 (from 1 candidates)
2026-08-14 22:23:30,837 [DEBUG] cnn_neat: Removed hidden node 4 (pool=1)
2026-08-14 22:23:30,844 [DEBUG] cnn_neat: Removed edge 3→1 (from 3 candidates)
2026-08-14 22:23:30,850 [DEBUG] cnn_neat: Removed 2 edges (requested 3)
2026-08-14 22:23:30,857 [DEBUG] cnn_neat: Split edge 0→5, new hidden node 6 (pool=3)
2026-08-14 22:23:30,864 [DEBUG] cnn_neat: Split edge 3→1, new hidden node 5 (pool=5)
2026-08-14 22:23:30,873 [DEBUG] cnn_neat: Added edge 5→4 (from 3 candidates)
2026-08-14 22:23:30,879 [DEBUG] cnn_neat: Added edge 0→1 (from 1 candidates)
2026-08-14 22:23:30,887 [DEBUG] cnn_neat: Split edge 0→3, new hidden node 6 (pool=5)
2026-08-14 22:23:30,892 [DEBUG] cnn_neat: Added edge 0→4 (from 6 candidates)
2026-08-14 22:23:31,046 [DEBUG] cnn_neat: Split edge 5→1, new hidden node 6 (pool=6)
2026-08-14 22:23:31,052 [DEBUG] cnn_neat: Added edge 2→1 (from 9 candidates)
2026-08-14 22:23:31,055 [DEBUG] cnn_neat: Added edge 2→1 (from 9 candidates)
2026-08-14 22:23:31,058 [DEBUG] cnn_neat: Added edge 3→5 (from 6 candidates)
2026-08-14 22:23:31,063 [DEBUG] cnn_neat: Added edge 6→5 (from 9 candidates)
2026-08-14 22:23:31,065 [DEBUG] cnn_neat: Split edge 2→5, new hidden node 7 (pool=7)
2026-08-14 22:23:31,068 [DEBUG] cnn_neat: Added edge 6→5 (from 9 candidates)
2026-08-14 22:23:31,071 [DEBUG] cnn_neat: Removed hidden node 4 (pool=2)
2026-08-14 22:23:31,075 [DEBUG] cnn_neat: Added edge 0→2 (from 9 candidates)
2026-08-14 22:23:31,078 [DEBUG] cnn_neat: Removed hidden node 6 (pool=3)
2026-08-14 22:23:31,082 [DEBUG] cnn_neat: Added edge 3→4 (from 9 candidates)
2026-08-14 22:23:31,085 [DEBUG] cnn_neat: Crossover rejected: union topology invalid (edges=11 nodes=10)
2026-08-14 22:23:31,087 [DEBUG] cnn_neat: Added edge 6→2 (from 9 candidates)
2026-08-14 22:23:31,089 [DEBUG] cnn_neat: Added edge 0→6 (from 9 candidates)
2026-08-14 22:23:31,091 [DEBUG] cnn_neat: Added edge 6→5 (from 9 candidates)
2026-08-14 22:23:31,093 [DEBUG] cnn_neat: Added edge 2→1 (from 9 candidates)
2026-08-14 22:23:31,096 [DEBUG] cnn_neat: Added edge 4→5 (from 8 candidates)
2026-08-14 22:23:31,098 [DEBUG] cnn_neat: Added edge 3→4 (from 7 candidates)
2026-08-14 22:23:31,101 [DEBUG] cnn_neat: Split edge 0→2, new hidden node 6 (pool=6)
2026-08-14 22:23:31,103 [DEBUG] cnn_neat: Added edge 0→5 (from 8 candidates)
2026-08-14 22:23:31,106 [DEBUG] cnn_neat: Removed hidden node 4 (pool=2)
2026-08-14 22:23:31,108 [DEBUG] cnn_neat: Removed edge 0→2 (from 4 candidates)
2026-08-14 22:23:31,109 [DEBUG] cnn_neat: Split edge 5→1, new hidden node 6 (pool=5)
2026-08-14 22:23:31,111 [DEBUG] cnn_neat: Added edge 4→5 (from 9 candidates)
2026-08-14 22:23:31,114 [DEBUG] cnn_neat: Removed 3 edges (requested 3)
2026-08-14 22:23:31,115 [DEBUG] cnn_neat: Split edge 5→1, new hidden node 6 (pool=3)
2026-08-14 22:23:31,118 [DEBUG] cnn_neat: Crossover rejected: union topology invalid (edges=12 nodes=11)
2026-08-14 22:23:31,120 [DEBUG] cnn_neat: Split edge 0→2, new hidden node 6 (pool=6)
2026-08-14 22:23:31,122 [DEBUG] cnn_neat: Added edge 0→5 (from 13 candidates)
2026-08-14 22:23:31,124 [DEBUG] cnn_neat: Added edge 4→5 (from 8 candidates)
2026-08-14 22:23:31,126 [DEBUG] cnn_neat: Added edge 4→1 (from 7 candidates)
2026-08-14 22:23:31,129 [DEBUG] cnn_neat: Added edge 0→5 (from 6 candidates)
2026-08-14 22:23:31,131 [DEBUG] cnn_neat: Added edge 3→1 (from 5 candidates)
2026-08-14 22:23:31,134 [DEBUG] cnn_neat: Added edge 0→4 (from 4 candidates)
2026-08-14 22:23:31,136 [DEBUG] cnn_neat: Split edge 3→1, new hidden node 5 (pool=2)
2026-08-14 22:23:31,138 [DEBUG] cnn_neat: Added edge 0→2 (from 3 candidates)
2026-08-14 22:23:31,140 [DEBUG] cnn_neat: Removed hidden node 4 (pool=3)
2026-08-14 22:23:31,142 [DEBUG] cnn_neat: Removed edge 0→3 (from 6 candidates)
2026-08-14 22:23:31,144 [DEBUG] cnn_neat: Split edge 2→1, new hidden node 5 (pool=3)
2026-08-14 22:23:31,146 [DEBUG] cnn_neat: Removed 3 edges (requested 3)
2026-08-14 22:23:31,150 [DEBUG] cnn_neat: Crossover union: A_edges=6 B_added=5 dup_skipped=0 child_edges=11 nodes=8
2026-08-14 22:23:31,152 [DEBUG] cnn_neat: Added edge 4→1 (from 3 candidates)
2026-08-14 22:23:31,154 [DEBUG] cnn_neat: Added edge 0→2 (from 2 candidates)
2026-08-14 22:23:31,156 [DEBUG] cnn_neat: Added edge 0→1 (from 2 candidates)
2026-08-14 22:23:31,158 [DEBUG] cnn_neat: Added edge 4→3 (from 1 candidates)
2026-08-14 22:23:31,163 [DEBUG] cnn_neat: Added edge 4→6 (from 9 candidates)
2026-08-14 22:23:31,166 [DEBUG] cnn_neat: Added edge 3→5 (from 9 candidates)
2026-08-14 22:23:31,170 [DEBUG] cnn_neat: Added edge 0→2 (from 9 candidates)
2026-08-14 22:23:31,174 [DEBUG] cnn_neat: Added edge 3→2 (from 9 candidates)
2026-08-14 22:23:31,178 [DEBUG] cnn_neat: Added edge 3→5 (from 9 candidates)
2026-08-14 22:23:31,183 [DEBUG] cnn_neat: Removed hidden node 4 (pool=2)
2026-08-14 22:23:31,185 [DEBUG] cnn_neat: Crossover rejected: union topology invalid (edges=10 nodes=9)
2026-08-14 22:23:31,188 [DEBUG] cnn_neat: Added edge 0→4 (from 9 candidates)
2026-08-14 22:23:31,190 [DEBUG] cnn_neat: Added edge 0→5 (from 9 candidates)
2026-08-14 22:23:31,192 [DEBUG] cnn_neat: Added edge 4→5 (from 10 candidates)
2026-08-14 22:23:31,194 [DEBUG] cnn_neat: Added edge 3→2 (from 9 candidates)
2026-08-14 22:23:31,197 [DEBUG] cnn_neat: Added edge 0→4 (from 11 candidates)
2026-08-14 22:23:31,199 [DEBUG] cnn_neat: Added edge 3→1 (from 10 candidates)
2026-08-14 22:23:31,203 [DEBUG] cnn_neat: Added edge 2→3 (from 9 candidates)
2026-08-14 22:23:31,205 [DEBUG] cnn_neat: Added edge 2→3 (from 9 candidates)
2026-08-14 22:23:31,207 [DEBUG] cnn_neat: Split edge 0→2, new hidden node 7 (pool=7)
2026-08-14 22:23:31,212 [DEBUG] cnn_neat: Added edge 6→5 (from 9 candidates)
2026-08-14 22:23:31,216 [DEBUG] cnn_neat: Added edge 6→5 (from 9 candidates)
2026-08-14 22:23:31,219 [DEBUG] cnn_neat: Removed hidden node 3 (pool=1)
2026-08-14 22:23:31,223 [DEBUG] cnn_neat: Added edge 2→3 (from 9 candidates)
2026-08-14 22:23:31,226 [DEBUG] cnn_neat: Removed hidden node 6 (pool=1)
2026-08-14 22:23:31,229 [DEBUG] cnn_neat: Split edge 3→5, new hidden node 6 (pool=5)
2026-08-14 22:23:31,232 [DEBUG] cnn_neat: Crossover union: A_edges=6 B_added=6 dup_skipped=0 child_edges=12 nodes=12
2026-08-14 22:23:31,235 [DEBUG] cnn_neat: Added edge 0→5 (from 9 candidates)
2026-08-14 22:23:31,237 [DEBUG] cnn_neat: Added edge 0→6 (from 10 candidates)
2026-08-14 22:23:31,239 [DEBUG] cnn_neat: Added edge 5→1 (from 12 candidates)
2026-08-14 22:23:31,241 [DEBUG] cnn_neat: Added edge 2→3 (from 11 candidates)
2026-08-14 22:23:31,244 [DEBUG] cnn_neat: Added edge 6→5 (from 10 candidates)
2026-08-14 22:23:31,246 [DEBUG] cnn_neat: Split edge 2→1, new hidden node 5 (pool=5)
2026-08-14 22:23:31,247 [DEBUG] cnn_neat: Added edge 0→4 (from 5 candidates)
2026-08-14 22:23:31,250 [DEBUG] cnn_neat: Removed hidden node 2 (pool=2)
2026-08-14 22:23:31,251 [DEBUG] cnn_neat: Split edge 4→1, new hidden node 5 (pool=3)
2026-08-14 22:23:31,254 [DEBUG] cnn_neat: Removed edge 4→1 (from 4 candidates)
2026-08-14 22:23:31,255 [DEBUG] cnn_neat: Removed 2 edges (requested 3)
2026-08-14 22:23:31,257 [DEBUG] cnn_neat: Split edge 4→1, new hidden node 5 (pool=3)
2026-08-14 22:23:31,258 [DEBUG] cnn_neat: Added edge 3→5 (from 4 candidates)
2026-08-14 22:23:31,261 [DEBUG] cnn_neat: Crossover union: A_edges=5 B_added=7 dup_skipped=0 child_edges=12 nodes=9
2026-08-14 22:23:31,262 [DEBUG] cnn_neat: Added edge 2→4 (from 5 candidates)
2026-08-14 22:23:31,264 [DEBUG] cnn_neat: Added edge 3→1 (from 3 candidates)
2026-08-14 22:23:31,266 [DEBUG] cnn_neat: Added edge 0→2 (from 2 candidates)
2026-08-14 22:23:31,268 [DEBUG] cnn_neat: Added edge 0→4 (from 1 candidates)
2026-08-14 22:23:31,270 [DEBUG] cnn_neat: Added edge 0→1 (from 1 candidates)
2026-08-14 22:23:31,272 [DEBUG] cnn_neat: Split edge 0→4, new hidden node 6 (pool=6)
2026-08-14 22:23:31,275 [DEBUG] cnn_neat: Added edge 3→4 (from 12 candidates)
2026-08-14 22:23:31,278 [DEBUG] cnn_neat: Removed hidden node 2 (pool=4)
2026-08-14 22:23:31,279 [DEBUG] cnn_neat: Removed edge 0→4 (from 6 candidates)
2026-08-14 22:23:31,282 [DEBUG] cnn_neat: Removed 3 edges (requested 3)
2026-08-14 22:23:31,283 [DEBUG] cnn_neat: Split edge 5→1, new hidden node 6 (pool=3)
2026-08-14 22:23:31,285 [DEBUG] cnn_neat: Crossover union: A_edges=6 B_added=4 dup_skipped=0 child_edges=10 nodes=8
2026-08-14 22:23:31,287 [DEBUG] cnn_neat: Added edge 4→3 (from 12 candidates)
2026-08-14 22:23:31,290 [DEBUG] cnn_neat: Added edge 3→2 (from 9 candidates)
2026-08-14 22:23:31,292 [DEBUG] cnn_neat: Added edge 4→1 (from 7 candidates)
2026-08-14 22:23:31,294 [DEBUG] cnn_neat: Added edge 0→5 (from 6 candidates)
2026-08-14 22:23:31,296 [DEBUG] cnn_neat: Added edge 2→5 (from 5 candidates)
2026-08-14 22:23:31,298 [DEBUG] cnn_neat: Split edge 0→3, new hidden node 4 (pool=5)
2026-08-14 22:23:31,300 [DEBUG] cnn_neat: Split edge 0→2, new hidden node 5 (pool=5)
2026-08-14 22:23:31,302 [DEBUG] cnn_neat: Added edge 4→1 (from 9 candidates)
2026-08-14 22:23:31,304 [DEBUG] cnn_neat: Added edge 0→1 (from 1 candidates)
2026-08-14 22:23:31,307 [DEBUG] cnn_neat: Removed hidden node 3 (pool=2)
2026-08-14 22:23:31,308 [DEBUG] cnn_neat: Split edge 0→2, new hidden node 3 (pool=2)
2026-08-14 22:23:31,309 [DEBUG] cnn_neat: Added edge 0→2 (from 2 candidates)
2026-08-14 22:23:31,311 [DEBUG] cnn_neat: Removed edge 2→1 (from 5 candidates)
2026-08-14 22:23:31,312 [DEBUG] cnn_neat: Split edge 0→3, new hidden node 4 (pool=4)
2026-08-14 22:23:31,315 [DEBUG] cnn_neat: Removed 3 edges (requested 3)
2026-08-14 22:23:31,316 [DEBUG] cnn_neat: Split edge 2→1, new hidden node 3 (pool=2)
2026-08-14 22:23:31,318 [DEBUG] cnn_neat: Added edge 0→3 (from 2 candidates)
2026-08-14 22:23:31,320 [DEBUG] cnn_neat: Removed hidden node 2 (pool=1)
2026-08-14 22:23:31,322 [DEBUG] cnn_neat: Split edge 0→3, new hidden node 4 (pool=2)
2026-08-14 22:23:31,324 [DEBUG] cnn_neat: Crossover union: A_edges=5 B_added=5 dup_skipped=0 child_edges=10 nodes=7
2026-08-14 22:23:31,325 [DEBUG] cnn_neat: Added edge 0→1 (from 1 candidates)
2026-08-14 22:23:31,331 [DEBUG] cnn_neat: Split edge 0→1, new hidden node 4 (pool=1)
2026-08-14 22:23:31,333 [DEBUG] cnn_neat: Split edge 0→2, new hidden node 6 (pool=5)
2026-08-14 22:23:31,334 [DEBUG] cnn_neat: Added edge 0→4 (from 6 candidates)
2026-08-14 22:23:31,338 [DEBUG] cnn_neat: Split edge 0→2, new hidden node 6 (pool=5)
2026-08-14 22:23:31,341 [DEBUG] cnn_neat: Added edge 6→4 (from 9 candidates)
2026-08-14 22:23:31,343 [DEBUG] cnn_neat: Split edge 0→2, new hidden node 6 (pool=5)
2026-08-14 22:23:31,345 [DEBUG] cnn_neat: Added edge 3→1 (from 9 candidates)
2026-08-14 22:23:31,347 [DEBUG] cnn_neat: Split edge 0→2, new hidden node 6 (pool=5)
2026-08-14 22:23:31,349 [DEBUG] cnn_neat: Added edge 2→5 (from 9 candidates)
2026-08-14 22:23:31,351 [DEBUG] cnn_neat: Crossover rejected: union topology invalid (edges=9 nodes=9)
2026-08-14 22:23:31,353 [DEBUG] cnn_neat: Split edge 4→3, new hidden node 6 (pool=5)
2026-08-14 22:23:31,355 [DEBUG] cnn_neat: Added edge 0→4 (from 6 candidates)
2026-08-14 22:23:31,357 [DEBUG] cnn_neat: Added edge 0→3 (from 6 candidates)
2026-08-14 22:23:31,359 [DEBUG] cnn_neat: Added edge 2→5 (from 7 candidates)
2026-08-14 22:23:31,362 [DEBUG] cnn_neat: Added edge 2→1 (from 6 candidates)
2026-08-14 22:23:31,364 [DEBUG] cnn_neat: Added edge 4→1 (from 5 candidates)
2026-08-14 22:23:31,366 [DEBUG] cnn_neat: Split edge 2→5, new hidden node 6 (pool=5)
2026-08-14 22:23:31,367 [DEBUG] cnn_neat: Added edge 2→3 (from 5 candidates)
2026-08-14 22:23:31,371 [DEBUG] cnn_neat: Removed hidden node 3 (pool=2)
2026-08-14 22:23:31,372 [DEBUG] cnn_neat: Removed edge 0→2 (from 4 candidates)
2026-08-14 22:23:31,374 [DEBUG] cnn_neat: Removed 2 edges (requested 3)
2026-08-14 22:23:31,376 [DEBUG] cnn_neat: Split edge 5→1, new hidden node 6 (pool=3)
2026-08-14 22:23:31,377 [DEBUG] cnn_neat: Crossover union: A_edges=5 B_added=6 dup_skipped=0 child_edges=11 nodes=9
2026-08-14 22:23:31,379 [DEBUG] cnn_neat: Added edge 3→2 (from 5 candidates)
2026-08-14 22:23:31,381 [DEBUG] cnn_neat: Added edge 3→1 (from 3 candidates)
2026-08-14 22:23:31,383 [DEBUG] cnn_neat: Added edge 0→5 (from 2 candidates)
2026-08-14 22:23:31,385 [DEBUG] cnn_neat: Added edge 2→1 (from 2 candidates)
2026-08-14 22:23:31,387 [DEBUG] cnn_neat: Added edge 0→1 (from 1 candidates)
2026-08-14 22:23:31,389 [DEBUG] cnn_neat: Split edge 0→5, new hidden node 6 (pool=5)
2026-08-14 22:23:31,391 [DEBUG] cnn_neat: Added edge 5→2 (from 4 candidates)
2026-08-14 22:23:31,393 [DEBUG] cnn_neat: Removed hidden node 5 (pool=1)
2026-08-14 22:23:31,394 [DEBUG] cnn_neat: Split edge 0→4, new hidden node 5 (pool=3)
2026-08-14 22:23:31,396 [DEBUG] cnn_neat: Added edge 0→4 (from 4 candidates)
2026-08-14 22:23:31,399 [DEBUG] cnn_neat: Removed hidden node 5 (pool=1)
2026-08-14 22:23:31,401 [DEBUG] cnn_neat: Split edge 2→1, new hidden node 5 (pool=3)
2026-08-14 22:23:31,402 [DEBUG] cnn_neat: Removed edge 0→5 (from 3 candidates)
2026-08-14 22:23:31,404 [DEBUG] cnn_neat: Removed 2 edges (requested 3)
2026-08-14 22:23:31,405 [DEBUG] cnn_neat: Split edge 2→1, new hidden node 5 (pool=3)
2026-08-14 22:23:31,407 [DEBUG] cnn_neat: Added edge 4→5 (from 4 candidates)
2026-08-14 22:23:31,408 [DEBUG] cnn_neat: Crossover rejected: union topology invalid (edges=10 nodes=9)
2026-08-14 22:23:31,410 [DEBUG] cnn_neat: Split edge 5→4, new hidden node 6 (pool=5)
2026-08-14 22:23:31,412 [DEBUG] cnn_neat: Added edge 0→2 (from 4 candidates)
2026-08-14 22:23:31,414 [DEBUG] cnn_neat: Added edge 4→1 (from 4 candidates)
2026-08-14 22:23:31,416 [DEBUG] cnn_neat: Added edge 0→1 (from 3 candidates)
2026-08-14 22:23:31,418 [DEBUG] cnn_neat: Added edge 5→2 (from 2 candidates)
2026-08-14 22:23:31,421 [DEBUG] cnn_neat: Added edge 5→1 (from 1 candidates)
2026-08-14 22:23:31,423 [DEBUG] cnn_neat: Split edge 5→1, new hidden node 6 (pool=5)
2026-08-14 22:23:31,424 [DEBUG] cnn_neat: Added edge 0→1 (from 1 candidates)
2026-08-14 22:23:31,427 [DEBUG] cnn_neat: Removed hidden node 4 (pool=2)
2026-08-14 22:23:31,428 [DEBUG] cnn_neat: Removed edge 0→5 (from 5 candidates)
2026-08-14 22:23:31,429 [DEBUG] cnn_neat: Split edge 0→4, new hidden node 6 (pool=2)
2026-08-14 22:23:31,432 [DEBUG] cnn_neat: Removed 3 edges (requested 3)
2026-08-14 22:23:31,433 [DEBUG] cnn_neat: Split edge 4→1, new hidden node 5 (pool=2)
2026-08-14 22:23:31,434 [DEBUG] cnn_neat: Added edge 4→1 (from 2 candidates)
2026-08-14 22:23:31,436 [DEBUG] cnn_neat: Removed hidden node 5 (pool=1)
2026-08-14 22:23:31,438 [DEBUG] cnn_neat: Split edge 4→1, new hidden node 5 (pool=2)
2026-08-14 22:23:31,439 [DEBUG] cnn_neat: Split edge 0→4, new hidden node 6 (pool=3)
2026-08-14 22:23:31,442 [DEBUG] cnn_neat: Crossover rejected: copied edge has no live Conv2d
2026-08-14 22:23:31,443 [DEBUG] cnn_neat: Split edge 4→1, new hidden node 6 (pool=5)
2026-08-14 22:23:31,445 [DEBUG] cnn_neat: Added edge 0→1 (from 1 candidates)
2026-08-14 22:23:31,450 [DEBUG] cnn_neat: Split edge 0→1, new hidden node 6 (pool=1)
2026-08-14 22:23:31,454 [DEBUG] cnn_neat: Added edge 2→5 (from 9 candidates)
2026-08-14 22:23:31,456 [DEBUG] cnn_neat: Added edge 0→6 (from 9 candidates)
2026-08-14 22:23:31,460 [DEBUG] cnn_neat: Added edge 6→1 (from 9 candidates)
2026-08-14 22:23:31,464 [DEBUG] cnn_neat: Added edge 0→4 (from 9 candidates)
2026-08-14 22:23:31,469 [DEBUG] cnn_neat: Added edge 5→3 (from 9 candidates)
2026-08-14 22:23:31,471 [DEBUG] cnn_neat: Crossover rejected: union topology invalid (edges=10 nodes=9)
2026-08-14 22:23:31,473 [DEBUG] cnn_neat: Added edge 5→3 (from 9 candidates)
2026-08-14 22:23:31,477 [DEBUG] cnn_neat: Removed hidden node 6 (pool=1)
2026-08-14 22:23:31,480 [DEBUG] cnn_neat: Split edge 4→5, new hidden node 6 (pool=5)
2026-08-14 22:23:31,483 [DEBUG] cnn_neat: Added edge 6→1 (from 9 candidates)
2026-08-14 22:23:31,485 [DEBUG] cnn_neat: Added edge 4→3 (from 7 candidates)
2026-08-14 22:23:31,488 [DEBUG] cnn_neat: Added edge 2→5 (from 7 candidates)
2026-08-14 22:23:31,490 [DEBUG] cnn_neat: Added edge 4→6 (from 9 candidates)
2026-08-14 22:23:31,492 [DEBUG] cnn_neat: Added edge 0→6 (from 8 candidates)
2026-08-14 22:23:31,495 [DEBUG] cnn_neat: Split edge 0→3, new hidden node 6 (pool=7)
2026-08-14 22:23:31,497 [DEBUG] cnn_neat: Added edge 2→5 (from 8 candidates)
2026-08-14 22:23:31,501 [DEBUG] cnn_neat: Removed hidden node 5 (pool=3)
2026-08-14 22:23:31,502 [DEBUG] cnn_neat: Split edge 2→3, new hidden node 5 (pool=5)
2026-08-14 22:23:31,505 [DEBUG] cnn_neat: Added edge 2→3 (from 8 candidates)
2026-08-14 22:23:31,507 [DEBUG] cnn_neat: Removed edge 0→3 (from 7 candidates)
2026-08-14 22:23:31,510 [DEBUG] cnn_neat: Removed 3 edges (requested 3)
2026-08-14 22:23:31,511 [DEBUG] cnn_neat: Split edge 5→1, new hidden node 6 (pool=4)
2026-08-14 22:23:31,513 [DEBUG] cnn_neat: Crossover rejected: union topology invalid (edges=13 nodes=11)
2026-08-14 22:23:31,516 [DEBUG] cnn_neat: Split edge 0→3, new hidden node 6 (pool=7)
2026-08-14 22:23:31,518 [DEBUG] cnn_neat: Added edge 4→5 (from 10 candidates)
2026-08-14 22:23:31,520 [DEBUG] cnn_neat: Added edge 0→5 (from 8 candidates)
2026-08-14 22:23:31,523 [DEBUG] cnn_neat: Added edge 0→4 (from 7 candidates)
2026-08-14 22:23:31,525 [DEBUG] cnn_neat: Added edge 5→4 (from 7 candidates)
2026-08-14 22:23:31,528 [DEBUG] cnn_neat: Added edge 3→1 (from 5 candidates)
2026-08-14 22:23:31,530 [DEBUG] cnn_neat: Added edge 2→5 (from 4 candidates)
2026-08-14 22:23:31,532 [DEBUG] cnn_neat: Split edge 3→1, new hidden node 4 (pool=4)
2026-08-14 22:23:31,534 [DEBUG] cnn_neat: Added edge 3→2 (from 3 candidates)
2026-08-14 22:23:31,535 [DEBUG] cnn_neat: Removed hidden node 3 (pool=2)
2026-08-14 22:23:31,536 [DEBUG] cnn_neat: Split edge 0→2, new hidden node 3 (pool=2)
2026-08-14 22:23:31,538 [DEBUG] cnn_neat: Added edge 0→2 (from 2 candidates)
2026-08-14 22:23:31,540 [DEBUG] cnn_neat: Removed hidden node 3 (pool=1)
2026-08-14 22:23:31,542 [DEBUG] cnn_neat: Split edge 2→1, new hidden node 3 (pool=2)
2026-08-14 22:23:31,543 [DEBUG] cnn_neat: Split edge 0→2, new hidden node 4 (pool=3)
2026-08-14 22:23:31,544 [DEBUG] cnn_neat: Removed edge 0→3 (from 4 candidates)
2026-08-14 22:23:31,546 [DEBUG] cnn_neat: Removed 2 edges (requested 3)
2026-08-14 22:23:31,548 [DEBUG] cnn_neat: Crossover rejected: union topology invalid (edges=9 nodes=8)
2026-08-14 22:23:31,550 [DEBUG] cnn_neat: Split edge 0→2, new hidden node 4 (pool=4)
2026-08-14 22:23:31,627 [DEBUG] cnn_neat: Added edge 0→6 (from 9 candidates)
2026-08-14 22:23:31,643 [DEBUG] cnn_neat: Split edge 4→2, new hidden node 7 (pool=7)
2026-08-14 22:23:31,650 [DEBUG] cnn_neat: Added edge 0→4 (from 9 candidates)
2026-08-14 22:23:31,657 [DEBUG] cnn_neat: Split edge 0→3, new hidden node 8 (pool=2)
2026-08-14 22:23:31,666 [DEBUG] cnn_neat: Removed hidden node 3 (pool=1)
2026-08-14 22:23:31,673 [DEBUG] cnn_neat: Added edge 3→4 (from 12 candidates)
2026-08-14 22:23:31,682 [DEBUG] cnn_neat: Split edge 2→5, new hidden node 6 (pool=6)
2026-08-14 22:23:31,730 [DEBUG] cnn_neat: Added edge 4→1 (from 8 candidates)
2026-08-14 22:23:31,740 [DEBUG] cnn_neat: Removed hidden node 3 (pool=2)
2026-08-14 22:23:31,745 [DEBUG] cnn_neat: Removed edge 0→2 (from 4 candidates)
2026-08-14 22:23:31,753 [DEBUG] cnn_neat: Removed 3 edges (requested 3)
2026-08-14 22:23:31,761 [DEBUG] cnn_neat: Split edge 5→1, new hidden node 7 (pool=7)
2026-08-14 22:23:31,763 [DEBUG] cnn_neat: Split edge 5→1, new hidden node 6 (pool=7)
2026-08-14 22:23:31,765 [DEBUG] cnn_neat: Added edge 3→2 (from 11 candidates)
2026-08-14 22:23:31,768 [DEBUG] cnn_neat: Added edge 0→4 (from 7 candidates)
2026-08-14 22:23:33,744 [DEBUG] cnn_neat: Split edge 0→1, new hidden node 2 (pool=1)
2026-08-14 22:23:33,748 [DEBUG] cnn_neat: Split edge 0→2, new hidden node 3 (pool=2)
2026-08-14 22:23:33,750 [DEBUG] cnn_neat: Split edge 2→1, new hidden node 3 (pool=2)
2026-08-14 22:23:33,752 [DEBUG] cnn_neat: Added edge 0→1 (from 1 candidates)
2026-08-14 22:23:33,756 [DEBUG] cnn_neat: Added edge 3→1 (from 2 candidates)
2026-08-14 22:23:33,757 [DEBUG] cnn_neat: Added edge 2→1 (from 2 candidates)
2026-08-14 22:23:33,759 [DEBUG] cnn_neat: Removed 2 edges (requested 3)
2026-08-14 22:23:33,760 [DEBUG] cnn_neat: Split edge 0→1, new hidden node 2 (pool=1)
2026-08-14 22:23:33,762 [DEBUG] cnn_neat: Removed edge 3→1 (from 3 candidates)
2026-08-14 22:23:33,763 [DEBUG] cnn_neat: Removed hidden node 3 (pool=1)
2026-08-14 22:23:33,764 [DEBUG] cnn_neat: Split edge 0→1, new hidden node 2 (pool=1)
2026-08-14 22:23:33,766 [DEBUG] cnn_neat: Removed hidden node 2 (pool=1)
2026-08-14 22:23:33,767 [DEBUG] cnn_neat: Removed 1 edges (requested 3)
2026-08-14 22:23:33,768 [DEBUG] cnn_neat: Removed 1 edges (requested 3)
2026-08-14 22:23:33,770 [DEBUG] cnn_neat: Split edge 0→2, new hidden node 4 (pool=2)
2026-08-14 22:23:33,773 [DEBUG] cnn_neat: Added edge 0→3 (from 2 candidates)
2026-08-14 22:23:33,774 [DEBUG] cnn_neat: Removed edge 2→3 (from 1 candidates)
2026-08-14 22:23:33,776 [DEBUG] cnn_neat: Added edge 4→1 (from 2 candidates)
2026-08-14 22:23:33,777 [DEBUG] cnn_neat: Removed edge 3→1 (from 3 candidates)
2026-08-14 22:23:33,778 [DEBUG] cnn_neat: Added edge 0→3 (from 2 candidates)
2026-08-14 22:23:33,780 [DEBUG] cnn_neat: Split edge 3→1, new hidden node 4 (pool=3)
2026-08-14 22:23:33,782 [DEBUG] cnn_neat: Removed 1 edges (requested 3)
2026-08-14 22:23:33,783 [DEBUG] cnn_neat: Split edge 0→2, new hidden node 3 (pool=2)
2026-08-14 22:23:33,785 [DEBUG] cnn_neat: Split edge 3→1, new hidden node 4 (pool=4)
2026-08-14 22:23:33,786 [DEBUG] cnn_neat: Added edge 0→3 (from 2 candidates)
2026-08-14 22:23:33,787 [DEBUG] cnn_neat: Added edge 2→1 (from 2 candidates)
2026-08-14 22:23:33,789 [DEBUG] cnn_neat: Split edge 2→3, new hidden node 4 (pool=3)
2026-08-14 22:23:33,790 [DEBUG] cnn_neat: Added edge 0→1 (from 1 candidates)
2026-08-14 22:23:33,792 [DEBUG] cnn_neat: Removed edge 2→1 (from 3 candidates)
2026-08-14 22:23:33,795 [DEBUG] cnn_neat: Removed 1 edges (requested 3)
2026-08-14 22:23:33,796 [DEBUG] cnn_neat: Split edge 0→2, new hidden node 3 (pool=2)
2026-08-14 22:23:33,797 [DEBUG] cnn_neat: Split edge 3→1, new hidden node 4 (pool=2)
2026-08-14 22:23:33,799 [DEBUG] cnn_neat: Split edge 4→1, new hidden node 5 (pool=2)
2026-08-14 22:23:33,801 [DEBUG] cnn_neat: Removed 2 edges (requested 3)
2026-08-14 22:23:33,803 [DEBUG] cnn_neat: Removed edge 2→3 (from 1 candidates)
2026-08-14 22:23:33,804 [DEBUG] cnn_neat: Split edge 3→2, new hidden node 4 (pool=3)
2026-08-14 22:23:33,806 [DEBUG] cnn_neat: Added edge 3→1 (from 2 candidates)
2026-08-14 22:23:33,809 [DEBUG] cnn_neat: Removed 2 edges (requested 3)
2026-08-14 22:23:33,810 [DEBUG] cnn_neat: Added edge 2→1 (from 2 candidates)
2026-08-14 22:23:33,812 [DEBUG] cnn_neat: Removed hidden node 3 (pool=1)
2026-08-14 22:23:33,815 [DEBUG] cnn_neat: Removed hidden node 2 (pool=1)
2026-08-14 22:23:33,817 [DEBUG] cnn_neat: Split edge 0→2, new hidden node 3 (pool=2)
2026-08-14 22:23:33,819 [DEBUG] cnn_neat: Split edge 3→1, new hidden node 5 (pool=4)
2026-08-14 22:23:33,820 [DEBUG] cnn_neat: Removed 1 edges (requested 3)
2026-08-14 22:23:33,823 [DEBUG] cnn_neat: Removed 1 edges (requested 3)
2026-08-14 22:23:33,824 [DEBUG] cnn_neat: Removed edge 2→1 (from 3 candidates)
2026-08-14 22:23:33,826 [DEBUG] cnn_neat: Added edge 2→1 (from 2 candidates)
2026-08-14 22:23:33,828 [DEBUG] cnn_neat: Added edge 0→3 (from 4 candidates)
2026-08-14 22:23:33,830 [DEBUG] cnn_neat: Removed edge 0→3 (from 5 candidates)
2026-08-14 22:23:33,831 [DEBUG] cnn_neat: Split edge 0→1, new hidden node 2 (pool=1)
2026-08-14 22:23:33,833 [DEBUG] cnn_neat: Removed hidden node 3 (pool=1)
2026-08-14 22:23:33,835 [DEBUG] cnn_neat: Removed hidden node 2 (pool=1)
2026-08-14 22:23:33,837 [DEBUG] cnn_neat: Split edge 2→3, new hidden node 4 (pool=5)
2026-08-14 22:23:33,838 [DEBUG] cnn_neat: Added edge 3→1 (from 2 candidates)
2026-08-14 22:23:33,840 [DEBUG] cnn_neat: Split edge 2→1, new hidden node 5 (pool=4)
2026-08-14 22:23:33,842 [DEBUG] cnn_neat: Removed edge 3→1 (from 3 candidates)
2026-08-14 22:23:33,843 [DEBUG] cnn_neat: Added edge 3→2 (from 4 candidates)
2026-08-14 22:23:33,845 [DEBUG] cnn_neat: Split edge 4→2, new hidden node 5 (pool=5)
2026-08-14 22:23:33,846 [DEBUG] cnn_neat: Removed edge 5→1 (from 4 candidates)
2026-08-14 22:23:33,848 [DEBUG] cnn_neat: Removed 2 edges (requested 3)
2026-08-14 22:23:33,849 [DEBUG] cnn_neat: Removed 2 edges (requested 3)
2026-08-14 22:23:33,851 [DEBUG] cnn_neat: Split edge 0→4, new hidden node 5 (pool=3)
2026-08-14 22:23:33,852 [DEBUG] cnn_neat: Removed edge 0→2 (from 3 candidates)
2026-08-14 22:23:33,853 [DEBUG] cnn_neat: Removed edge 4→2 (from 3 candidates)
2026-08-14 22:23:33,855 [DEBUG] cnn_neat: Split edge 4→2, new hidden node 5 (pool=3)
2026-08-14 22:23:33,857 [DEBUG] cnn_neat: Added edge 3→2 (from 6 candidates)
2026-08-14 22:23:33,858 [DEBUG] cnn_neat: Removed 1 edges (requested 3)
2026-08-14 22:23:33,860 [DEBUG] cnn_neat: Removed 2 edges (requested 3)
2026-08-14 22:23:33,861 [DEBUG] cnn_neat: Removed edge 2→1 (from 1 candidates)
2026-08-14 22:23:33,862 [DEBUG] cnn_neat: Removed edge 3→4 (from 3 candidates)
2026-08-14 22:23:33,866 [DEBUG] cnn_neat: Removed hidden node 2 (pool=1)
2026-08-14 22:23:33,869 [DEBUG] cnn_neat: Removed 2 edges (requested 3)
2026-08-14 22:23:33,871 [DEBUG] cnn_neat: Added edge 2→1 (from 2 candidates)
2026-08-14 22:23:33,873 [DEBUG] cnn_neat: Split edge 4→5, new hidden node 6 (pool=4)
2026-08-14 22:23:33,875 [DEBUG] cnn_neat: Removed 1 edges (requested 3)
2026-08-14 22:23:33,878 [DEBUG] cnn_neat: Added edge 2→1 (from 2 candidates)
2026-08-14 22:23:33,880 [DEBUG] cnn_neat: Split edge 4→2, new hidden node 6 (pool=4)
2026-08-14 22:23:33,882 [DEBUG] cnn_neat: Added edge 0→2 (from 6 candidates)
2026-08-14 22:23:33,884 [DEBUG] cnn_neat: Added edge 4→1 (from 5 candidates)
2026-08-14 22:23:33,887 [DEBUG] cnn_neat: Removed hidden node 3 (pool=1)
2026-08-14 22:23:33,889 [DEBUG] cnn_neat: Split edge 3→2, new hidden node 5 (pool=5)
2026-08-14 22:23:33,891 [DEBUG] cnn_neat: Split edge 4→2, new hidden node 6 (pool=4)
2026-08-14 22:23:33,893 [DEBUG] cnn_neat: Added edge 3→1 (from 4 candidates)
2026-08-14 22:23:33,894 [DEBUG] cnn_neat: Added edge 4→2 (from 4 candidates)
2026-08-14 22:23:33,895 [DEBUG] cnn_neat: Removed 2 edges (requested 3)
2026-08-14 22:23:33,897 [DEBUG] cnn_neat: Removed 1 edges (requested 3)
2026-08-14 22:23:33,898 [DEBUG] cnn_neat: Removed edge 2→1 (from 1 candidates)
2026-08-14 22:23:33,899 [DEBUG] cnn_neat: Split edge 4→1, new hidden node 5 (pool=2)
2026-08-14 22:23:33,901 [DEBUG] cnn_neat: Removed 1 edges (requested 3)
2026-08-14 22:23:33,902 [DEBUG] cnn_neat: Split edge 2→1, new hidden node 5 (pool=3)
2026-08-14 22:23:33,905 [DEBUG] cnn_neat: Removed hidden node 2 (pool=3)
2026-08-14 22:23:33,907 [DEBUG] cnn_neat: Added edge 4→1 (from 3 candidates)
2026-08-14 22:23:33,908 [DEBUG] cnn_neat: Removed 1 edges (requested 3)
2026-08-14 22:23:33,911 [DEBUG] cnn_neat: Split edge 4→1, new hidden node 5 (pool=5)
2026-08-14 22:23:33,912 [DEBUG] cnn_neat: Split edge 3→4, new hidden node 5 (pool=4)
2026-08-14 22:23:33,915 [DEBUG] cnn_neat: Removed hidden node 2 (pool=2)
2026-08-14 22:23:33,918 [DEBUG] cnn_neat: Removed hidden node 5 (pool=2)
2026-08-14 22:23:33,919 [DEBUG] cnn_neat: Split edge 4→1, new hidden node 5 (pool=2)
2026-08-14 22:23:33,920 [DEBUG] cnn_neat: Added edge 0→1 (from 1 candidates)
2026-08-14 22:23:33,921 [DEBUG] cnn_neat: Removed edge 2→3 (from 2 candidates)
2026-08-14 22:23:33,924 [DEBUG] cnn_neat: Removed 2 edges (requested 3)
2026-08-14 22:23:33,926 [DEBUG] cnn_neat: Removed hidden node 2 (pool=1)
2026-08-14 22:23:33,928 [DEBUG] cnn_neat: Split edge 3→4, new hidden node 5 (pool=4)
2026-08-14 22:23:33,930 [DEBUG] cnn_neat: Added edge 0→5 (from 4 candidates)
2026-08-14 22:23:33,932 [DEBUG] cnn_neat: Added edge 0→3 (from 1 candidates)
2026-08-14 22:23:33,934 [DEBUG] cnn_neat: Split edge 4→3, new hidden node 5 (pool=4)
2026-08-14 22:23:33,936 [DEBUG] cnn_neat: Split edge 2→1, new hidden node 6 (pool=5)
2026-08-14 22:23:33,938 [DEBUG] cnn_neat: Split edge 3→2, new hidden node 5 (pool=5)
2026-08-14 22:23:33,939 [DEBUG] cnn_neat: Added edge 3→1 (from 4 candidates)
2026-08-14 22:23:33,942 [DEBUG] cnn_neat: Removed 1 edges (requested 3)
2026-08-14 22:23:33,944 [DEBUG] cnn_neat: Removed 2 edges (requested 3)
2026-08-14 22:23:33,946 [DEBUG] cnn_neat: Added edge 0→3 (from 1 candidates)
2026-08-14 22:23:33,948 [DEBUG] cnn_neat: Split edge 0→2, new hidden node 4 (pool=4)
2026-08-14 22:23:33,950 [DEBUG] cnn_neat: Split edge 5→1, new hidden node 6 (pool=5)
2026-08-14 22:23:33,952 [DEBUG] cnn_neat: Added edge 4→1 (from 4 candidates)
2026-08-14 22:23:33,955 [DEBUG] cnn_neat: Removed 3 edges (requested 3)
2026-08-14 22:23:33,957 [DEBUG] cnn_neat: Removed edge 3→4 (from 4 candidates)
2026-08-14 22:23:33,958 [DEBUG] cnn_neat: Removed edge 4→1 (from 1 candidates)
2026-08-14 22:23:33,960 [DEBUG] cnn_neat: Removed hidden node 3 (pool=1)
2026-08-14 22:23:33,962 [DEBUG] cnn_neat: Split edge 2→3, new hidden node 4 (pool=3)
2026-08-14 22:23:33,963 [DEBUG] cnn_neat: Removed 1 edges (requested 3)
2026-08-14 22:23:33,967 [DEBUG] cnn_neat: Split edge 0→5, new hidden node 6 (pool=3)
2026-08-14 22:23:33,968 [DEBUG] cnn_neat: Added edge 2→1 (from 2 candidates)
2026-08-14 22:23:33,970 [DEBUG] cnn_neat: Removed hidden node 4 (pool=1)
2026-08-14 22:23:33,973 [DEBUG] cnn_neat: Removed 3 edges (requested 3)
2026-08-14 22:23:33,975 [DEBUG] cnn_neat: Split edge 4→2, new hidden node 6 (pool=4)
2026-08-14 22:23:33,977 [DEBUG] cnn_neat: Split edge 0→2, new hidden node 6 (pool=6)
2026-08-14 22:23:33,979 [DEBUG] cnn_neat: Removed hidden node 3 (pool=1)
2026-08-14 22:23:33,980 [DEBUG] cnn_neat: Removed edge 2→1 (from 1 candidates)
2026-08-14 22:23:33,982 [DEBUG] cnn_neat: Added edge 3→1 (from 4 candidates)
2026-08-14 22:23:33,984 [DEBUG] cnn_neat: Added edge 0→2 (from 2 candidates)
2026-08-14 22:23:33,986 [DEBUG] cnn_neat: Added edge 3→1 (from 4 candidates)
2026-08-14 22:23:33,987 [DEBUG] cnn_neat: Removed 1 edges (requested 3)
2026-08-14 22:23:33,990 [DEBUG] cnn_neat: Added edge 0→4 (from 5 candidates)
2026-08-14 22:23:33,993 [DEBUG] cnn_neat: Removed hidden node 2 (pool=1)
2026-08-14 22:23:33,995 [DEBUG] cnn_neat: Added edge 0→4 (from 3 candidates)
2026-08-14 22:23:33,998 [DEBUG] cnn_neat: Removed hidden node 2 (pool=2)
2026-08-14 22:23:33,999 [DEBUG] cnn_neat: Added edge 0→4 (from 4 candidates)
2026-08-14 22:23:34,002 [DEBUG] cnn_neat: Removed edge 2→1 (from 4 candidates)
2026-08-14 22:23:34,004 [DEBUG] cnn_neat: Removed edge 2→1 (from 3 candidates)
2026-08-14 22:23:34,006 [DEBUG] cnn_neat: Split edge 5→3, new hidden node 6 (pool=5)
2026-08-14 22:23:34,008 [DEBUG] cnn_neat: Split edge 3→1, new hidden node 5 (pool=3)
2026-08-14 22:23:34,010 [DEBUG] cnn_neat: Removed 2 edges (requested 3)
2026-08-14 22:23:34,012 [DEBUG] cnn_neat: Split edge 3→4, new hidden node 6 (pool=5)
2026-08-14 22:23:34,013 [DEBUG] cnn_neat: Split edge 3→1, new hidden node 4 (pool=3)
2026-08-14 22:23:34,016 [DEBUG] cnn_neat: Added edge 0→5 (from 1 candidates)
2026-08-14 22:23:34,018 [DEBUG] cnn_neat: Removed 1 edges (requested 3)
2026-08-14 22:23:34,020 [DEBUG] cnn_neat: Added edge 0→1 (from 2 candidates)
2026-08-14 22:23:34,023 [DEBUG] cnn_neat: Removed 3 edges (requested 3)
2026-08-14 22:23:34,025 [DEBUG] cnn_neat: Added edge 2→1 (from 7 candidates)
2026-08-14 22:23:34,026 [DEBUG] cnn_neat: Added edge 2→1 (from 2 candidates)
2026-08-14 22:23:34,029 [DEBUG] cnn_neat: Removed hidden node 5 (pool=1)
2026-08-14 22:23:34,030 [DEBUG] cnn_neat: Split edge 4→5, new hidden node 6 (pool=4)
2026-08-14 22:23:34,032 [DEBUG] cnn_neat: Removed 2 edges (requested 3)
2026-08-14 22:23:34,033 [DEBUG] cnn_neat: Added edge 2→4 (from 4 candidates)
2026-08-14 22:23:34,035 [DEBUG] cnn_neat: Split edge 4→3, new hidden node 5 (pool=4)
2026-08-14 22:23:34,037 [DEBUG] cnn_neat: Split edge 0→2, new hidden node 4 (pool=5)
2026-08-14 22:23:34,040 [DEBUG] cnn_neat: Removed 3 edges (requested 3)
2026-08-14 22:23:34,043 [DEBUG] cnn_neat: Split edge 3→4, new hidden node 6 (pool=6)
2026-08-14 22:23:34,044 [DEBUG] cnn_neat: Split edge 5→4, new hidden node 7 (pool=5)
2026-08-14 22:23:34,048 [DEBUG] cnn_neat: Removed hidden node 3 (pool=3)
2026-08-14 22:23:34,050 [DEBUG] cnn_neat: Split edge 3→1, new hidden node 5 (pool=4)
2026-08-14 22:23:34,054 [DEBUG] cnn_neat: Removed hidden node 2 (pool=3)
2026-08-14 22:23:34,056 [DEBUG] cnn_neat: Removed edge 5→1 (from 2 candidates)
2026-08-14 22:23:34,060 [DEBUG] cnn_neat: Removed 3 edges (requested 3)
2026-08-14 22:23:34,062 [DEBUG] cnn_neat: Removed 2 edges (requested 3)
2026-08-14 22:23:34,065 [DEBUG] cnn_neat: Removed hidden node 4 (pool=1)
2026-08-14 22:23:34,069 [DEBUG] cnn_neat: Removed hidden node 5 (pool=2)
2026-08-14 22:23:34,071 [DEBUG] cnn_neat: Split edge 2→4, new hidden node 6 (pool=5)
2026-08-14 22:23:34,073 [DEBUG] cnn_neat: Split edge 3→2, new hidden node 4 (pool=3)
2026-08-14 22:23:34,074 [DEBUG] cnn_neat: Split edge 4→2, new hidden node 5 (pool=5)
2026-08-14 22:23:34,077 [DEBUG] cnn_neat: Split edge 4→5, new hidden node 6 (pool=3)
2026-08-14 22:23:34,079 [DEBUG] cnn_neat: Removed 2 edges (requested 3)
2026-08-14 22:23:34,081 [DEBUG] cnn_neat: Split edge 3→4, new hidden node 7 (pool=7)
2026-08-14 22:23:34,085 [DEBUG] cnn_neat: Removed 3 edges (requested 3)
2026-08-14 22:23:34,087 [DEBUG] cnn_neat: Split edge 2→3, new hidden node 6 (pool=5)
2026-08-14 22:23:34,090 [DEBUG] cnn_neat: Removed 3 edges (requested 3)
2026-08-14 22:23:34,092 [DEBUG] cnn_neat: Split edge 4→1, new hidden node 5 (pool=2)
2026-08-14 22:23:34,095 [DEBUG] cnn_neat: Removed hidden node 2 (pool=1)
2026-08-14 22:23:34,096 [DEBUG] cnn_neat: Removed edge 4→1 (from 6 candidates)
2026-08-14 22:23:34,099 [DEBUG] cnn_neat: Added edge 2→4 (from 3 candidates)
2026-08-14 22:23:34,102 [DEBUG] cnn_neat: Removed 3 edges (requested 3)
2026-08-14 22:23:34,104 [DEBUG] cnn_neat: Split edge 0→2, new hidden node 6 (pool=4)
2026-08-14 22:23:34,106 [DEBUG] cnn_neat: Added edge 4→1 (from 3 candidates)
2026-08-14 22:23:34,109 [DEBUG] cnn_neat: Removed 3 edges (requested 3)
2026-08-14 22:23:34,110 [DEBUG] cnn_neat: Removed 2 edges (requested 3)
2026-08-14 22:23:34,112 [DEBUG] cnn_neat: Removed hidden node 3 (pool=3)
2026-08-14 22:23:34,114 [DEBUG] cnn_neat: Removed hidden node 2 (pool=1)
2026-08-14 22:23:34,115 [DEBUG] cnn_neat: Split edge 4→1, new hidden node 6 (pool=2)
2026-08-14 22:23:34,117 [DEBUG] cnn_neat: Split edge 3→1, new hidden node 5 (pool=3)
2026-08-14 22:23:34,120 [DEBUG] cnn_neat: Removed hidden node 2 (pool=2)
2026-08-14 22:23:34,122 [DEBUG] cnn_neat: Removed 2 edges (requested 3)
2026-08-14 22:23:34,124 [DEBUG] cnn_neat: Removed edge 4→1 (from 3 candidates)
2026-08-14 22:23:34,125 [DEBUG] cnn_neat: Added edge 5→3 (from 7 candidates)
2026-08-14 22:23:34,127 [DEBUG] cnn_neat: Removed edge 4→2 (from 1 candidates)
2026-08-14 22:23:34,130 [DEBUG] cnn_neat: Added edge 2→3 (from 3 candidates)
2026-08-14 22:23:34,131 [DEBUG] cnn_neat: Split edge 2→3, new hidden node 5 (pool=5)
2026-08-14 22:23:34,134 [DEBUG] cnn_neat: Removed hidden node 4 (pool=1)
2026-08-14 22:23:34,136 [DEBUG] cnn_neat: Removed 1 edges (requested 3)
2026-08-14 22:23:34,137 [DEBUG] cnn_neat: Removed edge 3→5 (from 4 candidates)
2026-08-14 22:23:34,141 [DEBUG] cnn_neat: Removed hidden node 6 (pool=2)
2026-08-14 22:23:34,142 [DEBUG] cnn_neat: Added edge 2→1 (from 2 candidates)
2026-08-14 22:23:34,144 [DEBUG] cnn_neat: Split edge 5→1, new hidden node 7 (pool=7)
2026-08-14 22:23:34,146 [DEBUG] cnn_neat: Removed 1 edges (requested 3)
2026-08-14 22:23:34,150 [DEBUG] cnn_neat: Removed hidden node 5 (pool=2)
2026-08-14 22:23:34,152 [DEBUG] cnn_neat: Split edge 2→1, new hidden node 5 (pool=4)
2026-08-14 22:23:34,153 [DEBUG] cnn_neat: Removed edge 3→2 (from 1 candidates)
2026-08-14 22:23:34,155 [DEBUG] cnn_neat: Removed hidden node 5 (pool=2)
2026-08-14 22:23:34,157 [DEBUG] cnn_neat: Removed edge 3→1 (from 3 candidates)
2026-08-14 22:23:34,157 [DEBUG] cnn_neat: Removed 1 edges (requested 3)
2026-08-14 22:23:34,159 [DEBUG] cnn_neat: Removed hidden node 3 (pool=1)
2026-08-14 22:23:34,161 [DEBUG] cnn_neat: Split edge 0→1, new hidden node 3 (pool=1)
2026-08-14 22:23:34,163 [DEBUG] cnn_neat: Split edge 3→2, new hidden node 6 (pool=5)
2026-08-14 22:23:34,164 [DEBUG] cnn_neat: Added edge 0→2 (from 2 candidates)
2026-08-14 22:23:34,166 [DEBUG] cnn_neat: Added edge 0→2 (from 4 candidates)
2026-08-14 22:23:34,167 [DEBUG] cnn_neat: Removed hidden node 4 (pool=1)
2026-08-14 22:23:34,168 [DEBUG] cnn_neat: Removed 2 edges (requested 3)
2026-08-14 22:23:34,170 [DEBUG] cnn_neat: Removed 2 edges (requested 3)
2026-08-14 22:23:34,171 [DEBUG] cnn_neat: Removed edge 2→1 (from 1 candidates)
2026-08-14 22:23:34,172 [DEBUG] cnn_neat: Removed 1 edges (requested 3)
2026-08-14 22:23:34,176 [DEBUG] cnn_neat: Removed hidden node 5 (pool=2)
2026-08-14 22:23:34,177 [DEBUG] cnn_neat: Removed edge 4→2 (from 6 candidates)
2026-08-14 22:23:34,178 [DEBUG] cnn_neat: Removed 1 edges (requested 3)
2026-08-14 22:23:34,180 [DEBUG] cnn_neat: Added edge 2→1 (from 6 candidates)
2026-08-14 22:23:34,182 [DEBUG] cnn_neat: Removed edge 2→3 (from 6 candidates)
2026-08-14 22:23:34,183 [DEBUG] cnn_neat: Split edge 3→1, new hidden node 5 (pool=2)
2026-08-14 22:23:34,185 [DEBUG] cnn_neat: Added edge 5→6 (from 10 candidates)
2026-08-14 22:23:34,188 [DEBUG] cnn_neat: Removed hidden node 2 (pool=1)
2026-08-14 22:23:34,190 [DEBUG] cnn_neat: Removed edge 0→3 (from 4 candidates)
2026-08-14 22:23:34,194 [DEBUG] cnn_neat: Removed 3 edges (requested 3)
2026-08-14 22:23:34,196 [DEBUG] cnn_neat: Added edge 6→4 (from 9 candidates)
2026-08-14 22:23:34,198 [DEBUG] cnn_neat: Added edge 2→5 (from 7 candidates)
2026-08-14 22:23:34,200 [DEBUG] cnn_neat: Removed edge 4→2 (from 6 candidates)
2026-08-14 22:23:34,202 [INFO] cnn_neat: CnnNeat started | run=run_0006 | population=128 | in=(32, 32) out=(1, 1)
2026-08-14 22:23:34,202 [INFO] cnn_neat: Compute: device=cuda | grid (32, 32)→(1, 1) | AMP=on (float16) | GPU=NVIDIA GeForce RTX 4060 Ti
