2026-08-14 22:23:34,226 [DEBUG] cnn_neat: Split edge 0→1, new hidden node 2 (pool=1)
2026-08-14 22:23:34,240 [DEBUG] cnn_neat: Split edge 0→2, new hidden node 3 (pool=2)
2026-08-14 22:23:34,242 [DEBUG] cnn_neat: Added edge 0→1 (from 1 candidates)
2026-08-14 22:23:34,252 [DEBUG] cnn_neat: Split edge 3→2, new hidden node 4 (pool=3)
2026-08-14 22:23:34,257 [DEBUG] cnn_neat: Added edge 3→1 (from 2 candidates)
2026-08-14 22:23:34,271 [DEBUG] cnn_neat: Split edge 0→2, new hidden node 4 (pool=3)
2026-08-14 22:23:34,274 [DEBUG] cnn_neat: Added edge 2→1 (from 2 candidates)
2026-08-14 22:23:34,286 [DEBUG] cnn_neat: Split edge 4→2, new hidden node 5 (pool=4)
2026-08-14 22:23:34,289 [DEBUG] cnn_neat: Added edge 0→2 (from 4 candidates)
2026-08-14 22:23:34,293 [DEBUG] cnn_neat: Split edge 3→1, new hidden node 6 (pool=5)
2026-08-14 22:23:34,298 [DEBUG] cnn_neat: Added edge 4→3 (from 6 candidates)
2026-08-14 22:23:34,301 [DEBUG] cnn_neat: Split edge 4→2, new hidden node 5 (pool=5)
2026-08-14 22:23:34,307 [DEBUG] cnn_neat: Split edge 0→1, new hidden node 3 (pool=1)
2026-08-14 22:23:34,312 [DEBUG] cnn_neat: Removed hidden node 2 (pool=1)
2026-08-14 22:23:34,314 [DEBUG] cnn_neat: Removed edge 0→2 (from 3 candidates)
2026-08-14 22:23:34,317 [DEBUG] cnn_neat: Removed 1 edges (requested 3)
2026-08-14 22:23:34,322 [DEBUG] cnn_neat: Split edge 3→1, new hidden node 4 (pool=2)
2026-08-14 22:23:34,326 [DEBUG] cnn_neat: Added edge 0→2 (from 1 candidates)
2026-08-14 22:23:34,330 [DEBUG] cnn_neat: Removed hidden node 2 (pool=1)
2026-08-14 22:23:34,333 [DEBUG] cnn_neat: Removed edge 2→1 (from 3 candidates)
2026-08-14 22:23:34,337 [DEBUG] cnn_neat: Removed 2 edges (requested 3)
2026-08-14 22:23:34,340 [DEBUG] cnn_neat: Split edge 3→1, new hidden node 4 (pool=5)
2026-08-14 22:23:34,344 [DEBUG] cnn_neat: Added edge 0→1 (from 1 candidates)
2026-08-14 22:23:34,348 [DEBUG] cnn_neat: Split edge 2→1, new hidden node 5 (pool=3)
2026-08-14 22:23:34,352 [DEBUG] cnn_neat: Removed hidden node 3 (pool=2)
2026-08-14 22:23:34,356 [DEBUG] cnn_neat: Added edge 3→1 (from 4 candidates)
2026-08-14 22:23:34,359 [DEBUG] cnn_neat: Split edge 0→1, new hidden node 4 (pool=1)
2026-08-14 22:23:34,365 [DEBUG] cnn_neat: Split edge 2→1, new hidden node 4 (pool=2)
2026-08-14 22:23:34,368 [DEBUG] cnn_neat: Added edge 0→3 (from 1 candidates)
2026-08-14 22:23:34,373 [DEBUG] cnn_neat: Removed hidden node 3 (pool=1)
2026-08-14 22:23:34,375 [DEBUG] cnn_neat: Removed edge 2→1 (from 3 candidates)
2026-08-14 22:23:34,379 [DEBUG] cnn_neat: Removed 2 edges (requested 3)
2026-08-14 22:23:34,382 [DEBUG] cnn_neat: Split edge 2→3, new hidden node 5 (pool=5)
2026-08-14 22:23:34,386 [DEBUG] cnn_neat: Added edge 0→4 (from 5 candidates)
2026-08-14 22:23:34,390 [DEBUG] cnn_neat: Split edge 0→2, new hidden node 6 (pool=3)
2026-08-14 22:23:34,395 [DEBUG] cnn_neat: Removed hidden node 3 (pool=2)
2026-08-14 22:23:34,398 [DEBUG] cnn_neat: Added edge 3→4 (from 8 candidates)
2026-08-14 22:23:34,403 [DEBUG] cnn_neat: Split edge 3→1, new hidden node 4 (pool=2)
2026-08-14 22:23:34,405 [DEBUG] cnn_neat: Added edge 0→1 (from 1 candidates)
2026-08-14 22:23:34,411 [DEBUG] cnn_neat: Split edge 2→1, new hidden node 4 (pool=2)
2026-08-14 22:23:34,413 [DEBUG] cnn_neat: Added edge 3→1 (from 2 candidates)
2026-08-14 22:23:34,417 [DEBUG] cnn_neat: Removed hidden node 3 (pool=1)
2026-08-14 22:23:34,419 [DEBUG] cnn_neat: Removed edge 2→3 (from 1 candidates)
2026-08-14 22:23:34,422 [DEBUG] cnn_neat: Removed 1 edges (requested 3)
2026-08-14 22:23:34,425 [DEBUG] cnn_neat: Split edge 0→2, new hidden node 5 (pool=4)
2026-08-14 22:23:34,428 [DEBUG] cnn_neat: Added edge 2→1 (from 6 candidates)
2026-08-14 22:23:34,432 [DEBUG] cnn_neat: Split edge 5→2, new hidden node 6 (pool=5)
2026-08-14 22:23:34,438 [DEBUG] cnn_neat: Removed hidden node 3 (pool=1)
2026-08-14 22:23:34,442 [DEBUG] cnn_neat: Added edge 4→3 (from 8 candidates)
2026-08-14 22:23:34,445 [DEBUG] cnn_neat: Split edge 2→1, new hidden node 5 (pool=2)
2026-08-14 22:23:34,474 [DEBUG] cnn_neat: Split edge 4→2, new hidden node 5 (pool=3)
2026-08-14 22:23:34,476 [DEBUG] cnn_neat: Added edge 3→1 (from 4 candidates)
2026-08-14 22:23:34,479 [DEBUG] cnn_neat: Removed hidden node 3 (pool=1)
2026-08-14 22:23:34,481 [DEBUG] cnn_neat: Removed edge 2→3 (from 1 candidates)
2026-08-14 22:23:34,485 [DEBUG] cnn_neat: Removed 1 edges (requested 3)
2026-08-14 22:23:34,490 [DEBUG] cnn_neat: Split edge 2→3, new hidden node 4 (pool=4)
2026-08-14 22:23:34,492 [DEBUG] cnn_neat: Added edge 0→1 (from 2 candidates)
2026-08-14 22:23:34,499 [DEBUG] cnn_neat: Removed hidden node 3 (pool=1)
2026-08-14 22:23:34,502 [DEBUG] cnn_neat: Removed edge 0→3 (from 2 candidates)
2026-08-14 22:23:34,506 [DEBUG] cnn_neat: Removed 2 edges (requested 3)
2026-08-14 22:23:34,509 [DEBUG] cnn_neat: Split edge 0→2, new hidden node 5 (pool=3)
2026-08-14 22:23:34,513 [DEBUG] cnn_neat: Split edge 0→1, new hidden node 4 (pool=1)
2026-08-14 22:23:34,516 [DEBUG] cnn_neat: Added edge 4→1 (from 4 candidates)
2026-08-14 22:23:34,521 [DEBUG] cnn_neat: Added edge 3→1 (from 1 candidates)
2026-08-14 22:23:34,526 [DEBUG] cnn_neat: Split edge 0→4, new hidden node 5 (pool=3)
2026-08-14 22:23:34,530 [DEBUG] cnn_neat: Added edge 4→1 (from 2 candidates)
2026-08-14 22:23:34,541 [DEBUG] cnn_neat: Split edge 4→1, new hidden node 5 (pool=2)
2026-08-14 22:23:34,547 [DEBUG] cnn_neat: Added edge 0→2 (from 1 candidates)
2026-08-14 22:23:34,556 [DEBUG] cnn_neat: Removed hidden node 2 (pool=1)
2026-08-14 22:23:34,560 [DEBUG] cnn_neat: Removed edge 2→1 (from 3 candidates)
2026-08-14 22:23:34,650 [DEBUG] cnn_neat: Removed 2 edges (requested 3)
2026-08-14 22:23:34,655 [DEBUG] cnn_neat: Split edge 0→2, new hidden node 5 (pool=5)
2026-08-14 22:23:34,659 [DEBUG] cnn_neat: Added edge 0→1 (from 1 candidates)
2026-08-14 22:23:34,666 [DEBUG] cnn_neat: Split edge 0→5, new hidden node 6 (pool=5)
2026-08-14 22:23:34,672 [DEBUG] cnn_neat: Removed hidden node 2 (pool=2)
2026-08-14 22:23:34,675 [DEBUG] cnn_neat: Added edge 5→4 (from 4 candidates)
2026-08-14 22:23:34,682 [DEBUG] cnn_neat: Split edge 0→1, new hidden node 5 (pool=1)
2026-08-14 22:23:34,690 [DEBUG] cnn_neat: Split edge 3→1, new hidden node 4 (pool=4)
2026-08-14 22:23:34,696 [DEBUG] cnn_neat: Added edge 2→1 (from 2 candidates)
2026-08-14 22:23:34,706 [DEBUG] cnn_neat: Removed hidden node 2 (pool=1)
2026-08-14 22:23:34,709 [DEBUG] cnn_neat: Removed edge 2→3 (from 3 candidates)
2026-08-14 22:23:34,716 [DEBUG] cnn_neat: Removed 1 edges (requested 3)
2026-08-14 22:23:34,720 [DEBUG] cnn_neat: Split edge 0→3, new hidden node 4 (pool=3)
2026-08-14 22:23:34,723 [DEBUG] cnn_neat: Added edge 0→1 (from 4 candidates)
2026-08-14 22:23:34,730 [DEBUG] cnn_neat: Split edge 3→1, new hidden node 5 (pool=4)
2026-08-14 22:23:34,736 [DEBUG] cnn_neat: Removed hidden node 2 (pool=1)
2026-08-14 22:23:34,740 [DEBUG] cnn_neat: Added edge 2→3 (from 7 candidates)
2026-08-14 22:23:34,744 [DEBUG] cnn_neat: Split edge 0→1, new hidden node 4 (pool=1)
2026-08-14 22:23:34,751 [DEBUG] cnn_neat: Split edge 0→2, new hidden node 5 (pool=4)
2026-08-14 22:23:34,757 [DEBUG] cnn_neat: Added edge 3→1 (from 4 candidates)
2026-08-14 22:23:34,769 [DEBUG] cnn_neat: Split edge 2→3, new hidden node 6 (pool=5)
2026-08-14 22:23:34,837 [DEBUG] cnn_neat: Split edge 0→2, new hidden node 5 (pool=3)
2026-08-14 22:23:34,844 [DEBUG] cnn_neat: Added edge 0→2 (from 6 candidates)
2026-08-14 22:23:34,848 [DEBUG] cnn_neat: Added edge 0→3 (from 3 candidates)
2026-08-14 22:23:34,856 [DEBUG] cnn_neat: Split edge 0→5, new hidden node 6 (pool=4)
2026-08-14 22:23:34,867 [DEBUG] cnn_neat: Split edge 4→1, new hidden node 5 (pool=5)
2026-08-14 22:23:34,872 [DEBUG] cnn_neat: Added edge 2→4 (from 4 candidates)
2026-08-14 22:23:34,882 [DEBUG] cnn_neat: Removed hidden node 2 (pool=1)
2026-08-14 22:23:34,887 [DEBUG] cnn_neat: Removed edge 0→3 (from 3 candidates)
2026-08-14 22:23:34,896 [DEBUG] cnn_neat: Removed 2 edges (requested 3)
2026-08-14 22:23:34,903 [DEBUG] cnn_neat: Split edge 0→2, new hidden node 5 (pool=6)
2026-08-14 22:23:34,910 [DEBUG] cnn_neat: Added edge 3→1 (from 3 candidates)
2026-08-14 22:23:34,918 [DEBUG] cnn_neat: Split edge 2→3, new hidden node 6 (pool=7)
2026-08-14 22:23:34,926 [DEBUG] cnn_neat: Removed hidden node 3 (pool=2)
2026-08-14 22:23:34,936 [DEBUG] cnn_neat: Added edge 0→2 (from 7 candidates)
2026-08-14 22:23:35,005 [DEBUG] cnn_neat: Split edge 0→3, new hidden node 7 (pool=4)
2026-08-14 22:23:35,010 [DEBUG] cnn_neat: Split edge 0→1, new hidden node 2 (pool=1)
2026-08-14 22:23:35,019 [DEBUG] cnn_neat: Split edge 0→2, new hidden node 3 (pool=2)
2026-08-14 22:23:35,023 [DEBUG] cnn_neat: Added edge 0→1 (from 1 candidates)
2026-08-14 22:23:35,033 [DEBUG] cnn_neat: Split edge 2→1, new hidden node 4 (pool=3)
2026-08-14 22:23:35,036 [DEBUG] cnn_neat: Added edge 3→1 (from 2 candidates)
2026-08-14 22:23:35,048 [DEBUG] cnn_neat: Split edge 2→4, new hidden node 5 (pool=4)
2026-08-14 22:23:35,052 [DEBUG] cnn_neat: Added edge 3→4 (from 4 candidates)
2026-08-14 22:23:35,057 [DEBUG] cnn_neat: Split edge 3→2, new hidden node 6 (pool=5)
2026-08-14 22:23:35,067 [DEBUG] cnn_neat: Added edge 2→4 (from 6 candidates)
2026-08-14 22:23:35,070 [DEBUG] cnn_neat: Split edge 4→1, new hidden node 5 (pool=5)
2026-08-14 22:23:35,081 [DEBUG] cnn_neat: Split edge 0→1, new hidden node 3 (pool=1)
2026-08-14 22:23:35,092 [DEBUG] cnn_neat: Removed hidden node 2 (pool=1)
2026-08-14 22:23:35,094 [DEBUG] cnn_neat: Removed edge 0→1 (from 3 candidates)
2026-08-14 22:23:35,097 [DEBUG] cnn_neat: Removed 1 edges (requested 3)
2026-08-14 22:23:35,103 [DEBUG] cnn_neat: Split edge 2→3, new hidden node 4 (pool=5)
2026-08-14 22:23:35,172 [DEBUG] cnn_neat: Added edge 0→1 (from 1 candidates)
2026-08-14 22:23:35,180 [DEBUG] cnn_neat: Removed hidden node 2 (pool=2)
2026-08-14 22:23:35,184 [DEBUG] cnn_neat: Removed edge 0→3 (from 5 candidates)
2026-08-14 22:23:35,190 [DEBUG] cnn_neat: Removed 2 edges (requested 3)
2026-08-14 22:23:35,197 [DEBUG] cnn_neat: Split edge 3→1, new hidden node 4 (pool=2)
2026-08-14 22:23:35,199 [DEBUG] cnn_neat: Added edge 0→1 (from 1 candidates)
2026-08-14 22:23:35,210 [DEBUG] cnn_neat: Split edge 0→2, new hidden node 5 (pool=4)
2026-08-14 22:23:35,231 [DEBUG] cnn_neat: Added edge 0→3 (from 4 candidates)
2026-08-14 22:23:35,239 [DEBUG] cnn_neat: Split edge 0→5, new hidden node 6 (pool=5)
2026-08-14 22:23:35,244 [DEBUG] cnn_neat: Split edge 3→1, new hidden node 5 (pool=2)
2026-08-14 22:23:35,248 [DEBUG] cnn_neat: Added edge 5→3 (from 6 candidates)
2026-08-14 22:23:35,252 [DEBUG] cnn_neat: Added edge 2→1 (from 4 candidates)
2026-08-14 22:23:35,259 [DEBUG] cnn_neat: Split edge 5→1, new hidden node 6 (pool=6)
2026-08-14 22:23:35,346 [DEBUG] cnn_neat: Split edge 4→2, new hidden node 5 (pool=3)
2026-08-14 22:23:35,347 [DEBUG] cnn_neat: Added edge 0→3 (from 4 candidates)
2026-08-14 22:23:35,353 [DEBUG] cnn_neat: Removed hidden node 3 (pool=1)
2026-08-14 22:23:35,355 [DEBUG] cnn_neat: Removed edge 2→3 (from 1 candidates)
2026-08-14 22:23:35,357 [DEBUG] cnn_neat: Removed 1 edges (requested 3)
2026-08-14 22:23:35,362 [DEBUG] cnn_neat: Split edge 4→2, new hidden node 5 (pool=3)
2026-08-14 22:23:35,365 [DEBUG] cnn_neat: Added edge 4→1 (from 2 candidates)
2026-08-14 22:23:35,373 [DEBUG] cnn_neat: Split edge 0→1, new hidden node 4 (pool=1)
2026-08-14 22:23:35,378 [DEBUG] cnn_neat: Removed hidden node 3 (pool=1)
2026-08-14 22:23:35,379 [DEBUG] cnn_neat: Removed edge 3→1 (from 3 candidates)
2026-08-14 22:23:35,381 [DEBUG] cnn_neat: Removed 1 edges (requested 3)
2026-08-14 22:23:35,384 [DEBUG] cnn_neat: Split edge 4→1, new hidden node 5 (pool=4)
2026-08-14 22:23:35,385 [DEBUG] cnn_neat: Split edge 0→1, new hidden node 4 (pool=1)
2026-08-14 22:23:35,387 [DEBUG] cnn_neat: Added edge 4→3 (from 3 candidates)
2026-08-14 22:23:35,389 [DEBUG] cnn_neat: Added edge 3→1 (from 1 candidates)
2026-08-14 22:23:35,392 [DEBUG] cnn_neat: Split edge 3→1, new hidden node 6 (pool=2)
2026-08-14 22:23:35,398 [DEBUG] cnn_neat: Split edge 0→3, new hidden node 5 (pool=5)
2026-08-14 22:23:35,402 [DEBUG] cnn_neat: Added edge 3→1 (from 5 candidates)
2026-08-14 22:23:35,408 [DEBUG] cnn_neat: Removed hidden node 4 (pool=2)
2026-08-14 22:23:35,411 [DEBUG] cnn_neat: Removed edge 4→1 (from 4 candidates)
2026-08-14 22:23:35,416 [DEBUG] cnn_neat: Removed 2 edges (requested 3)
2026-08-14 22:23:35,419 [DEBUG] cnn_neat: Split edge 2→1, new hidden node 6 (pool=6)
2026-08-14 22:23:35,423 [DEBUG] cnn_neat: Split edge 3→1, new hidden node 5 (pool=2)
2026-08-14 22:23:35,426 [DEBUG] cnn_neat: Split edge 2→1, new hidden node 5 (pool=4)
2026-08-14 22:23:35,434 [DEBUG] cnn_neat: Split edge 2→1, new hidden node 6 (pool=5)
2026-08-14 22:23:35,435 [DEBUG] cnn_neat: Saved generation 0
2026-08-14 22:23:35,480 [DEBUG] cnn_neat: Added edge 2→5 (from 5 candidates)
2026-08-14 22:23:35,493 [DEBUG] cnn_neat: Selected 25 elite individuals
2026-08-14 22:23:35,505 [DEBUG] cnn_neat: Removed hidden node 5 (pool=2)
2026-08-14 22:23:35,539 [DEBUG] cnn_neat: Removed edge 4→5 (from 4 candidates)
2026-08-14 22:23:35,552 [DEBUG] cnn_neat: Removed 2 edges (requested 3)
2026-08-14 22:23:35,564 [DEBUG] cnn_neat: Split edge 5→1, new hidden node 7 (pool=3)
2026-08-14 22:23:35,571 [DEBUG] cnn_neat: Split edge 2→5, new hidden node 6 (pool=6)
2026-08-14 22:23:35,577 [DEBUG] cnn_neat: Split edge 2→1, new hidden node 6 (pool=4)
2026-08-14 22:23:35,590 [DEBUG] cnn_neat: Split edge 2→1, new hidden node 5 (pool=4)
2026-08-14 22:23:35,597 [DEBUG] cnn_neat: Added edge 0→4 (from 4 candidates)
2026-08-14 22:23:35,612 [DEBUG] cnn_neat: Split edge 2→1, new hidden node 5 (pool=5)
2026-08-14 22:23:35,751 [DEBUG] cnn_neat: Added edge 0→2 (from 4 candidates)
2026-08-14 22:23:35,756 [DEBUG] cnn_neat: Split edge 0→3, new hidden node 7 (pool=6)
2026-08-14 22:23:35,757 [DEBUG] cnn_neat: Split edge 2→5, new hidden node 6 (pool=6)
2026-08-14 22:23:35,762 [DEBUG] cnn_neat: Added edge 0→2 (from 14 candidates)
2026-08-14 22:23:35,767 [DEBUG] cnn_neat: Removed hidden node 3 (pool=1)
2026-08-14 22:23:35,773 [DEBUG] cnn_neat: Added edge 0→2 (from 6 candidates)
2026-08-14 22:23:35,773 [DEBUG] cnn_neat: Removed hidden node 3 (pool=1)
2026-08-14 22:23:35,776 [DEBUG] cnn_neat: Removed edge 0→3 (from 1 candidates)
2026-08-14 22:23:35,778 [DEBUG] cnn_neat: Split edge 0→4, new hidden node 7 (pool=5)
2026-08-14 22:23:35,780 [DEBUG] cnn_neat: Removed 1 edges (requested 3)
2026-08-14 22:23:35,782 [DEBUG] cnn_neat: Split edge 4→5, new hidden node 7 (pool=5)
2026-08-14 22:23:35,784 [DEBUG] cnn_neat: Crossover rejected: copied edge has no live Conv2d
2026-08-14 22:23:35,785 [DEBUG] cnn_neat: Split edge 6→1, new hidden node 7 (pool=6)
2026-08-14 22:23:35,788 [DEBUG] cnn_neat: Added edge 4→3 (from 14 candidates)
2026-08-14 22:23:35,790 [DEBUG] cnn_neat: Added edge 0→5 (from 12 candidates)
2026-08-14 22:23:35,792 [DEBUG] cnn_neat: Added edge 0→6 (from 12 candidates)
2026-08-14 22:23:35,794 [DEBUG] cnn_neat: Added edge 6→3 (from 13 candidates)
2026-08-14 22:23:35,795 [DEBUG] cnn_neat: Added edge 5→6 (from 9 candidates)
2026-08-14 22:23:35,799 [DEBUG] cnn_neat: Split edge 2→1, new hidden node 7 (pool=5)
2026-08-14 22:23:35,801 [DEBUG] cnn_neat: Added edge 0→5 (from 6 candidates)
2026-08-14 22:23:35,803 [DEBUG] cnn_neat: Split edge 2→1, new hidden node 7 (pool=5)
2026-08-14 22:23:35,806 [DEBUG] cnn_neat: Added edge 6→7 (from 9 candidates)
2026-08-14 22:23:35,808 [DEBUG] cnn_neat: Split edge 4→6, new hidden node 7 (pool=5)
2026-08-14 22:23:35,811 [DEBUG] cnn_neat: Split edge 2→1, new hidden node 7 (pool=5)
2026-08-14 22:23:35,813 [DEBUG] cnn_neat: Added edge 4→2 (from 9 candidates)
2026-08-14 22:23:35,815 [DEBUG] cnn_neat: Crossover union: A_edges=5 B_added=6 dup_skipped=0 child_edges=11 nodes=11
2026-08-14 22:23:35,818 [DEBUG] cnn_neat: Added edge 0→5 (from 6 candidates)
2026-08-14 22:23:35,820 [DEBUG] cnn_neat: Added edge 0→6 (from 8 candidates)
2026-08-14 22:23:35,822 [DEBUG] cnn_neat: Added edge 5→1 (from 7 candidates)
2026-08-14 22:23:35,825 [DEBUG] cnn_neat: Added edge 6→2 (from 6 candidates)
2026-08-14 22:23:35,827 [DEBUG] cnn_neat: Added edge 0→2 (from 5 candidates)
2026-08-14 22:23:35,829 [DEBUG] cnn_neat: Split edge 2→1, new hidden node 7 (pool=1)
2026-08-14 22:23:35,831 [DEBUG] cnn_neat: Added edge 4→2 (from 10 candidates)
2026-08-14 22:23:35,834 [DEBUG] cnn_neat: Removed hidden node 3 (pool=1)
2026-08-14 22:23:35,836 [DEBUG] cnn_neat: Split edge 4→6, new hidden node 7 (pool=5)
2026-08-14 22:23:35,837 [DEBUG] cnn_neat: Added edge 0→7 (from 9 candidates)
2026-08-14 22:23:35,840 [DEBUG] cnn_neat: Removed edge 2→3 (from 1 candidates)
2026-08-14 22:23:35,842 [DEBUG] cnn_neat: Split edge 4→6, new hidden node 7 (pool=5)
2026-08-14 22:23:35,845 [DEBUG] cnn_neat: Added edge 7→2 (from 9 candidates)
2026-08-14 22:23:35,846 [DEBUG] cnn_neat: Removed 1 edges (requested 3)
2026-08-14 22:23:35,848 [DEBUG] cnn_neat: Split edge 2→1, new hidden node 7 (pool=5)
2026-08-14 22:23:35,850 [DEBUG] cnn_neat: Added edge 0→2 (from 9 candidates)
2026-08-14 22:23:35,852 [DEBUG] cnn_neat: Crossover rejected: copied edge has no live Conv2d
2026-08-14 22:23:35,854 [DEBUG] cnn_neat: Split edge 2→1, new hidden node 7 (pool=1)
2026-08-14 22:23:35,857 [DEBUG] cnn_neat: Added edge 0→6 (from 15 candidates)
2026-08-14 22:23:35,858 [DEBUG] cnn_neat: Added edge 5→3 (from 10 candidates)
2026-08-14 22:23:35,861 [DEBUG] cnn_neat: Added edge 4→3 (from 10 candidates)
2026-08-14 22:23:35,863 [DEBUG] cnn_neat: Added edge 6→3 (from 8 candidates)
2026-08-14 22:23:35,866 [DEBUG] cnn_neat: Added edge 0→6 (from 7 candidates)
2026-08-14 22:23:35,868 [DEBUG] cnn_neat: Added edge 4→2 (from 8 candidates)
2026-08-14 22:23:35,869 [DEBUG] cnn_neat: Split edge 0→4, new hidden node 6 (pool=5)
2026-08-14 22:23:35,872 [DEBUG] cnn_neat: Added edge 5→1 (from 4 candidates)
2026-08-14 22:23:35,874 [DEBUG] cnn_neat: Removed hidden node 5 (pool=1)
2026-08-14 22:23:35,876 [DEBUG] cnn_neat: Split edge 2→1, new hidden node 5 (pool=3)
2026-08-14 22:23:35,878 [DEBUG] cnn_neat: Removed edge 5→4 (from 3 candidates)
2026-08-14 22:23:35,881 [DEBUG] cnn_neat: Removed 2 edges (requested 3)
2026-08-14 22:23:35,882 [DEBUG] cnn_neat: Split edge 2→1, new hidden node 5 (pool=3)
2026-08-14 22:23:35,883 [DEBUG] cnn_neat: Added edge 2→1 (from 4 candidates)
2026-08-14 22:23:35,886 [DEBUG] cnn_neat: Crossover rejected: union topology invalid (edges=10 nodes=9)
2026-08-14 22:23:35,887 [DEBUG] cnn_neat: Split edge 5→4, new hidden node 6 (pool=5)
2026-08-14 22:23:35,890 [DEBUG] cnn_neat: Added edge 4→1 (from 4 candidates)
2026-08-14 22:23:35,891 [DEBUG] cnn_neat: Added edge 5→1 (from 3 candidates)
2026-08-14 22:23:35,893 [DEBUG] cnn_neat: Added edge 0→2 (from 2 candidates)
2026-08-14 22:23:35,895 [DEBUG] cnn_neat: Added edge 5→2 (from 2 candidates)
2026-08-14 22:23:35,898 [DEBUG] cnn_neat: Added edge 0→1 (from 1 candidates)
2026-08-14 22:23:35,900 [DEBUG] cnn_neat: Split edge 0→4, new hidden node 6 (pool=6)
2026-08-14 22:23:35,902 [DEBUG] cnn_neat: Added edge 5→4 (from 12 candidates)
2026-08-14 22:23:35,906 [DEBUG] cnn_neat: Removed hidden node 3 (pool=4)
2026-08-14 22:23:35,907 [DEBUG] cnn_neat: Removed edge 0→3 (from 6 candidates)
2026-08-14 22:23:35,910 [DEBUG] cnn_neat: Removed 3 edges (requested 3)
2026-08-14 22:23:35,911 [DEBUG] cnn_neat: Split edge 3→5, new hidden node 6 (pool=3)
2026-08-14 22:23:35,914 [DEBUG] cnn_neat: Crossover rejected: union topology invalid (edges=12 nodes=11)
2026-08-14 22:23:35,916 [DEBUG] cnn_neat: Split edge 5→1, new hidden node 6 (pool=6)
2026-08-14 22:23:35,918 [DEBUG] cnn_neat: Added edge 4→1 (from 12 candidates)
2026-08-14 22:23:35,920 [DEBUG] cnn_neat: Added edge 2→5 (from 11 candidates)
2026-08-14 22:23:35,923 [DEBUG] cnn_neat: Added edge 3→2 (from 8 candidates)
2026-08-14 22:23:35,925 [DEBUG] cnn_neat: Added edge 4→5 (from 6 candidates)
2026-08-14 22:23:35,928 [DEBUG] cnn_neat: Added edge 0→2 (from 5 candidates)
2026-08-14 22:23:35,930 [DEBUG] cnn_neat: Split edge 0→3, new hidden node 6 (pool=7)
2026-08-14 22:23:35,932 [DEBUG] cnn_neat: Added edge 2→1 (from 8 candidates)
2026-08-14 22:23:35,936 [DEBUG] cnn_neat: Removed hidden node 5 (pool=3)
2026-08-14 22:23:35,938 [DEBUG] cnn_neat: Split edge 0→2, new hidden node 5 (pool=5)
2026-08-14 22:23:35,940 [DEBUG] cnn_neat: Removed edge 0→2 (from 7 candidates)
2026-08-14 22:23:35,942 [DEBUG] cnn_neat: Removed 3 edges (requested 3)
2026-08-14 22:23:35,946 [DEBUG] cnn_neat: Crossover rejected: union topology invalid (edges=12 nodes=10)
2026-08-14 22:23:35,948 [DEBUG] cnn_neat: Split edge 0→3, new hidden node 6 (pool=7)
2026-08-14 22:23:35,950 [DEBUG] cnn_neat: Added edge 2→4 (from 10 candidates)
2026-08-14 22:23:35,953 [DEBUG] cnn_neat: Added edge 5→4 (from 8 candidates)
2026-08-14 22:23:35,954 [DEBUG] cnn_neat: Added edge 3→1 (from 6 candidates)
2026-08-14 22:23:35,957 [DEBUG] cnn_neat: Added edge 0→5 (from 5 candidates)
2026-08-14 22:23:35,959 [DEBUG] cnn_neat: Added edge 2→4 (from 4 candidates)
2026-08-14 22:23:35,962 [DEBUG] cnn_neat: Added edge 2→5 (from 3 candidates)
2026-08-14 22:23:35,965 [DEBUG] cnn_neat: Split edge 0→3, new hidden node 5 (pool=2)
2026-08-14 22:23:35,967 [DEBUG] cnn_neat: Added edge 4→3 (from 3 candidates)
2026-08-14 22:23:35,970 [DEBUG] cnn_neat: Removed hidden node 2 (pool=3)
2026-08-14 22:23:35,971 [DEBUG] cnn_neat: Removed edge 2→1 (from 6 candidates)
2026-08-14 22:23:35,974 [DEBUG] cnn_neat: Removed 3 edges (requested 3)
2026-08-14 22:23:35,975 [DEBUG] cnn_neat: Split edge 0→4, new hidden node 5 (pool=3)
2026-08-14 22:23:35,976 [DEBUG] cnn_neat: Added edge 0→4 (from 4 candidates)
2026-08-14 22:23:35,979 [DEBUG] cnn_neat: Removed hidden node 5 (pool=1)
2026-08-14 22:23:35,982 [DEBUG] cnn_neat: Split edge 4→2, new hidden node 5 (pool=3)
2026-08-14 22:23:35,983 [DEBUG] cnn_neat: Split edge 2→1, new hidden node 6 (pool=4)
2026-08-14 22:23:35,984 [DEBUG] cnn_neat: Added edge 0→2 (from 4 candidates)
2026-08-14 22:23:35,986 [DEBUG] cnn_neat: Weight mutation: 4 conv modules updated (direct tensor perturbation)
2026-08-14 22:23:35,988 [DEBUG] cnn_neat: Crossover rejected: union topology invalid (edges=12 nodes=10)
2026-08-14 22:23:35,990 [DEBUG] cnn_neat: Split edge 3→1, new hidden node 5 (pool=2)
2026-08-14 22:23:35,992 [DEBUG] cnn_neat: Added edge 4→3 (from 3 candidates)
2026-08-14 22:23:35,994 [DEBUG] cnn_neat: Added edge 4→1 (from 2 candidates)
2026-08-14 22:23:35,996 [DEBUG] cnn_neat: Added edge 0→2 (from 1 candidates)
2026-08-14 22:23:35,999 [DEBUG] cnn_neat: Added edge 0→1 (from 1 candidates)
2026-08-14 22:23:36,002 [DEBUG] cnn_neat: Split edge 2→4, new hidden node 6 (pool=5)
2026-08-14 22:23:36,004 [DEBUG] cnn_neat: Added edge 4→3 (from 6 candidates)
2026-08-14 22:23:36,008 [DEBUG] cnn_neat: Split edge 0→2, new hidden node 6 (pool=5)
2026-08-14 22:23:36,010 [DEBUG] cnn_neat: Split edge 4→5, new hidden node 6 (pool=5)
2026-08-14 22:23:36,013 [DEBUG] cnn_neat: Split edge 3→1, new hidden node 6 (pool=5)
2026-08-14 22:23:36,015 [DEBUG] cnn_neat: Crossover rejected: union topology invalid (edges=8 nodes=8)
2026-08-14 22:23:36,016 [DEBUG] cnn_neat: Split edge 4→5, new hidden node 6 (pool=5)
2026-08-14 22:23:36,018 [DEBUG] cnn_neat: Added edge 6→3 (from 9 candidates)
2026-08-14 22:23:36,020 [DEBUG] cnn_neat: Added edge 5→1 (from 6 candidates)
2026-08-14 22:23:36,022 [DEBUG] cnn_neat: Added edge 4→3 (from 5 candidates)
2026-08-14 22:23:36,024 [DEBUG] cnn_neat: Added edge 2→5 (from 5 candidates)
2026-08-14 22:23:36,026 [DEBUG] cnn_neat: Added edge 4→1 (from 5 candidates)
2026-08-14 22:23:36,029 [DEBUG] cnn_neat: Added edge 0→3 (from 4 candidates)
2026-08-14 22:23:36,033 [DEBUG] cnn_neat: Added edge 6→5 (from 9 candidates)
2026-08-14 22:23:36,035 [DEBUG] cnn_neat: Added edge 0→2 (from 9 candidates)
2026-08-14 22:23:36,037 [DEBUG] cnn_neat: Split edge 0→2, new hidden node 7 (pool=3)
2026-08-14 22:23:36,041 [DEBUG] cnn_neat: Added edge 3→2 (from 9 candidates)
2026-08-14 22:23:36,045 [DEBUG] cnn_neat: Added edge 0→2 (from 9 candidates)
2026-08-14 22:23:36,049 [DEBUG] cnn_neat: Removed hidden node 3 (pool=3)
2026-08-14 22:23:36,050 [DEBUG] cnn_neat: Removed edge 4→2 (from 2 candidates)
2026-08-14 22:23:36,054 [DEBUG] cnn_neat: Added edge 2→1 (from 9 candidates)
2026-08-14 22:23:36,056 [DEBUG] cnn_neat: Crossover rejected: union topology invalid (edges=10 nodes=9)
2026-08-14 22:23:36,059 [DEBUG] cnn_neat: Added edge 0→4 (from 9 candidates)
2026-08-14 22:23:36,061 [DEBUG] cnn_neat: Added edge 3→4 (from 9 candidates)
2026-08-14 22:23:36,064 [DEBUG] cnn_neat: Added edge 0→4 (from 9 candidates)
2026-08-14 22:23:36,065 [DEBUG] cnn_neat: Added edge 0→2 (from 10 candidates)
2026-08-14 22:23:36,068 [DEBUG] cnn_neat: Added edge 0→6 (from 11 candidates)
2026-08-14 22:23:36,070 [DEBUG] cnn_neat: Added edge 6→2 (from 9 candidates)
2026-08-14 22:23:36,073 [DEBUG] cnn_neat: Split edge 2→1, new hidden node 7 (pool=7)
2026-08-14 22:23:36,076 [DEBUG] cnn_neat: Added edge 3→2 (from 7 candidates)
2026-08-14 22:23:36,081 [DEBUG] cnn_neat: Removed hidden node 6 (pool=3)
2026-08-14 22:23:36,084 [DEBUG] cnn_neat: Removed edge 4→2 (from 8 candidates)
2026-08-14 22:23:36,087 [DEBUG] cnn_neat: Removed 3 edges (requested 3)
2026-08-14 22:23:36,090 [DEBUG] cnn_neat: Crossover rejected: union topology invalid (edges=12 nodes=9)
2026-08-14 22:23:36,093 [DEBUG] cnn_neat: Split edge 6→4, new hidden node 7 (pool=7)
2026-08-14 22:23:36,095 [DEBUG] cnn_neat: Added edge 3→2 (from 7 candidates)
2026-08-14 22:23:36,098 [DEBUG] cnn_neat: Added edge 6→5 (from 9 candidates)
2026-08-14 22:23:36,100 [DEBUG] cnn_neat: Added edge 4→5 (from 8 candidates)
2026-08-14 22:23:36,103 [DEBUG] cnn_neat: Added edge 0→4 (from 7 candidates)
2026-08-14 22:23:36,107 [DEBUG] cnn_neat: Added edge 0→5 (from 7 candidates)
2026-08-14 22:23:36,109 [DEBUG] cnn_neat: Split edge 3→5, new hidden node 6 (pool=5)
2026-08-14 22:23:36,111 [DEBUG] cnn_neat: Added edge 0→3 (from 6 candidates)
2026-08-14 22:23:36,114 [DEBUG] cnn_neat: Split edge 2→3, new hidden node 6 (pool=5)
2026-08-14 22:23:36,116 [DEBUG] cnn_neat: Added edge 0→3 (from 9 candidates)
2026-08-14 22:23:36,119 [DEBUG] cnn_neat: Split edge 4→1, new hidden node 6 (pool=5)
2026-08-14 22:23:36,121 [DEBUG] cnn_neat: Split edge 5→4, new hidden node 6 (pool=5)
2026-08-14 22:23:36,124 [DEBUG] cnn_neat: Crossover rejected: copied edge has no live Conv2d
2026-08-14 22:23:36,125 [DEBUG] cnn_neat: Split edge 0→2, new hidden node 6 (pool=5)
2026-08-14 22:23:36,127 [DEBUG] cnn_neat: Added edge 0→5 (from 6 candidates)
2026-08-14 22:23:36,129 [DEBUG] cnn_neat: Added edge 2→4 (from 8 candidates)
2026-08-14 22:23:36,132 [DEBUG] cnn_neat: Added edge 2→1 (from 7 candidates)
2026-08-14 22:23:36,134 [DEBUG] cnn_neat: Added edge 0→3 (from 6 candidates)
2026-08-14 22:23:36,137 [DEBUG] cnn_neat: Added edge 5→1 (from 5 candidates)
2026-08-14 22:23:36,141 [DEBUG] cnn_neat: Added edge 0→6 (from 9 candidates)
2026-08-14 22:23:36,142 [DEBUG] cnn_neat: Added edge 5→1 (from 9 candidates)
2026-08-14 22:23:36,146 [DEBUG] cnn_neat: Added edge 0→3 (from 9 candidates)
2026-08-14 22:23:36,150 [DEBUG] cnn_neat: Removed hidden node 2 (pool=2)
2026-08-14 22:23:36,154 [DEBUG] cnn_neat: Added edge 6→5 (from 9 candidates)
2026-08-14 22:23:36,159 [DEBUG] cnn_neat: Added edge 5→1 (from 9 candidates)
2026-08-14 22:23:36,162 [DEBUG] cnn_neat: Removed hidden node 4 (pool=1)
2026-08-14 22:23:36,164 [DEBUG] cnn_neat: Crossover rejected: union topology invalid (edges=15 nodes=12)
2026-08-14 22:23:36,167 [DEBUG] cnn_neat: Added edge 5→1 (from 9 candidates)
2026-08-14 22:23:36,171 [DEBUG] cnn_neat: Removed hidden node 4 (pool=1)
2026-08-14 22:23:36,175 [DEBUG] cnn_neat: Split edge 3→5, new hidden node 7 (pool=5)
2026-08-14 22:23:36,177 [DEBUG] cnn_neat: Added edge 0→6 (from 9 candidates)
2026-08-14 22:23:36,179 [DEBUG] cnn_neat: Added edge 0→3 (from 9 candidates)
2026-08-14 22:23:36,181 [DEBUG] cnn_neat: Added edge 5→1 (from 9 candidates)
2026-08-14 22:23:36,183 [DEBUG] cnn_neat: Added edge 2→3 (from 8 candidates)
2026-08-14 22:23:36,186 [DEBUG] cnn_neat: Added edge 2→5 (from 7 candidates)
2026-08-14 22:23:36,188 [DEBUG] cnn_neat: Split edge 3→4, new hidden node 5 (pool=4)
2026-08-14 22:23:36,190 [DEBUG] cnn_neat: Split edge 2→3, new hidden node 6 (pool=5)
2026-08-14 22:23:36,192 [DEBUG] cnn_neat: Added edge 5→1 (from 9 candidates)
2026-08-14 22:23:36,195 [DEBUG] cnn_neat: Removed hidden node 4 (pool=1)
2026-08-14 22:23:36,198 [DEBUG] cnn_neat: Split edge 3→5, new hidden node 7 (pool=5)
2026-08-14 22:23:36,202 [DEBUG] cnn_neat: Added edge 7→1 (from 9 candidates)
2026-08-14 22:23:36,203 [DEBUG] cnn_neat: Added edge 0→4 (from 4 candidates)
2026-08-14 22:23:36,206 [DEBUG] cnn_neat: Split edge 4→1, new hidden node 5 (pool=4)
2026-08-14 22:23:36,209 [DEBUG] cnn_neat: Split edge 4→1, new hidden node 5 (pool=4)
2026-08-14 22:23:36,210 [DEBUG] cnn_neat: Added edge 2→5 (from 6 candidates)
2026-08-14 22:23:36,213 [DEBUG] cnn_neat: Split edge 3→4, new hidden node 5 (pool=4)
2026-08-14 22:23:36,214 [DEBUG] cnn_neat: Added edge 2→4 (from 6 candidates)
2026-08-14 22:23:36,216 [DEBUG] cnn_neat: Crossover union: A_edges=4 B_added=3 dup_skipped=0 child_edges=7 nodes=7
2026-08-14 22:23:36,218 [DEBUG] cnn_neat: Added edge 2→4 (from 4 candidates)
2026-08-14 22:23:36,219 [DEBUG] cnn_neat: Added edge 2→1 (from 4 candidates)
2026-08-14 22:23:36,221 [DEBUG] cnn_neat: Added edge 3→1 (from 3 candidates)
2026-08-14 22:23:36,223 [DEBUG] cnn_neat: Added edge 0→4 (from 2 candidates)
2026-08-14 22:23:36,226 [DEBUG] cnn_neat: Added edge 0→3 (from 1 candidates)
2026-08-14 22:23:36,228 [DEBUG] cnn_neat: Split edge 2→1, new hidden node 5 (pool=5)
2026-08-14 22:23:36,229 [DEBUG] cnn_neat: Added edge 4→2 (from 5 candidates)
2026-08-14 22:23:36,232 [DEBUG] cnn_neat: Removed hidden node 4 (pool=2)
2026-08-14 22:23:36,234 [DEBUG] cnn_neat: Split edge 3→2, new hidden node 4 (pool=3)
2026-08-14 22:23:36,235 [DEBUG] cnn_neat: Added edge 4→1 (from 4 candidates)
2026-08-14 22:23:36,236 [DEBUG] cnn_neat: Removed edge 3→2 (from 4 candidates)
2026-08-14 22:23:36,238 [DEBUG] cnn_neat: Removed 2 edges (requested 3)
2026-08-14 22:23:36,239 [DEBUG] cnn_neat: Split edge 3→2, new hidden node 4 (pool=3)
2026-08-14 22:23:36,241 [DEBUG] cnn_neat: Added edge 3→2 (from 4 candidates)
2026-08-14 22:23:36,243 [DEBUG] cnn_neat: Removed hidden node 4 (pool=1)
2026-08-14 22:23:36,245 [DEBUG] cnn_neat: Split edge 2→1, new hidden node 4 (pool=3)
2026-08-14 22:23:36,248 [DEBUG] cnn_neat: Crossover rejected: copied edge has no live Conv2d
2026-08-14 22:23:36,250 [DEBUG] cnn_neat: Split edge 3→2, new hidden node 5 (pool=5)
2026-08-14 22:23:36,252 [DEBUG] cnn_neat: Added edge 4→2 (from 5 candidates)
2026-08-14 22:23:36,254 [DEBUG] cnn_neat: Added edge 3→1 (from 3 candidates)
2026-08-14 22:23:36,256 [DEBUG] cnn_neat: Added edge 0→2 (from 2 candidates)
2026-08-14 22:23:36,257 [DEBUG] cnn_neat: Added edge 0→4 (from 1 candidates)
2026-08-14 22:23:36,260 [DEBUG] cnn_neat: Added edge 0→1 (from 1 candidates)
2026-08-14 22:23:36,262 [DEBUG] cnn_neat: Split edge 4→5, new hidden node 6 (pool=5)
2026-08-14 22:23:36,263 [DEBUG] cnn_neat: Added edge 0→1 (from 1 candidates)
2026-08-14 22:23:36,266 [DEBUG] cnn_neat: Removed hidden node 5 (pool=2)
2026-08-14 22:23:36,268 [DEBUG] cnn_neat: Split edge 4→1, new hidden node 5 (pool=2)
2026-08-14 22:23:36,269 [DEBUG] cnn_neat: Added edge 4→1 (from 2 candidates)
2026-08-14 22:23:36,271 [DEBUG] cnn_neat: Removed hidden node 5 (pool=1)
2026-08-14 22:23:36,273 [DEBUG] cnn_neat: Split edge 0→4, new hidden node 5 (pool=2)
2026-08-14 22:23:36,274 [DEBUG] cnn_neat: Split edge 4→1, new hidden node 6 (pool=3)
2026-08-14 22:23:36,276 [DEBUG] cnn_neat: Removed edge 0→4 (from 5 candidates)
2026-08-14 22:23:36,278 [DEBUG] cnn_neat: Removed 3 edges (requested 3)
2026-08-14 22:23:36,280 [DEBUG] cnn_neat: Crossover rejected: union topology invalid (edges=11 nodes=9)
2026-08-14 22:23:36,282 [DEBUG] cnn_neat: Split edge 0→4, new hidden node 6 (pool=5)
2026-08-14 22:23:36,283 [DEBUG] cnn_neat: Added edge 0→1 (from 1 candidates)
2026-08-14 22:23:36,289 [DEBUG] cnn_neat: Split edge 0→1, new hidden node 6 (pool=1)
2026-08-14 22:23:36,347 [DEBUG] cnn_neat: Split edge 6→1, new hidden node 7 (pool=6)
2026-08-14 22:23:36,371 [DEBUG] cnn_neat: Added edge 4→3 (from 14 candidates)
2026-08-14 22:23:36,379 [DEBUG] cnn_neat: Removed hidden node 3 (pool=1)
2026-08-14 22:23:36,383 [DEBUG] cnn_neat: Removed edge 0→3 (from 1 candidates)
2026-08-14 22:23:36,388 [DEBUG] cnn_neat: Removed 1 edges (requested 3)
2026-08-14 22:23:36,393 [DEBUG] cnn_neat: Split edge 2→6, new hidden node 7 (pool=7)
2026-08-14 22:23:36,397 [DEBUG] cnn_neat: Added edge 6→3 (from 12 candidates)
2026-08-14 22:23:36,403 [DEBUG] cnn_neat: Split edge 4→3, new hidden node 8 (pool=2)
2026-08-14 22:23:36,411 [DEBUG] cnn_neat: Removed hidden node 3 (pool=1)
2026-08-14 22:23:36,417 [DEBUG] cnn_neat: Added edge 0→5 (from 16 candidates)
2026-08-14 22:23:36,422 [DEBUG] cnn_neat: Split edge 0→3, new hidden node 7 (pool=8)
2026-08-14 22:23:36,473 [DEBUG] cnn_neat: Split edge 6→5, new hidden node 7 (pool=5)
2026-08-14 22:23:36,479 [DEBUG] cnn_neat: Added edge 0→5 (from 6 candidates)
2026-08-14 22:23:36,496 [DEBUG] cnn_neat: Added edge 0→5 (from 9 candidates)
2026-08-14 22:23:36,508 [DEBUG] cnn_neat: Split edge 2→1, new hidden node 8 (pool=3)
2026-08-14 22:23:36,512 [DEBUG] cnn_neat: Added edge 0→7 (from 10 candidates)
2026-08-14 22:23:36,515 [DEBUG] cnn_neat: Split edge 4→6, new hidden node 9 (pool=8)
2026-08-14 22:23:36,519 [DEBUG] cnn_neat: Removed hidden node 6 (pool=3)
2026-08-14 22:23:38,399 [DEBUG] cnn_neat: Split edge 0→1, new hidden node 2 (pool=1)
2026-08-14 22:23:38,403 [DEBUG] cnn_neat: Split edge 0→2, new hidden node 3 (pool=2)
2026-08-14 22:23:38,406 [DEBUG] cnn_neat: Split edge 2→1, new hidden node 3 (pool=2)
2026-08-14 22:23:38,408 [DEBUG] cnn_neat: Added edge 0→1 (from 1 candidates)
2026-08-14 22:23:38,411 [DEBUG] cnn_neat: Added edge 3→1 (from 2 candidates)
2026-08-14 22:23:38,413 [DEBUG] cnn_neat: Added edge 2→1 (from 2 candidates)
2026-08-14 22:23:38,414 [DEBUG] cnn_neat: Removed 2 edges (requested 3)
2026-08-14 22:23:38,416 [DEBUG] cnn_neat: Split edge 0→1, new hidden node 2 (pool=1)
2026-08-14 22:23:38,417 [DEBUG] cnn_neat: Removed edge 3→1 (from 3 candidates)
2026-08-14 22:23:38,419 [DEBUG] cnn_neat: Removed hidden node 3 (pool=1)
2026-08-14 22:23:38,420 [DEBUG] cnn_neat: Split edge 0→1, new hidden node 2 (pool=1)
2026-08-14 22:23:38,422 [DEBUG] cnn_neat: Removed hidden node 2 (pool=1)
2026-08-14 22:23:38,423 [DEBUG] cnn_neat: Removed 1 edges (requested 3)
2026-08-14 22:23:38,425 [DEBUG] cnn_neat: Removed 1 edges (requested 3)
2026-08-14 22:23:38,426 [DEBUG] cnn_neat: Split edge 0→2, new hidden node 4 (pool=2)
2026-08-14 22:23:38,429 [DEBUG] cnn_neat: Added edge 0→3 (from 2 candidates)
2026-08-14 22:23:38,431 [DEBUG] cnn_neat: Removed edge 2→3 (from 1 candidates)
2026-08-14 22:23:38,432 [DEBUG] cnn_neat: Added edge 4→1 (from 2 candidates)
2026-08-14 22:23:38,433 [DEBUG] cnn_neat: Removed edge 3→1 (from 3 candidates)
2026-08-14 22:23:38,435 [DEBUG] cnn_neat: Added edge 0→3 (from 2 candidates)
2026-08-14 22:23:38,437 [DEBUG] cnn_neat: Split edge 3→1, new hidden node 4 (pool=3)
2026-08-14 22:23:38,439 [DEBUG] cnn_neat: Removed 1 edges (requested 3)
2026-08-14 22:23:38,440 [DEBUG] cnn_neat: Split edge 0→2, new hidden node 3 (pool=2)
2026-08-14 22:23:38,442 [DEBUG] cnn_neat: Split edge 3→1, new hidden node 4 (pool=4)
2026-08-14 22:23:38,443 [DEBUG] cnn_neat: Added edge 0→3 (from 2 candidates)
2026-08-14 22:23:38,444 [DEBUG] cnn_neat: Added edge 2→1 (from 2 candidates)
2026-08-14 22:23:38,446 [DEBUG] cnn_neat: Split edge 2→3, new hidden node 4 (pool=3)
2026-08-14 22:23:38,448 [DEBUG] cnn_neat: Added edge 0→1 (from 1 candidates)
2026-08-14 22:23:38,449 [DEBUG] cnn_neat: Removed edge 2→1 (from 3 candidates)
2026-08-14 22:23:38,452 [DEBUG] cnn_neat: Removed 1 edges (requested 3)
2026-08-14 22:23:38,453 [DEBUG] cnn_neat: Split edge 0→2, new hidden node 3 (pool=2)
2026-08-14 22:23:38,455 [DEBUG] cnn_neat: Split edge 3→1, new hidden node 4 (pool=2)
2026-08-14 22:23:38,456 [DEBUG] cnn_neat: Split edge 4→1, new hidden node 5 (pool=2)
2026-08-14 22:23:38,458 [DEBUG] cnn_neat: Removed 2 edges (requested 3)
2026-08-14 22:23:38,460 [DEBUG] cnn_neat: Removed edge 2→3 (from 1 candidates)
2026-08-14 22:23:38,461 [DEBUG] cnn_neat: Split edge 3→2, new hidden node 4 (pool=3)
2026-08-14 22:23:38,463 [DEBUG] cnn_neat: Added edge 3→1 (from 2 candidates)
2026-08-14 22:23:38,466 [DEBUG] cnn_neat: Removed 2 edges (requested 3)
2026-08-14 22:23:38,467 [DEBUG] cnn_neat: Added edge 2→1 (from 2 candidates)
2026-08-14 22:23:38,469 [DEBUG] cnn_neat: Removed hidden node 3 (pool=1)
2026-08-14 22:23:38,473 [DEBUG] cnn_neat: Removed hidden node 2 (pool=1)
2026-08-14 22:23:38,474 [DEBUG] cnn_neat: Split edge 0→2, new hidden node 3 (pool=2)
2026-08-14 22:23:38,476 [DEBUG] cnn_neat: Split edge 3→1, new hidden node 5 (pool=4)
2026-08-14 22:23:38,477 [DEBUG] cnn_neat: Removed 1 edges (requested 3)
2026-08-14 22:23:38,480 [DEBUG] cnn_neat: Removed 1 edges (requested 3)
2026-08-14 22:23:38,482 [DEBUG] cnn_neat: Removed edge 2→1 (from 3 candidates)
2026-08-14 22:23:38,484 [DEBUG] cnn_neat: Added edge 2→1 (from 2 candidates)
2026-08-14 22:23:38,486 [DEBUG] cnn_neat: Added edge 0→3 (from 4 candidates)
2026-08-14 22:23:38,489 [DEBUG] cnn_neat: Removed edge 0→3 (from 5 candidates)
2026-08-14 22:23:38,490 [DEBUG] cnn_neat: Split edge 0→1, new hidden node 2 (pool=1)
2026-08-14 22:23:38,491 [DEBUG] cnn_neat: Removed hidden node 3 (pool=1)
2026-08-14 22:23:38,493 [DEBUG] cnn_neat: Removed hidden node 2 (pool=1)
2026-08-14 22:23:38,495 [DEBUG] cnn_neat: Split edge 2→3, new hidden node 4 (pool=5)
2026-08-14 22:23:38,497 [DEBUG] cnn_neat: Added edge 3→1 (from 2 candidates)
2026-08-14 22:23:38,499 [DEBUG] cnn_neat: Split edge 2→1, new hidden node 5 (pool=4)
2026-08-14 22:23:38,501 [DEBUG] cnn_neat: Removed edge 3→1 (from 3 candidates)
2026-08-14 22:23:38,503 [DEBUG] cnn_neat: Added edge 3→2 (from 4 candidates)
2026-08-14 22:23:38,504 [DEBUG] cnn_neat: Split edge 4→2, new hidden node 5 (pool=5)
2026-08-14 22:23:38,505 [DEBUG] cnn_neat: Removed edge 5→1 (from 4 candidates)
2026-08-14 22:23:38,507 [DEBUG] cnn_neat: Removed 2 edges (requested 3)
2026-08-14 22:23:38,508 [DEBUG] cnn_neat: Removed 2 edges (requested 3)
2026-08-14 22:23:38,510 [DEBUG] cnn_neat: Split edge 0→4, new hidden node 5 (pool=3)
2026-08-14 22:23:38,512 [DEBUG] cnn_neat: Removed edge 0→2 (from 3 candidates)
2026-08-14 22:23:38,513 [DEBUG] cnn_neat: Removed edge 4→2 (from 3 candidates)
2026-08-14 22:23:38,514 [DEBUG] cnn_neat: Split edge 4→2, new hidden node 5 (pool=3)
2026-08-14 22:23:38,517 [DEBUG] cnn_neat: Added edge 3→2 (from 6 candidates)
2026-08-14 22:23:38,518 [DEBUG] cnn_neat: Removed 1 edges (requested 3)
2026-08-14 22:23:38,519 [DEBUG] cnn_neat: Removed 2 edges (requested 3)
2026-08-14 22:23:38,520 [DEBUG] cnn_neat: Removed edge 2→1 (from 1 candidates)
2026-08-14 22:23:38,522 [DEBUG] cnn_neat: Removed edge 3→4 (from 3 candidates)
2026-08-14 22:23:38,525 [DEBUG] cnn_neat: Removed hidden node 2 (pool=1)
2026-08-14 22:23:38,528 [DEBUG] cnn_neat: Removed 2 edges (requested 3)
2026-08-14 22:23:38,531 [DEBUG] cnn_neat: Added edge 2→1 (from 2 candidates)
2026-08-14 22:23:38,532 [DEBUG] cnn_neat: Split edge 4→5, new hidden node 6 (pool=4)
2026-08-14 22:23:38,535 [DEBUG] cnn_neat: Removed 1 edges (requested 3)
2026-08-14 22:23:38,537 [DEBUG] cnn_neat: Added edge 2→1 (from 2 candidates)
2026-08-14 22:23:38,539 [DEBUG] cnn_neat: Split edge 4→2, new hidden node 6 (pool=4)
2026-08-14 22:23:38,541 [DEBUG] cnn_neat: Added edge 0→2 (from 6 candidates)
2026-08-14 22:23:38,543 [DEBUG] cnn_neat: Added edge 4→1 (from 5 candidates)
2026-08-14 22:23:38,546 [DEBUG] cnn_neat: Removed hidden node 3 (pool=1)
2026-08-14 22:23:38,547 [DEBUG] cnn_neat: Split edge 3→2, new hidden node 5 (pool=5)
2026-08-14 22:23:38,549 [DEBUG] cnn_neat: Split edge 4→2, new hidden node 6 (pool=4)
2026-08-14 22:23:38,551 [DEBUG] cnn_neat: Added edge 3→1 (from 4 candidates)
2026-08-14 22:23:38,552 [DEBUG] cnn_neat: Added edge 4→2 (from 4 candidates)
2026-08-14 22:23:38,554 [DEBUG] cnn_neat: Removed 2 edges (requested 3)
2026-08-14 22:23:38,555 [DEBUG] cnn_neat: Removed 1 edges (requested 3)
2026-08-14 22:23:38,556 [DEBUG] cnn_neat: Removed edge 2→1 (from 1 candidates)
2026-08-14 22:23:38,557 [DEBUG] cnn_neat: Split edge 4→1, new hidden node 5 (pool=2)
2026-08-14 22:23:38,559 [DEBUG] cnn_neat: Removed 1 edges (requested 3)
2026-08-14 22:23:38,560 [DEBUG] cnn_neat: Split edge 2→1, new hidden node 5 (pool=3)
2026-08-14 22:23:38,563 [DEBUG] cnn_neat: Removed hidden node 2 (pool=3)
2026-08-14 22:23:38,565 [DEBUG] cnn_neat: Added edge 4→1 (from 3 candidates)
2026-08-14 22:23:38,567 [DEBUG] cnn_neat: Removed 1 edges (requested 3)
2026-08-14 22:23:38,569 [DEBUG] cnn_neat: Split edge 4→1, new hidden node 5 (pool=5)
2026-08-14 22:23:38,571 [DEBUG] cnn_neat: Split edge 3→4, new hidden node 5 (pool=4)
2026-08-14 22:23:38,573 [DEBUG] cnn_neat: Removed hidden node 2 (pool=2)
2026-08-14 22:23:38,577 [DEBUG] cnn_neat: Removed hidden node 5 (pool=2)
2026-08-14 22:23:38,578 [DEBUG] cnn_neat: Split edge 4→1, new hidden node 5 (pool=2)
2026-08-14 22:23:38,579 [DEBUG] cnn_neat: Added edge 0→1 (from 1 candidates)
2026-08-14 22:23:38,580 [DEBUG] cnn_neat: Removed edge 2→3 (from 2 candidates)
2026-08-14 22:23:38,583 [DEBUG] cnn_neat: Removed 2 edges (requested 3)
2026-08-14 22:23:38,585 [DEBUG] cnn_neat: Removed hidden node 2 (pool=1)
2026-08-14 22:23:38,587 [DEBUG] cnn_neat: Split edge 3→4, new hidden node 5 (pool=4)
2026-08-14 22:23:38,589 [DEBUG] cnn_neat: Added edge 0→5 (from 4 candidates)
2026-08-14 22:23:38,592 [DEBUG] cnn_neat: Added edge 0→3 (from 1 candidates)
2026-08-14 22:23:38,594 [DEBUG] cnn_neat: Split edge 4→3, new hidden node 5 (pool=4)
2026-08-14 22:23:38,596 [DEBUG] cnn_neat: Split edge 2→1, new hidden node 6 (pool=5)
2026-08-14 22:23:38,598 [DEBUG] cnn_neat: Split edge 3→2, new hidden node 5 (pool=5)
2026-08-14 22:23:38,599 [DEBUG] cnn_neat: Added edge 3→1 (from 4 candidates)
2026-08-14 22:23:38,602 [DEBUG] cnn_neat: Removed 1 edges (requested 3)
2026-08-14 22:23:38,605 [DEBUG] cnn_neat: Removed 2 edges (requested 3)
2026-08-14 22:23:38,607 [DEBUG] cnn_neat: Added edge 0→3 (from 1 candidates)
2026-08-14 22:23:38,608 [DEBUG] cnn_neat: Split edge 0→2, new hidden node 4 (pool=4)
2026-08-14 22:23:38,610 [DEBUG] cnn_neat: Split edge 5→1, new hidden node 6 (pool=5)
2026-08-14 22:23:38,612 [DEBUG] cnn_neat: Added edge 4→1 (from 4 candidates)
2026-08-14 22:23:38,615 [DEBUG] cnn_neat: Removed 3 edges (requested 3)
2026-08-14 22:23:38,617 [DEBUG] cnn_neat: Removed edge 3→4 (from 4 candidates)
2026-08-14 22:23:38,618 [DEBUG] cnn_neat: Removed edge 4→1 (from 1 candidates)
2026-08-14 22:23:38,621 [DEBUG] cnn_neat: Removed hidden node 3 (pool=1)
2026-08-14 22:23:38,622 [DEBUG] cnn_neat: Split edge 2→3, new hidden node 4 (pool=3)
2026-08-14 22:23:38,624 [DEBUG] cnn_neat: Removed 1 edges (requested 3)
2026-08-14 22:23:38,627 [DEBUG] cnn_neat: Split edge 0→5, new hidden node 6 (pool=3)
2026-08-14 22:23:38,629 [DEBUG] cnn_neat: Added edge 2→1 (from 2 candidates)
2026-08-14 22:23:38,631 [DEBUG] cnn_neat: Removed hidden node 4 (pool=1)
2026-08-14 22:23:38,633 [DEBUG] cnn_neat: Removed 3 edges (requested 3)
2026-08-14 22:23:38,635 [DEBUG] cnn_neat: Split edge 4→2, new hidden node 6 (pool=4)
2026-08-14 22:23:38,637 [DEBUG] cnn_neat: Split edge 0→2, new hidden node 6 (pool=6)
2026-08-14 22:23:38,639 [DEBUG] cnn_neat: Removed hidden node 3 (pool=1)
2026-08-14 22:23:38,640 [DEBUG] cnn_neat: Removed edge 2→1 (from 1 candidates)
2026-08-14 22:23:38,642 [DEBUG] cnn_neat: Added edge 3→1 (from 4 candidates)
2026-08-14 22:23:38,644 [DEBUG] cnn_neat: Added edge 0→2 (from 2 candidates)
2026-08-14 22:23:38,645 [DEBUG] cnn_neat: Added edge 3→1 (from 4 candidates)
2026-08-14 22:23:38,647 [DEBUG] cnn_neat: Removed 1 edges (requested 3)
2026-08-14 22:23:38,650 [DEBUG] cnn_neat: Added edge 0→4 (from 5 candidates)
2026-08-14 22:23:38,654 [DEBUG] cnn_neat: Removed hidden node 2 (pool=1)
2026-08-14 22:23:38,655 [DEBUG] cnn_neat: Added edge 0→4 (from 3 candidates)
2026-08-14 22:23:38,659 [DEBUG] cnn_neat: Removed hidden node 2 (pool=2)
2026-08-14 22:23:38,660 [DEBUG] cnn_neat: Added edge 0→4 (from 4 candidates)
2026-08-14 22:23:38,663 [DEBUG] cnn_neat: Removed edge 2→1 (from 4 candidates)
2026-08-14 22:23:38,664 [DEBUG] cnn_neat: Removed edge 2→1 (from 3 candidates)
2026-08-14 22:23:38,666 [DEBUG] cnn_neat: Split edge 5→3, new hidden node 6 (pool=5)
2026-08-14 22:23:38,668 [DEBUG] cnn_neat: Split edge 3→1, new hidden node 5 (pool=3)
2026-08-14 22:23:38,670 [DEBUG] cnn_neat: Removed 2 edges (requested 3)
2026-08-14 22:23:38,672 [DEBUG] cnn_neat: Split edge 3→4, new hidden node 6 (pool=5)
2026-08-14 22:23:38,674 [DEBUG] cnn_neat: Split edge 3→1, new hidden node 4 (pool=3)
2026-08-14 22:23:38,676 [DEBUG] cnn_neat: Added edge 0→5 (from 1 candidates)
2026-08-14 22:23:38,677 [DEBUG] cnn_neat: Removed 1 edges (requested 3)
2026-08-14 22:23:38,680 [DEBUG] cnn_neat: Added edge 0→1 (from 2 candidates)
2026-08-14 22:23:38,683 [DEBUG] cnn_neat: Removed 3 edges (requested 3)
2026-08-14 22:23:38,684 [DEBUG] cnn_neat: Added edge 2→1 (from 7 candidates)
2026-08-14 22:23:38,686 [DEBUG] cnn_neat: Added edge 2→1 (from 2 candidates)
2026-08-14 22:23:38,689 [DEBUG] cnn_neat: Removed hidden node 5 (pool=1)
2026-08-14 22:23:38,691 [DEBUG] cnn_neat: Split edge 4→5, new hidden node 6 (pool=4)
2026-08-14 22:23:38,692 [DEBUG] cnn_neat: Removed 2 edges (requested 3)
2026-08-14 22:23:38,693 [DEBUG] cnn_neat: Added edge 2→4 (from 4 candidates)
2026-08-14 22:23:38,695 [DEBUG] cnn_neat: Split edge 4→3, new hidden node 5 (pool=4)
2026-08-14 22:23:38,697 [DEBUG] cnn_neat: Split edge 0→2, new hidden node 4 (pool=5)
2026-08-14 22:23:38,700 [DEBUG] cnn_neat: Removed 3 edges (requested 3)
2026-08-14 22:23:38,703 [DEBUG] cnn_neat: Split edge 3→4, new hidden node 6 (pool=6)
2026-08-14 22:23:38,705 [DEBUG] cnn_neat: Split edge 5→4, new hidden node 7 (pool=5)
2026-08-14 22:23:38,708 [DEBUG] cnn_neat: Removed hidden node 3 (pool=3)
2026-08-14 22:23:38,710 [DEBUG] cnn_neat: Split edge 3→1, new hidden node 5 (pool=4)
2026-08-14 22:23:38,715 [DEBUG] cnn_neat: Removed hidden node 2 (pool=3)
2026-08-14 22:23:38,717 [DEBUG] cnn_neat: Removed edge 5→1 (from 2 candidates)
2026-08-14 22:23:38,721 [DEBUG] cnn_neat: Removed 3 edges (requested 3)
2026-08-14 22:23:38,723 [DEBUG] cnn_neat: Removed 2 edges (requested 3)
2026-08-14 22:23:38,725 [DEBUG] cnn_neat: Removed hidden node 4 (pool=1)
2026-08-14 22:23:38,729 [DEBUG] cnn_neat: Removed hidden node 5 (pool=2)
2026-08-14 22:23:38,731 [DEBUG] cnn_neat: Split edge 2→4, new hidden node 6 (pool=5)
2026-08-14 22:23:38,732 [DEBUG] cnn_neat: Split edge 3→2, new hidden node 4 (pool=3)
2026-08-14 22:23:38,734 [DEBUG] cnn_neat: Split edge 4→2, new hidden node 5 (pool=5)
2026-08-14 22:23:38,736 [DEBUG] cnn_neat: Split edge 4→5, new hidden node 6 (pool=3)
2026-08-14 22:23:38,738 [DEBUG] cnn_neat: Removed 2 edges (requested 3)
2026-08-14 22:23:38,741 [DEBUG] cnn_neat: Split edge 3→4, new hidden node 7 (pool=7)
2026-08-14 22:23:38,744 [DEBUG] cnn_neat: Removed 3 edges (requested 3)
2026-08-14 22:23:38,747 [DEBUG] cnn_neat: Split edge 2→3, new hidden node 6 (pool=5)
2026-08-14 22:23:38,750 [DEBUG] cnn_neat: Removed 3 edges (requested 3)
2026-08-14 22:23:38,752 [DEBUG] cnn_neat: Split edge 4→1, new hidden node 5 (pool=2)
2026-08-14 22:23:38,755 [DEBUG] cnn_neat: Removed hidden node 2 (pool=1)
2026-08-14 22:23:38,757 [DEBUG] cnn_neat: Removed edge 4→1 (from 6 candidates)
2026-08-14 22:23:38,759 [DEBUG] cnn_neat: Added edge 2→4 (from 3 candidates)
2026-08-14 22:23:38,762 [DEBUG] cnn_neat: Removed 3 edges (requested 3)
2026-08-14 22:23:38,765 [DEBUG] cnn_neat: Split edge 0→2, new hidden node 6 (pool=4)
2026-08-14 22:23:38,766 [DEBUG] cnn_neat: Added edge 4→1 (from 3 candidates)
2026-08-14 22:23:38,769 [DEBUG] cnn_neat: Removed 3 edges (requested 3)
2026-08-14 22:23:38,770 [DEBUG] cnn_neat: Removed 2 edges (requested 3)
2026-08-14 22:23:38,773 [DEBUG] cnn_neat: Removed hidden node 3 (pool=3)
2026-08-14 22:23:38,775 [DEBUG] cnn_neat: Removed hidden node 2 (pool=1)
2026-08-14 22:23:38,777 [DEBUG] cnn_neat: Split edge 4→1, new hidden node 6 (pool=2)
2026-08-14 22:23:38,779 [DEBUG] cnn_neat: Split edge 3→1, new hidden node 5 (pool=3)
2026-08-14 22:23:38,783 [DEBUG] cnn_neat: Removed hidden node 2 (pool=2)
2026-08-14 22:23:38,784 [DEBUG] cnn_neat: Removed 2 edges (requested 3)
2026-08-14 22:23:38,786 [DEBUG] cnn_neat: Removed edge 4→1 (from 3 candidates)
2026-08-14 22:23:38,788 [DEBUG] cnn_neat: Added edge 5→3 (from 7 candidates)
2026-08-14 22:23:38,789 [DEBUG] cnn_neat: Removed edge 4→2 (from 1 candidates)
2026-08-14 22:23:38,792 [DEBUG] cnn_neat: Added edge 2→3 (from 3 candidates)
2026-08-14 22:23:38,794 [DEBUG] cnn_neat: Split edge 2→3, new hidden node 5 (pool=5)
2026-08-14 22:23:38,796 [DEBUG] cnn_neat: Removed hidden node 4 (pool=1)
2026-08-14 22:23:38,798 [DEBUG] cnn_neat: Removed 1 edges (requested 3)
2026-08-14 22:23:38,800 [DEBUG] cnn_neat: Removed edge 3→5 (from 4 candidates)
2026-08-14 22:23:38,803 [DEBUG] cnn_neat: Removed hidden node 6 (pool=2)
2026-08-14 22:23:38,804 [DEBUG] cnn_neat: Added edge 2→1 (from 2 candidates)
2026-08-14 22:23:38,807 [DEBUG] cnn_neat: Split edge 5→1, new hidden node 7 (pool=7)
2026-08-14 22:23:38,809 [DEBUG] cnn_neat: Removed 1 edges (requested 3)
2026-08-14 22:23:38,812 [DEBUG] cnn_neat: Removed hidden node 5 (pool=2)
2026-08-14 22:23:38,814 [DEBUG] cnn_neat: Split edge 2→1, new hidden node 5 (pool=4)
2026-08-14 22:23:38,815 [DEBUG] cnn_neat: Removed edge 3→2 (from 1 candidates)
2026-08-14 22:23:38,817 [DEBUG] cnn_neat: Removed hidden node 5 (pool=2)
2026-08-14 22:23:38,819 [DEBUG] cnn_neat: Removed edge 3→1 (from 3 candidates)
2026-08-14 22:23:38,819 [DEBUG] cnn_neat: Removed 1 edges (requested 3)
2026-08-14 22:23:38,821 [DEBUG] cnn_neat: Removed hidden node 3 (pool=1)
2026-08-14 22:23:38,823 [DEBUG] cnn_neat: Split edge 0→1, new hidden node 3 (pool=1)
2026-08-14 22:23:38,825 [DEBUG] cnn_neat: Split edge 3→2, new hidden node 6 (pool=5)
2026-08-14 22:23:38,827 [DEBUG] cnn_neat: Added edge 0→2 (from 2 candidates)
2026-08-14 22:23:38,828 [DEBUG] cnn_neat: Added edge 0→2 (from 4 candidates)
2026-08-14 22:23:38,829 [DEBUG] cnn_neat: Removed hidden node 4 (pool=1)
2026-08-14 22:23:38,831 [DEBUG] cnn_neat: Removed 2 edges (requested 3)
2026-08-14 22:23:38,832 [DEBUG] cnn_neat: Removed 2 edges (requested 3)
2026-08-14 22:23:38,834 [DEBUG] cnn_neat: Removed edge 2→1 (from 1 candidates)
2026-08-14 22:23:38,835 [DEBUG] cnn_neat: Removed 1 edges (requested 3)
2026-08-14 22:23:38,839 [DEBUG] cnn_neat: Removed hidden node 5 (pool=2)
2026-08-14 22:23:38,841 [DEBUG] cnn_neat: Removed edge 4→2 (from 6 candidates)
2026-08-14 22:23:38,842 [DEBUG] cnn_neat: Removed 1 edges (requested 3)
2026-08-14 22:23:38,844 [DEBUG] cnn_neat: Added edge 2→1 (from 6 candidates)
2026-08-14 22:23:38,845 [DEBUG] cnn_neat: Removed edge 2→3 (from 6 candidates)
2026-08-14 22:23:38,847 [DEBUG] cnn_neat: Split edge 3→1, new hidden node 5 (pool=2)
2026-08-14 22:23:38,849 [DEBUG] cnn_neat: Added edge 5→6 (from 10 candidates)
2026-08-14 22:23:38,852 [DEBUG] cnn_neat: Removed hidden node 2 (pool=1)
2026-08-14 22:23:38,854 [DEBUG] cnn_neat: Removed edge 0→3 (from 4 candidates)
2026-08-14 22:23:38,858 [DEBUG] cnn_neat: Removed 3 edges (requested 3)
2026-08-14 22:23:38,861 [DEBUG] cnn_neat: Added edge 6→4 (from 9 candidates)
2026-08-14 22:23:38,863 [DEBUG] cnn_neat: Added edge 2→5 (from 7 candidates)
2026-08-14 22:23:38,864 [DEBUG] cnn_neat: Removed edge 4→2 (from 6 candidates)
2026-08-14 22:23:38,866 [INFO] cnn_neat: CnnNeat started | run=run_0007 | population=128 | in=(32, 32) out=(1, 1)
2026-08-14 22:23:38,866 [INFO] cnn_neat: Compute: device=cuda | grid (32, 32)→(1, 1) | AMP=on (float16) | GPU=NVIDIA GeForce RTX 4060 Ti
