2026-08-14 22:23:49,966 [DEBUG] cnn_neat: Split edge 0→1, new hidden node 2 (pool=1)
2026-08-14 22:23:49,980 [DEBUG] cnn_neat: Split edge 0→2, new hidden node 3 (pool=2)
2026-08-14 22:23:49,985 [DEBUG] cnn_neat: Added edge 0→1 (from 1 candidates)
2026-08-14 22:23:49,997 [DEBUG] cnn_neat: Split edge 3→2, new hidden node 4 (pool=3)
2026-08-14 22:23:50,010 [DEBUG] cnn_neat: Added edge 3→1 (from 2 candidates)
2026-08-14 22:23:50,024 [DEBUG] cnn_neat: Split edge 0→2, new hidden node 4 (pool=3)
2026-08-14 22:23:50,029 [DEBUG] cnn_neat: Added edge 2→1 (from 2 candidates)
2026-08-14 22:23:50,049 [DEBUG] cnn_neat: Split edge 4→2, new hidden node 5 (pool=4)
2026-08-14 22:23:50,055 [DEBUG] cnn_neat: Added edge 0→2 (from 4 candidates)
2026-08-14 22:23:50,059 [DEBUG] cnn_neat: Split edge 3→1, new hidden node 6 (pool=5)
2026-08-14 22:23:50,070 [DEBUG] cnn_neat: Added edge 4→3 (from 6 candidates)
2026-08-14 22:23:50,074 [DEBUG] cnn_neat: Split edge 4→2, new hidden node 5 (pool=5)
2026-08-14 22:23:50,086 [DEBUG] cnn_neat: Split edge 0→1, new hidden node 3 (pool=1)
2026-08-14 22:23:50,093 [DEBUG] cnn_neat: Removed hidden node 2 (pool=1)
2026-08-14 22:23:50,097 [DEBUG] cnn_neat: Removed edge 0→2 (from 3 candidates)
2026-08-14 22:23:50,100 [DEBUG] cnn_neat: Removed 1 edges (requested 3)
2026-08-14 22:23:50,111 [DEBUG] cnn_neat: Split edge 3→1, new hidden node 4 (pool=2)
2026-08-14 22:23:50,119 [DEBUG] cnn_neat: Added edge 0→2 (from 1 candidates)
2026-08-14 22:23:50,127 [DEBUG] cnn_neat: Removed hidden node 2 (pool=1)
2026-08-14 22:23:50,131 [DEBUG] cnn_neat: Removed edge 2→1 (from 3 candidates)
2026-08-14 22:23:50,138 [DEBUG] cnn_neat: Removed 2 edges (requested 3)
2026-08-14 22:23:50,145 [DEBUG] cnn_neat: Split edge 3→1, new hidden node 4 (pool=5)
2026-08-14 22:23:50,152 [DEBUG] cnn_neat: Added edge 0→1 (from 1 candidates)
2026-08-14 22:23:50,158 [DEBUG] cnn_neat: Split edge 2→1, new hidden node 5 (pool=3)
2026-08-14 22:23:50,167 [DEBUG] cnn_neat: Removed hidden node 3 (pool=2)
2026-08-14 22:23:50,175 [DEBUG] cnn_neat: Added edge 3→1 (from 4 candidates)
2026-08-14 22:23:50,181 [DEBUG] cnn_neat: Split edge 0→1, new hidden node 4 (pool=1)
2026-08-14 22:23:50,191 [DEBUG] cnn_neat: Split edge 2→1, new hidden node 4 (pool=2)
2026-08-14 22:23:50,202 [DEBUG] cnn_neat: Added edge 0→3 (from 1 candidates)
2026-08-14 22:23:50,210 [DEBUG] cnn_neat: Removed hidden node 3 (pool=1)
2026-08-14 22:23:50,217 [DEBUG] cnn_neat: Removed edge 2→1 (from 3 candidates)
2026-08-14 22:23:50,224 [DEBUG] cnn_neat: Removed 2 edges (requested 3)
2026-08-14 22:23:50,230 [DEBUG] cnn_neat: Split edge 2→3, new hidden node 5 (pool=5)
2026-08-14 22:23:50,238 [DEBUG] cnn_neat: Added edge 0→4 (from 5 candidates)
2026-08-14 22:23:50,253 [DEBUG] cnn_neat: Split edge 0→2, new hidden node 6 (pool=3)
2026-08-14 22:23:50,265 [DEBUG] cnn_neat: Removed hidden node 3 (pool=2)
2026-08-14 22:23:50,271 [DEBUG] cnn_neat: Added edge 3→4 (from 8 candidates)
2026-08-14 22:23:50,285 [DEBUG] cnn_neat: Split edge 3→1, new hidden node 4 (pool=2)
2026-08-14 22:23:50,288 [DEBUG] cnn_neat: Added edge 0→1 (from 1 candidates)
2026-08-14 22:23:50,298 [DEBUG] cnn_neat: Split edge 2→1, new hidden node 4 (pool=2)
2026-08-14 22:23:50,302 [DEBUG] cnn_neat: Added edge 3→1 (from 2 candidates)
2026-08-14 22:23:50,309 [DEBUG] cnn_neat: Removed hidden node 3 (pool=1)
2026-08-14 22:23:50,311 [DEBUG] cnn_neat: Removed edge 2→3 (from 1 candidates)
2026-08-14 22:23:50,319 [DEBUG] cnn_neat: Removed 1 edges (requested 3)
2026-08-14 22:23:50,322 [DEBUG] cnn_neat: Split edge 0→2, new hidden node 5 (pool=4)
2026-08-14 22:23:50,329 [DEBUG] cnn_neat: Added edge 2→1 (from 6 candidates)
2026-08-14 22:23:50,333 [DEBUG] cnn_neat: Split edge 5→2, new hidden node 6 (pool=5)
2026-08-14 22:23:50,346 [DEBUG] cnn_neat: Removed hidden node 3 (pool=1)
2026-08-14 22:23:50,355 [DEBUG] cnn_neat: Added edge 4→3 (from 8 candidates)
2026-08-14 22:23:50,358 [DEBUG] cnn_neat: Split edge 2→1, new hidden node 5 (pool=2)
2026-08-14 22:23:50,367 [DEBUG] cnn_neat: Split edge 4→2, new hidden node 5 (pool=3)
2026-08-14 22:23:50,377 [DEBUG] cnn_neat: Added edge 3→1 (from 4 candidates)
2026-08-14 22:23:50,388 [DEBUG] cnn_neat: Removed hidden node 3 (pool=1)
2026-08-14 22:23:50,395 [DEBUG] cnn_neat: Removed edge 2→3 (from 1 candidates)
2026-08-14 22:23:50,402 [DEBUG] cnn_neat: Removed 1 edges (requested 3)
2026-08-14 22:23:50,406 [DEBUG] cnn_neat: Split edge 2→3, new hidden node 4 (pool=4)
2026-08-14 22:23:50,417 [DEBUG] cnn_neat: Added edge 0→1 (from 2 candidates)
2026-08-14 22:23:50,423 [DEBUG] cnn_neat: Removed hidden node 3 (pool=1)
2026-08-14 22:23:50,427 [DEBUG] cnn_neat: Removed edge 0→3 (from 2 candidates)
2026-08-14 22:23:50,436 [DEBUG] cnn_neat: Removed 2 edges (requested 3)
2026-08-14 22:23:50,439 [DEBUG] cnn_neat: Split edge 0→2, new hidden node 5 (pool=3)
2026-08-14 22:23:50,442 [DEBUG] cnn_neat: Split edge 0→1, new hidden node 4 (pool=1)
2026-08-14 22:23:50,447 [DEBUG] cnn_neat: Added edge 4→1 (from 4 candidates)
2026-08-14 22:23:50,458 [DEBUG] cnn_neat: Added edge 3→1 (from 1 candidates)
2026-08-14 22:23:50,467 [DEBUG] cnn_neat: Split edge 0→4, new hidden node 5 (pool=3)
2026-08-14 22:23:50,473 [DEBUG] cnn_neat: Added edge 4→1 (from 2 candidates)
2026-08-14 22:23:50,493 [DEBUG] cnn_neat: Split edge 4→1, new hidden node 5 (pool=2)
2026-08-14 22:23:50,496 [DEBUG] cnn_neat: Added edge 0→2 (from 1 candidates)
2026-08-14 22:23:50,506 [DEBUG] cnn_neat: Removed hidden node 2 (pool=1)
2026-08-14 22:23:50,510 [DEBUG] cnn_neat: Removed edge 2→1 (from 3 candidates)
2026-08-14 22:23:50,514 [DEBUG] cnn_neat: Removed 2 edges (requested 3)
2026-08-14 22:23:50,519 [DEBUG] cnn_neat: Split edge 0→2, new hidden node 5 (pool=5)
2026-08-14 22:23:50,524 [DEBUG] cnn_neat: Added edge 0→1 (from 1 candidates)
2026-08-14 22:23:50,614 [DEBUG] cnn_neat: Split edge 0→5, new hidden node 6 (pool=5)
2026-08-14 22:23:50,619 [DEBUG] cnn_neat: Removed hidden node 2 (pool=2)
2026-08-14 22:23:50,625 [DEBUG] cnn_neat: Added edge 5→4 (from 4 candidates)
2026-08-14 22:23:50,630 [DEBUG] cnn_neat: Split edge 0→1, new hidden node 5 (pool=1)
2026-08-14 22:23:50,639 [DEBUG] cnn_neat: Split edge 3→1, new hidden node 4 (pool=4)
2026-08-14 22:23:50,645 [DEBUG] cnn_neat: Added edge 2→1 (from 2 candidates)
2026-08-14 22:23:50,651 [DEBUG] cnn_neat: Removed hidden node 2 (pool=1)
2026-08-14 22:23:50,653 [DEBUG] cnn_neat: Removed edge 2→3 (from 3 candidates)
2026-08-14 22:23:50,658 [DEBUG] cnn_neat: Removed 1 edges (requested 3)
2026-08-14 22:23:50,662 [DEBUG] cnn_neat: Split edge 0→3, new hidden node 4 (pool=3)
2026-08-14 22:23:50,667 [DEBUG] cnn_neat: Added edge 0→1 (from 4 candidates)
2026-08-14 22:23:50,671 [DEBUG] cnn_neat: Split edge 3→1, new hidden node 5 (pool=4)
2026-08-14 22:23:50,675 [DEBUG] cnn_neat: Removed hidden node 2 (pool=1)
2026-08-14 22:23:50,678 [DEBUG] cnn_neat: Added edge 2→3 (from 7 candidates)
2026-08-14 22:23:50,680 [DEBUG] cnn_neat: Split edge 0→1, new hidden node 4 (pool=1)
2026-08-14 22:23:50,689 [DEBUG] cnn_neat: Split edge 0→2, new hidden node 5 (pool=4)
2026-08-14 22:23:50,695 [DEBUG] cnn_neat: Added edge 3→1 (from 4 candidates)
2026-08-14 22:23:50,709 [DEBUG] cnn_neat: Split edge 2→3, new hidden node 6 (pool=5)
2026-08-14 22:23:50,714 [DEBUG] cnn_neat: Split edge 0→2, new hidden node 5 (pool=3)
2026-08-14 22:23:50,718 [DEBUG] cnn_neat: Added edge 0→2 (from 6 candidates)
2026-08-14 22:23:50,722 [DEBUG] cnn_neat: Added edge 0→3 (from 3 candidates)
2026-08-14 22:23:50,730 [DEBUG] cnn_neat: Split edge 0→5, new hidden node 6 (pool=4)
2026-08-14 22:23:50,734 [DEBUG] cnn_neat: Split edge 0→1, new hidden node 2 (pool=1)
2026-08-14 22:23:50,743 [DEBUG] cnn_neat: Split edge 0→2, new hidden node 3 (pool=2)
2026-08-14 22:23:50,746 [DEBUG] cnn_neat: Added edge 0→1 (from 1 candidates)
2026-08-14 22:23:50,819 [DEBUG] cnn_neat: Split edge 0→2, new hidden node 5 (pool=5)
2026-08-14 22:23:50,825 [DEBUG] cnn_neat: Added edge 0→4 (from 4 candidates)
2026-08-14 22:23:50,834 [DEBUG] cnn_neat: Removed hidden node 2 (pool=1)
2026-08-14 22:23:50,837 [DEBUG] cnn_neat: Removed edge 0→3 (from 3 candidates)
2026-08-14 22:23:50,843 [DEBUG] cnn_neat: Removed 2 edges (requested 3)
2026-08-14 22:23:50,851 [DEBUG] cnn_neat: Split edge 0→3, new hidden node 6 (pool=6)
2026-08-14 22:23:50,856 [DEBUG] cnn_neat: Split edge 2→3, new hidden node 5 (pool=6)
2026-08-14 22:23:50,861 [DEBUG] cnn_neat: Added edge 2→1 (from 8 candidates)
2026-08-14 22:23:50,866 [DEBUG] cnn_neat: Added edge 3→1 (from 4 candidates)
2026-08-14 22:23:50,871 [DEBUG] cnn_neat: Split edge 2→1, new hidden node 4 (pool=3)
2026-08-14 22:23:50,875 [DEBUG] cnn_neat: Added edge 0→2 (from 2 candidates)
2026-08-14 22:23:50,883 [DEBUG] cnn_neat: Split edge 0→3, new hidden node 5 (pool=4)
2026-08-14 22:23:50,889 [DEBUG] cnn_neat: Split edge 0→2, new hidden node 4 (pool=4)
2026-08-14 22:23:50,892 [DEBUG] cnn_neat: Added edge 0→4 (from 4 candidates)
2026-08-14 22:23:50,897 [DEBUG] cnn_neat: Added edge 3→1 (from 2 candidates)
2026-08-14 22:23:50,903 [DEBUG] cnn_neat: Split edge 5→3, new hidden node 6 (pool=5)
2026-08-14 22:23:50,910 [DEBUG] cnn_neat: Split edge 0→1, new hidden node 3 (pool=1)
2026-08-14 22:23:50,917 [DEBUG] cnn_neat: Removed hidden node 2 (pool=1)
2026-08-14 22:23:50,920 [DEBUG] cnn_neat: Removed edge 2→1 (from 3 candidates)
2026-08-14 22:23:50,925 [DEBUG] cnn_neat: Removed 2 edges (requested 3)
2026-08-14 22:23:50,930 [DEBUG] cnn_neat: Split edge 3→1, new hidden node 4 (pool=5)
2026-08-14 22:23:50,937 [DEBUG] cnn_neat: Added edge 0→1 (from 1 candidates)
2026-08-14 22:23:51,009 [DEBUG] cnn_neat: Removed hidden node 3 (pool=2)
2026-08-14 22:23:51,014 [DEBUG] cnn_neat: Removed edge 2→1 (from 5 candidates)
2026-08-14 22:23:51,021 [DEBUG] cnn_neat: Removed 3 edges (requested 3)
2026-08-14 22:23:51,027 [DEBUG] cnn_neat: Split edge 2→3, new hidden node 5 (pool=3)
2026-08-14 22:23:51,035 [DEBUG] cnn_neat: Added edge 2→4 (from 3 candidates)
2026-08-14 22:23:51,040 [DEBUG] cnn_neat: Split edge 2→1, new hidden node 6 (pool=2)
2026-08-14 22:23:51,049 [DEBUG] cnn_neat: Removed hidden node 3 (pool=3)
2026-08-14 22:23:51,054 [DEBUG] cnn_neat: Added edge 2→3 (from 7 candidates)
2026-08-14 22:23:51,060 [DEBUG] cnn_neat: Split edge 0→3, new hidden node 4 (pool=2)
2026-08-14 22:23:51,062 [DEBUG] cnn_neat: Added edge 0→1 (from 1 candidates)
2026-08-14 22:23:51,071 [DEBUG] cnn_neat: Split edge 3→1, new hidden node 5 (pool=3)
2026-08-14 22:23:51,074 [DEBUG] cnn_neat: Added edge 0→3 (from 2 candidates)
2026-08-14 22:23:51,078 [DEBUG] cnn_neat: Split edge 3→5, new hidden node 6 (pool=4)
2026-08-14 22:23:51,082 [DEBUG] cnn_neat: Added edge 3→1 (from 4 candidates)
2026-08-14 22:23:51,088 [DEBUG] cnn_neat: Split edge 4→3, new hidden node 5 (pool=4)
2026-08-14 22:23:51,094 [DEBUG] cnn_neat: Split edge 2→4, new hidden node 5 (pool=4)
2026-08-14 22:23:51,099 [DEBUG] cnn_neat: Added edge 0→4 (from 4 candidates)
2026-08-14 22:23:51,110 [DEBUG] cnn_neat: Split edge 5→4, new hidden node 6 (pool=5)
2026-08-14 22:23:51,115 [DEBUG] cnn_neat: Split edge 4→3, new hidden node 5 (pool=5)
2026-08-14 22:23:51,184 [DEBUG] cnn_neat: Added edge 4→1 (from 6 candidates)
2026-08-14 22:23:51,189 [DEBUG] cnn_neat: Added edge 2→3 (from 4 candidates)
2026-08-14 22:23:51,196 [DEBUG] cnn_neat: Split edge 0→4, new hidden node 5 (pool=3)
2026-08-14 22:23:51,200 [DEBUG] cnn_neat: Added edge 0→3 (from 4 candidates)
2026-08-14 22:23:51,205 [DEBUG] cnn_neat: Removed hidden node 3 (pool=1)
2026-08-14 22:23:51,209 [DEBUG] cnn_neat: Removed edge 2→3 (from 1 candidates)
2026-08-14 22:23:51,212 [DEBUG] cnn_neat: Removed 1 edges (requested 3)
2026-08-14 22:23:51,216 [DEBUG] cnn_neat: Split edge 0→1, new hidden node 4 (pool=1)
2026-08-14 22:23:51,220 [DEBUG] cnn_neat: Removed hidden node 3 (pool=1)
2026-08-14 22:23:51,222 [DEBUG] cnn_neat: Removed edge 3→1 (from 3 candidates)
2026-08-14 22:23:51,228 [DEBUG] cnn_neat: Removed 2 edges (requested 3)
2026-08-14 22:23:51,233 [DEBUG] cnn_neat: Split edge 3→1, new hidden node 5 (pool=4)
2026-08-14 22:23:51,250 [DEBUG] cnn_neat: Split edge 0→1, new hidden node 4 (pool=1)
2026-08-14 22:23:51,252 [DEBUG] cnn_neat: Added edge 4→3 (from 3 candidates)
2026-08-14 22:23:51,253 [DEBUG] cnn_neat: Added edge 3→1 (from 1 candidates)
2026-08-14 22:23:51,256 [DEBUG] cnn_neat: Split edge 0→4, new hidden node 6 (pool=2)
2026-08-14 22:23:51,263 [DEBUG] cnn_neat: Split edge 4→2, new hidden node 5 (pool=3)
2026-08-14 22:23:51,266 [DEBUG] cnn_neat: Added edge 4→1 (from 2 candidates)
2026-08-14 22:23:51,274 [DEBUG] cnn_neat: Split edge 4→1, new hidden node 5 (pool=5)
2026-08-14 22:23:51,277 [DEBUG] cnn_neat: Added edge 0→2 (from 5 candidates)
2026-08-14 22:23:51,365 [DEBUG] cnn_neat: Removed hidden node 4 (pool=2)
2026-08-14 22:23:51,367 [DEBUG] cnn_neat: Removed edge 3→2 (from 4 candidates)
2026-08-14 22:23:51,371 [DEBUG] cnn_neat: Removed 2 edges (requested 3)
2026-08-14 22:23:51,374 [DEBUG] cnn_neat: Split edge 2→1, new hidden node 6 (pool=3)
2026-08-14 22:23:51,376 [DEBUG] cnn_neat: Split edge 2→1, new hidden node 5 (pool=4)
2026-08-14 22:23:51,380 [DEBUG] cnn_neat: Added edge 4→1 (from 8 candidates)
2026-08-14 22:23:51,382 [DEBUG] cnn_neat: Added edge 2→4 (from 7 candidates)
2026-08-14 22:23:51,388 [DEBUG] cnn_neat: Split edge 5→1, new hidden node 6 (pool=5)
2026-08-14 22:23:51,392 [DEBUG] cnn_neat: Added edge 2→5 (from 5 candidates)
2026-08-14 22:23:51,397 [DEBUG] cnn_neat: Removed hidden node 5 (pool=2)
2026-08-14 22:23:51,401 [DEBUG] cnn_neat: Removed edge 2→1 (from 4 candidates)
2026-08-14 22:23:51,405 [DEBUG] cnn_neat: Removed 2 edges (requested 3)
2026-08-14 22:23:51,409 [DEBUG] cnn_neat: Split edge 2→1, new hidden node 7 (pool=3)
2026-08-14 22:23:51,412 [DEBUG] cnn_neat: Split edge 2→5, new hidden node 6 (pool=6)
2026-08-14 22:23:51,415 [DEBUG] cnn_neat: Split edge 0→4, new hidden node 6 (pool=4)
2026-08-14 22:23:51,420 [DEBUG] cnn_neat: Split edge 4→2, new hidden node 5 (pool=4)
2026-08-14 22:23:51,425 [DEBUG] cnn_neat: Added edge 0→4 (from 4 candidates)
2026-08-14 22:23:51,433 [DEBUG] cnn_neat: Split edge 4→5, new hidden node 6 (pool=5)
2026-08-14 22:23:51,436 [DEBUG] cnn_neat: Split edge 0→3, new hidden node 5 (pool=5)
2026-08-14 22:23:51,439 [DEBUG] cnn_neat: Added edge 3→5 (from 6 candidates)
2026-08-14 22:23:51,441 [DEBUG] cnn_neat: Added edge 3→2 (from 4 candidates)
2026-08-14 22:23:51,446 [DEBUG] cnn_neat: Split edge 0→4, new hidden node 6 (pool=3)
2026-08-14 22:23:51,449 [DEBUG] cnn_neat: Added edge 4→1 (from 2 candidates)
2026-08-14 22:23:51,456 [DEBUG] cnn_neat: Split edge 0→6, new hidden node 7 (pool=4)
2026-08-14 22:23:51,458 [DEBUG] cnn_neat: Added edge 0→5 (from 4 candidates)
2026-08-14 22:23:51,460 [DEBUG] cnn_neat: Split edge 0→7, new hidden node 8 (pool=5)
2026-08-14 22:23:51,461 [DEBUG] cnn_neat: Saved generation 0
2026-08-14 22:23:51,515 [DEBUG] cnn_neat: Selected 25 elite individuals
2026-08-14 22:23:51,522 [DEBUG] cnn_neat: Added edge 4→1 (from 6 candidates)
2026-08-14 22:23:51,533 [DEBUG] cnn_neat: Split edge 0→5, new hidden node 7 (pool=2)
2026-08-14 22:23:51,568 [DEBUG] cnn_neat: Split edge 0→1, new hidden node 2 (pool=1)
2026-08-14 22:23:51,583 [DEBUG] cnn_neat: Split edge 0→2, new hidden node 3 (pool=2)
2026-08-14 22:23:51,588 [DEBUG] cnn_neat: Added edge 0→1 (from 1 candidates)
2026-08-14 22:23:51,601 [DEBUG] cnn_neat: Split edge 0→3, new hidden node 5 (pool=3)
2026-08-14 22:23:51,606 [DEBUG] cnn_neat: Added edge 0→4 (from 2 candidates)
2026-08-14 22:23:51,619 [DEBUG] cnn_neat: Split edge 4→1, new hidden node 6 (pool=4)
2026-08-14 22:23:51,623 [DEBUG] cnn_neat: Split edge 0→3, new hidden node 5 (pool=4)
2026-08-14 22:23:51,627 [DEBUG] cnn_neat: Added edge 5→4 (from 4 candidates)
2026-08-14 22:23:51,763 [DEBUG] cnn_neat: Added edge 0→1 (from 2 candidates)
2026-08-14 22:23:51,767 [DEBUG] cnn_neat: Split edge 0→1, new hidden node 2 (pool=1)
2026-08-14 22:23:51,768 [DEBUG] cnn_neat: Split edge 0→2, new hidden node 3 (pool=2)
2026-08-14 22:23:51,769 [DEBUG] cnn_neat: Added edge 3→1 (from 2 candidates)
2026-08-14 22:23:51,771 [DEBUG] cnn_neat: Removed hidden node 2 (pool=1)
2026-08-14 22:23:51,773 [DEBUG] cnn_neat: Split edge 0→3, new hidden node 4 (pool=2)
2026-08-14 22:23:51,774 [DEBUG] cnn_neat: Split edge 0→1, new hidden node 2 (pool=1)
2026-08-14 22:23:51,775 [DEBUG] cnn_neat: Added edge 0→1 (from 1 candidates)
2026-08-14 22:23:51,778 [DEBUG] cnn_neat: Removed hidden node 2 (pool=1)
2026-08-14 22:23:51,779 [DEBUG] cnn_neat: Split edge 0→1, new hidden node 2 (pool=1)
2026-08-14 22:23:51,780 [DEBUG] cnn_neat: Split edge 2→1, new hidden node 3 (pool=2)
2026-08-14 22:23:51,781 [DEBUG] cnn_neat: Added edge 0→1 (from 1 candidates)
2026-08-14 22:23:51,782 [DEBUG] cnn_neat: Weight mutation: 2 conv modules updated (direct tensor perturbation)
2026-08-14 22:23:51,783 [DEBUG] cnn_neat: Split edge 0→1, new hidden node 2 (pool=1)
2026-08-14 22:23:51,784 [DEBUG] cnn_neat: Added edge 0→1 (from 1 candidates)
2026-08-14 22:23:51,786 [DEBUG] cnn_neat: Removed hidden node 2 (pool=1)
2026-08-14 22:23:51,787 [DEBUG] cnn_neat: Split edge 0→1, new hidden node 2 (pool=1)
2026-08-14 22:23:51,788 [DEBUG] cnn_neat: Split edge 0→2, new hidden node 3 (pool=2)
2026-08-14 22:23:51,789 [DEBUG] cnn_neat: Added edge 0→1 (from 1 candidates)
2026-08-14 22:23:51,790 [DEBUG] cnn_neat: Weight mutation: 2 conv modules updated (direct tensor perturbation)
2026-08-14 22:23:51,791 [DEBUG] cnn_neat: Split edge 0→1, new hidden node 2 (pool=1)
2026-08-14 22:23:51,792 [DEBUG] cnn_neat: Added edge 0→1 (from 1 candidates)
2026-08-14 22:23:51,794 [DEBUG] cnn_neat: Removed hidden node 2 (pool=1)
2026-08-14 22:23:51,795 [DEBUG] cnn_neat: Split edge 0→1, new hidden node 2 (pool=1)
2026-08-14 22:23:51,796 [DEBUG] cnn_neat: Split edge 0→2, new hidden node 3 (pool=2)
2026-08-14 22:23:51,798 [DEBUG] cnn_neat: Added edge 0→1 (from 1 candidates)
2026-08-14 22:23:51,798 [DEBUG] cnn_neat: Weight mutation: 1 conv modules updated (direct tensor perturbation)
2026-08-14 22:23:51,800 [DEBUG] cnn_neat: Split edge 0→1, new hidden node 2 (pool=1)
2026-08-14 22:23:51,801 [DEBUG] cnn_neat: Added edge 0→1 (from 1 candidates)
2026-08-14 22:23:51,802 [DEBUG] cnn_neat: Removed hidden node 2 (pool=1)
2026-08-14 22:23:51,804 [DEBUG] cnn_neat: Split edge 0→1, new hidden node 2 (pool=1)
2026-08-14 22:23:51,805 [DEBUG] cnn_neat: Split edge 2→1, new hidden node 3 (pool=2)
2026-08-14 22:23:51,806 [DEBUG] cnn_neat: Added edge 0→1 (from 1 candidates)
2026-08-14 22:23:51,806 [DEBUG] cnn_neat: Weight mutation: 2 conv modules updated (direct tensor perturbation)
2026-08-14 22:23:51,807 [DEBUG] cnn_neat: Crossover rejected: union topology invalid (edges=7 nodes=7)
2026-08-14 22:23:51,808 [DEBUG] cnn_neat: Split edge 0→1, new hidden node 2 (pool=1)
2026-08-14 22:23:51,809 [DEBUG] cnn_neat: Added edge 0→1 (from 1 candidates)
2026-08-14 22:23:51,811 [DEBUG] cnn_neat: Removed hidden node 2 (pool=1)
2026-08-14 22:23:51,812 [DEBUG] cnn_neat: Split edge 0→1, new hidden node 2 (pool=1)
2026-08-14 22:23:51,813 [DEBUG] cnn_neat: Split edge 2→1, new hidden node 3 (pool=2)
2026-08-14 22:23:51,815 [DEBUG] cnn_neat: Added edge 0→1 (from 1 candidates)
2026-08-14 22:23:51,815 [DEBUG] cnn_neat: Weight mutation: 1 conv modules updated (direct tensor perturbation)
2026-08-14 22:23:51,817 [DEBUG] cnn_neat: Split edge 0→1, new hidden node 2 (pool=1)
2026-08-14 22:23:51,819 [DEBUG] cnn_neat: Added edge 0→1 (from 1 candidates)
2026-08-14 22:23:51,821 [DEBUG] cnn_neat: Removed hidden node 2 (pool=1)
2026-08-14 22:23:51,822 [DEBUG] cnn_neat: Split edge 0→1, new hidden node 2 (pool=1)
2026-08-14 22:23:51,823 [DEBUG] cnn_neat: Split edge 0→2, new hidden node 3 (pool=2)
2026-08-14 22:23:51,824 [DEBUG] cnn_neat: Added edge 0→1 (from 1 candidates)
2026-08-14 22:23:51,825 [DEBUG] cnn_neat: Weight mutation: 2 conv modules updated (direct tensor perturbation)
2026-08-14 22:23:51,827 [DEBUG] cnn_neat: Split edge 0→2, new hidden node 5 (pool=4)
2026-08-14 22:23:51,828 [DEBUG] cnn_neat: Split edge 0→5, new hidden node 6 (pool=5)
2026-08-14 22:23:51,830 [DEBUG] cnn_neat: Added edge 0→3 (from 4 candidates)
2026-08-14 22:23:51,832 [DEBUG] cnn_neat: Split edge 0→2, new hidden node 5 (pool=5)
2026-08-14 22:23:51,834 [DEBUG] cnn_neat: Added edge 3→1 (from 8 candidates)
2026-08-14 22:23:51,836 [DEBUG] cnn_neat: Split edge 2→3, new hidden node 5 (pool=4)
2026-08-14 22:23:51,838 [DEBUG] cnn_neat: Split edge 4→1, new hidden node 5 (pool=4)
2026-08-14 22:23:51,841 [DEBUG] cnn_neat: Split edge 4→1, new hidden node 5 (pool=4)
2026-08-14 22:23:51,843 [DEBUG] cnn_neat: Added edge 2→5 (from 6 candidates)
2026-08-14 22:23:51,845 [DEBUG] cnn_neat: Crossover rejected: union topology invalid (edges=7 nodes=7)
2026-08-14 22:23:51,847 [DEBUG] cnn_neat: Split edge 2→3, new hidden node 5 (pool=4)
2026-08-14 22:23:51,848 [DEBUG] cnn_neat: Added edge 3→1 (from 6 candidates)
2026-08-14 22:23:51,850 [DEBUG] cnn_neat: Added edge 0→4 (from 4 candidates)
2026-08-14 22:23:51,852 [DEBUG] cnn_neat: Added edge 3→1 (from 4 candidates)
2026-08-14 22:23:51,853 [DEBUG] cnn_neat: Added edge 2→1 (from 3 candidates)
2026-08-14 22:23:51,856 [DEBUG] cnn_neat: Added edge 0→3 (from 2 candidates)
2026-08-14 22:23:51,858 [DEBUG] cnn_neat: Added edge 2→4 (from 2 candidates)
2026-08-14 22:23:51,860 [DEBUG] cnn_neat: Split edge 3→1, new hidden node 5 (pool=4)
2026-08-14 22:23:51,862 [DEBUG] cnn_neat: Split edge 4→3, new hidden node 6 (pool=5)
2026-08-14 22:23:51,863 [DEBUG] cnn_neat: Added edge 0→3 (from 4 candidates)
2026-08-14 22:23:51,866 [DEBUG] cnn_neat: Split edge 2→4, new hidden node 5 (pool=4)
2026-08-14 22:23:51,868 [DEBUG] cnn_neat: Added edge 2→3 (from 6 candidates)
2026-08-14 22:23:51,870 [DEBUG] cnn_neat: Split edge 2→4, new hidden node 5 (pool=4)
2026-08-14 22:23:51,871 [DEBUG] cnn_neat: Added edge 0→4 (from 6 candidates)
2026-08-14 22:23:51,874 [DEBUG] cnn_neat: Split edge 0→2, new hidden node 5 (pool=4)
2026-08-14 22:23:51,876 [DEBUG] cnn_neat: Crossover union: A_edges=4 B_added=3 dup_skipped=0 child_edges=7 nodes=7
2026-08-14 22:23:51,877 [DEBUG] cnn_neat: Added edge 4→1 (from 4 candidates)
2026-08-14 22:23:51,879 [DEBUG] cnn_neat: Added edge 0→3 (from 3 candidates)
2026-08-14 22:23:51,881 [DEBUG] cnn_neat: Added edge 2→1 (from 3 candidates)
2026-08-14 22:23:51,883 [DEBUG] cnn_neat: Added edge 2→3 (from 2 candidates)
2026-08-14 22:23:51,885 [DEBUG] cnn_neat: Added edge 0→4 (from 1 candidates)
2026-08-14 22:23:51,887 [DEBUG] cnn_neat: Split edge 0→2, new hidden node 5 (pool=5)
2026-08-14 22:23:51,890 [DEBUG] cnn_neat: Split edge 4→1, new hidden node 6 (pool=6)
2026-08-14 22:23:51,891 [DEBUG] cnn_neat: Added edge 2→1 (from 4 candidates)
2026-08-14 22:23:51,894 [DEBUG] cnn_neat: Removed hidden node 2 (pool=1)
2026-08-14 22:23:51,896 [DEBUG] cnn_neat: Split edge 4→1, new hidden node 5 (pool=3)
2026-08-14 22:23:51,897 [DEBUG] cnn_neat: Added edge 3→5 (from 4 candidates)
2026-08-14 22:23:51,899 [DEBUG] cnn_neat: Removed edge 0→3 (from 3 candidates)
2026-08-14 22:23:51,901 [DEBUG] cnn_neat: Split edge 2→3, new hidden node 5 (pool=4)
2026-08-14 22:23:51,902 [DEBUG] cnn_neat: Added edge 0→5 (from 6 candidates)
2026-08-14 22:23:51,905 [DEBUG] cnn_neat: Removed 2 edges (requested 3)
2026-08-14 22:23:51,906 [DEBUG] cnn_neat: Split edge 0→3, new hidden node 5 (pool=3)
2026-08-14 22:23:51,908 [DEBUG] cnn_neat: Crossover rejected: union topology invalid (edges=11 nodes=9)
2026-08-14 22:23:51,910 [DEBUG] cnn_neat: Split edge 3→4, new hidden node 5 (pool=5)
2026-08-14 22:23:51,912 [DEBUG] cnn_neat: Added edge 0→4 (from 4 candidates)
2026-08-14 22:23:51,913 [DEBUG] cnn_neat: Added edge 3→1 (from 4 candidates)
2026-08-14 22:23:51,915 [DEBUG] cnn_neat: Added edge 2→1 (from 3 candidates)
2026-08-14 22:23:51,918 [DEBUG] cnn_neat: Added edge 0→1 (from 2 candidates)
2026-08-14 22:23:51,920 [DEBUG] cnn_neat: Added edge 2→4 (from 1 candidates)
2026-08-14 22:23:51,922 [DEBUG] cnn_neat: Split edge 0→4, new hidden node 6 (pool=4)
2026-08-14 22:23:51,924 [DEBUG] cnn_neat: Added edge 0→5 (from 7 candidates)
2026-08-14 22:23:51,927 [DEBUG] cnn_neat: Removed hidden node 3 (pool=1)
2026-08-14 22:23:51,928 [DEBUG] cnn_neat: Split edge 5→2, new hidden node 6 (pool=4)
2026-08-14 22:23:51,930 [DEBUG] cnn_neat: Removed edge 2→3 (from 1 candidates)
2026-08-14 22:23:51,931 [DEBUG] cnn_neat: Split edge 2→1, new hidden node 6 (pool=4)
2026-08-14 22:23:51,933 [DEBUG] cnn_neat: Removed 1 edges (requested 3)
2026-08-14 22:23:51,934 [DEBUG] cnn_neat: Split edge 5→2, new hidden node 6 (pool=4)
2026-08-14 22:23:51,936 [DEBUG] cnn_neat: Added edge 5→2 (from 6 candidates)
2026-08-14 22:23:51,939 [DEBUG] cnn_neat: Crossover rejected: union topology invalid (edges=9 nodes=9)
2026-08-14 22:23:51,940 [DEBUG] cnn_neat: Split edge 0→4, new hidden node 6 (pool=4)
2026-08-14 22:23:51,941 [DEBUG] cnn_neat: Added edge 6→3 (from 10 candidates)
2026-08-14 22:23:51,943 [DEBUG] cnn_neat: Added edge 0→3 (from 7 candidates)
2026-08-14 22:23:51,945 [DEBUG] cnn_neat: Added edge 0→5 (from 6 candidates)
2026-08-14 22:23:51,946 [DEBUG] cnn_neat: Added edge 5→3 (from 7 candidates)
2026-08-14 22:23:51,948 [DEBUG] cnn_neat: Added edge 0→2 (from 6 candidates)
2026-08-14 22:23:51,950 [DEBUG] cnn_neat: Added edge 5→1 (from 6 candidates)
2026-08-14 22:23:51,951 [DEBUG] cnn_neat: Split edge 4→2, new hidden node 6 (pool=5)
2026-08-14 22:23:51,954 [DEBUG] cnn_neat: Added edge 5→2 (from 4 candidates)
2026-08-14 22:23:51,957 [DEBUG] cnn_neat: Removed hidden node 5 (pool=1)
2026-08-14 22:23:51,958 [DEBUG] cnn_neat: Split edge 2→1, new hidden node 5 (pool=3)
2026-08-14 22:23:51,959 [DEBUG] cnn_neat: Removed edge 5→4 (from 3 candidates)
2026-08-14 22:23:51,961 [DEBUG] cnn_neat: Removed 2 edges (requested 3)
2026-08-14 22:23:51,962 [DEBUG] cnn_neat: Split edge 0→4, new hidden node 5 (pool=3)
2026-08-14 22:23:51,964 [DEBUG] cnn_neat: Added edge 0→2 (from 4 candidates)
2026-08-14 22:23:51,966 [DEBUG] cnn_neat: Crossover union: A_edges=5 B_added=4 dup_skipped=0 child_edges=9 nodes=8
2026-08-14 22:23:51,968 [DEBUG] cnn_neat: Added edge 4→1 (from 4 candidates)
2026-08-14 22:23:51,970 [DEBUG] cnn_neat: Added edge 0→2 (from 3 candidates)
2026-08-14 22:23:51,972 [DEBUG] cnn_neat: Added edge 5→1 (from 3 candidates)
2026-08-14 22:23:51,974 [DEBUG] cnn_neat: Added edge 0→1 (from 2 candidates)
2026-08-14 22:23:51,976 [DEBUG] cnn_neat: Added edge 5→2 (from 1 candidates)
2026-08-14 22:23:51,978 [DEBUG] cnn_neat: Split edge 2→1, new hidden node 7 (pool=1)
2026-08-14 22:23:51,980 [DEBUG] cnn_neat: Added edge 5→3 (from 10 candidates)
2026-08-14 22:23:51,984 [DEBUG] cnn_neat: Removed hidden node 3 (pool=1)
2026-08-14 22:23:51,986 [DEBUG] cnn_neat: Split edge 5→4, new hidden node 7 (pool=5)
2026-08-14 22:23:51,988 [DEBUG] cnn_neat: Added edge 6→1 (from 9 candidates)
2026-08-14 22:23:51,990 [DEBUG] cnn_neat: Removed edge 2→3 (from 1 candidates)
2026-08-14 22:23:51,992 [DEBUG] cnn_neat: Split edge 0→5, new hidden node 7 (pool=5)
2026-08-14 22:23:51,993 [DEBUG] cnn_neat: Removed 1 edges (requested 3)
2026-08-14 22:23:51,996 [DEBUG] cnn_neat: Split edge 6→2, new hidden node 7 (pool=5)
2026-08-14 22:23:51,998 [DEBUG] cnn_neat: Crossover rejected: union topology invalid (edges=10 nodes=10)
2026-08-14 22:23:52,000 [DEBUG] cnn_neat: Split edge 2→1, new hidden node 7 (pool=1)
2026-08-14 22:23:52,002 [DEBUG] cnn_neat: Added edge 6→7 (from 15 candidates)
2026-08-14 22:23:52,004 [DEBUG] cnn_neat: Added edge 0→3 (from 10 candidates)
2026-08-14 22:23:52,005 [DEBUG] cnn_neat: Added edge 6→1 (from 9 candidates)
2026-08-14 22:23:52,007 [DEBUG] cnn_neat: Added edge 5→6 (from 8 candidates)
2026-08-14 22:23:52,010 [DEBUG] cnn_neat: Added edge 4→1 (from 9 candidates)
2026-08-14 22:23:52,012 [DEBUG] cnn_neat: Added edge 4→2 (from 7 candidates)
2026-08-14 22:23:52,014 [DEBUG] cnn_neat: Split edge 4→2, new hidden node 6 (pool=6)
2026-08-14 22:23:52,017 [DEBUG] cnn_neat: Added edge 4→1 (from 8 candidates)
2026-08-14 22:23:52,020 [DEBUG] cnn_neat: Removed hidden node 4 (pool=2)
2026-08-14 22:23:52,022 [DEBUG] cnn_neat: Removed edge 0→3 (from 4 candidates)
2026-08-14 22:23:52,023 [DEBUG] cnn_neat: Split edge 5→1, new hidden node 6 (pool=5)
2026-08-14 22:23:52,025 [DEBUG] cnn_neat: Removed 1 edges (requested 3)
2026-08-14 22:23:52,026 [DEBUG] cnn_neat: Split edge 2→5, new hidden node 6 (pool=5)
2026-08-14 22:23:52,029 [DEBUG] cnn_neat: Crossover rejected: union topology invalid (edges=12 nodes=11)
2026-08-14 22:23:52,031 [DEBUG] cnn_neat: Split edge 4→2, new hidden node 6 (pool=6)
2026-08-14 22:23:52,033 [DEBUG] cnn_neat: Added edge 4→1 (from 10 candidates)
2026-08-14 22:23:52,035 [DEBUG] cnn_neat: Added edge 2→1 (from 8 candidates)
2026-08-14 22:23:52,038 [DEBUG] cnn_neat: Added edge 4→1 (from 7 candidates)
2026-08-14 22:23:52,040 [DEBUG] cnn_neat: Added edge 3→2 (from 6 candidates)
2026-08-14 22:23:52,043 [DEBUG] cnn_neat: Added edge 3→1 (from 5 candidates)
2026-08-14 22:23:52,045 [DEBUG] cnn_neat: Added edge 0→5 (from 4 candidates)
2026-08-14 22:23:52,047 [DEBUG] cnn_neat: Split edge 0→3, new hidden node 6 (pool=6)
2026-08-14 22:23:52,049 [DEBUG] cnn_neat: Added edge 4→1 (from 6 candidates)
2026-08-14 22:23:52,052 [DEBUG] cnn_neat: Removed hidden node 2 (pool=1)
2026-08-14 22:23:52,055 [DEBUG] cnn_neat: Split edge 0→3, new hidden node 6 (pool=4)
2026-08-14 22:23:52,056 [DEBUG] cnn_neat: Removed edge 2→3 (from 3 candidates)
2026-08-14 22:23:52,059 [DEBUG] cnn_neat: Removed 2 edges (requested 3)
2026-08-14 22:23:52,060 [DEBUG] cnn_neat: Split edge 4→5, new hidden node 6 (pool=4)
2026-08-14 22:23:52,063 [DEBUG] cnn_neat: Crossover union: A_edges=6 B_added=6 dup_skipped=0 child_edges=12 nodes=10
2026-08-14 22:23:52,065 [DEBUG] cnn_neat: Added edge 2→4 (from 6 candidates)
2026-08-14 22:23:52,068 [DEBUG] cnn_neat: Added edge 0→5 (from 5 candidates)
2026-08-14 22:23:52,070 [DEBUG] cnn_neat: Added edge 0→4 (from 6 candidates)
2026-08-14 22:23:52,072 [DEBUG] cnn_neat: Added edge 3→1 (from 6 candidates)
2026-08-14 22:23:52,075 [DEBUG] cnn_neat: Added edge 4→1 (from 5 candidates)
2026-08-14 22:23:52,080 [DEBUG] cnn_neat: Added edge 5→1 (from 9 candidates)
2026-08-14 22:23:52,082 [DEBUG] cnn_neat: Added edge 0→5 (from 9 candidates)
2026-08-14 22:23:52,086 [DEBUG] cnn_neat: Added edge 3→2 (from 9 candidates)
2026-08-14 22:23:52,090 [DEBUG] cnn_neat: Added edge 2→6 (from 9 candidates)
2026-08-14 22:23:52,094 [DEBUG] cnn_neat: Added edge 0→4 (from 9 candidates)
2026-08-14 22:23:52,097 [DEBUG] cnn_neat: Crossover union: A_edges=6 B_added=8 dup_skipped=0 child_edges=14 nodes=13
2026-08-14 22:23:52,100 [DEBUG] cnn_neat: Added edge 0→4 (from 9 candidates)
2026-08-14 22:23:52,103 [DEBUG] cnn_neat: Added edge 3→2 (from 9 candidates)
2026-08-14 22:23:52,105 [DEBUG] cnn_neat: Added edge 0→2 (from 8 candidates)
2026-08-14 22:23:52,107 [DEBUG] cnn_neat: Added edge 3→6 (from 8 candidates)
2026-08-14 22:23:52,109 [DEBUG] cnn_neat: Added edge 5→1 (from 10 candidates)
2026-08-14 22:23:52,112 [DEBUG] cnn_neat: Split edge 4→1, new hidden node 7 (pool=4)
2026-08-14 22:23:52,114 [DEBUG] cnn_neat: Added edge 6→4 (from 5 candidates)
2026-08-14 22:23:52,117 [DEBUG] cnn_neat: Removed hidden node 2 (pool=1)
2026-08-14 22:23:52,118 [DEBUG] cnn_neat: Split edge 0→6, new hidden node 7 (pool=4)
2026-08-14 22:23:52,121 [DEBUG] cnn_neat: Removed edge 4→2 (from 3 candidates)
2026-08-14 22:23:52,124 [DEBUG] cnn_neat: Removed 2 edges (requested 3)
2026-08-14 22:23:52,125 [DEBUG] cnn_neat: Split edge 6→5, new hidden node 7 (pool=4)
2026-08-14 22:23:52,127 [DEBUG] cnn_neat: Crossover rejected: union topology invalid (edges=9 nodes=8)
2026-08-14 22:23:52,129 [DEBUG] cnn_neat: Split edge 6→5, new hidden node 7 (pool=4)
2026-08-14 22:23:52,131 [DEBUG] cnn_neat: Added edge 0→5 (from 5 candidates)
2026-08-14 22:23:52,133 [DEBUG] cnn_neat: Added edge 6→4 (from 5 candidates)
2026-08-14 22:23:52,135 [DEBUG] cnn_neat: Added edge 5→2 (from 4 candidates)
2026-08-14 22:23:52,138 [DEBUG] cnn_neat: Added edge 6→2 (from 5 candidates)
2026-08-14 22:23:52,141 [DEBUG] cnn_neat: Added edge 5→1 (from 4 candidates)
2026-08-14 22:23:52,145 [DEBUG] cnn_neat: Added edge 6→5 (from 9 candidates)
2026-08-14 22:23:52,147 [DEBUG] cnn_neat: Added edge 6→2 (from 9 candidates)
2026-08-14 22:23:52,151 [DEBUG] cnn_neat: Added edge 6→2 (from 9 candidates)
2026-08-14 22:23:52,155 [DEBUG] cnn_neat: Removed hidden node 4 (pool=1)
2026-08-14 22:23:52,160 [DEBUG] cnn_neat: Added edge 3→4 (from 9 candidates)
2026-08-14 22:23:52,164 [DEBUG] cnn_neat: Added edge 2→1 (from 9 candidates)
2026-08-14 22:23:52,167 [DEBUG] cnn_neat: Crossover union: A_edges=6 B_added=8 dup_skipped=0 child_edges=14 nodes=13
2026-08-14 22:23:52,169 [DEBUG] cnn_neat: Added edge 3→4 (from 9 candidates)
2026-08-14 22:23:52,171 [DEBUG] cnn_neat: Added edge 4→5 (from 9 candidates)
2026-08-14 22:23:52,175 [DEBUG] cnn_neat: Added edge 2→1 (from 10 candidates)
2026-08-14 22:23:52,177 [DEBUG] cnn_neat: Added edge 0→6 (from 9 candidates)
2026-08-14 22:23:52,180 [DEBUG] cnn_neat: Added edge 4→1 (from 7 candidates)
2026-08-14 22:23:52,183 [DEBUG] cnn_neat: Split edge 5→1, new hidden node 8 (pool=8)
2026-08-14 22:23:52,185 [DEBUG] cnn_neat: Added edge 2→4 (from 14 candidates)
2026-08-14 22:23:52,189 [DEBUG] cnn_neat: Removed hidden node 2 (pool=2)
2026-08-14 22:23:52,191 [DEBUG] cnn_neat: Removed edge 0→6 (from 3 candidates)
2026-08-14 22:23:52,195 [DEBUG] cnn_neat: Removed 3 edges (requested 3)
2026-08-14 22:23:52,198 [DEBUG] cnn_neat: Crossover rejected: union topology invalid (edges=13 nodes=11)
2026-08-14 22:23:52,200 [DEBUG] cnn_neat: Split edge 7→4, new hidden node 8 (pool=8)
2026-08-14 22:23:52,203 [DEBUG] cnn_neat: Added edge 7→5 (from 14 candidates)
2026-08-14 22:23:52,206 [DEBUG] cnn_neat: Added edge 6→7 (from 15 candidates)
2026-08-14 22:23:52,208 [DEBUG] cnn_neat: Added edge 6→5 (from 14 candidates)
2026-08-14 22:23:52,212 [DEBUG] cnn_neat: Added edge 0→7 (from 13 candidates)
2026-08-14 22:23:52,215 [DEBUG] cnn_neat: Added edge 2→1 (from 15 candidates)
2026-08-14 22:23:52,216 [DEBUG] cnn_neat: Split edge 0→3, new hidden node 4 (pool=2)
2026-08-14 22:23:52,217 [DEBUG] cnn_neat: Added edge 0→1 (from 1 candidates)
2026-08-14 22:23:52,219 [DEBUG] cnn_neat: Split edge 0→3, new hidden node 4 (pool=2)
2026-08-14 22:23:52,220 [DEBUG] cnn_neat: Added edge 4→1 (from 2 candidates)
2026-08-14 22:23:52,222 [DEBUG] cnn_neat: Split edge 3→1, new hidden node 4 (pool=2)
2026-08-14 22:23:52,223 [DEBUG] cnn_neat: Added edge 0→4 (from 2 candidates)
2026-08-14 22:23:52,225 [DEBUG] cnn_neat: Split edge 3→1, new hidden node 4 (pool=2)
2026-08-14 22:23:52,226 [DEBUG] cnn_neat: Added edge 3→1 (from 2 candidates)
2026-08-14 22:23:52,228 [DEBUG] cnn_neat: Removed hidden node 4 (pool=1)
2026-08-14 22:23:52,230 [DEBUG] cnn_neat: Split edge 3→1, new hidden node 4 (pool=2)
2026-08-14 22:23:52,231 [DEBUG] cnn_neat: Split edge 0→3, new hidden node 5 (pool=3)
2026-08-14 22:23:52,232 [DEBUG] cnn_neat: Added edge 0→4 (from 2 candidates)
2026-08-14 22:23:52,234 [DEBUG] cnn_neat: Weight mutation: 2 conv modules updated (direct tensor perturbation)
2026-08-14 22:23:52,235 [DEBUG] cnn_neat: Crossover rejected: union topology invalid (edges=8 nodes=7)
2026-08-14 22:23:52,237 [DEBUG] cnn_neat: Split edge 3→1, new hidden node 4 (pool=2)
2026-08-14 22:23:52,238 [DEBUG] cnn_neat: Added edge 3→1 (from 2 candidates)
2026-08-14 22:23:52,240 [DEBUG] cnn_neat: Removed hidden node 4 (pool=1)
2026-08-14 22:23:52,242 [DEBUG] cnn_neat: Split edge 3→1, new hidden node 4 (pool=2)
2026-08-14 22:23:52,243 [DEBUG] cnn_neat: Split edge 3→4, new hidden node 5 (pool=3)
2026-08-14 22:23:52,244 [DEBUG] cnn_neat: Added edge 0→1 (from 1 candidates)
2026-08-14 22:23:52,247 [DEBUG] cnn_neat: Split edge 0→1, new hidden node 4 (pool=1)
2026-08-14 22:23:52,248 [DEBUG] cnn_neat: Split edge 0→1, new hidden node 5 (pool=1)
2026-08-14 22:23:52,288 [DEBUG] cnn_neat: Split edge 3→4, new hidden node 5 (pool=4)
2026-08-14 22:23:52,307 [DEBUG] cnn_neat: Added edge 3→1 (from 4 candidates)
2026-08-14 22:23:52,333 [DEBUG] cnn_neat: Split edge 0→1, new hidden node 2 (pool=1)
2026-08-14 22:23:52,340 [DEBUG] cnn_neat: Split edge 3→1, new hidden node 5 (pool=4)
2026-08-14 22:23:52,344 [DEBUG] cnn_neat: Added edge 4→1 (from 4 candidates)
2026-08-14 22:23:52,354 [DEBUG] cnn_neat: Split edge 4→1, new hidden node 5 (pool=3)
2026-08-14 22:23:52,358 [DEBUG] cnn_neat: Added edge 0→3 (from 3 candidates)
2026-08-14 22:23:52,363 [DEBUG] cnn_neat: Split edge 2→4, new hidden node 6 (pool=6)
2026-08-14 22:23:52,370 [DEBUG] cnn_neat: Removed hidden node 3 (pool=1)
2026-08-14 22:23:52,375 [DEBUG] cnn_neat: Added edge 5→3 (from 6 candidates)
2026-08-14 22:23:52,382 [DEBUG] cnn_neat: Split edge 0→3, new hidden node 5 (pool=5)
2026-08-14 22:23:52,429 [DEBUG] cnn_neat: Added edge 2→1 (from 4 candidates)
2026-08-14 22:23:52,438 [DEBUG] cnn_neat: Removed hidden node 2 (pool=1)
2026-08-14 22:23:52,444 [DEBUG] cnn_neat: Removed edge 0→3 (from 3 candidates)
2026-08-14 22:23:52,450 [DEBUG] cnn_neat: Removed 2 edges (requested 3)
2026-08-14 22:23:52,457 [DEBUG] cnn_neat: Split edge 4→1, new hidden node 6 (pool=6)
2026-08-14 22:23:52,463 [DEBUG] cnn_neat: Added edge 5→4 (from 7 candidates)
2026-08-14 22:23:52,465 [DEBUG] cnn_neat: Split edge 6→1, new hidden node 7 (pool=7)
2026-08-14 22:23:52,468 [DEBUG] cnn_neat: Removed hidden node 2 (pool=2)
2026-08-14 22:23:52,470 [DEBUG] cnn_neat: Added edge 0→3 (from 10 candidates)
2026-08-14 22:23:52,473 [DEBUG] cnn_neat: Split edge 5→3, new hidden node 6 (pool=7)
2026-08-14 22:23:54,410 [DEBUG] cnn_neat: Split edge 0→1, new hidden node 2 (pool=1)
2026-08-14 22:23:54,415 [DEBUG] cnn_neat: Split edge 0→2, new hidden node 3 (pool=2)
2026-08-14 22:23:54,417 [DEBUG] cnn_neat: Split edge 2→1, new hidden node 3 (pool=2)
2026-08-14 22:23:54,420 [DEBUG] cnn_neat: Added edge 0→1 (from 1 candidates)
2026-08-14 22:23:54,423 [DEBUG] cnn_neat: Added edge 3→1 (from 2 candidates)
2026-08-14 22:23:54,424 [DEBUG] cnn_neat: Added edge 2→1 (from 2 candidates)
2026-08-14 22:23:54,426 [DEBUG] cnn_neat: Removed 2 edges (requested 3)
2026-08-14 22:23:54,427 [DEBUG] cnn_neat: Split edge 0→1, new hidden node 2 (pool=1)
2026-08-14 22:23:54,429 [DEBUG] cnn_neat: Removed edge 3→1 (from 3 candidates)
2026-08-14 22:23:54,431 [DEBUG] cnn_neat: Removed hidden node 3 (pool=1)
2026-08-14 22:23:54,432 [DEBUG] cnn_neat: Split edge 0→1, new hidden node 2 (pool=1)
2026-08-14 22:23:54,434 [DEBUG] cnn_neat: Removed hidden node 2 (pool=1)
2026-08-14 22:23:54,435 [DEBUG] cnn_neat: Removed 1 edges (requested 3)
2026-08-14 22:23:54,436 [DEBUG] cnn_neat: Removed 1 edges (requested 3)
2026-08-14 22:23:54,438 [DEBUG] cnn_neat: Split edge 0→2, new hidden node 4 (pool=2)
2026-08-14 22:23:54,440 [DEBUG] cnn_neat: Added edge 0→3 (from 2 candidates)
2026-08-14 22:23:54,442 [DEBUG] cnn_neat: Removed edge 2→3 (from 1 candidates)
2026-08-14 22:23:54,443 [DEBUG] cnn_neat: Added edge 4→1 (from 2 candidates)
2026-08-14 22:23:54,444 [DEBUG] cnn_neat: Removed edge 3→1 (from 3 candidates)
2026-08-14 22:23:54,446 [DEBUG] cnn_neat: Added edge 0→3 (from 2 candidates)
2026-08-14 22:23:54,449 [DEBUG] cnn_neat: Split edge 3→1, new hidden node 4 (pool=3)
2026-08-14 22:23:54,450 [DEBUG] cnn_neat: Removed 1 edges (requested 3)
2026-08-14 22:23:54,452 [DEBUG] cnn_neat: Split edge 0→2, new hidden node 3 (pool=2)
2026-08-14 22:23:54,453 [DEBUG] cnn_neat: Split edge 3→1, new hidden node 4 (pool=4)
2026-08-14 22:23:54,454 [DEBUG] cnn_neat: Added edge 0→3 (from 2 candidates)
2026-08-14 22:23:54,456 [DEBUG] cnn_neat: Added edge 2→1 (from 2 candidates)
2026-08-14 22:23:54,458 [DEBUG] cnn_neat: Split edge 2→3, new hidden node 4 (pool=3)
2026-08-14 22:23:54,459 [DEBUG] cnn_neat: Added edge 0→1 (from 1 candidates)
2026-08-14 22:23:54,460 [DEBUG] cnn_neat: Removed edge 2→1 (from 3 candidates)
2026-08-14 22:23:54,463 [DEBUG] cnn_neat: Removed 1 edges (requested 3)
2026-08-14 22:23:54,464 [DEBUG] cnn_neat: Split edge 0→2, new hidden node 3 (pool=2)
2026-08-14 22:23:54,466 [DEBUG] cnn_neat: Split edge 3→1, new hidden node 4 (pool=2)
2026-08-14 22:23:54,468 [DEBUG] cnn_neat: Split edge 4→1, new hidden node 5 (pool=2)
2026-08-14 22:23:54,470 [DEBUG] cnn_neat: Removed 2 edges (requested 3)
2026-08-14 22:23:54,471 [DEBUG] cnn_neat: Removed edge 2→3 (from 1 candidates)
2026-08-14 22:23:54,472 [DEBUG] cnn_neat: Split edge 3→2, new hidden node 4 (pool=3)
2026-08-14 22:23:54,474 [DEBUG] cnn_neat: Added edge 3→1 (from 2 candidates)
2026-08-14 22:23:54,477 [DEBUG] cnn_neat: Removed 2 edges (requested 3)
2026-08-14 22:23:54,478 [DEBUG] cnn_neat: Added edge 2→1 (from 2 candidates)
2026-08-14 22:23:54,480 [DEBUG] cnn_neat: Removed hidden node 3 (pool=1)
2026-08-14 22:23:54,484 [DEBUG] cnn_neat: Removed hidden node 2 (pool=1)
2026-08-14 22:23:54,485 [DEBUG] cnn_neat: Split edge 0→2, new hidden node 3 (pool=2)
2026-08-14 22:23:54,488 [DEBUG] cnn_neat: Split edge 3→1, new hidden node 5 (pool=4)
2026-08-14 22:23:54,489 [DEBUG] cnn_neat: Removed 1 edges (requested 3)
2026-08-14 22:23:54,492 [DEBUG] cnn_neat: Removed 1 edges (requested 3)
2026-08-14 22:23:54,493 [DEBUG] cnn_neat: Removed edge 2→1 (from 3 candidates)
2026-08-14 22:23:54,495 [DEBUG] cnn_neat: Added edge 2→1 (from 2 candidates)
2026-08-14 22:23:54,497 [DEBUG] cnn_neat: Added edge 0→3 (from 4 candidates)
2026-08-14 22:23:54,500 [DEBUG] cnn_neat: Removed edge 0→3 (from 5 candidates)
2026-08-14 22:23:54,501 [DEBUG] cnn_neat: Split edge 0→1, new hidden node 2 (pool=1)
2026-08-14 22:23:54,503 [DEBUG] cnn_neat: Removed hidden node 3 (pool=1)
2026-08-14 22:23:54,505 [DEBUG] cnn_neat: Removed hidden node 2 (pool=1)
2026-08-14 22:23:54,506 [DEBUG] cnn_neat: Split edge 2→3, new hidden node 4 (pool=5)
2026-08-14 22:23:54,508 [DEBUG] cnn_neat: Added edge 3→1 (from 2 candidates)
2026-08-14 22:23:54,510 [DEBUG] cnn_neat: Split edge 2→1, new hidden node 5 (pool=4)
2026-08-14 22:23:54,512 [DEBUG] cnn_neat: Removed edge 3→1 (from 3 candidates)
2026-08-14 22:23:54,513 [DEBUG] cnn_neat: Added edge 3→2 (from 4 candidates)
2026-08-14 22:23:54,515 [DEBUG] cnn_neat: Split edge 4→2, new hidden node 5 (pool=5)
2026-08-14 22:23:54,516 [DEBUG] cnn_neat: Removed edge 5→1 (from 4 candidates)
2026-08-14 22:23:54,518 [DEBUG] cnn_neat: Removed 2 edges (requested 3)
2026-08-14 22:23:54,519 [DEBUG] cnn_neat: Removed 2 edges (requested 3)
2026-08-14 22:23:54,522 [DEBUG] cnn_neat: Split edge 0→4, new hidden node 5 (pool=3)
2026-08-14 22:23:54,523 [DEBUG] cnn_neat: Removed edge 0→2 (from 3 candidates)
2026-08-14 22:23:54,524 [DEBUG] cnn_neat: Removed edge 4→2 (from 3 candidates)
2026-08-14 22:23:54,525 [DEBUG] cnn_neat: Split edge 4→2, new hidden node 5 (pool=3)
2026-08-14 22:23:54,528 [DEBUG] cnn_neat: Added edge 3→2 (from 6 candidates)
2026-08-14 22:23:54,529 [DEBUG] cnn_neat: Removed 1 edges (requested 3)
2026-08-14 22:23:54,530 [DEBUG] cnn_neat: Removed 2 edges (requested 3)
2026-08-14 22:23:54,531 [DEBUG] cnn_neat: Removed edge 2→1 (from 1 candidates)
2026-08-14 22:23:54,532 [DEBUG] cnn_neat: Removed edge 3→4 (from 3 candidates)
2026-08-14 22:23:54,536 [DEBUG] cnn_neat: Removed hidden node 2 (pool=1)
2026-08-14 22:23:54,538 [DEBUG] cnn_neat: Removed 2 edges (requested 3)
2026-08-14 22:23:54,541 [DEBUG] cnn_neat: Added edge 2→1 (from 2 candidates)
2026-08-14 22:23:54,542 [DEBUG] cnn_neat: Split edge 4→5, new hidden node 6 (pool=4)
2026-08-14 22:23:54,545 [DEBUG] cnn_neat: Removed 1 edges (requested 3)
2026-08-14 22:23:54,547 [DEBUG] cnn_neat: Added edge 2→1 (from 2 candidates)
2026-08-14 22:23:54,549 [DEBUG] cnn_neat: Split edge 4→2, new hidden node 6 (pool=4)
2026-08-14 22:23:54,551 [DEBUG] cnn_neat: Added edge 0→2 (from 6 candidates)
2026-08-14 22:23:54,553 [DEBUG] cnn_neat: Added edge 4→1 (from 5 candidates)
2026-08-14 22:23:54,556 [DEBUG] cnn_neat: Removed hidden node 3 (pool=1)
2026-08-14 22:23:54,558 [DEBUG] cnn_neat: Split edge 3→2, new hidden node 5 (pool=5)
2026-08-14 22:23:54,559 [DEBUG] cnn_neat: Split edge 4→2, new hidden node 6 (pool=4)
2026-08-14 22:23:54,561 [DEBUG] cnn_neat: Added edge 3→1 (from 4 candidates)
2026-08-14 22:23:54,562 [DEBUG] cnn_neat: Added edge 4→2 (from 4 candidates)
2026-08-14 22:23:54,563 [DEBUG] cnn_neat: Removed 2 edges (requested 3)
2026-08-14 22:23:54,565 [DEBUG] cnn_neat: Removed 1 edges (requested 3)
2026-08-14 22:23:54,566 [DEBUG] cnn_neat: Removed edge 2→1 (from 1 candidates)
2026-08-14 22:23:54,567 [DEBUG] cnn_neat: Split edge 4→1, new hidden node 5 (pool=2)
2026-08-14 22:23:54,569 [DEBUG] cnn_neat: Removed 1 edges (requested 3)
2026-08-14 22:23:54,570 [DEBUG] cnn_neat: Split edge 2→1, new hidden node 5 (pool=3)
2026-08-14 22:23:54,573 [DEBUG] cnn_neat: Removed hidden node 2 (pool=3)
2026-08-14 22:23:54,575 [DEBUG] cnn_neat: Added edge 4→1 (from 3 candidates)
2026-08-14 22:23:54,576 [DEBUG] cnn_neat: Removed 1 edges (requested 3)
2026-08-14 22:23:54,579 [DEBUG] cnn_neat: Split edge 4→1, new hidden node 5 (pool=5)
2026-08-14 22:23:54,580 [DEBUG] cnn_neat: Split edge 3→4, new hidden node 5 (pool=4)
2026-08-14 22:23:54,583 [DEBUG] cnn_neat: Removed hidden node 2 (pool=2)
2026-08-14 22:23:54,586 [DEBUG] cnn_neat: Removed hidden node 5 (pool=2)
2026-08-14 22:23:54,587 [DEBUG] cnn_neat: Split edge 4→1, new hidden node 5 (pool=2)
2026-08-14 22:23:54,588 [DEBUG] cnn_neat: Added edge 0→1 (from 1 candidates)
2026-08-14 22:23:54,590 [DEBUG] cnn_neat: Removed edge 2→3 (from 2 candidates)
2026-08-14 22:23:54,592 [DEBUG] cnn_neat: Removed 2 edges (requested 3)
2026-08-14 22:23:54,594 [DEBUG] cnn_neat: Removed hidden node 2 (pool=1)
2026-08-14 22:23:54,596 [DEBUG] cnn_neat: Split edge 3→4, new hidden node 5 (pool=4)
2026-08-14 22:23:54,598 [DEBUG] cnn_neat: Added edge 0→5 (from 4 candidates)
2026-08-14 22:23:54,601 [DEBUG] cnn_neat: Added edge 0→3 (from 1 candidates)
2026-08-14 22:23:54,603 [DEBUG] cnn_neat: Split edge 4→3, new hidden node 5 (pool=4)
2026-08-14 22:23:54,605 [DEBUG] cnn_neat: Split edge 2→1, new hidden node 6 (pool=5)
2026-08-14 22:23:54,607 [DEBUG] cnn_neat: Split edge 3→2, new hidden node 5 (pool=5)
2026-08-14 22:23:54,608 [DEBUG] cnn_neat: Added edge 3→1 (from 4 candidates)
2026-08-14 22:23:54,610 [DEBUG] cnn_neat: Removed 1 edges (requested 3)
2026-08-14 22:23:54,612 [DEBUG] cnn_neat: Removed 2 edges (requested 3)
2026-08-14 22:23:54,614 [DEBUG] cnn_neat: Added edge 0→3 (from 1 candidates)
2026-08-14 22:23:54,616 [DEBUG] cnn_neat: Split edge 0→2, new hidden node 4 (pool=4)
2026-08-14 22:23:54,618 [DEBUG] cnn_neat: Split edge 5→1, new hidden node 6 (pool=5)
2026-08-14 22:23:54,619 [DEBUG] cnn_neat: Added edge 4→1 (from 4 candidates)
2026-08-14 22:23:54,622 [DEBUG] cnn_neat: Removed 3 edges (requested 3)
2026-08-14 22:23:54,624 [DEBUG] cnn_neat: Removed edge 3→4 (from 4 candidates)
2026-08-14 22:23:54,625 [DEBUG] cnn_neat: Removed edge 4→1 (from 1 candidates)
2026-08-14 22:23:54,627 [DEBUG] cnn_neat: Removed hidden node 3 (pool=1)
2026-08-14 22:23:54,629 [DEBUG] cnn_neat: Split edge 2→3, new hidden node 4 (pool=3)
2026-08-14 22:23:54,630 [DEBUG] cnn_neat: Removed 1 edges (requested 3)
2026-08-14 22:23:54,634 [DEBUG] cnn_neat: Split edge 0→5, new hidden node 6 (pool=3)
2026-08-14 22:23:54,635 [DEBUG] cnn_neat: Added edge 2→1 (from 2 candidates)
2026-08-14 22:23:54,637 [DEBUG] cnn_neat: Removed hidden node 4 (pool=1)
2026-08-14 22:23:54,640 [DEBUG] cnn_neat: Removed 3 edges (requested 3)
2026-08-14 22:23:54,641 [DEBUG] cnn_neat: Split edge 4→2, new hidden node 6 (pool=4)
2026-08-14 22:23:54,643 [DEBUG] cnn_neat: Split edge 0→2, new hidden node 6 (pool=6)
2026-08-14 22:23:54,645 [DEBUG] cnn_neat: Removed hidden node 3 (pool=1)
2026-08-14 22:23:54,646 [DEBUG] cnn_neat: Removed edge 2→1 (from 1 candidates)
2026-08-14 22:23:54,648 [DEBUG] cnn_neat: Added edge 3→1 (from 4 candidates)
2026-08-14 22:23:54,649 [DEBUG] cnn_neat: Added edge 0→2 (from 2 candidates)
2026-08-14 22:23:54,651 [DEBUG] cnn_neat: Added edge 3→1 (from 4 candidates)
2026-08-14 22:23:54,653 [DEBUG] cnn_neat: Removed 1 edges (requested 3)
2026-08-14 22:23:54,656 [DEBUG] cnn_neat: Added edge 0→4 (from 5 candidates)
2026-08-14 22:23:54,659 [DEBUG] cnn_neat: Removed hidden node 2 (pool=1)
2026-08-14 22:23:54,660 [DEBUG] cnn_neat: Added edge 0→4 (from 3 candidates)
2026-08-14 22:23:54,663 [DEBUG] cnn_neat: Removed hidden node 2 (pool=2)
2026-08-14 22:23:54,665 [DEBUG] cnn_neat: Added edge 0→4 (from 4 candidates)
2026-08-14 22:23:54,668 [DEBUG] cnn_neat: Removed edge 2→1 (from 4 candidates)
2026-08-14 22:23:54,670 [DEBUG] cnn_neat: Removed edge 2→1 (from 3 candidates)
2026-08-14 22:23:54,671 [DEBUG] cnn_neat: Split edge 5→3, new hidden node 6 (pool=5)
2026-08-14 22:23:54,673 [DEBUG] cnn_neat: Split edge 3→1, new hidden node 5 (pool=3)
2026-08-14 22:23:54,675 [DEBUG] cnn_neat: Removed 2 edges (requested 3)
2026-08-14 22:23:54,677 [DEBUG] cnn_neat: Split edge 3→4, new hidden node 6 (pool=5)
2026-08-14 22:23:54,678 [DEBUG] cnn_neat: Split edge 3→1, new hidden node 4 (pool=3)
2026-08-14 22:23:54,680 [DEBUG] cnn_neat: Added edge 0→5 (from 1 candidates)
2026-08-14 22:23:54,682 [DEBUG] cnn_neat: Removed 1 edges (requested 3)
2026-08-14 22:23:54,684 [DEBUG] cnn_neat: Added edge 0→1 (from 2 candidates)
2026-08-14 22:23:54,687 [DEBUG] cnn_neat: Removed 3 edges (requested 3)
2026-08-14 22:23:54,689 [DEBUG] cnn_neat: Added edge 2→1 (from 7 candidates)
2026-08-14 22:23:54,690 [DEBUG] cnn_neat: Added edge 2→1 (from 2 candidates)
2026-08-14 22:23:54,693 [DEBUG] cnn_neat: Removed hidden node 5 (pool=1)
2026-08-14 22:23:54,694 [DEBUG] cnn_neat: Split edge 4→5, new hidden node 6 (pool=4)
2026-08-14 22:23:54,696 [DEBUG] cnn_neat: Removed 2 edges (requested 3)
2026-08-14 22:23:54,697 [DEBUG] cnn_neat: Added edge 2→4 (from 4 candidates)
2026-08-14 22:23:54,699 [DEBUG] cnn_neat: Split edge 4→3, new hidden node 5 (pool=4)
2026-08-14 22:23:54,700 [DEBUG] cnn_neat: Split edge 0→2, new hidden node 4 (pool=5)
2026-08-14 22:23:54,704 [DEBUG] cnn_neat: Removed 3 edges (requested 3)
2026-08-14 22:23:54,706 [DEBUG] cnn_neat: Split edge 3→4, new hidden node 6 (pool=6)
2026-08-14 22:23:54,708 [DEBUG] cnn_neat: Split edge 5→4, new hidden node 7 (pool=5)
2026-08-14 22:23:54,711 [DEBUG] cnn_neat: Removed hidden node 3 (pool=3)
2026-08-14 22:23:54,713 [DEBUG] cnn_neat: Split edge 3→1, new hidden node 5 (pool=4)
2026-08-14 22:23:54,718 [DEBUG] cnn_neat: Removed hidden node 2 (pool=3)
2026-08-14 22:23:54,720 [DEBUG] cnn_neat: Removed edge 5→1 (from 2 candidates)
2026-08-14 22:23:54,723 [DEBUG] cnn_neat: Removed 3 edges (requested 3)
2026-08-14 22:23:54,725 [DEBUG] cnn_neat: Removed 2 edges (requested 3)
2026-08-14 22:23:54,728 [DEBUG] cnn_neat: Removed hidden node 4 (pool=1)
2026-08-14 22:23:54,731 [DEBUG] cnn_neat: Removed hidden node 5 (pool=2)
2026-08-14 22:23:54,733 [DEBUG] cnn_neat: Split edge 2→4, new hidden node 6 (pool=5)
2026-08-14 22:23:54,734 [DEBUG] cnn_neat: Split edge 3→2, new hidden node 4 (pool=3)
2026-08-14 22:23:54,735 [DEBUG] cnn_neat: Split edge 4→2, new hidden node 5 (pool=5)
2026-08-14 22:23:54,738 [DEBUG] cnn_neat: Split edge 4→5, new hidden node 6 (pool=3)
2026-08-14 22:23:54,741 [DEBUG] cnn_neat: Removed 2 edges (requested 3)
2026-08-14 22:23:54,743 [DEBUG] cnn_neat: Split edge 3→4, new hidden node 7 (pool=7)
2026-08-14 22:23:54,746 [DEBUG] cnn_neat: Removed 3 edges (requested 3)
2026-08-14 22:23:54,749 [DEBUG] cnn_neat: Split edge 2→3, new hidden node 6 (pool=5)
2026-08-14 22:23:54,751 [DEBUG] cnn_neat: Removed 3 edges (requested 3)
2026-08-14 22:23:54,754 [DEBUG] cnn_neat: Split edge 4→1, new hidden node 5 (pool=2)
2026-08-14 22:23:54,757 [DEBUG] cnn_neat: Removed hidden node 2 (pool=1)
2026-08-14 22:23:54,759 [DEBUG] cnn_neat: Removed edge 4→1 (from 6 candidates)
2026-08-14 22:23:54,761 [DEBUG] cnn_neat: Added edge 2→4 (from 3 candidates)
2026-08-14 22:23:54,764 [DEBUG] cnn_neat: Removed 3 edges (requested 3)
2026-08-14 22:23:54,766 [DEBUG] cnn_neat: Split edge 0→2, new hidden node 6 (pool=4)
2026-08-14 22:23:54,767 [DEBUG] cnn_neat: Added edge 4→1 (from 3 candidates)
2026-08-14 22:23:54,770 [DEBUG] cnn_neat: Removed 3 edges (requested 3)
2026-08-14 22:23:54,772 [DEBUG] cnn_neat: Removed 2 edges (requested 3)
2026-08-14 22:23:54,774 [DEBUG] cnn_neat: Removed hidden node 3 (pool=3)
2026-08-14 22:23:54,776 [DEBUG] cnn_neat: Removed hidden node 2 (pool=1)
2026-08-14 22:23:54,777 [DEBUG] cnn_neat: Split edge 4→1, new hidden node 6 (pool=2)
2026-08-14 22:23:54,779 [DEBUG] cnn_neat: Split edge 3→1, new hidden node 5 (pool=3)
2026-08-14 22:23:54,783 [DEBUG] cnn_neat: Removed hidden node 2 (pool=2)
2026-08-14 22:23:54,785 [DEBUG] cnn_neat: Removed 2 edges (requested 3)
2026-08-14 22:23:54,786 [DEBUG] cnn_neat: Removed edge 4→1 (from 3 candidates)
2026-08-14 22:23:54,788 [DEBUG] cnn_neat: Added edge 5→3 (from 7 candidates)
2026-08-14 22:23:54,790 [DEBUG] cnn_neat: Removed edge 4→2 (from 1 candidates)
2026-08-14 22:23:54,792 [DEBUG] cnn_neat: Added edge 2→3 (from 3 candidates)
2026-08-14 22:23:54,794 [DEBUG] cnn_neat: Split edge 2→3, new hidden node 5 (pool=5)
2026-08-14 22:23:54,796 [DEBUG] cnn_neat: Removed hidden node 4 (pool=1)
2026-08-14 22:23:54,798 [DEBUG] cnn_neat: Removed 1 edges (requested 3)
2026-08-14 22:23:54,800 [DEBUG] cnn_neat: Removed edge 3→5 (from 4 candidates)
2026-08-14 22:23:54,803 [DEBUG] cnn_neat: Removed hidden node 6 (pool=2)
2026-08-14 22:23:54,805 [DEBUG] cnn_neat: Added edge 2→1 (from 2 candidates)
2026-08-14 22:23:54,807 [DEBUG] cnn_neat: Split edge 5→1, new hidden node 7 (pool=7)
2026-08-14 22:23:54,809 [DEBUG] cnn_neat: Removed 1 edges (requested 3)
2026-08-14 22:23:54,811 [DEBUG] cnn_neat: Removed hidden node 5 (pool=2)
2026-08-14 22:23:54,813 [DEBUG] cnn_neat: Split edge 2→1, new hidden node 5 (pool=4)
2026-08-14 22:23:54,815 [DEBUG] cnn_neat: Removed edge 3→2 (from 1 candidates)
2026-08-14 22:23:54,817 [DEBUG] cnn_neat: Removed hidden node 5 (pool=2)
2026-08-14 22:23:54,819 [DEBUG] cnn_neat: Removed edge 3→1 (from 3 candidates)
2026-08-14 22:23:54,819 [DEBUG] cnn_neat: Removed 1 edges (requested 3)
2026-08-14 22:23:54,821 [DEBUG] cnn_neat: Removed hidden node 3 (pool=1)
2026-08-14 22:23:54,823 [DEBUG] cnn_neat: Split edge 0→1, new hidden node 3 (pool=1)
2026-08-14 22:23:54,825 [DEBUG] cnn_neat: Split edge 3→2, new hidden node 6 (pool=5)
2026-08-14 22:23:54,826 [DEBUG] cnn_neat: Added edge 0→2 (from 2 candidates)
2026-08-14 22:23:54,827 [DEBUG] cnn_neat: Added edge 0→2 (from 4 candidates)
2026-08-14 22:23:54,829 [DEBUG] cnn_neat: Removed hidden node 4 (pool=1)
2026-08-14 22:23:54,830 [DEBUG] cnn_neat: Removed 2 edges (requested 3)
2026-08-14 22:23:54,832 [DEBUG] cnn_neat: Removed 2 edges (requested 3)
2026-08-14 22:23:54,833 [DEBUG] cnn_neat: Removed edge 2→1 (from 1 candidates)
2026-08-14 22:23:54,835 [DEBUG] cnn_neat: Removed 1 edges (requested 3)
2026-08-14 22:23:54,838 [DEBUG] cnn_neat: Removed hidden node 5 (pool=2)
2026-08-14 22:23:54,839 [DEBUG] cnn_neat: Removed edge 4→2 (from 6 candidates)
2026-08-14 22:23:54,840 [DEBUG] cnn_neat: Removed 1 edges (requested 3)
2026-08-14 22:23:54,842 [DEBUG] cnn_neat: Added edge 2→1 (from 6 candidates)
2026-08-14 22:23:54,843 [DEBUG] cnn_neat: Removed edge 2→3 (from 6 candidates)
2026-08-14 22:23:54,845 [DEBUG] cnn_neat: Split edge 3→1, new hidden node 5 (pool=2)
2026-08-14 22:23:54,847 [DEBUG] cnn_neat: Added edge 5→6 (from 10 candidates)
2026-08-14 22:23:54,851 [DEBUG] cnn_neat: Removed hidden node 2 (pool=1)
2026-08-14 22:23:54,852 [DEBUG] cnn_neat: Removed edge 0→3 (from 4 candidates)
2026-08-14 22:23:54,856 [DEBUG] cnn_neat: Removed 3 edges (requested 3)
2026-08-14 22:23:54,859 [DEBUG] cnn_neat: Added edge 6→4 (from 9 candidates)
2026-08-14 22:23:54,860 [DEBUG] cnn_neat: Added edge 2→5 (from 7 candidates)
2026-08-14 22:23:54,862 [DEBUG] cnn_neat: Removed edge 4→2 (from 6 candidates)
2026-08-14 22:23:54,864 [INFO] cnn_neat: CnnNeat started | run=run_0010 | population=128 | in=(32, 32) out=(1, 1)
2026-08-14 22:23:54,864 [INFO] cnn_neat: Compute: device=cuda | grid (32, 32)→(1, 1) | AMP=on (float16) | GPU=NVIDIA GeForce RTX 4060 Ti
