2026-08-14 22:23:20,032 [DEBUG] cnn_neat: Split edge 0→1, new hidden node 2 (pool=1)
2026-08-14 22:23:20,045 [DEBUG] cnn_neat: Split edge 0→2, new hidden node 3 (pool=2)
2026-08-14 22:23:20,050 [DEBUG] cnn_neat: Added edge 0→1 (from 1 candidates)
2026-08-14 22:23:20,062 [DEBUG] cnn_neat: Split edge 3→2, new hidden node 4 (pool=3)
2026-08-14 22:23:20,064 [DEBUG] cnn_neat: Added edge 3→1 (from 2 candidates)
2026-08-14 22:23:20,075 [DEBUG] cnn_neat: Split edge 0→2, new hidden node 4 (pool=3)
2026-08-14 22:23:20,077 [DEBUG] cnn_neat: Added edge 2→1 (from 2 candidates)
2026-08-14 22:23:20,083 [DEBUG] cnn_neat: Split edge 4→2, new hidden node 5 (pool=4)
2026-08-14 22:23:20,085 [DEBUG] cnn_neat: Added edge 0→2 (from 4 candidates)
2026-08-14 22:23:20,089 [DEBUG] cnn_neat: Split edge 3→1, new hidden node 6 (pool=5)
2026-08-14 22:23:20,093 [DEBUG] cnn_neat: Added edge 4→3 (from 6 candidates)
2026-08-14 22:23:20,096 [DEBUG] cnn_neat: Split edge 4→2, new hidden node 5 (pool=5)
2026-08-14 22:23:20,101 [DEBUG] cnn_neat: Split edge 0→1, new hidden node 3 (pool=1)
2026-08-14 22:23:20,105 [DEBUG] cnn_neat: Removed hidden node 2 (pool=1)
2026-08-14 22:23:20,106 [DEBUG] cnn_neat: Removed edge 0→2 (from 3 candidates)
2026-08-14 22:23:20,108 [DEBUG] cnn_neat: Removed 1 edges (requested 3)
2026-08-14 22:23:20,112 [DEBUG] cnn_neat: Split edge 3→1, new hidden node 4 (pool=2)
2026-08-14 22:23:20,115 [DEBUG] cnn_neat: Added edge 0→2 (from 1 candidates)
2026-08-14 22:23:20,119 [DEBUG] cnn_neat: Removed hidden node 2 (pool=1)
2026-08-14 22:23:20,121 [DEBUG] cnn_neat: Removed edge 2→1 (from 3 candidates)
2026-08-14 22:23:20,124 [DEBUG] cnn_neat: Removed 2 edges (requested 3)
2026-08-14 22:23:20,127 [DEBUG] cnn_neat: Split edge 3→1, new hidden node 4 (pool=5)
2026-08-14 22:23:20,130 [DEBUG] cnn_neat: Added edge 0→1 (from 1 candidates)
2026-08-14 22:23:20,133 [DEBUG] cnn_neat: Split edge 2→1, new hidden node 5 (pool=3)
2026-08-14 22:23:20,137 [DEBUG] cnn_neat: Removed hidden node 3 (pool=2)
2026-08-14 22:23:20,141 [DEBUG] cnn_neat: Added edge 3→1 (from 4 candidates)
2026-08-14 22:23:20,143 [DEBUG] cnn_neat: Split edge 0→1, new hidden node 4 (pool=1)
2026-08-14 22:23:20,146 [DEBUG] cnn_neat: Split edge 2→1, new hidden node 4 (pool=2)
2026-08-14 22:23:20,149 [DEBUG] cnn_neat: Added edge 0→3 (from 1 candidates)
2026-08-14 22:23:20,153 [DEBUG] cnn_neat: Removed hidden node 3 (pool=1)
2026-08-14 22:23:20,155 [DEBUG] cnn_neat: Removed edge 2→1 (from 3 candidates)
2026-08-14 22:23:20,158 [DEBUG] cnn_neat: Removed 2 edges (requested 3)
2026-08-14 22:23:20,161 [DEBUG] cnn_neat: Split edge 2→3, new hidden node 5 (pool=5)
2026-08-14 22:23:20,164 [DEBUG] cnn_neat: Added edge 0→4 (from 5 candidates)
2026-08-14 22:23:20,167 [DEBUG] cnn_neat: Split edge 0→2, new hidden node 6 (pool=3)
2026-08-14 22:23:20,172 [DEBUG] cnn_neat: Removed hidden node 3 (pool=2)
2026-08-14 22:23:20,175 [DEBUG] cnn_neat: Added edge 3→4 (from 8 candidates)
2026-08-14 22:23:20,179 [DEBUG] cnn_neat: Split edge 3→1, new hidden node 4 (pool=2)
2026-08-14 22:23:20,181 [DEBUG] cnn_neat: Added edge 0→1 (from 1 candidates)
2026-08-14 22:23:20,188 [DEBUG] cnn_neat: Split edge 2→1, new hidden node 4 (pool=2)
2026-08-14 22:23:20,190 [DEBUG] cnn_neat: Added edge 3→1 (from 2 candidates)
2026-08-14 22:23:20,194 [DEBUG] cnn_neat: Removed hidden node 3 (pool=1)
2026-08-14 22:23:20,196 [DEBUG] cnn_neat: Removed edge 2→3 (from 1 candidates)
2026-08-14 22:23:20,198 [DEBUG] cnn_neat: Removed 1 edges (requested 3)
2026-08-14 22:23:20,200 [DEBUG] cnn_neat: Split edge 0→2, new hidden node 5 (pool=4)
2026-08-14 22:23:20,203 [DEBUG] cnn_neat: Added edge 2→1 (from 6 candidates)
2026-08-14 22:23:20,206 [DEBUG] cnn_neat: Split edge 5→2, new hidden node 6 (pool=5)
2026-08-14 22:23:20,210 [DEBUG] cnn_neat: Removed hidden node 3 (pool=1)
2026-08-14 22:23:20,213 [DEBUG] cnn_neat: Added edge 4→3 (from 8 candidates)
2026-08-14 22:23:20,216 [DEBUG] cnn_neat: Split edge 2→1, new hidden node 5 (pool=2)
2026-08-14 22:23:20,243 [DEBUG] cnn_neat: Split edge 4→2, new hidden node 5 (pool=3)
2026-08-14 22:23:20,245 [DEBUG] cnn_neat: Added edge 3→1 (from 4 candidates)
2026-08-14 22:23:20,251 [DEBUG] cnn_neat: Removed hidden node 3 (pool=1)
2026-08-14 22:23:20,253 [DEBUG] cnn_neat: Removed edge 2→3 (from 1 candidates)
2026-08-14 22:23:20,256 [DEBUG] cnn_neat: Removed 1 edges (requested 3)
2026-08-14 22:23:20,259 [DEBUG] cnn_neat: Split edge 2→3, new hidden node 4 (pool=4)
2026-08-14 22:23:20,262 [DEBUG] cnn_neat: Added edge 0→1 (from 2 candidates)
2026-08-14 22:23:20,265 [DEBUG] cnn_neat: Removed hidden node 3 (pool=1)
2026-08-14 22:23:20,268 [DEBUG] cnn_neat: Removed edge 0→3 (from 2 candidates)
2026-08-14 22:23:20,271 [DEBUG] cnn_neat: Removed 2 edges (requested 3)
2026-08-14 22:23:20,273 [DEBUG] cnn_neat: Split edge 0→2, new hidden node 5 (pool=3)
2026-08-14 22:23:20,275 [DEBUG] cnn_neat: Split edge 0→1, new hidden node 4 (pool=1)
2026-08-14 22:23:20,278 [DEBUG] cnn_neat: Added edge 4→1 (from 4 candidates)
2026-08-14 22:23:20,280 [DEBUG] cnn_neat: Added edge 3→1 (from 1 candidates)
2026-08-14 22:23:20,286 [DEBUG] cnn_neat: Split edge 0→4, new hidden node 5 (pool=3)
2026-08-14 22:23:20,289 [DEBUG] cnn_neat: Added edge 4→1 (from 2 candidates)
2026-08-14 22:23:20,299 [DEBUG] cnn_neat: Split edge 4→1, new hidden node 5 (pool=2)
2026-08-14 22:23:20,302 [DEBUG] cnn_neat: Added edge 0→2 (from 1 candidates)
2026-08-14 22:23:20,307 [DEBUG] cnn_neat: Removed hidden node 2 (pool=1)
2026-08-14 22:23:20,310 [DEBUG] cnn_neat: Removed edge 2→1 (from 3 candidates)
2026-08-14 22:23:20,313 [DEBUG] cnn_neat: Removed 2 edges (requested 3)
2026-08-14 22:23:20,316 [DEBUG] cnn_neat: Split edge 0→2, new hidden node 5 (pool=5)
2026-08-14 22:23:20,320 [DEBUG] cnn_neat: Added edge 0→1 (from 1 candidates)
2026-08-14 22:23:20,325 [DEBUG] cnn_neat: Split edge 0→5, new hidden node 6 (pool=5)
2026-08-14 22:23:20,329 [DEBUG] cnn_neat: Removed hidden node 2 (pool=2)
2026-08-14 22:23:20,333 [DEBUG] cnn_neat: Added edge 5→4 (from 4 candidates)
2026-08-14 22:23:20,337 [DEBUG] cnn_neat: Split edge 0→1, new hidden node 5 (pool=1)
2026-08-14 22:23:20,345 [DEBUG] cnn_neat: Split edge 3→1, new hidden node 4 (pool=4)
2026-08-14 22:23:20,430 [DEBUG] cnn_neat: Added edge 2→1 (from 2 candidates)
2026-08-14 22:23:20,434 [DEBUG] cnn_neat: Removed hidden node 2 (pool=1)
2026-08-14 22:23:20,438 [DEBUG] cnn_neat: Removed edge 2→3 (from 3 candidates)
2026-08-14 22:23:20,442 [DEBUG] cnn_neat: Removed 1 edges (requested 3)
2026-08-14 22:23:20,444 [DEBUG] cnn_neat: Split edge 0→3, new hidden node 4 (pool=3)
2026-08-14 22:23:20,446 [DEBUG] cnn_neat: Added edge 0→1 (from 4 candidates)
2026-08-14 22:23:20,450 [DEBUG] cnn_neat: Split edge 3→1, new hidden node 5 (pool=4)
2026-08-14 22:23:20,453 [DEBUG] cnn_neat: Removed hidden node 2 (pool=1)
2026-08-14 22:23:20,456 [DEBUG] cnn_neat: Added edge 2→3 (from 7 candidates)
2026-08-14 22:23:20,457 [DEBUG] cnn_neat: Split edge 0→1, new hidden node 4 (pool=1)
2026-08-14 22:23:20,459 [DEBUG] cnn_neat: Split edge 0→2, new hidden node 5 (pool=4)
2026-08-14 22:23:20,461 [DEBUG] cnn_neat: Added edge 3→1 (from 4 candidates)
2026-08-14 22:23:20,469 [DEBUG] cnn_neat: Split edge 2→3, new hidden node 6 (pool=5)
2026-08-14 22:23:20,472 [DEBUG] cnn_neat: Split edge 0→2, new hidden node 5 (pool=3)
2026-08-14 22:23:20,476 [DEBUG] cnn_neat: Added edge 0→2 (from 6 candidates)
2026-08-14 22:23:20,480 [DEBUG] cnn_neat: Added edge 0→3 (from 3 candidates)
2026-08-14 22:23:20,487 [DEBUG] cnn_neat: Split edge 0→5, new hidden node 6 (pool=4)
2026-08-14 22:23:20,494 [DEBUG] cnn_neat: Split edge 4→1, new hidden node 5 (pool=5)
2026-08-14 22:23:20,498 [DEBUG] cnn_neat: Added edge 2→4 (from 4 candidates)
2026-08-14 22:23:20,504 [DEBUG] cnn_neat: Removed hidden node 2 (pool=1)
2026-08-14 22:23:20,507 [DEBUG] cnn_neat: Removed edge 0→3 (from 3 candidates)
2026-08-14 22:23:20,511 [DEBUG] cnn_neat: Removed 2 edges (requested 3)
2026-08-14 22:23:20,514 [DEBUG] cnn_neat: Split edge 0→2, new hidden node 5 (pool=6)
2026-08-14 22:23:20,519 [DEBUG] cnn_neat: Added edge 3→1 (from 3 candidates)
2026-08-14 22:23:20,524 [DEBUG] cnn_neat: Split edge 2→3, new hidden node 6 (pool=7)
2026-08-14 22:23:20,531 [DEBUG] cnn_neat: Removed hidden node 3 (pool=2)
2026-08-14 22:23:20,535 [DEBUG] cnn_neat: Added edge 0→2 (from 7 candidates)
2026-08-14 22:23:20,539 [DEBUG] cnn_neat: Split edge 0→3, new hidden node 7 (pool=4)
2026-08-14 22:23:20,545 [DEBUG] cnn_neat: Split edge 0→3, new hidden node 4 (pool=5)
2026-08-14 22:23:20,548 [DEBUG] cnn_neat: Added edge 0→1 (from 1 candidates)
2026-08-14 22:23:20,555 [DEBUG] cnn_neat: Removed hidden node 2 (pool=2)
2026-08-14 22:23:20,558 [DEBUG] cnn_neat: Removed edge 2→1 (from 5 candidates)
2026-08-14 22:23:20,563 [DEBUG] cnn_neat: Removed 3 edges (requested 3)
2026-08-14 22:23:20,566 [DEBUG] cnn_neat: Split edge 0→2, new hidden node 5 (pool=5)
2026-08-14 22:23:20,570 [DEBUG] cnn_neat: Added edge 4→1 (from 4 candidates)
2026-08-14 22:23:20,573 [DEBUG] cnn_neat: Split edge 0→4, new hidden node 6 (pool=7)
2026-08-14 22:23:20,640 [DEBUG] cnn_neat: Removed hidden node 3 (pool=3)
2026-08-14 22:23:20,644 [DEBUG] cnn_neat: Added edge 4→5 (from 9 candidates)
2026-08-14 22:23:20,651 [DEBUG] cnn_neat: Split edge 3→1, new hidden node 5 (pool=4)
2026-08-14 22:23:20,654 [DEBUG] cnn_neat: Added edge 4→1 (from 4 candidates)
2026-08-14 22:23:20,663 [DEBUG] cnn_neat: Split edge 0→2, new hidden node 5 (pool=3)
2026-08-14 22:23:20,671 [DEBUG] cnn_neat: Added edge 2→3 (from 3 candidates)
2026-08-14 22:23:20,676 [DEBUG] cnn_neat: Split edge 5→2, new hidden node 6 (pool=4)
2026-08-14 22:23:20,682 [DEBUG] cnn_neat: Removed hidden node 3 (pool=1)
2026-08-14 22:23:20,688 [DEBUG] cnn_neat: Added edge 5→3 (from 5 candidates)
2026-08-14 22:23:20,695 [DEBUG] cnn_neat: Split edge 0→1, new hidden node 4 (pool=1)
2026-08-14 22:23:20,700 [DEBUG] cnn_neat: Removed hidden node 3 (pool=1)
2026-08-14 22:23:20,702 [DEBUG] cnn_neat: Removed edge 3→1 (from 3 candidates)
2026-08-14 22:23:20,704 [DEBUG] cnn_neat: Removed 2 edges (requested 3)
2026-08-14 22:23:20,709 [DEBUG] cnn_neat: Split edge 0→4, new hidden node 5 (pool=4)
2026-08-14 22:23:20,711 [DEBUG] cnn_neat: Split edge 0→1, new hidden node 4 (pool=1)
2026-08-14 22:23:20,715 [DEBUG] cnn_neat: Added edge 4→3 (from 3 candidates)
2026-08-14 22:23:20,717 [DEBUG] cnn_neat: Added edge 3→1 (from 1 candidates)
2026-08-14 22:23:20,722 [DEBUG] cnn_neat: Split edge 3→1, new hidden node 6 (pool=2)
2026-08-14 22:23:20,729 [DEBUG] cnn_neat: Split edge 4→1, new hidden node 5 (pool=5)
2026-08-14 22:23:20,735 [DEBUG] cnn_neat: Added edge 4→2 (from 5 candidates)
2026-08-14 22:23:20,745 [DEBUG] cnn_neat: Removed hidden node 4 (pool=2)
2026-08-14 22:23:20,747 [DEBUG] cnn_neat: Removed edge 3→2 (from 4 candidates)
2026-08-14 22:23:20,753 [DEBUG] cnn_neat: Removed 2 edges (requested 3)
2026-08-14 22:23:20,817 [DEBUG] cnn_neat: Split edge 2→1, new hidden node 6 (pool=3)
2026-08-14 22:23:20,820 [DEBUG] cnn_neat: Split edge 3→4, new hidden node 5 (pool=6)
2026-08-14 22:23:20,823 [DEBUG] cnn_neat: Split edge 0→3, new hidden node 5 (pool=4)
2026-08-14 22:23:20,827 [DEBUG] cnn_neat: Split edge 0→1, new hidden node 2 (pool=1)
2026-08-14 22:23:20,834 [DEBUG] cnn_neat: Split edge 2→1, new hidden node 3 (pool=2)
2026-08-14 22:23:20,836 [DEBUG] cnn_neat: Added edge 0→1 (from 1 candidates)
2026-08-14 22:23:20,849 [DEBUG] cnn_neat: Split edge 0→3, new hidden node 4 (pool=3)
2026-08-14 22:23:20,852 [DEBUG] cnn_neat: Added edge 0→2 (from 2 candidates)
2026-08-14 22:23:20,863 [DEBUG] cnn_neat: Split edge 0→4, new hidden node 5 (pool=4)
2026-08-14 22:23:20,867 [DEBUG] cnn_neat: Split edge 2→1, new hidden node 4 (pool=4)
2026-08-14 22:23:20,870 [DEBUG] cnn_neat: Added edge 3→1 (from 4 candidates)
2026-08-14 22:23:20,873 [DEBUG] cnn_neat: Added edge 3→1 (from 2 candidates)
2026-08-14 22:23:20,877 [DEBUG] cnn_neat: Split edge 5→4, new hidden node 6 (pool=5)
2026-08-14 22:23:20,884 [DEBUG] cnn_neat: Split edge 0→1, new hidden node 3 (pool=1)
2026-08-14 22:23:20,892 [DEBUG] cnn_neat: Removed hidden node 2 (pool=1)
2026-08-14 22:23:20,894 [DEBUG] cnn_neat: Removed edge 0→2 (from 3 candidates)
2026-08-14 22:23:20,898 [DEBUG] cnn_neat: Removed 2 edges (requested 3)
2026-08-14 22:23:20,906 [DEBUG] cnn_neat: Split edge 5→1, new hidden node 6 (pool=5)
2026-08-14 22:23:20,910 [DEBUG] cnn_neat: Added edge 2→5 (from 5 candidates)
2026-08-14 22:23:20,917 [DEBUG] cnn_neat: Removed hidden node 2 (pool=2)
2026-08-14 22:23:20,920 [DEBUG] cnn_neat: Removed edge 5→1 (from 4 candidates)
2026-08-14 22:23:20,984 [DEBUG] cnn_neat: Removed 2 edges (requested 3)
2026-08-14 22:23:20,991 [DEBUG] cnn_neat: Split edge 0→4, new hidden node 7 (pool=3)
2026-08-14 22:23:20,997 [DEBUG] cnn_neat: Split edge 2→5, new hidden node 6 (pool=6)
2026-08-14 22:23:21,003 [DEBUG] cnn_neat: Added edge 0→5 (from 8 candidates)
2026-08-14 22:23:21,009 [DEBUG] cnn_neat: Added edge 0→5 (from 3 candidates)
2026-08-14 22:23:21,013 [DEBUG] cnn_neat: Split edge 0→3, new hidden node 4 (pool=2)
2026-08-14 22:23:21,015 [DEBUG] cnn_neat: Added edge 0→1 (from 1 candidates)
2026-08-14 22:23:21,020 [DEBUG] cnn_neat: Split edge 3→1, new hidden node 5 (pool=3)
2026-08-14 22:23:21,023 [DEBUG] cnn_neat: Added edge 0→3 (from 2 candidates)
2026-08-14 22:23:21,028 [DEBUG] cnn_neat: Split edge 0→4, new hidden node 6 (pool=4)
2026-08-14 22:23:21,035 [DEBUG] cnn_neat: Added edge 3→1 (from 4 candidates)
2026-08-14 22:23:21,052 [DEBUG] cnn_neat: Split edge 3→1, new hidden node 5 (pool=4)
2026-08-14 22:23:21,058 [DEBUG] cnn_neat: Split edge 2→1, new hidden node 5 (pool=3)
2026-08-14 22:23:21,060 [DEBUG] cnn_neat: Added edge 0→3 (from 4 candidates)
2026-08-14 22:23:21,066 [DEBUG] cnn_neat: Removed hidden node 3 (pool=1)
2026-08-14 22:23:21,150 [DEBUG] cnn_neat: Removed edge 2→3 (from 1 candidates)
2026-08-14 22:23:21,152 [DEBUG] cnn_neat: Removed 1 edges (requested 3)
2026-08-14 22:23:21,156 [DEBUG] cnn_neat: Split edge 2→3, new hidden node 6 (pool=5)
2026-08-14 22:23:21,159 [DEBUG] cnn_neat: Added edge 0→2 (from 8 candidates)
2026-08-14 22:23:21,162 [DEBUG] cnn_neat: Split edge 2→5, new hidden node 7 (pool=4)
2026-08-14 22:23:21,167 [DEBUG] cnn_neat: Removed hidden node 3 (pool=1)
2026-08-14 22:23:21,170 [DEBUG] cnn_neat: Added edge 6→5 (from 12 candidates)
2026-08-14 22:23:21,175 [DEBUG] cnn_neat: Split edge 2→1, new hidden node 5 (pool=3)
2026-08-14 22:23:21,177 [DEBUG] cnn_neat: Added edge 0→2 (from 2 candidates)
2026-08-14 22:23:21,184 [DEBUG] cnn_neat: Split edge 2→1, new hidden node 5 (pool=4)
2026-08-14 22:23:21,187 [DEBUG] cnn_neat: Added edge 4→1 (from 4 candidates)
2026-08-14 22:23:21,196 [DEBUG] cnn_neat: Split edge 4→1, new hidden node 5 (pool=3)
2026-08-14 22:23:21,199 [DEBUG] cnn_neat: Added edge 0→2 (from 3 candidates)
2026-08-14 22:23:21,203 [DEBUG] cnn_neat: Split edge 2→1, new hidden node 6 (pool=6)
2026-08-14 22:23:21,210 [DEBUG] cnn_neat: Removed hidden node 2 (pool=1)
2026-08-14 22:23:21,213 [DEBUG] cnn_neat: Added edge 2→5 (from 6 candidates)
2026-08-14 22:23:21,219 [DEBUG] cnn_neat: Split edge 5→1, new hidden node 6 (pool=3)
2026-08-14 22:23:21,222 [DEBUG] cnn_neat: Added edge 0→5 (from 2 candidates)
2026-08-14 22:23:21,230 [DEBUG] cnn_neat: Split edge 0→4, new hidden node 7 (pool=4)
2026-08-14 22:23:21,233 [DEBUG] cnn_neat: Split edge 0→4, new hidden node 6 (pool=4)
2026-08-14 22:23:21,236 [DEBUG] cnn_neat: Saved generation 0
2026-08-14 22:23:21,276 [DEBUG] cnn_neat: Added edge 4→6 (from 4 candidates)
2026-08-14 22:23:21,288 [DEBUG] cnn_neat: Selected 25 elite individuals
2026-08-14 22:23:21,291 [DEBUG] cnn_neat: Added edge 4→1 (from 2 candidates)
2026-08-14 22:23:21,303 [DEBUG] cnn_neat: Split edge 0→7, new hidden node 8 (pool=5)
2026-08-14 22:23:21,340 [DEBUG] cnn_neat: Split edge 3→4, new hidden node 5 (pool=3)
2026-08-14 22:23:21,347 [DEBUG] cnn_neat: Added edge 3→1 (from 2 candidates)
2026-08-14 22:23:21,364 [DEBUG] cnn_neat: Split edge 5→4, new hidden node 6 (pool=4)
2026-08-14 22:23:21,370 [DEBUG] cnn_neat: Added edge 0→5 (from 4 candidates)
2026-08-14 22:23:21,377 [DEBUG] cnn_neat: Split edge 3→5, new hidden node 7 (pool=5)
2026-08-14 22:23:21,385 [DEBUG] cnn_neat: Added edge 6→1 (from 6 candidates)
2026-08-14 22:23:21,391 [DEBUG] cnn_neat: Split edge 4→1, new hidden node 6 (pool=5)
2026-08-14 22:23:21,404 [DEBUG] cnn_neat: Split edge 4→3, new hidden node 6 (pool=5)
2026-08-14 22:23:21,410 [DEBUG] cnn_neat: Added edge 3→1 (from 6 candidates)
2026-08-14 22:23:21,549 [DEBUG] cnn_neat: Split edge 3→1, new hidden node 5 (pool=2)
2026-08-14 22:23:21,554 [DEBUG] cnn_neat: Added edge 4→3 (from 3 candidates)
2026-08-14 22:23:21,556 [DEBUG] cnn_neat: Split edge 4→3, new hidden node 6 (pool=4)
2026-08-14 22:23:21,562 [DEBUG] cnn_neat: Removed hidden node 2 (pool=3)
2026-08-14 22:23:21,563 [DEBUG] cnn_neat: Added edge 6→5 (from 9 candidates)
2026-08-14 22:23:21,567 [DEBUG] cnn_neat: Removed edge 2→3 (from 6 candidates)
2026-08-14 22:23:21,568 [DEBUG] cnn_neat: Added edge 2→5 (from 5 candidates)
2026-08-14 22:23:21,572 [DEBUG] cnn_neat: Split edge 3→1, new hidden node 5 (pool=2)
2026-08-14 22:23:21,575 [DEBUG] cnn_neat: Split edge 3→1, new hidden node 7 (pool=1)
2026-08-14 22:23:21,575 [DEBUG] cnn_neat: Added edge 5→4 (from 12 candidates)
2026-08-14 22:23:21,578 [DEBUG] cnn_neat: Removed 3 edges (requested 3)
2026-08-14 22:23:21,580 [DEBUG] cnn_neat: Crossover rejected: union topology invalid (edges=9 nodes=6)
2026-08-14 22:23:21,582 [DEBUG] cnn_neat: Split edge 0→3, new hidden node 5 (pool=2)
2026-08-14 22:23:21,584 [DEBUG] cnn_neat: Added edge 4→1 (from 3 candidates)
2026-08-14 22:23:21,585 [DEBUG] cnn_neat: Added edge 4→3 (from 2 candidates)
2026-08-14 22:23:21,588 [DEBUG] cnn_neat: Added edge 0→2 (from 1 candidates)
2026-08-14 22:23:21,590 [DEBUG] cnn_neat: Added edge 0→1 (from 1 candidates)
2026-08-14 22:23:21,593 [DEBUG] cnn_neat: Split edge 0→3, new hidden node 5 (pool=3)
2026-08-14 22:23:21,594 [DEBUG] cnn_neat: Added edge 3→1 (from 2 candidates)
2026-08-14 22:23:21,596 [DEBUG] cnn_neat: Split edge 4→1, new hidden node 5 (pool=3)
2026-08-14 22:23:21,597 [DEBUG] cnn_neat: Split edge 0→3, new hidden node 5 (pool=3)
2026-08-14 22:23:21,599 [DEBUG] cnn_neat: Added edge 5→4 (from 4 candidates)
2026-08-14 22:23:21,601 [DEBUG] cnn_neat: Split edge 4→1, new hidden node 5 (pool=3)
2026-08-14 22:23:21,602 [DEBUG] cnn_neat: Added edge 0→4 (from 4 candidates)
2026-08-14 22:23:21,604 [DEBUG] cnn_neat: Crossover rejected: union topology invalid (edges=6 nodes=5)
2026-08-14 22:23:21,605 [DEBUG] cnn_neat: Split edge 0→3, new hidden node 5 (pool=3)
2026-08-14 22:23:21,606 [DEBUG] cnn_neat: Added edge 0→4 (from 4 candidates)
2026-08-14 22:23:21,609 [DEBUG] cnn_neat: Added edge 3→1 (from 2 candidates)
2026-08-14 22:23:21,610 [DEBUG] cnn_neat: Added edge 0→4 (from 1 candidates)
2026-08-14 22:23:21,611 [DEBUG] cnn_neat: Added edge 0→1 (from 1 candidates)
2026-08-14 22:23:21,614 [DEBUG] cnn_neat: Split edge 4→1, new hidden node 5 (pool=4)
2026-08-14 22:23:21,615 [DEBUG] cnn_neat: Added edge 0→2 (from 6 candidates)
2026-08-14 22:23:21,617 [DEBUG] cnn_neat: Removed hidden node 2 (pool=1)
2026-08-14 22:23:21,619 [DEBUG] cnn_neat: Split edge 4→1, new hidden node 5 (pool=3)
2026-08-14 22:23:21,620 [DEBUG] cnn_neat: Added edge 4→1 (from 4 candidates)
2026-08-14 22:23:21,621 [DEBUG] cnn_neat: Removed edge 3→2 (from 1 candidates)
2026-08-14 22:23:21,622 [DEBUG] cnn_neat: Split edge 3→4, new hidden node 5 (pool=3)
2026-08-14 22:23:21,624 [DEBUG] cnn_neat: Removed 1 edges (requested 3)
2026-08-14 22:23:21,625 [DEBUG] cnn_neat: Split edge 0→3, new hidden node 5 (pool=3)
2026-08-14 22:23:21,627 [DEBUG] cnn_neat: Added edge 0→4 (from 4 candidates)
2026-08-14 22:23:21,628 [DEBUG] cnn_neat: Removed hidden node 3 (pool=2)
2026-08-14 22:23:21,630 [DEBUG] cnn_neat: Crossover rejected: union topology invalid (edges=9 nodes=9)
2026-08-14 22:23:21,632 [DEBUG] cnn_neat: Split edge 3→2, new hidden node 5 (pool=4)
2026-08-14 22:23:21,633 [DEBUG] cnn_neat: Added edge 0→2 (from 6 candidates)
2026-08-14 22:23:21,634 [DEBUG] cnn_neat: Added edge 4→2 (from 5 candidates)
2026-08-14 22:23:21,635 [DEBUG] cnn_neat: Added edge 3→1 (from 3 candidates)
2026-08-14 22:23:21,637 [DEBUG] cnn_neat: Added edge 0→4 (from 2 candidates)
2026-08-14 22:23:21,639 [DEBUG] cnn_neat: Added edge 0→1 (from 2 candidates)
2026-08-14 22:23:21,643 [DEBUG] cnn_neat: Added edge 4→5 (from 9 candidates)
2026-08-14 22:23:21,645 [DEBUG] cnn_neat: Added edge 0→6 (from 9 candidates)
2026-08-14 22:23:21,649 [DEBUG] cnn_neat: Added edge 0→2 (from 9 candidates)
2026-08-14 22:23:21,652 [DEBUG] cnn_neat: Removed hidden node 3 (pool=3)
2026-08-14 22:23:21,653 [DEBUG] cnn_neat: Removed edge 4→2 (from 2 candidates)
2026-08-14 22:23:21,657 [DEBUG] cnn_neat: Added edge 3→2 (from 9 candidates)
2026-08-14 22:23:21,661 [DEBUG] cnn_neat: Added edge 0→2 (from 9 candidates)
2026-08-14 22:23:21,664 [DEBUG] cnn_neat: Removed hidden node 6 (pool=3)
2026-08-14 22:23:21,666 [DEBUG] cnn_neat: Crossover rejected: union topology invalid (edges=10 nodes=9)
2026-08-14 22:23:21,669 [DEBUG] cnn_neat: Added edge 0→4 (from 9 candidates)
2026-08-14 22:23:21,671 [DEBUG] cnn_neat: Added edge 3→4 (from 9 candidates)
2026-08-14 22:23:21,673 [DEBUG] cnn_neat: Added edge 3→2 (from 9 candidates)
2026-08-14 22:23:21,675 [DEBUG] cnn_neat: Added edge 4→5 (from 11 candidates)
2026-08-14 22:23:21,678 [DEBUG] cnn_neat: Added edge 6→2 (from 10 candidates)
2026-08-14 22:23:21,679 [DEBUG] cnn_neat: Added edge 0→5 (from 9 candidates)
2026-08-14 22:23:21,682 [DEBUG] cnn_neat: Split edge 3→5, new hidden node 6 (pool=6)
2026-08-14 22:23:21,684 [DEBUG] cnn_neat: Added edge 4→1 (from 12 candidates)
2026-08-14 22:23:21,687 [DEBUG] cnn_neat: Removed hidden node 4 (pool=4)
2026-08-14 22:23:21,689 [DEBUG] cnn_neat: Removed edge 0→4 (from 6 candidates)
2026-08-14 22:23:21,691 [DEBUG] cnn_neat: Removed 3 edges (requested 3)
2026-08-14 22:23:21,693 [DEBUG] cnn_neat: Split edge 2→1, new hidden node 5 (pool=3)
2026-08-14 22:23:21,695 [DEBUG] cnn_neat: Crossover rejected: copied edge has no live Conv2d
2026-08-14 22:23:21,696 [DEBUG] cnn_neat: Split edge 0→3, new hidden node 6 (pool=6)
2026-08-14 22:23:21,699 [DEBUG] cnn_neat: Added edge 2→3 (from 12 candidates)
2026-08-14 22:23:21,702 [DEBUG] cnn_neat: Added edge 0→5 (from 7 candidates)
2026-08-14 22:23:21,704 [DEBUG] cnn_neat: Added edge 4→1 (from 6 candidates)
2026-08-14 22:23:21,706 [DEBUG] cnn_neat: Added edge 3→1 (from 5 candidates)
2026-08-14 22:23:21,709 [DEBUG] cnn_neat: Added edge 4→3 (from 4 candidates)
2026-08-14 22:23:21,711 [DEBUG] cnn_neat: Split edge 6→2, new hidden node 7 (pool=7)
2026-08-14 22:23:21,713 [DEBUG] cnn_neat: Added edge 0→2 (from 11 candidates)
2026-08-14 22:23:21,716 [DEBUG] cnn_neat: Removed hidden node 6 (pool=2)
2026-08-14 22:23:21,719 [DEBUG] cnn_neat: Removed edge 6→2 (from 4 candidates)
2026-08-14 22:23:21,721 [DEBUG] cnn_neat: Removed 3 edges (requested 3)
2026-08-14 22:23:21,724 [DEBUG] cnn_neat: Split edge 3→4, new hidden node 6 (pool=4)
2026-08-14 22:23:21,726 [DEBUG] cnn_neat: Crossover rejected: union topology invalid (edges=13 nodes=12)
2026-08-14 22:23:21,729 [DEBUG] cnn_neat: Split edge 6→2, new hidden node 7 (pool=7)
2026-08-14 22:23:21,731 [DEBUG] cnn_neat: Added edge 6→5 (from 16 candidates)
2026-08-14 22:23:21,733 [DEBUG] cnn_neat: Added edge 6→3 (from 11 candidates)
2026-08-14 22:23:21,735 [DEBUG] cnn_neat: Added edge 6→4 (from 10 candidates)
2026-08-14 22:23:21,737 [DEBUG] cnn_neat: Added edge 2→1 (from 9 candidates)
2026-08-14 22:23:21,740 [DEBUG] cnn_neat: Added edge 6→5 (from 7 candidates)
2026-08-14 22:23:21,742 [DEBUG] cnn_neat: Added edge 0→4 (from 9 candidates)
2026-08-14 22:23:21,745 [DEBUG] cnn_neat: Split edge 3→1, new hidden node 5 (pool=2)
2026-08-14 22:23:21,747 [DEBUG] cnn_neat: Split edge 0→3, new hidden node 6 (pool=6)
2026-08-14 22:23:21,749 [DEBUG] cnn_neat: Added edge 2→6 (from 16 candidates)
2026-08-14 22:23:21,751 [DEBUG] cnn_neat: Added edge 4→1 (from 6 candidates)
2026-08-14 22:23:21,753 [DEBUG] cnn_neat: Removed hidden node 3 (pool=3)
2026-08-14 22:23:21,755 [DEBUG] cnn_neat: Split edge 2→1, new hidden node 5 (pool=3)
2026-08-14 22:23:21,756 [DEBUG] cnn_neat: Added edge 4→5 (from 4 candidates)
2026-08-14 22:23:21,758 [DEBUG] cnn_neat: Removed edge 0→4 (from 5 candidates)
2026-08-14 22:23:21,759 [DEBUG] cnn_neat: Removed 2 edges (requested 3)
2026-08-14 22:23:21,761 [DEBUG] cnn_neat: Split edge 4→2, new hidden node 5 (pool=3)
2026-08-14 22:23:21,762 [DEBUG] cnn_neat: Added edge 4→2 (from 4 candidates)
2026-08-14 22:23:21,765 [DEBUG] cnn_neat: Crossover rejected: union topology invalid (edges=10 nodes=9)
2026-08-14 22:23:21,766 [DEBUG] cnn_neat: Split edge 0→3, new hidden node 5 (pool=2)
2026-08-14 22:23:21,768 [DEBUG] cnn_neat: Added edge 0→2 (from 6 candidates)
2026-08-14 22:23:21,770 [DEBUG] cnn_neat: Added edge 4→3 (from 6 candidates)
2026-08-14 22:23:21,772 [DEBUG] cnn_neat: Added edge 0→1 (from 4 candidates)
2026-08-14 22:23:21,774 [DEBUG] cnn_neat: Added edge 2→3 (from 3 candidates)
2026-08-14 22:23:21,776 [DEBUG] cnn_neat: Added edge 4→1 (from 1 candidates)
2026-08-14 22:23:21,778 [DEBUG] cnn_neat: Split edge 0→1, new hidden node 5 (pool=1)
2026-08-14 22:23:21,779 [DEBUG] cnn_neat: Split edge 0→1, new hidden node 3 (pool=1)
2026-08-14 22:23:21,781 [DEBUG] cnn_neat: Split edge 0→3, new hidden node 4 (pool=4)
2026-08-14 22:23:21,783 [DEBUG] cnn_neat: Split edge 0→1, new hidden node 3 (pool=1)
2026-08-14 22:23:21,784 [DEBUG] cnn_neat: Added edge 3→2 (from 3 candidates)
2026-08-14 22:23:21,786 [DEBUG] cnn_neat: Removed hidden node 2 (pool=1)
2026-08-14 22:23:21,787 [DEBUG] cnn_neat: Split edge 0→1, new hidden node 2 (pool=1)
2026-08-14 22:23:21,788 [DEBUG] cnn_neat: Added edge 0→1 (from 1 candidates)
2026-08-14 22:23:21,790 [DEBUG] cnn_neat: Removed hidden node 2 (pool=1)
2026-08-14 22:23:21,791 [DEBUG] cnn_neat: Split edge 0→1, new hidden node 2 (pool=1)
2026-08-14 22:23:21,792 [DEBUG] cnn_neat: Split edge 0→2, new hidden node 3 (pool=2)
2026-08-14 22:23:21,793 [DEBUG] cnn_neat: Added edge 0→1 (from 1 candidates)
2026-08-14 22:23:21,801 [DEBUG] cnn_neat: Weight mutation: 2 conv modules updated (direct tensor perturbation)
2026-08-14 22:23:21,802 [DEBUG] cnn_neat: Removed edge 2→1 (from 3 candidates)
2026-08-14 22:23:21,803 [DEBUG] cnn_neat: Split edge 0→1, new hidden node 3 (pool=1)
2026-08-14 22:23:21,804 [DEBUG] cnn_neat: Removed 1 edges (requested 3)
2026-08-14 22:23:21,805 [DEBUG] cnn_neat: Split edge 2→1, new hidden node 3 (pool=2)
2026-08-14 22:23:21,806 [DEBUG] cnn_neat: Added edge 2→1 (from 2 candidates)
2026-08-14 22:23:21,808 [DEBUG] cnn_neat: Removed hidden node 3 (pool=1)
2026-08-14 22:23:21,810 [DEBUG] cnn_neat: Split edge 2→1, new hidden node 3 (pool=2)
2026-08-14 22:23:21,811 [DEBUG] cnn_neat: Split edge 2→3, new hidden node 4 (pool=3)
2026-08-14 22:23:21,812 [DEBUG] cnn_neat: Added edge 2→1 (from 2 candidates)
2026-08-14 22:23:21,813 [DEBUG] cnn_neat: Weight mutation: 3 conv modules updated (direct tensor perturbation)
2026-08-14 22:23:21,815 [DEBUG] cnn_neat: Crossover rejected: union topology invalid (edges=9 nodes=7)
2026-08-14 22:23:21,816 [DEBUG] cnn_neat: Split edge 0→1, new hidden node 3 (pool=1)
2026-08-14 22:23:21,818 [DEBUG] cnn_neat: Added edge 3→2 (from 3 candidates)
2026-08-14 22:23:21,820 [DEBUG] cnn_neat: Removed hidden node 3 (pool=2)
2026-08-14 22:23:21,822 [DEBUG] cnn_neat: Split edge 0→2, new hidden node 3 (pool=2)
2026-08-14 22:23:21,823 [DEBUG] cnn_neat: Split edge 0→3, new hidden node 4 (pool=3)
2026-08-14 22:23:21,826 [DEBUG] cnn_neat: Split edge 0→1, new hidden node 3 (pool=1)
2026-08-14 22:23:21,828 [DEBUG] cnn_neat: Added edge 0→1 (from 3 candidates)
2026-08-14 22:23:21,830 [DEBUG] cnn_neat: Split edge 2→1, new hidden node 4 (pool=5)
2026-08-14 22:23:21,831 [DEBUG] cnn_neat: Added edge 0→1 (from 1 candidates)
2026-08-14 22:23:21,834 [DEBUG] cnn_neat: Removed hidden node 3 (pool=2)
2026-08-14 22:23:21,835 [DEBUG] cnn_neat: Split edge 2→1, new hidden node 3 (pool=2)
2026-08-14 22:23:21,836 [DEBUG] cnn_neat: Added edge 2→1 (from 2 candidates)
2026-08-14 22:23:21,837 [DEBUG] cnn_neat: Removed hidden node 3 (pool=1)
2026-08-14 22:23:21,839 [DEBUG] cnn_neat: Split edge 2→1, new hidden node 3 (pool=2)
2026-08-14 22:23:21,840 [DEBUG] cnn_neat: Split edge 0→2, new hidden node 4 (pool=3)
2026-08-14 22:23:21,842 [DEBUG] cnn_neat: Removed edge 2→3 (from 5 candidates)
2026-08-14 22:23:21,844 [DEBUG] cnn_neat: Removed 3 edges (requested 3)
2026-08-14 22:23:21,846 [DEBUG] cnn_neat: Split edge 0→3, new hidden node 4 (pool=2)
2026-08-14 22:23:21,847 [DEBUG] cnn_neat: Crossover union: A_edges=5 B_added=6 dup_skipped=0 child_edges=11 nodes=8
2026-08-14 22:23:21,850 [DEBUG] cnn_neat: Added edge 0→1 (from 1 candidates)
2026-08-14 22:23:21,855 [DEBUG] cnn_neat: Split edge 0→1, new hidden node 4 (pool=1)
2026-08-14 22:23:21,858 [DEBUG] cnn_neat: Split edge 0→2, new hidden node 6 (pool=6)
2026-08-14 22:23:21,860 [DEBUG] cnn_neat: Added edge 3→5 (from 8 candidates)
2026-08-14 22:23:21,862 [DEBUG] cnn_neat: Removed hidden node 3 (pool=2)
2026-08-14 22:23:21,864 [DEBUG] cnn_neat: Split edge 0→2, new hidden node 6 (pool=4)
2026-08-14 22:23:21,865 [DEBUG] cnn_neat: Removed edge 3→4 (from 4 candidates)
2026-08-14 22:23:21,867 [DEBUG] cnn_neat: Split edge 0→2, new hidden node 6 (pool=5)
2026-08-14 22:23:21,870 [DEBUG] cnn_neat: Removed 3 edges (requested 3)
2026-08-14 22:23:21,871 [DEBUG] cnn_neat: Split edge 5→1, new hidden node 6 (pool=3)
2026-08-14 22:23:21,873 [DEBUG] cnn_neat: Crossover union: A_edges=6 B_added=5 dup_skipped=0 child_edges=11 nodes=9
2026-08-14 22:23:21,876 [DEBUG] cnn_neat: Added edge 2→1 (from 8 candidates)
2026-08-14 22:23:21,878 [DEBUG] cnn_neat: Added edge 3→2 (from 7 candidates)
2026-08-14 22:23:21,879 [DEBUG] cnn_neat: Added edge 0→5 (from 6 candidates)
2026-08-14 22:23:21,882 [DEBUG] cnn_neat: Added edge 3→5 (from 5 candidates)
2026-08-14 22:23:21,884 [DEBUG] cnn_neat: Added edge 4→5 (from 4 candidates)
2026-08-14 22:23:21,888 [DEBUG] cnn_neat: Added edge 0→5 (from 9 candidates)
2026-08-14 22:23:21,891 [DEBUG] cnn_neat: Added edge 2→3 (from 9 candidates)
2026-08-14 22:23:21,895 [DEBUG] cnn_neat: Added edge 0→3 (from 9 candidates)
2026-08-14 22:23:21,898 [DEBUG] cnn_neat: Added edge 0→3 (from 9 candidates)
2026-08-14 22:23:21,901 [DEBUG] cnn_neat: Removed hidden node 6 (pool=2)
2026-08-14 22:23:21,905 [DEBUG] cnn_neat: Added edge 6→5 (from 9 candidates)
2026-08-14 22:23:21,908 [DEBUG] cnn_neat: Crossover rejected: union topology invalid (edges=11 nodes=10)
2026-08-14 22:23:21,910 [DEBUG] cnn_neat: Added edge 3→4 (from 9 candidates)
2026-08-14 22:23:21,913 [DEBUG] cnn_neat: Added edge 2→5 (from 9 candidates)
2026-08-14 22:23:21,915 [DEBUG] cnn_neat: Added edge 0→3 (from 11 candidates)
2026-08-14 22:23:21,917 [DEBUG] cnn_neat: Added edge 2→3 (from 10 candidates)
2026-08-14 22:23:21,920 [DEBUG] cnn_neat: Added edge 0→5 (from 9 candidates)
2026-08-14 22:23:21,922 [DEBUG] cnn_neat: Added edge 6→1 (from 10 candidates)
2026-08-14 22:23:21,924 [DEBUG] cnn_neat: Split edge 2→4, new hidden node 6 (pool=5)
2026-08-14 22:23:21,926 [DEBUG] cnn_neat: Added edge 2→3 (from 6 candidates)
2026-08-14 22:23:21,928 [DEBUG] cnn_neat: Split edge 0→2, new hidden node 6 (pool=5)
2026-08-14 22:23:21,931 [DEBUG] cnn_neat: Split edge 5→3, new hidden node 6 (pool=5)
2026-08-14 22:23:21,933 [DEBUG] cnn_neat: Added edge 5→3 (from 9 candidates)
2026-08-14 22:23:21,935 [DEBUG] cnn_neat: Split edge 0→2, new hidden node 6 (pool=5)
2026-08-14 22:23:21,938 [DEBUG] cnn_neat: Added edge 2→3 (from 9 candidates)
2026-08-14 22:23:21,940 [DEBUG] cnn_neat: Crossover union: A_edges=5 B_added=5 dup_skipped=0 child_edges=10 nodes=10
2026-08-14 22:23:21,942 [DEBUG] cnn_neat: Added edge 0→5 (from 6 candidates)
2026-08-14 22:23:21,943 [DEBUG] cnn_neat: Added edge 4→3 (from 8 candidates)
2026-08-14 22:23:21,945 [DEBUG] cnn_neat: Added edge 2→1 (from 7 candidates)
2026-08-14 22:23:21,947 [DEBUG] cnn_neat: Added edge 0→4 (from 6 candidates)
2026-08-14 22:23:21,950 [DEBUG] cnn_neat: Added edge 2→3 (from 5 candidates)
2026-08-14 22:23:21,954 [DEBUG] cnn_neat: Added edge 4→6 (from 9 candidates)
2026-08-14 22:23:21,956 [DEBUG] cnn_neat: Added edge 2→5 (from 9 candidates)
2026-08-14 22:23:21,960 [DEBUG] cnn_neat: Added edge 4→3 (from 9 candidates)
2026-08-14 22:23:21,963 [DEBUG] cnn_neat: Added edge 2→6 (from 9 candidates)
2026-08-14 22:23:21,967 [DEBUG] cnn_neat: Added edge 5→3 (from 9 candidates)
2026-08-14 22:23:21,971 [DEBUG] cnn_neat: Removed hidden node 6 (pool=1)
2026-08-14 22:23:21,973 [DEBUG] cnn_neat: Split edge 2→4, new hidden node 6 (pool=5)
2026-08-14 22:23:21,977 [DEBUG] cnn_neat: Added edge 6→5 (from 9 candidates)
2026-08-14 22:23:21,979 [DEBUG] cnn_neat: Crossover union: A_edges=6 B_added=5 dup_skipped=0 child_edges=11 nodes=11
2026-08-14 22:23:21,982 [DEBUG] cnn_neat: Added edge 0→4 (from 9 candidates)
2026-08-14 22:23:21,984 [DEBUG] cnn_neat: Added edge 0→6 (from 9 candidates)
2026-08-14 22:23:21,986 [DEBUG] cnn_neat: Added edge 5→3 (from 12 candidates)
2026-08-14 22:23:21,988 [DEBUG] cnn_neat: Added edge 0→3 (from 11 candidates)
2026-08-14 22:23:21,991 [DEBUG] cnn_neat: Added edge 4→6 (from 9 candidates)
2026-08-14 22:23:21,992 [DEBUG] cnn_neat: Split edge 5→2, new hidden node 6 (pool=4)
2026-08-14 22:23:21,994 [DEBUG] cnn_neat: Added edge 4→2 (from 7 candidates)
2026-08-14 22:23:21,997 [DEBUG] cnn_neat: Removed hidden node 3 (pool=1)
2026-08-14 22:23:21,999 [DEBUG] cnn_neat: Split edge 4→5, new hidden node 6 (pool=4)
2026-08-14 22:23:22,001 [DEBUG] cnn_neat: Added edge 6→2 (from 6 candidates)
2026-08-14 22:23:22,002 [DEBUG] cnn_neat: Removed edge 2→3 (from 1 candidates)
2026-08-14 22:23:22,003 [DEBUG] cnn_neat: Split edge 0→4, new hidden node 6 (pool=4)
2026-08-14 22:23:22,005 [DEBUG] cnn_neat: Removed 1 edges (requested 3)
2026-08-14 22:23:22,006 [DEBUG] cnn_neat: Split edge 4→5, new hidden node 6 (pool=4)
2026-08-14 22:23:22,007 [DEBUG] cnn_neat: Added edge 4→2 (from 6 candidates)
2026-08-14 22:23:22,009 [DEBUG] cnn_neat: Crossover rejected: union topology invalid (edges=11 nodes=9)
2026-08-14 22:23:22,011 [DEBUG] cnn_neat: Split edge 0→4, new hidden node 6 (pool=4)
2026-08-14 22:23:22,013 [DEBUG] cnn_neat: Added edge 4→2 (from 7 candidates)
2026-08-14 22:23:22,014 [DEBUG] cnn_neat: Added edge 0→3 (from 7 candidates)
2026-08-14 22:23:22,015 [DEBUG] cnn_neat: Added edge 4→3 (from 7 candidates)
2026-08-14 22:23:22,018 [DEBUG] cnn_neat: Added edge 3→1 (from 6 candidates)
2026-08-14 22:23:22,020 [DEBUG] cnn_neat: Added edge 5→1 (from 5 candidates)
2026-08-14 22:23:22,022 [DEBUG] cnn_neat: Split edge 0→3, new hidden node 5 (pool=5)
2026-08-14 22:23:22,024 [DEBUG] cnn_neat: Added edge 0→4 (from 5 candidates)
2026-08-14 22:23:22,026 [DEBUG] cnn_neat: Removed hidden node 4 (pool=2)
2026-08-14 22:23:22,027 [DEBUG] cnn_neat: Split edge 0→3, new hidden node 4 (pool=3)
2026-08-14 22:23:22,029 [DEBUG] cnn_neat: Added edge 4→2 (from 4 candidates)
2026-08-14 22:23:22,030 [DEBUG] cnn_neat: Removed edge 4→1 (from 4 candidates)
2026-08-14 22:23:22,032 [DEBUG] cnn_neat: Removed 2 edges (requested 3)
2026-08-14 22:23:22,034 [DEBUG] cnn_neat: Split edge 3→4, new hidden node 5 (pool=3)
2026-08-14 22:23:22,035 [DEBUG] cnn_neat: Added edge 5→1 (from 4 candidates)
2026-08-14 22:23:22,038 [DEBUG] cnn_neat: Crossover rejected: union topology invalid (edges=11 nodes=10)
2026-08-14 22:23:22,040 [DEBUG] cnn_neat: Split edge 0→3, new hidden node 5 (pool=5)
2026-08-14 22:23:22,041 [DEBUG] cnn_neat: Added edge 5→4 (from 6 candidates)
2026-08-14 22:23:22,043 [DEBUG] cnn_neat: Added edge 3→1 (from 5 candidates)
2026-08-14 22:23:22,045 [DEBUG] cnn_neat: Added edge 2→4 (from 4 candidates)
2026-08-14 22:23:22,047 [DEBUG] cnn_neat: Added edge 0→2 (from 2 candidates)
2026-08-14 22:23:22,049 [DEBUG] cnn_neat: Added edge 0→4 (from 1 candidates)
2026-08-14 22:23:22,051 [DEBUG] cnn_neat: Added edge 0→1 (from 1 candidates)
2026-08-14 22:23:22,052 [DEBUG] cnn_neat: Split edge 0→1, new hidden node 5 (pool=1)
2026-08-14 22:23:22,055 [DEBUG] cnn_neat: Split edge 0→1, new hidden node 5 (pool=1)
2026-08-14 22:23:22,056 [DEBUG] cnn_neat: Added edge 0→1 (from 3 candidates)
2026-08-14 22:23:22,057 [DEBUG] cnn_neat: Removed hidden node 4 (pool=1)
2026-08-14 22:23:22,058 [DEBUG] cnn_neat: Split edge 0→1, new hidden node 2 (pool=1)
2026-08-14 22:23:22,059 [DEBUG] cnn_neat: Added edge 0→1 (from 1 candidates)
2026-08-14 22:23:22,061 [DEBUG] cnn_neat: Removed hidden node 2 (pool=1)
2026-08-14 22:23:22,062 [DEBUG] cnn_neat: Split edge 0→1, new hidden node 2 (pool=1)
2026-08-14 22:23:22,063 [DEBUG] cnn_neat: Split edge 0→2, new hidden node 3 (pool=2)
2026-08-14 22:23:22,064 [DEBUG] cnn_neat: Added edge 0→1 (from 1 candidates)
2026-08-14 22:23:22,065 [DEBUG] cnn_neat: Weight mutation: 1 conv modules updated (direct tensor perturbation)
2026-08-14 22:23:22,066 [DEBUG] cnn_neat: Removed edge 0→4 (from 3 candidates)
2026-08-14 22:23:22,067 [DEBUG] cnn_neat: Removed 2 edges (requested 3)
2026-08-14 22:23:22,068 [DEBUG] cnn_neat: Split edge 0→1, new hidden node 2 (pool=1)
2026-08-14 22:23:22,070 [DEBUG] cnn_neat: Added edge 0→1 (from 1 candidates)
2026-08-14 22:23:22,072 [DEBUG] cnn_neat: Removed hidden node 2 (pool=1)
2026-08-14 22:23:22,073 [DEBUG] cnn_neat: Split edge 0→1, new hidden node 2 (pool=1)
2026-08-14 22:23:22,074 [DEBUG] cnn_neat: Split edge 2→1, new hidden node 3 (pool=2)
2026-08-14 22:23:22,075 [DEBUG] cnn_neat: Added edge 0→1 (from 1 candidates)
2026-08-14 22:23:22,075 [DEBUG] cnn_neat: Weight mutation: 1 conv modules updated (direct tensor perturbation)
2026-08-14 22:23:22,077 [DEBUG] cnn_neat: Crossover rejected: union topology invalid (edges=9 nodes=8)
2026-08-14 22:23:22,079 [DEBUG] cnn_neat: Split edge 0→1, new hidden node 5 (pool=1)
2026-08-14 22:23:22,080 [DEBUG] cnn_neat: Added edge 5→4 (from 3 candidates)
2026-08-14 22:23:22,084 [DEBUG] cnn_neat: Split edge 0→1, new hidden node 5 (pool=1)
2026-08-14 22:23:22,086 [DEBUG] cnn_neat: Added edge 4→5 (from 3 candidates)
2026-08-14 22:23:22,088 [DEBUG] cnn_neat: Split edge 0→2, new hidden node 6 (pool=2)
2026-08-14 22:23:22,090 [DEBUG] cnn_neat: Added edge 2→5 (from 6 candidates)
2026-08-14 22:23:22,093 [DEBUG] cnn_neat: Removed hidden node 2 (pool=4)
2026-08-14 22:23:22,095 [DEBUG] cnn_neat: Removed edge 4→3 (from 7 candidates)
2026-08-14 22:23:22,099 [DEBUG] cnn_neat: Removed 3 edges (requested 3)
2026-08-14 22:23:22,102 [DEBUG] cnn_neat: Crossover rejected: copied edge has no live Conv2d
2026-08-14 22:23:22,104 [DEBUG] cnn_neat: Split edge 0→2, new hidden node 6 (pool=2)
2026-08-14 22:23:22,106 [DEBUG] cnn_neat: Added edge 0→4 (from 8 candidates)
2026-08-14 22:23:22,108 [DEBUG] cnn_neat: Added edge 0→5 (from 6 candidates)
2026-08-14 22:23:22,112 [DEBUG] cnn_neat: Added edge 2→3 (from 5 candidates)
2026-08-14 22:23:22,114 [DEBUG] cnn_neat: Added edge 4→5 (from 4 candidates)
2026-08-14 22:23:22,117 [DEBUG] cnn_neat: Added edge 0→4 (from 3 candidates)
2026-08-14 22:23:22,119 [DEBUG] cnn_neat: Added edge 2→5 (from 3 candidates)
2026-08-14 22:23:22,120 [DEBUG] cnn_neat: Split edge 4→3, new hidden node 6 (pool=4)
2026-08-14 22:23:22,173 [DEBUG] cnn_neat: Split edge 3→1, new hidden node 5 (pool=2)
2026-08-14 22:23:22,195 [DEBUG] cnn_neat: Added edge 4→3 (from 3 candidates)
2026-08-14 22:23:22,199 [DEBUG] cnn_neat: Removed hidden node 3 (pool=3)
2026-08-14 22:23:22,201 [DEBUG] cnn_neat: Removed edge 2→1 (from 6 candidates)
2026-08-14 22:23:22,206 [DEBUG] cnn_neat: Removed 3 edges (requested 3)
2026-08-14 22:23:22,210 [DEBUG] cnn_neat: Split edge 3→1, new hidden node 5 (pool=2)
2026-08-14 22:23:22,214 [DEBUG] cnn_neat: Added edge 4→3 (from 4 candidates)
2026-08-14 22:23:22,219 [DEBUG] cnn_neat: Split edge 4→2, new hidden node 6 (pool=6)
2026-08-14 22:23:22,225 [DEBUG] cnn_neat: Removed hidden node 4 (pool=2)
2026-08-14 22:23:22,229 [DEBUG] cnn_neat: Added edge 2→1 (from 8 candidates)
2026-08-14 22:23:22,234 [DEBUG] cnn_neat: Split edge 3→1, new hidden node 5 (pool=3)
2026-08-14 22:23:22,240 [DEBUG] cnn_neat: Split edge 4→1, new hidden node 5 (pool=3)
2026-08-14 22:23:22,244 [DEBUG] cnn_neat: Added edge 3→1 (from 2 candidates)
2026-08-14 22:23:24,180 [DEBUG] cnn_neat: Split edge 0→1, new hidden node 2 (pool=1)
2026-08-14 22:23:24,184 [DEBUG] cnn_neat: Split edge 0→2, new hidden node 3 (pool=2)
2026-08-14 22:23:24,186 [DEBUG] cnn_neat: Split edge 2→1, new hidden node 3 (pool=2)
2026-08-14 22:23:24,188 [DEBUG] cnn_neat: Added edge 0→1 (from 1 candidates)
2026-08-14 22:23:24,191 [DEBUG] cnn_neat: Added edge 3→1 (from 2 candidates)
2026-08-14 22:23:24,192 [DEBUG] cnn_neat: Added edge 2→1 (from 2 candidates)
2026-08-14 22:23:24,193 [DEBUG] cnn_neat: Removed 2 edges (requested 3)
2026-08-14 22:23:24,195 [DEBUG] cnn_neat: Split edge 0→1, new hidden node 2 (pool=1)
2026-08-14 22:23:24,196 [DEBUG] cnn_neat: Removed edge 3→1 (from 3 candidates)
2026-08-14 22:23:24,198 [DEBUG] cnn_neat: Removed hidden node 3 (pool=1)
2026-08-14 22:23:24,199 [DEBUG] cnn_neat: Split edge 0→1, new hidden node 2 (pool=1)
2026-08-14 22:23:24,201 [DEBUG] cnn_neat: Removed hidden node 2 (pool=1)
2026-08-14 22:23:24,202 [DEBUG] cnn_neat: Removed 1 edges (requested 3)
2026-08-14 22:23:24,203 [DEBUG] cnn_neat: Removed 1 edges (requested 3)
2026-08-14 22:23:24,205 [DEBUG] cnn_neat: Split edge 0→2, new hidden node 4 (pool=2)
2026-08-14 22:23:24,207 [DEBUG] cnn_neat: Added edge 0→3 (from 2 candidates)
2026-08-14 22:23:24,209 [DEBUG] cnn_neat: Removed edge 2→3 (from 1 candidates)
2026-08-14 22:23:24,210 [DEBUG] cnn_neat: Added edge 4→1 (from 2 candidates)
2026-08-14 22:23:24,211 [DEBUG] cnn_neat: Removed edge 3→1 (from 3 candidates)
2026-08-14 22:23:24,212 [DEBUG] cnn_neat: Added edge 0→3 (from 2 candidates)
2026-08-14 22:23:24,215 [DEBUG] cnn_neat: Split edge 3→1, new hidden node 4 (pool=3)
2026-08-14 22:23:24,217 [DEBUG] cnn_neat: Removed 1 edges (requested 3)
2026-08-14 22:23:24,218 [DEBUG] cnn_neat: Split edge 0→2, new hidden node 3 (pool=2)
2026-08-14 22:23:24,220 [DEBUG] cnn_neat: Split edge 3→1, new hidden node 4 (pool=4)
2026-08-14 22:23:24,221 [DEBUG] cnn_neat: Added edge 0→3 (from 2 candidates)
2026-08-14 22:23:24,222 [DEBUG] cnn_neat: Added edge 2→1 (from 2 candidates)
2026-08-14 22:23:24,224 [DEBUG] cnn_neat: Split edge 2→3, new hidden node 4 (pool=3)
2026-08-14 22:23:24,225 [DEBUG] cnn_neat: Added edge 0→1 (from 1 candidates)
2026-08-14 22:23:24,226 [DEBUG] cnn_neat: Removed edge 2→1 (from 3 candidates)
2026-08-14 22:23:24,229 [DEBUG] cnn_neat: Removed 1 edges (requested 3)
2026-08-14 22:23:24,230 [DEBUG] cnn_neat: Split edge 0→2, new hidden node 3 (pool=2)
2026-08-14 22:23:24,232 [DEBUG] cnn_neat: Split edge 3→1, new hidden node 4 (pool=2)
2026-08-14 22:23:24,234 [DEBUG] cnn_neat: Split edge 4→1, new hidden node 5 (pool=2)
2026-08-14 22:23:24,235 [DEBUG] cnn_neat: Removed 2 edges (requested 3)
2026-08-14 22:23:24,237 [DEBUG] cnn_neat: Removed edge 2→3 (from 1 candidates)
2026-08-14 22:23:24,238 [DEBUG] cnn_neat: Split edge 3→2, new hidden node 4 (pool=3)
2026-08-14 22:23:24,240 [DEBUG] cnn_neat: Added edge 3→1 (from 2 candidates)
2026-08-14 22:23:24,242 [DEBUG] cnn_neat: Removed 2 edges (requested 3)
2026-08-14 22:23:24,243 [DEBUG] cnn_neat: Added edge 2→1 (from 2 candidates)
2026-08-14 22:23:24,245 [DEBUG] cnn_neat: Removed hidden node 3 (pool=1)
2026-08-14 22:23:24,249 [DEBUG] cnn_neat: Removed hidden node 2 (pool=1)
2026-08-14 22:23:24,250 [DEBUG] cnn_neat: Split edge 0→2, new hidden node 3 (pool=2)
2026-08-14 22:23:24,252 [DEBUG] cnn_neat: Split edge 3→1, new hidden node 5 (pool=4)
2026-08-14 22:23:24,253 [DEBUG] cnn_neat: Removed 1 edges (requested 3)
2026-08-14 22:23:24,255 [DEBUG] cnn_neat: Removed 1 edges (requested 3)
2026-08-14 22:23:24,257 [DEBUG] cnn_neat: Removed edge 2→1 (from 3 candidates)
2026-08-14 22:23:24,259 [DEBUG] cnn_neat: Added edge 2→1 (from 2 candidates)
2026-08-14 22:23:24,261 [DEBUG] cnn_neat: Added edge 0→3 (from 4 candidates)
2026-08-14 22:23:24,264 [DEBUG] cnn_neat: Removed edge 0→3 (from 5 candidates)
2026-08-14 22:23:24,264 [DEBUG] cnn_neat: Split edge 0→1, new hidden node 2 (pool=1)
2026-08-14 22:23:24,266 [DEBUG] cnn_neat: Removed hidden node 3 (pool=1)
2026-08-14 22:23:24,268 [DEBUG] cnn_neat: Removed hidden node 2 (pool=1)
2026-08-14 22:23:24,269 [DEBUG] cnn_neat: Split edge 2→3, new hidden node 4 (pool=5)
2026-08-14 22:23:24,271 [DEBUG] cnn_neat: Added edge 3→1 (from 2 candidates)
2026-08-14 22:23:24,273 [DEBUG] cnn_neat: Split edge 2→1, new hidden node 5 (pool=4)
2026-08-14 22:23:24,275 [DEBUG] cnn_neat: Removed edge 3→1 (from 3 candidates)
2026-08-14 22:23:24,276 [DEBUG] cnn_neat: Added edge 3→2 (from 4 candidates)
2026-08-14 22:23:24,278 [DEBUG] cnn_neat: Split edge 4→2, new hidden node 5 (pool=5)
2026-08-14 22:23:24,279 [DEBUG] cnn_neat: Removed edge 5→1 (from 4 candidates)
2026-08-14 22:23:24,280 [DEBUG] cnn_neat: Removed 2 edges (requested 3)
2026-08-14 22:23:24,282 [DEBUG] cnn_neat: Removed 2 edges (requested 3)
2026-08-14 22:23:24,283 [DEBUG] cnn_neat: Split edge 0→4, new hidden node 5 (pool=3)
2026-08-14 22:23:24,284 [DEBUG] cnn_neat: Removed edge 0→2 (from 3 candidates)
2026-08-14 22:23:24,285 [DEBUG] cnn_neat: Removed edge 4→2 (from 3 candidates)
2026-08-14 22:23:24,287 [DEBUG] cnn_neat: Split edge 4→2, new hidden node 5 (pool=3)
2026-08-14 22:23:24,289 [DEBUG] cnn_neat: Added edge 3→2 (from 6 candidates)
2026-08-14 22:23:24,290 [DEBUG] cnn_neat: Removed 1 edges (requested 3)
2026-08-14 22:23:24,291 [DEBUG] cnn_neat: Removed 2 edges (requested 3)
2026-08-14 22:23:24,292 [DEBUG] cnn_neat: Removed edge 2→1 (from 1 candidates)
2026-08-14 22:23:24,293 [DEBUG] cnn_neat: Removed edge 3→4 (from 3 candidates)
2026-08-14 22:23:24,297 [DEBUG] cnn_neat: Removed hidden node 2 (pool=1)
2026-08-14 22:23:24,299 [DEBUG] cnn_neat: Removed 2 edges (requested 3)
2026-08-14 22:23:24,301 [DEBUG] cnn_neat: Added edge 2→1 (from 2 candidates)
2026-08-14 22:23:24,303 [DEBUG] cnn_neat: Split edge 4→5, new hidden node 6 (pool=4)
2026-08-14 22:23:24,305 [DEBUG] cnn_neat: Removed 1 edges (requested 3)
2026-08-14 22:23:24,307 [DEBUG] cnn_neat: Added edge 2→1 (from 2 candidates)
2026-08-14 22:23:24,309 [DEBUG] cnn_neat: Split edge 4→2, new hidden node 6 (pool=4)
2026-08-14 22:23:24,310 [DEBUG] cnn_neat: Added edge 0→2 (from 6 candidates)
2026-08-14 22:23:24,312 [DEBUG] cnn_neat: Added edge 4→1 (from 5 candidates)
2026-08-14 22:23:24,315 [DEBUG] cnn_neat: Removed hidden node 3 (pool=1)
2026-08-14 22:23:24,316 [DEBUG] cnn_neat: Split edge 3→2, new hidden node 5 (pool=5)
2026-08-14 22:23:24,318 [DEBUG] cnn_neat: Split edge 4→2, new hidden node 6 (pool=4)
2026-08-14 22:23:24,319 [DEBUG] cnn_neat: Added edge 3→1 (from 4 candidates)
2026-08-14 22:23:24,320 [DEBUG] cnn_neat: Added edge 4→2 (from 4 candidates)
2026-08-14 22:23:24,322 [DEBUG] cnn_neat: Removed 2 edges (requested 3)
2026-08-14 22:23:24,323 [DEBUG] cnn_neat: Removed 1 edges (requested 3)
2026-08-14 22:23:24,324 [DEBUG] cnn_neat: Removed edge 2→1 (from 1 candidates)
2026-08-14 22:23:24,325 [DEBUG] cnn_neat: Split edge 4→1, new hidden node 5 (pool=2)
2026-08-14 22:23:24,327 [DEBUG] cnn_neat: Removed 1 edges (requested 3)
2026-08-14 22:23:24,328 [DEBUG] cnn_neat: Split edge 2→1, new hidden node 5 (pool=3)
2026-08-14 22:23:24,331 [DEBUG] cnn_neat: Removed hidden node 2 (pool=3)
2026-08-14 22:23:24,333 [DEBUG] cnn_neat: Added edge 4→1 (from 3 candidates)
2026-08-14 22:23:24,334 [DEBUG] cnn_neat: Removed 1 edges (requested 3)
2026-08-14 22:23:24,336 [DEBUG] cnn_neat: Split edge 4→1, new hidden node 5 (pool=5)
2026-08-14 22:23:24,338 [DEBUG] cnn_neat: Split edge 3→4, new hidden node 5 (pool=4)
2026-08-14 22:23:24,340 [DEBUG] cnn_neat: Removed hidden node 2 (pool=2)
2026-08-14 22:23:24,343 [DEBUG] cnn_neat: Removed hidden node 5 (pool=2)
2026-08-14 22:23:24,344 [DEBUG] cnn_neat: Split edge 4→1, new hidden node 5 (pool=2)
2026-08-14 22:23:24,345 [DEBUG] cnn_neat: Added edge 0→1 (from 1 candidates)
2026-08-14 22:23:24,347 [DEBUG] cnn_neat: Removed edge 2→3 (from 2 candidates)
2026-08-14 22:23:24,349 [DEBUG] cnn_neat: Removed 2 edges (requested 3)
2026-08-14 22:23:24,351 [DEBUG] cnn_neat: Removed hidden node 2 (pool=1)
2026-08-14 22:23:24,353 [DEBUG] cnn_neat: Split edge 3→4, new hidden node 5 (pool=4)
2026-08-14 22:23:24,355 [DEBUG] cnn_neat: Added edge 0→5 (from 4 candidates)
2026-08-14 22:23:24,358 [DEBUG] cnn_neat: Added edge 0→3 (from 1 candidates)
2026-08-14 22:23:24,360 [DEBUG] cnn_neat: Split edge 4→3, new hidden node 5 (pool=4)
2026-08-14 22:23:24,362 [DEBUG] cnn_neat: Split edge 2→1, new hidden node 6 (pool=5)
2026-08-14 22:23:24,364 [DEBUG] cnn_neat: Split edge 3→2, new hidden node 5 (pool=5)
2026-08-14 22:23:24,365 [DEBUG] cnn_neat: Added edge 3→1 (from 4 candidates)
2026-08-14 22:23:24,367 [DEBUG] cnn_neat: Removed 1 edges (requested 3)
2026-08-14 22:23:24,370 [DEBUG] cnn_neat: Removed 2 edges (requested 3)
2026-08-14 22:23:24,372 [DEBUG] cnn_neat: Added edge 0→3 (from 1 candidates)
2026-08-14 22:23:24,373 [DEBUG] cnn_neat: Split edge 0→2, new hidden node 4 (pool=4)
2026-08-14 22:23:24,375 [DEBUG] cnn_neat: Split edge 5→1, new hidden node 6 (pool=5)
2026-08-14 22:23:24,376 [DEBUG] cnn_neat: Added edge 4→1 (from 4 candidates)
2026-08-14 22:23:24,379 [DEBUG] cnn_neat: Removed 3 edges (requested 3)
2026-08-14 22:23:24,380 [DEBUG] cnn_neat: Removed edge 3→4 (from 4 candidates)
2026-08-14 22:23:24,382 [DEBUG] cnn_neat: Removed edge 4→1 (from 1 candidates)
2026-08-14 22:23:24,384 [DEBUG] cnn_neat: Removed hidden node 3 (pool=1)
2026-08-14 22:23:24,386 [DEBUG] cnn_neat: Split edge 2→3, new hidden node 4 (pool=3)
2026-08-14 22:23:24,387 [DEBUG] cnn_neat: Removed 1 edges (requested 3)
2026-08-14 22:23:24,390 [DEBUG] cnn_neat: Split edge 0→5, new hidden node 6 (pool=3)
2026-08-14 22:23:24,391 [DEBUG] cnn_neat: Added edge 2→1 (from 2 candidates)
2026-08-14 22:23:24,394 [DEBUG] cnn_neat: Removed hidden node 4 (pool=1)
2026-08-14 22:23:24,396 [DEBUG] cnn_neat: Removed 3 edges (requested 3)
2026-08-14 22:23:24,398 [DEBUG] cnn_neat: Split edge 4→2, new hidden node 6 (pool=4)
2026-08-14 22:23:24,400 [DEBUG] cnn_neat: Split edge 0→2, new hidden node 6 (pool=6)
2026-08-14 22:23:24,402 [DEBUG] cnn_neat: Removed hidden node 3 (pool=1)
2026-08-14 22:23:24,403 [DEBUG] cnn_neat: Removed edge 2→1 (from 1 candidates)
2026-08-14 22:23:24,405 [DEBUG] cnn_neat: Added edge 3→1 (from 4 candidates)
2026-08-14 22:23:24,406 [DEBUG] cnn_neat: Added edge 0→2 (from 2 candidates)
2026-08-14 22:23:24,407 [DEBUG] cnn_neat: Added edge 3→1 (from 4 candidates)
2026-08-14 22:23:24,409 [DEBUG] cnn_neat: Removed 1 edges (requested 3)
2026-08-14 22:23:24,412 [DEBUG] cnn_neat: Added edge 0→4 (from 5 candidates)
2026-08-14 22:23:24,415 [DEBUG] cnn_neat: Removed hidden node 2 (pool=1)
2026-08-14 22:23:24,416 [DEBUG] cnn_neat: Added edge 0→4 (from 3 candidates)
2026-08-14 22:23:24,419 [DEBUG] cnn_neat: Removed hidden node 2 (pool=2)
2026-08-14 22:23:24,421 [DEBUG] cnn_neat: Added edge 0→4 (from 4 candidates)
2026-08-14 22:23:24,423 [DEBUG] cnn_neat: Removed edge 2→1 (from 4 candidates)
2026-08-14 22:23:24,425 [DEBUG] cnn_neat: Removed edge 2→1 (from 3 candidates)
2026-08-14 22:23:24,426 [DEBUG] cnn_neat: Split edge 5→3, new hidden node 6 (pool=5)
2026-08-14 22:23:24,428 [DEBUG] cnn_neat: Split edge 3→1, new hidden node 5 (pool=3)
2026-08-14 22:23:24,430 [DEBUG] cnn_neat: Removed 2 edges (requested 3)
2026-08-14 22:23:24,432 [DEBUG] cnn_neat: Split edge 3→4, new hidden node 6 (pool=5)
2026-08-14 22:23:24,433 [DEBUG] cnn_neat: Split edge 3→1, new hidden node 4 (pool=3)
2026-08-14 22:23:24,435 [DEBUG] cnn_neat: Added edge 0→5 (from 1 candidates)
2026-08-14 22:23:24,437 [DEBUG] cnn_neat: Removed 1 edges (requested 3)
2026-08-14 22:23:24,439 [DEBUG] cnn_neat: Added edge 0→1 (from 2 candidates)
2026-08-14 22:23:24,441 [DEBUG] cnn_neat: Removed 3 edges (requested 3)
2026-08-14 22:23:24,443 [DEBUG] cnn_neat: Added edge 2→1 (from 7 candidates)
2026-08-14 22:23:24,444 [DEBUG] cnn_neat: Added edge 2→1 (from 2 candidates)
2026-08-14 22:23:24,447 [DEBUG] cnn_neat: Removed hidden node 5 (pool=1)
2026-08-14 22:23:24,448 [DEBUG] cnn_neat: Split edge 4→5, new hidden node 6 (pool=4)
2026-08-14 22:23:24,450 [DEBUG] cnn_neat: Removed 2 edges (requested 3)
2026-08-14 22:23:24,451 [DEBUG] cnn_neat: Added edge 2→4 (from 4 candidates)
2026-08-14 22:23:24,453 [DEBUG] cnn_neat: Split edge 4→3, new hidden node 5 (pool=4)
2026-08-14 22:23:24,454 [DEBUG] cnn_neat: Split edge 0→2, new hidden node 4 (pool=5)
2026-08-14 22:23:24,458 [DEBUG] cnn_neat: Removed 3 edges (requested 3)
2026-08-14 22:23:24,461 [DEBUG] cnn_neat: Split edge 3→4, new hidden node 6 (pool=6)
2026-08-14 22:23:24,462 [DEBUG] cnn_neat: Split edge 5→4, new hidden node 7 (pool=5)
2026-08-14 22:23:24,466 [DEBUG] cnn_neat: Removed hidden node 3 (pool=3)
2026-08-14 22:23:24,467 [DEBUG] cnn_neat: Split edge 3→1, new hidden node 5 (pool=4)
2026-08-14 22:23:24,472 [DEBUG] cnn_neat: Removed hidden node 2 (pool=3)
2026-08-14 22:23:24,474 [DEBUG] cnn_neat: Removed edge 5→1 (from 2 candidates)
2026-08-14 22:23:24,477 [DEBUG] cnn_neat: Removed 3 edges (requested 3)
2026-08-14 22:23:24,478 [DEBUG] cnn_neat: Removed 2 edges (requested 3)
2026-08-14 22:23:24,481 [DEBUG] cnn_neat: Removed hidden node 4 (pool=1)
2026-08-14 22:23:24,485 [DEBUG] cnn_neat: Removed hidden node 5 (pool=2)
2026-08-14 22:23:24,486 [DEBUG] cnn_neat: Split edge 2→4, new hidden node 6 (pool=5)
2026-08-14 22:23:24,488 [DEBUG] cnn_neat: Split edge 3→2, new hidden node 4 (pool=3)
2026-08-14 22:23:24,489 [DEBUG] cnn_neat: Split edge 4→2, new hidden node 5 (pool=5)
2026-08-14 22:23:24,492 [DEBUG] cnn_neat: Split edge 4→5, new hidden node 6 (pool=3)
2026-08-14 22:23:24,494 [DEBUG] cnn_neat: Removed 2 edges (requested 3)
2026-08-14 22:23:24,496 [DEBUG] cnn_neat: Split edge 3→4, new hidden node 7 (pool=7)
2026-08-14 22:23:24,499 [DEBUG] cnn_neat: Removed 3 edges (requested 3)
2026-08-14 22:23:24,502 [DEBUG] cnn_neat: Split edge 2→3, new hidden node 6 (pool=5)
2026-08-14 22:23:24,505 [DEBUG] cnn_neat: Removed 3 edges (requested 3)
2026-08-14 22:23:24,507 [DEBUG] cnn_neat: Split edge 4→1, new hidden node 5 (pool=2)
2026-08-14 22:23:24,510 [DEBUG] cnn_neat: Removed hidden node 2 (pool=1)
2026-08-14 22:23:24,512 [DEBUG] cnn_neat: Removed edge 4→1 (from 6 candidates)
2026-08-14 22:23:24,514 [DEBUG] cnn_neat: Added edge 2→4 (from 3 candidates)
2026-08-14 22:23:24,516 [DEBUG] cnn_neat: Removed 3 edges (requested 3)
2026-08-14 22:23:24,518 [DEBUG] cnn_neat: Split edge 0→2, new hidden node 6 (pool=4)
2026-08-14 22:23:24,520 [DEBUG] cnn_neat: Added edge 4→1 (from 3 candidates)
2026-08-14 22:23:24,523 [DEBUG] cnn_neat: Removed 3 edges (requested 3)
2026-08-14 22:23:24,524 [DEBUG] cnn_neat: Removed 2 edges (requested 3)
2026-08-14 22:23:24,527 [DEBUG] cnn_neat: Removed hidden node 3 (pool=3)
2026-08-14 22:23:24,528 [DEBUG] cnn_neat: Removed hidden node 2 (pool=1)
2026-08-14 22:23:24,530 [DEBUG] cnn_neat: Split edge 4→1, new hidden node 6 (pool=2)
2026-08-14 22:23:24,532 [DEBUG] cnn_neat: Split edge 3→1, new hidden node 5 (pool=3)
2026-08-14 22:23:24,535 [DEBUG] cnn_neat: Removed hidden node 2 (pool=2)
2026-08-14 22:23:24,537 [DEBUG] cnn_neat: Removed 2 edges (requested 3)
2026-08-14 22:23:24,538 [DEBUG] cnn_neat: Removed edge 4→1 (from 3 candidates)
2026-08-14 22:23:24,540 [DEBUG] cnn_neat: Added edge 5→3 (from 7 candidates)
2026-08-14 22:23:24,541 [DEBUG] cnn_neat: Removed edge 4→2 (from 1 candidates)
2026-08-14 22:23:24,544 [DEBUG] cnn_neat: Added edge 2→3 (from 3 candidates)
2026-08-14 22:23:24,546 [DEBUG] cnn_neat: Split edge 2→3, new hidden node 5 (pool=5)
2026-08-14 22:23:24,548 [DEBUG] cnn_neat: Removed hidden node 4 (pool=1)
2026-08-14 22:23:24,550 [DEBUG] cnn_neat: Removed 1 edges (requested 3)
2026-08-14 22:23:24,551 [DEBUG] cnn_neat: Removed edge 3→5 (from 4 candidates)
2026-08-14 22:23:24,554 [DEBUG] cnn_neat: Removed hidden node 6 (pool=2)
2026-08-14 22:23:24,555 [DEBUG] cnn_neat: Added edge 2→1 (from 2 candidates)
2026-08-14 22:23:24,557 [DEBUG] cnn_neat: Split edge 5→1, new hidden node 7 (pool=7)
2026-08-14 22:23:24,559 [DEBUG] cnn_neat: Removed 1 edges (requested 3)
2026-08-14 22:23:24,562 [DEBUG] cnn_neat: Removed hidden node 5 (pool=2)
2026-08-14 22:23:24,564 [DEBUG] cnn_neat: Split edge 2→1, new hidden node 5 (pool=4)
2026-08-14 22:23:24,565 [DEBUG] cnn_neat: Removed edge 3→2 (from 1 candidates)
2026-08-14 22:23:24,567 [DEBUG] cnn_neat: Removed hidden node 5 (pool=2)
2026-08-14 22:23:24,568 [DEBUG] cnn_neat: Removed edge 3→1 (from 3 candidates)
2026-08-14 22:23:24,569 [DEBUG] cnn_neat: Removed 1 edges (requested 3)
2026-08-14 22:23:24,571 [DEBUG] cnn_neat: Removed hidden node 3 (pool=1)
2026-08-14 22:23:24,572 [DEBUG] cnn_neat: Split edge 0→1, new hidden node 3 (pool=1)
2026-08-14 22:23:24,574 [DEBUG] cnn_neat: Split edge 3→2, new hidden node 6 (pool=5)
2026-08-14 22:23:24,576 [DEBUG] cnn_neat: Added edge 0→2 (from 2 candidates)
2026-08-14 22:23:24,577 [DEBUG] cnn_neat: Added edge 0→2 (from 4 candidates)
2026-08-14 22:23:24,578 [DEBUG] cnn_neat: Removed hidden node 4 (pool=1)
2026-08-14 22:23:24,579 [DEBUG] cnn_neat: Removed 2 edges (requested 3)
2026-08-14 22:23:24,581 [DEBUG] cnn_neat: Removed 2 edges (requested 3)
2026-08-14 22:23:24,582 [DEBUG] cnn_neat: Removed edge 2→1 (from 1 candidates)
2026-08-14 22:23:24,584 [DEBUG] cnn_neat: Removed 1 edges (requested 3)
2026-08-14 22:23:24,587 [DEBUG] cnn_neat: Removed hidden node 5 (pool=2)
2026-08-14 22:23:24,589 [DEBUG] cnn_neat: Removed edge 4→2 (from 6 candidates)
2026-08-14 22:23:24,591 [DEBUG] cnn_neat: Removed 1 edges (requested 3)
2026-08-14 22:23:24,592 [DEBUG] cnn_neat: Added edge 2→1 (from 6 candidates)
2026-08-14 22:23:24,593 [DEBUG] cnn_neat: Removed edge 2→3 (from 6 candidates)
2026-08-14 22:23:24,595 [DEBUG] cnn_neat: Split edge 3→1, new hidden node 5 (pool=2)
2026-08-14 22:23:24,597 [DEBUG] cnn_neat: Added edge 5→6 (from 10 candidates)
2026-08-14 22:23:24,600 [DEBUG] cnn_neat: Removed hidden node 2 (pool=1)
2026-08-14 22:23:24,603 [DEBUG] cnn_neat: Removed edge 0→3 (from 4 candidates)
2026-08-14 22:23:24,606 [DEBUG] cnn_neat: Removed 3 edges (requested 3)
2026-08-14 22:23:24,608 [DEBUG] cnn_neat: Added edge 6→4 (from 9 candidates)
2026-08-14 22:23:24,609 [DEBUG] cnn_neat: Added edge 2→5 (from 7 candidates)
2026-08-14 22:23:24,611 [DEBUG] cnn_neat: Removed edge 4→2 (from 6 candidates)
2026-08-14 22:23:24,613 [INFO] cnn_neat: CnnNeat started | run=run_0004 | population=128 | in=(32, 32) out=(1, 1)
2026-08-14 22:23:24,613 [INFO] cnn_neat: Compute: device=cuda | grid (32, 32)→(1, 1) | AMP=on (float16) | GPU=NVIDIA GeForce RTX 4060 Ti
