2026-08-14 22:23:43,636 [DEBUG] cnn_neat: Split edge 0→1, new hidden node 2 (pool=1)
2026-08-14 22:23:43,650 [DEBUG] cnn_neat: Split edge 0→2, new hidden node 3 (pool=2)
2026-08-14 22:23:43,653 [DEBUG] cnn_neat: Added edge 0→1 (from 1 candidates)
2026-08-14 22:23:43,664 [DEBUG] cnn_neat: Split edge 3→2, new hidden node 4 (pool=3)
2026-08-14 22:23:43,669 [DEBUG] cnn_neat: Added edge 3→1 (from 2 candidates)
2026-08-14 22:23:43,680 [DEBUG] cnn_neat: Split edge 0→2, new hidden node 4 (pool=3)
2026-08-14 22:23:43,683 [DEBUG] cnn_neat: Added edge 2→1 (from 2 candidates)
2026-08-14 22:23:43,694 [DEBUG] cnn_neat: Split edge 4→2, new hidden node 5 (pool=4)
2026-08-14 22:23:43,697 [DEBUG] cnn_neat: Added edge 0→2 (from 4 candidates)
2026-08-14 22:23:43,700 [DEBUG] cnn_neat: Split edge 3→1, new hidden node 6 (pool=5)
2026-08-14 22:23:43,704 [DEBUG] cnn_neat: Added edge 4→3 (from 6 candidates)
2026-08-14 22:23:43,707 [DEBUG] cnn_neat: Split edge 4→2, new hidden node 5 (pool=5)
2026-08-14 22:23:43,711 [DEBUG] cnn_neat: Split edge 0→1, new hidden node 3 (pool=1)
2026-08-14 22:23:43,715 [DEBUG] cnn_neat: Removed hidden node 2 (pool=1)
2026-08-14 22:23:43,717 [DEBUG] cnn_neat: Removed edge 0→2 (from 3 candidates)
2026-08-14 22:23:43,718 [DEBUG] cnn_neat: Removed 1 edges (requested 3)
2026-08-14 22:23:43,722 [DEBUG] cnn_neat: Split edge 3→1, new hidden node 4 (pool=2)
2026-08-14 22:23:43,724 [DEBUG] cnn_neat: Added edge 0→2 (from 1 candidates)
2026-08-14 22:23:43,728 [DEBUG] cnn_neat: Removed hidden node 2 (pool=1)
2026-08-14 22:23:43,731 [DEBUG] cnn_neat: Removed edge 2→1 (from 3 candidates)
2026-08-14 22:23:43,734 [DEBUG] cnn_neat: Removed 2 edges (requested 3)
2026-08-14 22:23:43,737 [DEBUG] cnn_neat: Split edge 3→1, new hidden node 4 (pool=5)
2026-08-14 22:23:43,740 [DEBUG] cnn_neat: Added edge 0→1 (from 1 candidates)
2026-08-14 22:23:43,743 [DEBUG] cnn_neat: Split edge 2→1, new hidden node 5 (pool=3)
2026-08-14 22:23:43,748 [DEBUG] cnn_neat: Removed hidden node 3 (pool=2)
2026-08-14 22:23:43,751 [DEBUG] cnn_neat: Added edge 3→1 (from 4 candidates)
2026-08-14 22:23:43,755 [DEBUG] cnn_neat: Split edge 0→1, new hidden node 4 (pool=1)
2026-08-14 22:23:43,760 [DEBUG] cnn_neat: Split edge 2→1, new hidden node 4 (pool=2)
2026-08-14 22:23:43,762 [DEBUG] cnn_neat: Added edge 0→3 (from 1 candidates)
2026-08-14 22:23:43,766 [DEBUG] cnn_neat: Removed hidden node 3 (pool=1)
2026-08-14 22:23:43,769 [DEBUG] cnn_neat: Removed edge 2→1 (from 3 candidates)
2026-08-14 22:23:43,772 [DEBUG] cnn_neat: Removed 2 edges (requested 3)
2026-08-14 22:23:43,775 [DEBUG] cnn_neat: Split edge 2→3, new hidden node 5 (pool=5)
2026-08-14 22:23:43,778 [DEBUG] cnn_neat: Added edge 0→4 (from 5 candidates)
2026-08-14 22:23:43,781 [DEBUG] cnn_neat: Split edge 0→2, new hidden node 6 (pool=3)
2026-08-14 22:23:43,786 [DEBUG] cnn_neat: Removed hidden node 3 (pool=2)
2026-08-14 22:23:43,790 [DEBUG] cnn_neat: Added edge 3→4 (from 8 candidates)
2026-08-14 22:23:43,794 [DEBUG] cnn_neat: Split edge 3→1, new hidden node 4 (pool=2)
2026-08-14 22:23:43,796 [DEBUG] cnn_neat: Added edge 0→1 (from 1 candidates)
2026-08-14 22:23:43,803 [DEBUG] cnn_neat: Split edge 2→1, new hidden node 4 (pool=2)
2026-08-14 22:23:43,805 [DEBUG] cnn_neat: Added edge 3→1 (from 2 candidates)
2026-08-14 22:23:43,808 [DEBUG] cnn_neat: Removed hidden node 3 (pool=1)
2026-08-14 22:23:43,810 [DEBUG] cnn_neat: Removed edge 2→3 (from 1 candidates)
2026-08-14 22:23:43,812 [DEBUG] cnn_neat: Removed 1 edges (requested 3)
2026-08-14 22:23:43,815 [DEBUG] cnn_neat: Split edge 0→2, new hidden node 5 (pool=4)
2026-08-14 22:23:43,817 [DEBUG] cnn_neat: Added edge 2→1 (from 6 candidates)
2026-08-14 22:23:43,820 [DEBUG] cnn_neat: Split edge 5→2, new hidden node 6 (pool=5)
2026-08-14 22:23:43,825 [DEBUG] cnn_neat: Removed hidden node 3 (pool=1)
2026-08-14 22:23:43,828 [DEBUG] cnn_neat: Added edge 4→3 (from 8 candidates)
2026-08-14 22:23:43,830 [DEBUG] cnn_neat: Split edge 2→1, new hidden node 5 (pool=2)
2026-08-14 22:23:43,835 [DEBUG] cnn_neat: Split edge 4→2, new hidden node 5 (pool=3)
2026-08-14 22:23:43,839 [DEBUG] cnn_neat: Added edge 3→1 (from 4 candidates)
2026-08-14 22:23:43,844 [DEBUG] cnn_neat: Removed hidden node 3 (pool=1)
2026-08-14 22:23:43,847 [DEBUG] cnn_neat: Removed edge 2→3 (from 1 candidates)
2026-08-14 22:23:43,850 [DEBUG] cnn_neat: Removed 1 edges (requested 3)
2026-08-14 22:23:43,853 [DEBUG] cnn_neat: Split edge 2→3, new hidden node 4 (pool=4)
2026-08-14 22:23:43,858 [DEBUG] cnn_neat: Added edge 0→1 (from 2 candidates)
2026-08-14 22:23:43,861 [DEBUG] cnn_neat: Removed hidden node 3 (pool=1)
2026-08-14 22:23:43,863 [DEBUG] cnn_neat: Removed edge 0→3 (from 2 candidates)
2026-08-14 22:23:43,867 [DEBUG] cnn_neat: Removed 2 edges (requested 3)
2026-08-14 22:23:43,870 [DEBUG] cnn_neat: Split edge 0→2, new hidden node 5 (pool=3)
2026-08-14 22:23:43,873 [DEBUG] cnn_neat: Split edge 0→1, new hidden node 4 (pool=1)
2026-08-14 22:23:43,875 [DEBUG] cnn_neat: Added edge 4→1 (from 4 candidates)
2026-08-14 22:23:43,878 [DEBUG] cnn_neat: Added edge 3→1 (from 1 candidates)
2026-08-14 22:23:43,900 [DEBUG] cnn_neat: Split edge 0→4, new hidden node 5 (pool=3)
2026-08-14 22:23:43,903 [DEBUG] cnn_neat: Added edge 4→1 (from 2 candidates)
2026-08-14 22:23:43,913 [DEBUG] cnn_neat: Split edge 4→1, new hidden node 5 (pool=2)
2026-08-14 22:23:43,917 [DEBUG] cnn_neat: Added edge 0→2 (from 1 candidates)
2026-08-14 22:23:43,922 [DEBUG] cnn_neat: Removed hidden node 2 (pool=1)
2026-08-14 22:23:43,924 [DEBUG] cnn_neat: Removed edge 2→1 (from 3 candidates)
2026-08-14 22:23:43,927 [DEBUG] cnn_neat: Removed 2 edges (requested 3)
2026-08-14 22:23:43,931 [DEBUG] cnn_neat: Split edge 0→2, new hidden node 5 (pool=5)
2026-08-14 22:23:43,935 [DEBUG] cnn_neat: Added edge 0→1 (from 1 candidates)
2026-08-14 22:23:43,939 [DEBUG] cnn_neat: Split edge 0→5, new hidden node 6 (pool=5)
2026-08-14 22:23:43,946 [DEBUG] cnn_neat: Removed hidden node 2 (pool=2)
2026-08-14 22:23:43,949 [DEBUG] cnn_neat: Added edge 5→4 (from 4 candidates)
2026-08-14 22:23:43,953 [DEBUG] cnn_neat: Split edge 0→1, new hidden node 5 (pool=1)
2026-08-14 22:23:43,961 [DEBUG] cnn_neat: Split edge 3→1, new hidden node 4 (pool=4)
2026-08-14 22:23:43,964 [DEBUG] cnn_neat: Added edge 2→1 (from 2 candidates)
2026-08-14 22:23:43,970 [DEBUG] cnn_neat: Removed hidden node 2 (pool=1)
2026-08-14 22:23:43,974 [DEBUG] cnn_neat: Removed edge 2→3 (from 3 candidates)
2026-08-14 22:23:43,978 [DEBUG] cnn_neat: Removed 1 edges (requested 3)
2026-08-14 22:23:43,981 [DEBUG] cnn_neat: Split edge 0→3, new hidden node 4 (pool=3)
2026-08-14 22:23:43,983 [DEBUG] cnn_neat: Added edge 0→1 (from 4 candidates)
2026-08-14 22:23:43,987 [DEBUG] cnn_neat: Split edge 3→1, new hidden node 5 (pool=4)
2026-08-14 22:23:43,991 [DEBUG] cnn_neat: Removed hidden node 2 (pool=1)
2026-08-14 22:23:43,994 [DEBUG] cnn_neat: Added edge 2→3 (from 7 candidates)
2026-08-14 22:23:43,996 [DEBUG] cnn_neat: Split edge 0→1, new hidden node 4 (pool=1)
2026-08-14 22:23:44,003 [DEBUG] cnn_neat: Split edge 0→2, new hidden node 5 (pool=4)
2026-08-14 22:23:44,008 [DEBUG] cnn_neat: Added edge 3→1 (from 4 candidates)
2026-08-14 22:23:44,101 [DEBUG] cnn_neat: Split edge 2→3, new hidden node 6 (pool=5)
2026-08-14 22:23:44,106 [DEBUG] cnn_neat: Split edge 0→2, new hidden node 5 (pool=3)
2026-08-14 22:23:44,111 [DEBUG] cnn_neat: Added edge 0→2 (from 6 candidates)
2026-08-14 22:23:44,115 [DEBUG] cnn_neat: Added edge 0→3 (from 3 candidates)
2026-08-14 22:23:44,122 [DEBUG] cnn_neat: Split edge 0→5, new hidden node 6 (pool=4)
2026-08-14 22:23:44,129 [DEBUG] cnn_neat: Split edge 4→1, new hidden node 5 (pool=5)
2026-08-14 22:23:44,133 [DEBUG] cnn_neat: Added edge 2→4 (from 4 candidates)
2026-08-14 22:23:44,143 [DEBUG] cnn_neat: Removed hidden node 2 (pool=1)
2026-08-14 22:23:44,148 [DEBUG] cnn_neat: Removed edge 0→3 (from 3 candidates)
2026-08-14 22:23:44,155 [DEBUG] cnn_neat: Removed 2 edges (requested 3)
2026-08-14 22:23:44,163 [DEBUG] cnn_neat: Split edge 0→2, new hidden node 5 (pool=6)
2026-08-14 22:23:44,168 [DEBUG] cnn_neat: Added edge 3→1 (from 3 candidates)
2026-08-14 22:23:44,177 [DEBUG] cnn_neat: Split edge 2→3, new hidden node 6 (pool=7)
2026-08-14 22:23:44,188 [DEBUG] cnn_neat: Removed hidden node 3 (pool=2)
2026-08-14 22:23:44,194 [DEBUG] cnn_neat: Added edge 0→2 (from 7 candidates)
2026-08-14 22:23:44,202 [DEBUG] cnn_neat: Split edge 0→3, new hidden node 7 (pool=4)
2026-08-14 22:23:44,212 [DEBUG] cnn_neat: Split edge 0→3, new hidden node 4 (pool=5)
2026-08-14 22:23:44,218 [DEBUG] cnn_neat: Added edge 0→1 (from 1 candidates)
2026-08-14 22:23:44,224 [DEBUG] cnn_neat: Removed hidden node 2 (pool=2)
2026-08-14 22:23:44,229 [DEBUG] cnn_neat: Removed edge 2→1 (from 5 candidates)
2026-08-14 22:23:44,359 [DEBUG] cnn_neat: Removed 3 edges (requested 3)
2026-08-14 22:23:44,364 [DEBUG] cnn_neat: Split edge 0→2, new hidden node 5 (pool=5)
2026-08-14 22:23:44,373 [DEBUG] cnn_neat: Added edge 4→1 (from 4 candidates)
2026-08-14 22:23:44,381 [DEBUG] cnn_neat: Split edge 0→4, new hidden node 6 (pool=7)
2026-08-14 22:23:44,393 [DEBUG] cnn_neat: Removed hidden node 3 (pool=3)
2026-08-14 22:23:44,403 [DEBUG] cnn_neat: Added edge 4→5 (from 9 candidates)
2026-08-14 22:23:44,412 [DEBUG] cnn_neat: Split edge 0→1, new hidden node 2 (pool=1)
2026-08-14 22:23:44,431 [DEBUG] cnn_neat: Split edge 2→1, new hidden node 3 (pool=2)
2026-08-14 22:23:44,433 [DEBUG] cnn_neat: Added edge 0→1 (from 1 candidates)
2026-08-14 22:23:44,451 [DEBUG] cnn_neat: Split edge 3→2, new hidden node 4 (pool=3)
2026-08-14 22:23:44,456 [DEBUG] cnn_neat: Added edge 3→1 (from 2 candidates)
2026-08-14 22:23:44,473 [DEBUG] cnn_neat: Split edge 4→3, new hidden node 5 (pool=4)
2026-08-14 22:23:44,481 [DEBUG] cnn_neat: Added edge 4→1 (from 4 candidates)
2026-08-14 22:23:44,502 [DEBUG] cnn_neat: Split edge 0→2, new hidden node 5 (pool=3)
2026-08-14 22:23:44,509 [DEBUG] cnn_neat: Added edge 0→4 (from 3 candidates)
2026-08-14 22:23:44,519 [DEBUG] cnn_neat: Split edge 0→5, new hidden node 6 (pool=4)
2026-08-14 22:23:44,533 [DEBUG] cnn_neat: Removed hidden node 3 (pool=1)
2026-08-14 22:23:44,547 [DEBUG] cnn_neat: Added edge 5→3 (from 5 candidates)
2026-08-14 22:23:44,563 [DEBUG] cnn_neat: Split edge 0→1, new hidden node 3 (pool=1)
2026-08-14 22:23:44,716 [DEBUG] cnn_neat: Removed hidden node 2 (pool=1)
2026-08-14 22:23:44,720 [DEBUG] cnn_neat: Removed edge 0→1 (from 3 candidates)
2026-08-14 22:23:44,724 [DEBUG] cnn_neat: Removed 2 edges (requested 3)
2026-08-14 22:23:44,728 [DEBUG] cnn_neat: Split edge 3→1, new hidden node 4 (pool=2)
2026-08-14 22:23:44,731 [DEBUG] cnn_neat: Added edge 0→1 (from 1 candidates)
2026-08-14 22:23:44,739 [DEBUG] cnn_neat: Split edge 0→4, new hidden node 5 (pool=3)
2026-08-14 22:23:44,750 [DEBUG] cnn_neat: Added edge 0→3 (from 4 candidates)
2026-08-14 22:23:44,763 [DEBUG] cnn_neat: Removed hidden node 3 (pool=1)
2026-08-14 22:23:44,766 [DEBUG] cnn_neat: Removed edge 2→3 (from 1 candidates)
2026-08-14 22:23:44,778 [DEBUG] cnn_neat: Removed 1 edges (requested 3)
2026-08-14 22:23:44,785 [DEBUG] cnn_neat: Split edge 2→1, new hidden node 5 (pool=3)
2026-08-14 22:23:44,788 [DEBUG] cnn_neat: Added edge 4→1 (from 2 candidates)
2026-08-14 22:23:44,811 [DEBUG] cnn_neat: Split edge 5→1, new hidden node 6 (pool=4)
2026-08-14 22:23:44,816 [DEBUG] cnn_neat: Added edge 0→2 (from 4 candidates)
2026-08-14 22:23:44,823 [DEBUG] cnn_neat: Split edge 5→6, new hidden node 7 (pool=5)
2026-08-14 22:23:44,832 [DEBUG] cnn_neat: Added edge 4→6 (from 6 candidates)
2026-08-14 22:23:44,840 [DEBUG] cnn_neat: Split edge 0→4, new hidden node 6 (pool=5)
2026-08-14 22:23:44,866 [DEBUG] cnn_neat: Split edge 0→1, new hidden node 4 (pool=1)
2026-08-14 22:23:44,888 [DEBUG] cnn_neat: Removed hidden node 3 (pool=1)
2026-08-14 22:23:44,892 [DEBUG] cnn_neat: Removed edge 0→1 (from 3 candidates)
2026-08-14 22:23:44,896 [DEBUG] cnn_neat: Removed 2 edges (requested 3)
2026-08-14 22:23:44,901 [DEBUG] cnn_neat: Split edge 0→3, new hidden node 5 (pool=4)
2026-08-14 22:23:44,906 [DEBUG] cnn_neat: Added edge 0→1 (from 3 candidates)
2026-08-14 22:23:44,921 [DEBUG] cnn_neat: Split edge 0→4, new hidden node 6 (pool=2)
2026-08-14 22:23:44,931 [DEBUG] cnn_neat: Removed hidden node 3 (pool=2)
2026-08-14 22:23:44,938 [DEBUG] cnn_neat: Added edge 5→4 (from 6 candidates)
2026-08-14 22:23:44,966 [DEBUG] cnn_neat: Split edge 2→1, new hidden node 5 (pool=5)
2026-08-14 22:23:44,978 [DEBUG] cnn_neat: Added edge 0→2 (from 5 candidates)
2026-08-14 22:23:45,116 [DEBUG] cnn_neat: Removed hidden node 4 (pool=2)
2026-08-14 22:23:45,122 [DEBUG] cnn_neat: Removed edge 3→2 (from 4 candidates)
2026-08-14 22:23:45,130 [DEBUG] cnn_neat: Removed 2 edges (requested 3)
2026-08-14 22:23:45,133 [DEBUG] cnn_neat: Split edge 0→3, new hidden node 6 (pool=3)
2026-08-14 22:23:45,137 [DEBUG] cnn_neat: Split edge 2→1, new hidden node 5 (pool=4)
2026-08-14 22:23:45,145 [DEBUG] cnn_neat: Added edge 4→2 (from 8 candidates)
2026-08-14 22:23:45,147 [DEBUG] cnn_neat: Added edge 0→4 (from 7 candidates)
2026-08-14 22:23:45,153 [DEBUG] cnn_neat: Split edge 4→2, new hidden node 6 (pool=5)
2026-08-14 22:23:45,164 [DEBUG] cnn_neat: Added edge 2→5 (from 5 candidates)
2026-08-14 22:23:45,185 [DEBUG] cnn_neat: Removed hidden node 5 (pool=2)
2026-08-14 22:23:45,187 [DEBUG] cnn_neat: Removed edge 2→1 (from 4 candidates)
2026-08-14 22:23:45,191 [DEBUG] cnn_neat: Removed 2 edges (requested 3)
2026-08-14 22:23:45,197 [DEBUG] cnn_neat: Split edge 0→4, new hidden node 7 (pool=3)
2026-08-14 22:23:45,200 [DEBUG] cnn_neat: Split edge 2→5, new hidden node 6 (pool=6)
2026-08-14 22:23:45,203 [DEBUG] cnn_neat: Split edge 0→4, new hidden node 6 (pool=4)
2026-08-14 22:23:45,208 [DEBUG] cnn_neat: Split edge 0→1, new hidden node 2 (pool=1)
2026-08-14 22:23:45,294 [DEBUG] cnn_neat: Split edge 0→2, new hidden node 3 (pool=2)
2026-08-14 22:23:45,297 [DEBUG] cnn_neat: Added edge 0→1 (from 1 candidates)
2026-08-14 22:23:45,303 [DEBUG] cnn_neat: Split edge 3→2, new hidden node 4 (pool=3)
2026-08-14 22:23:45,306 [DEBUG] cnn_neat: Added edge 3→1 (from 2 candidates)
2026-08-14 22:23:45,313 [DEBUG] cnn_neat: Split edge 3→4, new hidden node 5 (pool=4)
2026-08-14 22:23:45,317 [DEBUG] cnn_neat: Added edge 4→1 (from 4 candidates)
2026-08-14 22:23:45,327 [DEBUG] cnn_neat: Split edge 0→3, new hidden node 5 (pool=3)
2026-08-14 22:23:45,330 [DEBUG] cnn_neat: Added edge 0→4 (from 3 candidates)
2026-08-14 22:23:45,334 [DEBUG] cnn_neat: Split edge 4→1, new hidden node 6 (pool=4)
2026-08-14 22:23:45,338 [DEBUG] cnn_neat: Removed hidden node 2 (pool=1)
2026-08-14 22:23:45,341 [DEBUG] cnn_neat: Added edge 3→2 (from 5 candidates)
2026-08-14 22:23:45,347 [DEBUG] cnn_neat: Split edge 5→1, new hidden node 6 (pool=3)
2026-08-14 22:23:45,349 [DEBUG] cnn_neat: Added edge 4→1 (from 2 candidates)
2026-08-14 22:23:45,356 [DEBUG] cnn_neat: Split edge 4→5, new hidden node 7 (pool=4)
2026-08-14 22:23:45,360 [DEBUG] cnn_neat: Added edge 4→6 (from 4 candidates)
2026-08-14 22:23:45,364 [DEBUG] cnn_neat: Split edge 7→5, new hidden node 8 (pool=5)
2026-08-14 22:23:45,369 [DEBUG] cnn_neat: Added edge 0→5 (from 6 candidates)
2026-08-14 22:23:45,372 [DEBUG] cnn_neat: Split edge 0→4, new hidden node 7 (pool=5)
2026-08-14 22:23:45,377 [DEBUG] cnn_neat: Split edge 3→4, new hidden node 5 (pool=3)
2026-08-14 22:23:45,379 [DEBUG] cnn_neat: Added edge 3→1 (from 2 candidates)
2026-08-14 22:23:45,384 [DEBUG] cnn_neat: Split edge 0→3, new hidden node 6 (pool=4)
2026-08-14 22:23:45,387 [DEBUG] cnn_neat: Added edge 5→1 (from 4 candidates)
2026-08-14 22:23:45,390 [DEBUG] cnn_neat: Split edge 6→3, new hidden node 7 (pool=5)
2026-08-14 22:23:45,394 [DEBUG] cnn_neat: Added edge 0→3 (from 6 candidates)
2026-08-14 22:23:45,396 [DEBUG] cnn_neat: Split edge 0→3, new hidden node 6 (pool=3)
2026-08-14 22:23:45,402 [DEBUG] cnn_neat: Split edge 4→3, new hidden node 6 (pool=5)
2026-08-14 22:23:45,405 [DEBUG] cnn_neat: Added edge 3→1 (from 6 candidates)
2026-08-14 22:23:45,406 [DEBUG] cnn_neat: Saved generation 0
2026-08-14 22:23:45,459 [DEBUG] cnn_neat: Selected 25 elite individuals
2026-08-14 22:23:45,511 [DEBUG] cnn_neat: Split edge 2→4, new hidden node 6 (pool=4)
2026-08-14 22:23:45,525 [DEBUG] cnn_neat: Added edge 2→3 (from 9 candidates)
2026-08-14 22:23:45,535 [DEBUG] cnn_neat: Added edge 0→3 (from 5 candidates)
2026-08-14 22:23:45,544 [DEBUG] cnn_neat: Split edge 3→1, new hidden node 7 (pool=1)
2026-08-14 22:23:45,558 [DEBUG] cnn_neat: Split edge 0→1, new hidden node 3 (pool=1)
2026-08-14 22:23:45,567 [DEBUG] cnn_neat: Removed hidden node 2 (pool=1)
2026-08-14 22:23:45,570 [DEBUG] cnn_neat: Removed edge 0→2 (from 3 candidates)
2026-08-14 22:23:45,573 [DEBUG] cnn_neat: Removed 2 edges (requested 3)
2026-08-14 22:23:45,647 [DEBUG] cnn_neat: Split edge 3→1, new hidden node 4 (pool=2)
2026-08-14 22:23:45,717 [DEBUG] cnn_neat: Added edge 0→1 (from 1 candidates)
2026-08-14 22:23:45,720 [DEBUG] cnn_neat: Split edge 0→3, new hidden node 6 (pool=6)
2026-08-14 22:23:45,724 [DEBUG] cnn_neat: Added edge 3→1 (from 8 candidates)
2026-08-14 22:23:45,727 [DEBUG] cnn_neat: Removed hidden node 3 (pool=2)
2026-08-14 22:23:45,728 [DEBUG] cnn_neat: Split edge 2→5, new hidden node 6 (pool=4)
2026-08-14 22:23:45,730 [DEBUG] cnn_neat: Removed edge 3→4 (from 4 candidates)
2026-08-14 22:23:45,733 [DEBUG] cnn_neat: Removed 3 edges (requested 3)
2026-08-14 22:23:45,733 [DEBUG] cnn_neat: Split edge 2→5, new hidden node 6 (pool=3)
2026-08-14 22:23:45,736 [DEBUG] cnn_neat: Crossover rejected: union topology invalid (edges=11 nodes=10)
2026-08-14 22:23:45,738 [DEBUG] cnn_neat: Split edge 5→1, new hidden node 6 (pool=6)
2026-08-14 22:23:45,740 [DEBUG] cnn_neat: Added edge 4→5 (from 8 candidates)
2026-08-14 22:23:45,742 [DEBUG] cnn_neat: Added edge 2→1 (from 7 candidates)
2026-08-14 22:23:45,745 [DEBUG] cnn_neat: Added edge 3→5 (from 6 candidates)
2026-08-14 22:23:45,747 [DEBUG] cnn_neat: Added edge 3→1 (from 5 candidates)
2026-08-14 22:23:45,749 [DEBUG] cnn_neat: Added edge 4→1 (from 4 candidates)
2026-08-14 22:23:45,752 [DEBUG] cnn_neat: Split edge 3→1, new hidden node 5 (pool=2)
2026-08-14 22:23:45,753 [DEBUG] cnn_neat: Added edge 0→2 (from 3 candidates)
2026-08-14 22:23:45,756 [DEBUG] cnn_neat: Removed hidden node 4 (pool=3)
2026-08-14 22:23:45,757 [DEBUG] cnn_neat: Removed edge 3→1 (from 6 candidates)
2026-08-14 22:23:45,758 [DEBUG] cnn_neat: Split edge 4→2, new hidden node 5 (pool=5)
2026-08-14 22:23:45,760 [DEBUG] cnn_neat: Added edge 0→5 (from 6 candidates)
2026-08-14 22:23:45,762 [DEBUG] cnn_neat: Removed 3 edges (requested 3)
2026-08-14 22:23:45,764 [DEBUG] cnn_neat: Crossover rejected: union topology invalid (edges=10 nodes=8)
2026-08-14 22:23:45,767 [DEBUG] cnn_neat: Split edge 0→3, new hidden node 5 (pool=2)
2026-08-14 22:23:45,769 [DEBUG] cnn_neat: Added edge 4→3 (from 3 candidates)
2026-08-14 22:23:45,771 [DEBUG] cnn_neat: Added edge 0→2 (from 2 candidates)
2026-08-14 22:23:45,773 [DEBUG] cnn_neat: Added edge 0→1 (from 2 candidates)
2026-08-14 22:23:45,775 [DEBUG] cnn_neat: Added edge 4→1 (from 1 candidates)
2026-08-14 22:23:45,778 [DEBUG] cnn_neat: Split edge 0→3, new hidden node 6 (pool=6)
2026-08-14 22:23:45,780 [DEBUG] cnn_neat: Added edge 4→3 (from 12 candidates)
2026-08-14 22:23:45,784 [DEBUG] cnn_neat: Removed hidden node 2 (pool=4)
2026-08-14 22:23:45,785 [DEBUG] cnn_neat: Removed edge 4→2 (from 6 candidates)
2026-08-14 22:23:45,789 [DEBUG] cnn_neat: Removed 3 edges (requested 3)
2026-08-14 22:23:45,790 [DEBUG] cnn_neat: Split edge 2→1, new hidden node 5 (pool=3)
2026-08-14 22:23:45,792 [DEBUG] cnn_neat: Crossover union: A_edges=6 B_added=3 dup_skipped=0 child_edges=9 nodes=8
2026-08-14 22:23:45,794 [DEBUG] cnn_neat: Added edge 5→2 (from 12 candidates)
2026-08-14 22:23:45,796 [DEBUG] cnn_neat: Added edge 5→4 (from 9 candidates)
2026-08-14 22:23:45,798 [DEBUG] cnn_neat: Added edge 0→2 (from 6 candidates)
2026-08-14 22:23:45,800 [DEBUG] cnn_neat: Added edge 3→1 (from 5 candidates)
2026-08-14 22:23:45,802 [DEBUG] cnn_neat: Added edge 4→1 (from 4 candidates)
2026-08-14 22:23:45,804 [DEBUG] cnn_neat: Split edge 2→5, new hidden node 6 (pool=3)
2026-08-14 22:23:45,805 [DEBUG] cnn_neat: Split edge 2→6, new hidden node 7 (pool=4)
2026-08-14 22:23:45,806 [DEBUG] cnn_neat: Added edge 2→1 (from 2 candidates)
2026-08-14 22:23:45,809 [DEBUG] cnn_neat: Split edge 2→5, new hidden node 6 (pool=3)
2026-08-14 22:23:45,810 [DEBUG] cnn_neat: Added edge 0→5 (from 4 candidates)
2026-08-14 22:23:45,812 [DEBUG] cnn_neat: Split edge 0→2, new hidden node 6 (pool=3)
2026-08-14 22:23:45,814 [DEBUG] cnn_neat: Split edge 0→2, new hidden node 6 (pool=3)
2026-08-14 22:23:45,816 [DEBUG] cnn_neat: Added edge 0→5 (from 4 candidates)
2026-08-14 22:23:45,818 [DEBUG] cnn_neat: Crossover rejected: copied edge has no live Conv2d
2026-08-14 22:23:45,819 [DEBUG] cnn_neat: Split edge 5→1, new hidden node 6 (pool=3)
2026-08-14 22:23:45,820 [DEBUG] cnn_neat: Added edge 2→1 (from 2 candidates)
2026-08-14 22:23:45,822 [DEBUG] cnn_neat: Added edge 0→5 (from 1 candidates)
2026-08-14 22:23:45,823 [DEBUG] cnn_neat: Added edge 0→1 (from 1 candidates)
2026-08-14 22:23:45,826 [DEBUG] cnn_neat: Split edge 3→4, new hidden node 5 (pool=4)
2026-08-14 22:23:45,828 [DEBUG] cnn_neat: Split edge 4→1, new hidden node 6 (pool=5)
2026-08-14 22:23:45,829 [DEBUG] cnn_neat: Added edge 2→4 (from 4 candidates)
2026-08-14 22:23:45,832 [DEBUG] cnn_neat: Split edge 2→3, new hidden node 5 (pool=4)
2026-08-14 22:23:45,835 [DEBUG] cnn_neat: Split edge 3→4, new hidden node 5 (pool=4)
2026-08-14 22:23:45,836 [DEBUG] cnn_neat: Added edge 2→5 (from 6 candidates)
2026-08-14 22:23:45,839 [DEBUG] cnn_neat: Split edge 4→1, new hidden node 5 (pool=4)
2026-08-14 22:23:45,841 [DEBUG] cnn_neat: Crossover union: A_edges=4 B_added=5 dup_skipped=0 child_edges=9 nodes=8
2026-08-14 22:23:45,843 [DEBUG] cnn_neat: Added edge 0→4 (from 4 candidates)
2026-08-14 22:23:45,844 [DEBUG] cnn_neat: Added edge 0→3 (from 4 candidates)
2026-08-14 22:23:45,846 [DEBUG] cnn_neat: Added edge 2→1 (from 4 candidates)
2026-08-14 22:23:45,849 [DEBUG] cnn_neat: Added edge 2→4 (from 3 candidates)
2026-08-14 22:23:45,851 [DEBUG] cnn_neat: Added edge 3→1 (from 2 candidates)
2026-08-14 22:23:45,853 [DEBUG] cnn_neat: Split edge 4→3, new hidden node 5 (pool=4)
2026-08-14 22:23:45,855 [DEBUG] cnn_neat: Split edge 2→4, new hidden node 6 (pool=5)
2026-08-14 22:23:45,856 [DEBUG] cnn_neat: Added edge 2→3 (from 4 candidates)
2026-08-14 22:23:45,858 [DEBUG] cnn_neat: Split edge 0→2, new hidden node 5 (pool=4)
2026-08-14 22:23:45,860 [DEBUG] cnn_neat: Split edge 4→3, new hidden node 5 (pool=4)
2026-08-14 22:23:45,862 [DEBUG] cnn_neat: Added edge 4→3 (from 6 candidates)
2026-08-14 22:23:45,864 [DEBUG] cnn_neat: Split edge 3→1, new hidden node 5 (pool=4)
2026-08-14 22:23:45,866 [DEBUG] cnn_neat: Added edge 3→1 (from 6 candidates)
2026-08-14 22:23:45,868 [DEBUG] cnn_neat: Crossover rejected: union topology invalid (edges=10 nodes=10)
2026-08-14 22:23:45,870 [DEBUG] cnn_neat: Split edge 4→3, new hidden node 5 (pool=4)
2026-08-14 22:23:45,871 [DEBUG] cnn_neat: Added edge 4→3 (from 6 candidates)
2026-08-14 22:23:45,874 [DEBUG] cnn_neat: Removed hidden node 5 (pool=1)
2026-08-14 22:23:45,877 [DEBUG] cnn_neat: Split edge 3→1, new hidden node 5 (pool=4)
2026-08-14 22:23:45,879 [DEBUG] cnn_neat: Split edge 5→1, new hidden node 6 (pool=5)
2026-08-14 22:23:45,881 [DEBUG] cnn_neat: Added edge 4→1 (from 4 candidates)
2026-08-14 22:23:45,883 [DEBUG] cnn_neat: Added edge 0→4 (from 3 candidates)
2026-08-14 22:23:45,884 [DEBUG] cnn_neat: Added edge 0→3 (from 3 candidates)
2026-08-14 22:23:45,886 [DEBUG] cnn_neat: Added edge 2→3 (from 3 candidates)
2026-08-14 22:23:45,888 [DEBUG] cnn_neat: Added edge 2→1 (from 2 candidates)
2026-08-14 22:23:45,890 [DEBUG] cnn_neat: Split edge 5→1, new hidden node 6 (pool=4)
2026-08-14 22:23:45,891 [DEBUG] cnn_neat: Added edge 0→5 (from 4 candidates)
2026-08-14 22:23:45,894 [DEBUG] cnn_neat: Split edge 5→1, new hidden node 6 (pool=4)
2026-08-14 22:23:45,895 [DEBUG] cnn_neat: Added edge 4→6 (from 6 candidates)
2026-08-14 22:23:45,898 [DEBUG] cnn_neat: Split edge 4→5, new hidden node 6 (pool=4)
2026-08-14 22:23:45,901 [DEBUG] cnn_neat: Split edge 4→5, new hidden node 6 (pool=4)
2026-08-14 22:23:45,903 [DEBUG] cnn_neat: Added edge 3→6 (from 6 candidates)
2026-08-14 22:23:45,905 [DEBUG] cnn_neat: Crossover rejected: copied edge has no live Conv2d
2026-08-14 22:23:45,906 [DEBUG] cnn_neat: Split edge 3→4, new hidden node 6 (pool=4)
2026-08-14 22:23:45,908 [DEBUG] cnn_neat: Added edge 3→5 (from 4 candidates)
2026-08-14 22:23:45,910 [DEBUG] cnn_neat: Added edge 4→1 (from 4 candidates)
2026-08-14 22:23:45,912 [DEBUG] cnn_neat: Added edge 3→1 (from 3 candidates)
2026-08-14 22:23:45,914 [DEBUG] cnn_neat: Added edge 0→4 (from 2 candidates)
2026-08-14 22:23:45,916 [DEBUG] cnn_neat: Added edge 0→5 (from 1 candidates)
2026-08-14 22:23:45,917 [DEBUG] cnn_neat: Split edge 5→1, new hidden node 6 (pool=4)
2026-08-14 22:23:45,919 [DEBUG] cnn_neat: Added edge 4→5 (from 5 candidates)
2026-08-14 22:23:45,921 [DEBUG] cnn_neat: Removed hidden node 4 (pool=1)
2026-08-14 22:23:45,922 [DEBUG] cnn_neat: Split edge 5→1, new hidden node 6 (pool=3)
2026-08-14 22:23:45,924 [DEBUG] cnn_neat: Added edge 2→6 (from 4 candidates)
2026-08-14 22:23:45,925 [DEBUG] cnn_neat: Removed edge 4→2 (from 1 candidates)
2026-08-14 22:23:45,927 [DEBUG] cnn_neat: Split edge 2→5, new hidden node 6 (pool=3)
2026-08-14 22:23:45,928 [DEBUG] cnn_neat: Added edge 6→1 (from 4 candidates)
2026-08-14 22:23:45,929 [DEBUG] cnn_neat: Removed 1 edges (requested 3)
2026-08-14 22:23:45,930 [DEBUG] cnn_neat: Split edge 2→5, new hidden node 6 (pool=3)
2026-08-14 22:23:45,932 [DEBUG] cnn_neat: Added edge 0→5 (from 4 candidates)
2026-08-14 22:23:45,935 [DEBUG] cnn_neat: Removed hidden node 6 (pool=2)
2026-08-14 22:23:45,936 [DEBUG] cnn_neat: Crossover rejected: copied edge has no live Conv2d
2026-08-14 22:23:45,938 [DEBUG] cnn_neat: Split edge 5→1, new hidden node 6 (pool=4)
2026-08-14 22:23:45,939 [DEBUG] cnn_neat: Added edge 2→6 (from 8 candidates)
2026-08-14 22:23:45,941 [DEBUG] cnn_neat: Added edge 0→4 (from 5 candidates)
2026-08-14 22:23:45,942 [DEBUG] cnn_neat: Added edge 4→1 (from 4 candidates)
2026-08-14 22:23:45,944 [DEBUG] cnn_neat: Added edge 4→5 (from 3 candidates)
2026-08-14 22:23:45,946 [DEBUG] cnn_neat: Added edge 2→1 (from 2 candidates)
2026-08-14 22:23:45,948 [DEBUG] cnn_neat: Added edge 0→5 (from 1 candidates)
2026-08-14 22:23:45,950 [DEBUG] cnn_neat: Split edge 3→1, new hidden node 4 (pool=4)
2026-08-14 22:23:45,951 [DEBUG] cnn_neat: Added edge 2→3 (from 3 candidates)
2026-08-14 22:23:45,953 [DEBUG] cnn_neat: Removed hidden node 3 (pool=2)
2026-08-14 22:23:45,955 [DEBUG] cnn_neat: Split edge 0→2, new hidden node 3 (pool=2)
2026-08-14 22:23:45,956 [DEBUG] cnn_neat: Added edge 0→2 (from 2 candidates)
2026-08-14 22:23:45,957 [DEBUG] cnn_neat: Removed edge 0→3 (from 4 candidates)
2026-08-14 22:23:45,959 [DEBUG] cnn_neat: Removed 2 edges (requested 3)
2026-08-14 22:23:45,960 [DEBUG] cnn_neat: Split edge 0→2, new hidden node 3 (pool=2)
2026-08-14 22:23:45,961 [DEBUG] cnn_neat: Added edge 3→1 (from 2 candidates)
2026-08-14 22:23:45,963 [DEBUG] cnn_neat: Removed hidden node 2 (pool=1)
2026-08-14 22:23:45,965 [DEBUG] cnn_neat: Split edge 0→3, new hidden node 4 (pool=2)
2026-08-14 22:23:45,967 [DEBUG] cnn_neat: Crossover rejected: copied edge has no live Conv2d
2026-08-14 22:23:45,968 [DEBUG] cnn_neat: Split edge 2→1, new hidden node 4 (pool=4)
2026-08-14 22:23:45,970 [DEBUG] cnn_neat: Added edge 0→1 (from 3 candidates)
2026-08-14 22:23:45,971 [DEBUG] cnn_neat: Added edge 3→2 (from 2 candidates)
2026-08-14 22:23:45,975 [DEBUG] cnn_neat: Split edge 4→5, new hidden node 6 (pool=4)
2026-08-14 22:23:45,977 [DEBUG] cnn_neat: Split edge 2→1, new hidden node 7 (pool=1)
2026-08-14 22:23:45,978 [DEBUG] cnn_neat: Added edge 0→2 (from 7 candidates)
2026-08-14 22:23:45,982 [DEBUG] cnn_neat: Removed hidden node 3 (pool=1)
2026-08-14 22:23:45,983 [DEBUG] cnn_neat: Split edge 4→5, new hidden node 6 (pool=4)
2026-08-14 22:23:45,985 [DEBUG] cnn_neat: Added edge 0→6 (from 6 candidates)
2026-08-14 22:23:45,987 [DEBUG] cnn_neat: Removed edge 2→3 (from 1 candidates)
2026-08-14 22:23:45,989 [DEBUG] cnn_neat: Split edge 0→4, new hidden node 6 (pool=4)
2026-08-14 22:23:45,990 [DEBUG] cnn_neat: Removed 1 edges (requested 3)
2026-08-14 22:23:45,991 [DEBUG] cnn_neat: Split edge 4→5, new hidden node 6 (pool=4)
2026-08-14 22:23:45,993 [DEBUG] cnn_neat: Added edge 0→5 (from 6 candidates)
2026-08-14 22:23:45,995 [DEBUG] cnn_neat: Crossover rejected: copied edge has no live Conv2d
2026-08-14 22:23:45,997 [DEBUG] cnn_neat: Split edge 5→2, new hidden node 6 (pool=4)
2026-08-14 22:23:45,998 [DEBUG] cnn_neat: Added edge 4→3 (from 7 candidates)
2026-08-14 22:23:46,000 [DEBUG] cnn_neat: Added edge 0→3 (from 7 candidates)
2026-08-14 22:23:46,001 [DEBUG] cnn_neat: Added edge 0→5 (from 5 candidates)
2026-08-14 22:23:46,004 [DEBUG] cnn_neat: Added edge 4→1 (from 6 candidates)
2026-08-14 22:23:46,006 [DEBUG] cnn_neat: Added edge 5→3 (from 5 candidates)
2026-08-14 22:23:46,008 [DEBUG] cnn_neat: Split edge 0→2, new hidden node 6 (pool=5)
2026-08-14 22:23:46,010 [DEBUG] cnn_neat: Added edge 5→1 (from 6 candidates)
2026-08-14 22:23:46,012 [DEBUG] cnn_neat: Split edge 0→2, new hidden node 6 (pool=5)
2026-08-14 22:23:46,014 [DEBUG] cnn_neat: Added edge 2→3 (from 9 candidates)
2026-08-14 22:23:46,017 [DEBUG] cnn_neat: Split edge 4→5, new hidden node 6 (pool=5)
2026-08-14 22:23:46,020 [DEBUG] cnn_neat: Split edge 4→5, new hidden node 6 (pool=5)
2026-08-14 22:23:46,022 [DEBUG] cnn_neat: Added edge 2→5 (from 9 candidates)
2026-08-14 22:23:46,024 [DEBUG] cnn_neat: Crossover union: A_edges=5 B_added=6 dup_skipped=0 child_edges=11 nodes=11
2026-08-14 22:23:46,026 [DEBUG] cnn_neat: Added edge 5→1 (from 6 candidates)
2026-08-14 22:23:46,028 [DEBUG] cnn_neat: Added edge 2→5 (from 5 candidates)
2026-08-14 22:23:46,030 [DEBUG] cnn_neat: Added edge 4→3 (from 6 candidates)
2026-08-14 22:23:46,032 [DEBUG] cnn_neat: Added edge 2→3 (from 5 candidates)
2026-08-14 22:23:46,034 [DEBUG] cnn_neat: Added edge 2→1 (from 5 candidates)
2026-08-14 22:23:46,036 [DEBUG] cnn_neat: Split edge 4→1, new hidden node 6 (pool=3)
2026-08-14 22:23:46,038 [DEBUG] cnn_neat: Added edge 5→2 (from 3 candidates)
2026-08-14 22:23:46,040 [DEBUG] cnn_neat: Removed hidden node 2 (pool=1)
2026-08-14 22:23:46,042 [DEBUG] cnn_neat: Split edge 5→4, new hidden node 6 (pool=3)
2026-08-14 22:23:46,043 [DEBUG] cnn_neat: Removed edge 2→1 (from 3 candidates)
2026-08-14 22:23:46,045 [DEBUG] cnn_neat: Removed 1 edges (requested 3)
2026-08-14 22:23:46,047 [DEBUG] cnn_neat: Split edge 0→5, new hidden node 6 (pool=4)
2026-08-14 22:23:46,049 [DEBUG] cnn_neat: Crossover rejected: union topology invalid (edges=11 nodes=10)
2026-08-14 22:23:46,051 [DEBUG] cnn_neat: Split edge 5→4, new hidden node 6 (pool=3)
2026-08-14 22:23:46,053 [DEBUG] cnn_neat: Added edge 0→2 (from 3 candidates)
2026-08-14 22:23:46,055 [DEBUG] cnn_neat: Added edge 0→4 (from 3 candidates)
2026-08-14 22:23:46,056 [DEBUG] cnn_neat: Added edge 5→2 (from 3 candidates)
2026-08-14 22:23:46,058 [DEBUG] cnn_neat: Added edge 0→1 (from 2 candidates)
2026-08-14 22:23:46,060 [DEBUG] cnn_neat: Added edge 5→1 (from 1 candidates)
2026-08-14 22:23:46,062 [DEBUG] cnn_neat: Split edge 0→5, new hidden node 6 (pool=5)
2026-08-14 22:23:46,064 [DEBUG] cnn_neat: Added edge 5→1 (from 4 candidates)
2026-08-14 22:23:46,067 [DEBUG] cnn_neat: Removed hidden node 5 (pool=1)
2026-08-14 22:23:46,068 [DEBUG] cnn_neat: Split edge 4→2, new hidden node 5 (pool=3)
2026-08-14 22:23:46,070 [DEBUG] cnn_neat: Added edge 5→1 (from 4 candidates)
2026-08-14 22:23:46,071 [DEBUG] cnn_neat: Removed edge 0→4 (from 3 candidates)
2026-08-14 22:23:46,073 [DEBUG] cnn_neat: Split edge 4→2, new hidden node 6 (pool=4)
2026-08-14 22:23:46,074 [DEBUG] cnn_neat: Added edge 5→6 (from 6 candidates)
2026-08-14 22:23:46,076 [DEBUG] cnn_neat: Removed 2 edges (requested 3)
2026-08-14 22:23:46,077 [DEBUG] cnn_neat: Split edge 4→2, new hidden node 5 (pool=3)
2026-08-14 22:23:46,079 [DEBUG] cnn_neat: Added edge 5→1 (from 4 candidates)
2026-08-14 22:23:46,081 [DEBUG] cnn_neat: Removed hidden node 2 (pool=1)
2026-08-14 22:23:46,083 [DEBUG] cnn_neat: Crossover rejected: copied edge has no live Conv2d
2026-08-14 22:23:46,085 [DEBUG] cnn_neat: Split edge 5→4, new hidden node 6 (pool=5)
2026-08-14 22:23:46,087 [DEBUG] cnn_neat: Added edge 0→2 (from 4 candidates)
2026-08-14 22:23:46,089 [DEBUG] cnn_neat: Added edge 0→1 (from 4 candidates)
2026-08-14 22:23:46,091 [DEBUG] cnn_neat: Added edge 5→1 (from 3 candidates)
2026-08-14 22:23:46,093 [DEBUG] cnn_neat: Added edge 5→2 (from 2 candidates)
2026-08-14 22:23:46,096 [DEBUG] cnn_neat: Added edge 4→1 (from 1 candidates)
2026-08-14 22:23:46,098 [DEBUG] cnn_neat: Split edge 0→1, new hidden node 6 (pool=1)
2026-08-14 22:23:46,100 [DEBUG] cnn_neat: Split edge 4→2, new hidden node 7 (pool=5)
2026-08-14 22:23:46,101 [DEBUG] cnn_neat: Added edge 0→4 (from 9 candidates)
2026-08-14 22:23:46,104 [DEBUG] cnn_neat: Removed hidden node 4 (pool=2)
2026-08-14 22:23:46,105 [DEBUG] cnn_neat: Split edge 5→1, new hidden node 6 (pool=3)
2026-08-14 22:23:46,106 [DEBUG] cnn_neat: Added edge 2→6 (from 4 candidates)
2026-08-14 22:23:46,109 [DEBUG] cnn_neat: Removed hidden node 5 (pool=1)
2026-08-14 22:23:46,111 [DEBUG] cnn_neat: Removed edge 4→2 (from 2 candidates)
2026-08-14 22:23:46,113 [DEBUG] cnn_neat: Removed 2 edges (requested 3)
2026-08-14 22:23:46,114 [DEBUG] cnn_neat: Split edge 2→5, new hidden node 6 (pool=3)
2026-08-14 22:23:46,116 [DEBUG] cnn_neat: Added edge 6→1 (from 4 candidates)
2026-08-14 22:23:46,118 [DEBUG] cnn_neat: Removed hidden node 5 (pool=1)
2026-08-14 22:23:46,120 [DEBUG] cnn_neat: Crossover rejected: union topology invalid (edges=10 nodes=10)
2026-08-14 22:23:46,121 [DEBUG] cnn_neat: Split edge 0→2, new hidden node 7 (pool=5)
2026-08-14 22:23:46,123 [DEBUG] cnn_neat: Added edge 6→5 (from 9 candidates)
2026-08-14 22:23:46,125 [DEBUG] cnn_neat: Added edge 0→6 (from 8 candidates)
2026-08-14 22:23:46,129 [DEBUG] cnn_neat: Added edge 6→1 (from 7 candidates)
2026-08-14 22:23:46,131 [DEBUG] cnn_neat: Added edge 4→5 (from 6 candidates)
2026-08-14 22:23:46,134 [DEBUG] cnn_neat: Added edge 2→1 (from 5 candidates)
2026-08-14 22:23:46,136 [DEBUG] cnn_neat: Split edge 0→3, new hidden node 5 (pool=2)
2026-08-14 22:23:46,138 [DEBUG] cnn_neat: Added edge 2→3 (from 6 candidates)
2026-08-14 22:23:46,139 [DEBUG] cnn_neat: Split edge 3→1, new hidden node 5 (pool=2)
2026-08-14 22:23:46,142 [DEBUG] cnn_neat: Added edge 4→1 (from 7 candidates)
2026-08-14 22:23:46,144 [DEBUG] cnn_neat: Removed hidden node 2 (pool=3)
2026-08-14 22:23:46,146 [DEBUG] cnn_neat: Removed edge 2→1 (from 5 candidates)
2026-08-14 22:23:46,148 [DEBUG] cnn_neat: Removed 2 edges (requested 3)
2026-08-14 22:23:46,150 [DEBUG] cnn_neat: Split edge 4→2, new hidden node 5 (pool=3)
2026-08-14 22:23:46,151 [DEBUG] cnn_neat: Added edge 5→1 (from 4 candidates)
2026-08-14 22:23:46,154 [DEBUG] cnn_neat: Removed hidden node 2 (pool=1)
2026-08-14 22:23:46,156 [DEBUG] cnn_neat: Split edge 0→4, new hidden node 6 (pool=3)
2026-08-14 22:23:46,158 [DEBUG] cnn_neat: Crossover rejected: union topology invalid (edges=11 nodes=10)
2026-08-14 22:23:46,159 [DEBUG] cnn_neat: Split edge 3→1, new hidden node 5 (pool=2)
2026-08-14 22:23:46,162 [DEBUG] cnn_neat: Added edge 5→4 (from 12 candidates)
2026-08-14 22:23:46,164 [DEBUG] cnn_neat: Added edge 3→2 (from 6 candidates)
2026-08-14 22:23:46,166 [DEBUG] cnn_neat: Added edge 3→4 (from 4 candidates)
2026-08-14 22:23:46,168 [DEBUG] cnn_neat: Added edge 4→1 (from 2 candidates)
2026-08-14 22:23:46,170 [DEBUG] cnn_neat: Added edge 0→2 (from 1 candidates)
2026-08-14 22:23:46,172 [DEBUG] cnn_neat: Added edge 0→1 (from 1 candidates)
2026-08-14 22:23:46,174 [DEBUG] cnn_neat: Split edge 0→2, new hidden node 6 (pool=5)
2026-08-14 22:23:46,175 [DEBUG] cnn_neat: Added edge 0→4 (from 9 candidates)
2026-08-14 22:23:46,177 [DEBUG] cnn_neat: Removed hidden node 3 (pool=2)
2026-08-14 22:23:46,179 [DEBUG] cnn_neat: Split edge 4→2, new hidden node 6 (pool=4)
2026-08-14 22:23:46,180 [DEBUG] cnn_neat: Removed edge 3→4 (from 2 candidates)
2026-08-14 22:23:46,182 [DEBUG] cnn_neat: Split edge 5→1, new hidden node 6 (pool=4)
2026-08-14 22:23:46,183 [DEBUG] cnn_neat: Added edge 4→6 (from 8 candidates)
2026-08-14 22:23:46,185 [DEBUG] cnn_neat: Removed 2 edges (requested 3)
2026-08-14 22:23:46,186 [DEBUG] cnn_neat: Split edge 0→2, new hidden node 6 (pool=3)
2026-08-14 22:23:46,188 [DEBUG] cnn_neat: Added edge 2→1 (from 4 candidates)
2026-08-14 22:23:46,190 [DEBUG] cnn_neat: Crossover rejected: union topology invalid (edges=10 nodes=10)
2026-08-14 22:23:46,191 [DEBUG] cnn_neat: Split edge 3→4, new hidden node 6 (pool=5)
2026-08-14 22:23:46,193 [DEBUG] cnn_neat: Added edge 3→1 (from 9 candidates)
2026-08-14 22:23:46,194 [DEBUG] cnn_neat: Added edge 4→5 (from 8 candidates)
2026-08-14 22:23:46,195 [DEBUG] cnn_neat: Added edge 0→5 (from 7 candidates)
2026-08-14 22:23:46,197 [DEBUG] cnn_neat: Added edge 0→3 (from 7 candidates)
2026-08-14 22:23:46,199 [DEBUG] cnn_neat: Added edge 3→5 (from 5 candidates)
2026-08-14 22:23:46,201 [DEBUG] cnn_neat: Split edge 2→5, new hidden node 6 (pool=5)
2026-08-14 22:23:46,203 [DEBUG] cnn_neat: Added edge 3→1 (from 5 candidates)
2026-08-14 22:23:46,206 [DEBUG] cnn_neat: Removed hidden node 2 (pool=2)
2026-08-14 22:23:46,207 [DEBUG] cnn_neat: Split edge 0→3, new hidden node 6 (pool=3)
2026-08-14 22:23:46,209 [DEBUG] cnn_neat: Removed edge 3→5 (from 4 candidates)
2026-08-14 22:23:46,249 [DEBUG] cnn_neat: Split edge 0→3, new hidden node 6 (pool=6)
2026-08-14 22:23:46,282 [DEBUG] cnn_neat: Added edge 3→1 (from 8 candidates)
2026-08-14 22:23:46,295 [DEBUG] cnn_neat: Removed hidden node 4 (pool=2)
2026-08-14 22:23:46,299 [DEBUG] cnn_neat: Removed edge 4→2 (from 4 candidates)
2026-08-14 22:23:46,306 [DEBUG] cnn_neat: Removed 3 edges (requested 3)
2026-08-14 22:23:46,310 [DEBUG] cnn_neat: Split edge 0→2, new hidden node 6 (pool=4)
2026-08-14 22:23:46,313 [DEBUG] cnn_neat: Split edge 0→3, new hidden node 6 (pool=5)
2026-08-14 22:23:46,316 [DEBUG] cnn_neat: Added edge 3→2 (from 7 candidates)
2026-08-14 22:23:46,320 [DEBUG] cnn_neat: Added edge 2→1 (from 13 candidates)
2026-08-14 22:23:46,328 [DEBUG] cnn_neat: Split edge 0→3, new hidden node 5 (pool=2)
2026-08-14 22:23:46,333 [DEBUG] cnn_neat: Added edge 4→1 (from 3 candidates)
2026-08-14 22:23:46,383 [DEBUG] cnn_neat: Removed hidden node 4 (pool=3)
2026-08-14 22:23:46,388 [DEBUG] cnn_neat: Removed edge 3→1 (from 6 candidates)
2026-08-14 22:23:46,395 [DEBUG] cnn_neat: Removed 3 edges (requested 3)
2026-08-14 22:23:46,402 [DEBUG] cnn_neat: Split edge 3→1, new hidden node 5 (pool=3)
2026-08-14 22:23:46,405 [DEBUG] cnn_neat: Split edge 0→3, new hidden node 4 (pool=3)
2026-08-14 22:23:46,407 [DEBUG] cnn_neat: Added edge 0→2 (from 2 candidates)
2026-08-14 22:23:46,409 [DEBUG] cnn_neat: Added edge 2→1 (from 3 candidates)
2026-08-14 22:23:46,415 [DEBUG] cnn_neat: Split edge 0→4, new hidden node 5 (pool=4)
2026-08-14 22:23:46,421 [DEBUG] cnn_neat: Removed hidden node 2 (pool=3)
2026-08-14 22:23:49,040 [DEBUG] cnn_neat: Split edge 0→1, new hidden node 2 (pool=1)
2026-08-14 22:23:49,049 [DEBUG] cnn_neat: Split edge 0→2, new hidden node 3 (pool=2)
2026-08-14 22:23:49,052 [DEBUG] cnn_neat: Split edge 2→1, new hidden node 3 (pool=2)
2026-08-14 22:23:49,056 [DEBUG] cnn_neat: Added edge 0→1 (from 1 candidates)
2026-08-14 22:23:49,062 [DEBUG] cnn_neat: Added edge 3→1 (from 2 candidates)
2026-08-14 22:23:49,064 [DEBUG] cnn_neat: Added edge 2→1 (from 2 candidates)
2026-08-14 22:23:49,068 [DEBUG] cnn_neat: Removed 2 edges (requested 3)
2026-08-14 22:23:49,070 [DEBUG] cnn_neat: Split edge 0→1, new hidden node 2 (pool=1)
2026-08-14 22:23:49,073 [DEBUG] cnn_neat: Removed edge 3→1 (from 3 candidates)
2026-08-14 22:23:49,076 [DEBUG] cnn_neat: Removed hidden node 3 (pool=1)
2026-08-14 22:23:49,078 [DEBUG] cnn_neat: Split edge 0→1, new hidden node 2 (pool=1)
2026-08-14 22:23:49,080 [DEBUG] cnn_neat: Removed hidden node 2 (pool=1)
2026-08-14 22:23:49,083 [DEBUG] cnn_neat: Removed 1 edges (requested 3)
2026-08-14 22:23:49,085 [DEBUG] cnn_neat: Removed 1 edges (requested 3)
2026-08-14 22:23:49,088 [DEBUG] cnn_neat: Split edge 0→2, new hidden node 4 (pool=2)
2026-08-14 22:23:49,092 [DEBUG] cnn_neat: Added edge 0→3 (from 2 candidates)
2026-08-14 22:23:49,096 [DEBUG] cnn_neat: Removed edge 2→3 (from 1 candidates)
2026-08-14 22:23:49,098 [DEBUG] cnn_neat: Added edge 4→1 (from 2 candidates)
2026-08-14 22:23:49,100 [DEBUG] cnn_neat: Removed edge 3→1 (from 3 candidates)
2026-08-14 22:23:49,103 [DEBUG] cnn_neat: Added edge 0→3 (from 2 candidates)
2026-08-14 22:23:49,107 [DEBUG] cnn_neat: Split edge 3→1, new hidden node 4 (pool=3)
2026-08-14 22:23:49,110 [DEBUG] cnn_neat: Removed 1 edges (requested 3)
2026-08-14 22:23:49,113 [DEBUG] cnn_neat: Split edge 0→2, new hidden node 3 (pool=2)
2026-08-14 22:23:49,117 [DEBUG] cnn_neat: Split edge 3→1, new hidden node 4 (pool=4)
2026-08-14 22:23:49,120 [DEBUG] cnn_neat: Added edge 0→3 (from 2 candidates)
2026-08-14 22:23:49,123 [DEBUG] cnn_neat: Added edge 2→1 (from 2 candidates)
2026-08-14 22:23:49,126 [DEBUG] cnn_neat: Split edge 2→3, new hidden node 4 (pool=3)
2026-08-14 22:23:49,128 [DEBUG] cnn_neat: Added edge 0→1 (from 1 candidates)
2026-08-14 22:23:49,131 [DEBUG] cnn_neat: Removed edge 2→1 (from 3 candidates)
2026-08-14 22:23:49,137 [DEBUG] cnn_neat: Removed 1 edges (requested 3)
2026-08-14 22:23:49,138 [DEBUG] cnn_neat: Split edge 0→2, new hidden node 3 (pool=2)
2026-08-14 22:23:49,141 [DEBUG] cnn_neat: Split edge 3→1, new hidden node 4 (pool=2)
2026-08-14 22:23:49,144 [DEBUG] cnn_neat: Split edge 4→1, new hidden node 5 (pool=2)
2026-08-14 22:23:49,147 [DEBUG] cnn_neat: Removed 2 edges (requested 3)
2026-08-14 22:23:49,150 [DEBUG] cnn_neat: Removed edge 2→3 (from 1 candidates)
2026-08-14 22:23:49,153 [DEBUG] cnn_neat: Split edge 3→2, new hidden node 4 (pool=3)
2026-08-14 22:23:49,156 [DEBUG] cnn_neat: Added edge 3→1 (from 2 candidates)
2026-08-14 22:23:49,161 [DEBUG] cnn_neat: Removed 2 edges (requested 3)
2026-08-14 22:23:49,163 [DEBUG] cnn_neat: Added edge 2→1 (from 2 candidates)
2026-08-14 22:23:49,167 [DEBUG] cnn_neat: Removed hidden node 3 (pool=1)
2026-08-14 22:23:49,175 [DEBUG] cnn_neat: Removed hidden node 2 (pool=1)
2026-08-14 22:23:49,177 [DEBUG] cnn_neat: Split edge 0→2, new hidden node 3 (pool=2)
2026-08-14 22:23:49,183 [DEBUG] cnn_neat: Split edge 3→1, new hidden node 5 (pool=4)
2026-08-14 22:23:49,185 [DEBUG] cnn_neat: Removed 1 edges (requested 3)
2026-08-14 22:23:49,190 [DEBUG] cnn_neat: Removed 1 edges (requested 3)
2026-08-14 22:23:49,194 [DEBUG] cnn_neat: Removed edge 2→1 (from 3 candidates)
2026-08-14 22:23:49,198 [DEBUG] cnn_neat: Added edge 2→1 (from 2 candidates)
2026-08-14 22:23:49,204 [DEBUG] cnn_neat: Added edge 0→3 (from 4 candidates)
2026-08-14 22:23:49,209 [DEBUG] cnn_neat: Removed edge 0→3 (from 5 candidates)
2026-08-14 22:23:49,212 [DEBUG] cnn_neat: Split edge 0→1, new hidden node 2 (pool=1)
2026-08-14 22:23:49,217 [DEBUG] cnn_neat: Removed hidden node 3 (pool=1)
2026-08-14 22:23:49,222 [DEBUG] cnn_neat: Removed hidden node 2 (pool=1)
2026-08-14 22:23:49,225 [DEBUG] cnn_neat: Split edge 2→3, new hidden node 4 (pool=5)
2026-08-14 22:23:49,229 [DEBUG] cnn_neat: Added edge 3→1 (from 2 candidates)
2026-08-14 22:23:49,234 [DEBUG] cnn_neat: Split edge 2→1, new hidden node 5 (pool=4)
2026-08-14 22:23:49,238 [DEBUG] cnn_neat: Removed edge 3→1 (from 3 candidates)
2026-08-14 22:23:49,240 [DEBUG] cnn_neat: Added edge 3→2 (from 4 candidates)
2026-08-14 22:23:49,243 [DEBUG] cnn_neat: Split edge 4→2, new hidden node 5 (pool=5)
2026-08-14 22:23:49,246 [DEBUG] cnn_neat: Removed edge 5→1 (from 4 candidates)
2026-08-14 22:23:49,249 [DEBUG] cnn_neat: Removed 2 edges (requested 3)
2026-08-14 22:23:49,252 [DEBUG] cnn_neat: Removed 2 edges (requested 3)
2026-08-14 22:23:49,256 [DEBUG] cnn_neat: Split edge 0→4, new hidden node 5 (pool=3)
2026-08-14 22:23:49,257 [DEBUG] cnn_neat: Removed edge 0→2 (from 3 candidates)
2026-08-14 22:23:49,260 [DEBUG] cnn_neat: Removed edge 4→2 (from 3 candidates)
2026-08-14 22:23:49,262 [DEBUG] cnn_neat: Split edge 4→2, new hidden node 5 (pool=3)
2026-08-14 22:23:49,268 [DEBUG] cnn_neat: Added edge 3→2 (from 6 candidates)
2026-08-14 22:23:49,270 [DEBUG] cnn_neat: Removed 1 edges (requested 3)
2026-08-14 22:23:49,272 [DEBUG] cnn_neat: Removed 2 edges (requested 3)
2026-08-14 22:23:49,274 [DEBUG] cnn_neat: Removed edge 2→1 (from 1 candidates)
2026-08-14 22:23:49,277 [DEBUG] cnn_neat: Removed edge 3→4 (from 3 candidates)
2026-08-14 22:23:49,283 [DEBUG] cnn_neat: Removed hidden node 2 (pool=1)
2026-08-14 22:23:49,287 [DEBUG] cnn_neat: Removed 2 edges (requested 3)
2026-08-14 22:23:49,292 [DEBUG] cnn_neat: Added edge 2→1 (from 2 candidates)
2026-08-14 22:23:49,295 [DEBUG] cnn_neat: Split edge 4→5, new hidden node 6 (pool=4)
2026-08-14 22:23:49,300 [DEBUG] cnn_neat: Removed 1 edges (requested 3)
2026-08-14 22:23:49,305 [DEBUG] cnn_neat: Added edge 2→1 (from 2 candidates)
2026-08-14 22:23:49,308 [DEBUG] cnn_neat: Split edge 4→2, new hidden node 6 (pool=4)
2026-08-14 22:23:49,311 [DEBUG] cnn_neat: Added edge 0→2 (from 6 candidates)
2026-08-14 22:23:49,314 [DEBUG] cnn_neat: Added edge 4→1 (from 5 candidates)
2026-08-14 22:23:49,320 [DEBUG] cnn_neat: Removed hidden node 3 (pool=1)
2026-08-14 22:23:49,324 [DEBUG] cnn_neat: Split edge 3→2, new hidden node 5 (pool=5)
2026-08-14 22:23:49,326 [DEBUG] cnn_neat: Split edge 4→2, new hidden node 6 (pool=4)
2026-08-14 22:23:49,330 [DEBUG] cnn_neat: Added edge 3→1 (from 4 candidates)
2026-08-14 22:23:49,332 [DEBUG] cnn_neat: Added edge 4→2 (from 4 candidates)
2026-08-14 22:23:49,335 [DEBUG] cnn_neat: Removed 2 edges (requested 3)
2026-08-14 22:23:49,337 [DEBUG] cnn_neat: Removed 1 edges (requested 3)
2026-08-14 22:23:49,339 [DEBUG] cnn_neat: Removed edge 2→1 (from 1 candidates)
2026-08-14 22:23:49,342 [DEBUG] cnn_neat: Split edge 4→1, new hidden node 5 (pool=2)
2026-08-14 22:23:49,345 [DEBUG] cnn_neat: Removed 1 edges (requested 3)
2026-08-14 22:23:49,347 [DEBUG] cnn_neat: Split edge 2→1, new hidden node 5 (pool=3)
2026-08-14 22:23:49,353 [DEBUG] cnn_neat: Removed hidden node 2 (pool=3)
2026-08-14 22:23:49,357 [DEBUG] cnn_neat: Added edge 4→1 (from 3 candidates)
2026-08-14 22:23:49,360 [DEBUG] cnn_neat: Removed 1 edges (requested 3)
2026-08-14 22:23:49,365 [DEBUG] cnn_neat: Split edge 4→1, new hidden node 5 (pool=5)
2026-08-14 22:23:49,368 [DEBUG] cnn_neat: Split edge 3→4, new hidden node 5 (pool=4)
2026-08-14 22:23:49,373 [DEBUG] cnn_neat: Removed hidden node 2 (pool=2)
2026-08-14 22:23:49,379 [DEBUG] cnn_neat: Removed hidden node 5 (pool=2)
2026-08-14 22:23:49,382 [DEBUG] cnn_neat: Split edge 4→1, new hidden node 5 (pool=2)
2026-08-14 22:23:49,384 [DEBUG] cnn_neat: Added edge 0→1 (from 1 candidates)
2026-08-14 22:23:49,387 [DEBUG] cnn_neat: Removed edge 2→3 (from 2 candidates)
2026-08-14 22:23:49,392 [DEBUG] cnn_neat: Removed 2 edges (requested 3)
2026-08-14 22:23:49,395 [DEBUG] cnn_neat: Removed hidden node 2 (pool=1)
2026-08-14 22:23:49,400 [DEBUG] cnn_neat: Split edge 3→4, new hidden node 5 (pool=4)
2026-08-14 22:23:49,403 [DEBUG] cnn_neat: Added edge 0→5 (from 4 candidates)
2026-08-14 22:23:49,408 [DEBUG] cnn_neat: Added edge 0→3 (from 1 candidates)
2026-08-14 22:23:49,411 [DEBUG] cnn_neat: Split edge 4→3, new hidden node 5 (pool=4)
2026-08-14 22:23:49,415 [DEBUG] cnn_neat: Split edge 2→1, new hidden node 6 (pool=5)
2026-08-14 22:23:49,419 [DEBUG] cnn_neat: Split edge 3→2, new hidden node 5 (pool=5)
2026-08-14 22:23:49,423 [DEBUG] cnn_neat: Added edge 3→1 (from 4 candidates)
2026-08-14 22:23:49,427 [DEBUG] cnn_neat: Removed 1 edges (requested 3)
2026-08-14 22:23:49,433 [DEBUG] cnn_neat: Removed 2 edges (requested 3)
2026-08-14 22:23:49,436 [DEBUG] cnn_neat: Added edge 0→3 (from 1 candidates)
2026-08-14 22:23:49,439 [DEBUG] cnn_neat: Split edge 0→2, new hidden node 4 (pool=4)
2026-08-14 22:23:49,443 [DEBUG] cnn_neat: Split edge 5→1, new hidden node 6 (pool=5)
2026-08-14 22:23:49,447 [DEBUG] cnn_neat: Added edge 4→1 (from 4 candidates)
2026-08-14 22:23:49,453 [DEBUG] cnn_neat: Removed 3 edges (requested 3)
2026-08-14 22:23:49,456 [DEBUG] cnn_neat: Removed edge 3→4 (from 4 candidates)
2026-08-14 22:23:49,458 [DEBUG] cnn_neat: Removed edge 4→1 (from 1 candidates)
2026-08-14 22:23:49,463 [DEBUG] cnn_neat: Removed hidden node 3 (pool=1)
2026-08-14 22:23:49,465 [DEBUG] cnn_neat: Split edge 2→3, new hidden node 4 (pool=3)
2026-08-14 22:23:49,468 [DEBUG] cnn_neat: Removed 1 edges (requested 3)
2026-08-14 22:23:49,474 [DEBUG] cnn_neat: Split edge 0→5, new hidden node 6 (pool=3)
2026-08-14 22:23:49,477 [DEBUG] cnn_neat: Added edge 2→1 (from 2 candidates)
2026-08-14 22:23:49,481 [DEBUG] cnn_neat: Removed hidden node 4 (pool=1)
2026-08-14 22:23:49,486 [DEBUG] cnn_neat: Removed 3 edges (requested 3)
2026-08-14 22:23:49,489 [DEBUG] cnn_neat: Split edge 4→2, new hidden node 6 (pool=4)
2026-08-14 22:23:49,493 [DEBUG] cnn_neat: Split edge 0→2, new hidden node 6 (pool=6)
2026-08-14 22:23:49,497 [DEBUG] cnn_neat: Removed hidden node 3 (pool=1)
2026-08-14 22:23:49,499 [DEBUG] cnn_neat: Removed edge 2→1 (from 1 candidates)
2026-08-14 22:23:49,503 [DEBUG] cnn_neat: Added edge 3→1 (from 4 candidates)
2026-08-14 22:23:49,505 [DEBUG] cnn_neat: Added edge 0→2 (from 2 candidates)
2026-08-14 22:23:49,509 [DEBUG] cnn_neat: Added edge 3→1 (from 4 candidates)
2026-08-14 22:23:49,511 [DEBUG] cnn_neat: Removed 1 edges (requested 3)
2026-08-14 22:23:49,518 [DEBUG] cnn_neat: Added edge 0→4 (from 5 candidates)
2026-08-14 22:23:49,524 [DEBUG] cnn_neat: Removed hidden node 2 (pool=1)
2026-08-14 22:23:49,527 [DEBUG] cnn_neat: Added edge 0→4 (from 3 candidates)
2026-08-14 22:23:49,533 [DEBUG] cnn_neat: Removed hidden node 2 (pool=2)
2026-08-14 22:23:49,536 [DEBUG] cnn_neat: Added edge 0→4 (from 4 candidates)
2026-08-14 22:23:49,541 [DEBUG] cnn_neat: Removed edge 2→1 (from 4 candidates)
2026-08-14 22:23:49,544 [DEBUG] cnn_neat: Removed edge 2→1 (from 3 candidates)
2026-08-14 22:23:49,547 [DEBUG] cnn_neat: Split edge 5→3, new hidden node 6 (pool=5)
2026-08-14 22:23:49,550 [DEBUG] cnn_neat: Split edge 3→1, new hidden node 5 (pool=3)
2026-08-14 22:23:49,554 [DEBUG] cnn_neat: Removed 2 edges (requested 3)
2026-08-14 22:23:49,558 [DEBUG] cnn_neat: Split edge 3→4, new hidden node 6 (pool=5)
2026-08-14 22:23:49,560 [DEBUG] cnn_neat: Split edge 3→1, new hidden node 4 (pool=3)
2026-08-14 22:23:49,564 [DEBUG] cnn_neat: Added edge 0→5 (from 1 candidates)
2026-08-14 22:23:49,567 [DEBUG] cnn_neat: Removed 1 edges (requested 3)
2026-08-14 22:23:49,571 [DEBUG] cnn_neat: Added edge 0→1 (from 2 candidates)
2026-08-14 22:23:49,576 [DEBUG] cnn_neat: Removed 3 edges (requested 3)
2026-08-14 22:23:49,580 [DEBUG] cnn_neat: Added edge 2→1 (from 7 candidates)
2026-08-14 22:23:49,583 [DEBUG] cnn_neat: Added edge 2→1 (from 2 candidates)
2026-08-14 22:23:49,589 [DEBUG] cnn_neat: Removed hidden node 5 (pool=1)
2026-08-14 22:23:49,592 [DEBUG] cnn_neat: Split edge 4→5, new hidden node 6 (pool=4)
2026-08-14 22:23:49,596 [DEBUG] cnn_neat: Removed 2 edges (requested 3)
2026-08-14 22:23:49,597 [DEBUG] cnn_neat: Added edge 2→4 (from 4 candidates)
2026-08-14 22:23:49,601 [DEBUG] cnn_neat: Split edge 4→3, new hidden node 5 (pool=4)
2026-08-14 22:23:49,604 [DEBUG] cnn_neat: Split edge 0→2, new hidden node 4 (pool=5)
2026-08-14 22:23:49,610 [DEBUG] cnn_neat: Removed 3 edges (requested 3)
2026-08-14 22:23:49,616 [DEBUG] cnn_neat: Split edge 3→4, new hidden node 6 (pool=6)
2026-08-14 22:23:49,619 [DEBUG] cnn_neat: Split edge 5→4, new hidden node 7 (pool=5)
2026-08-14 22:23:49,625 [DEBUG] cnn_neat: Removed hidden node 3 (pool=3)
2026-08-14 22:23:49,629 [DEBUG] cnn_neat: Split edge 3→1, new hidden node 5 (pool=4)
2026-08-14 22:23:49,637 [DEBUG] cnn_neat: Removed hidden node 2 (pool=3)
2026-08-14 22:23:49,641 [DEBUG] cnn_neat: Removed edge 5→1 (from 2 candidates)
2026-08-14 22:23:49,646 [DEBUG] cnn_neat: Removed 3 edges (requested 3)
2026-08-14 22:23:49,650 [DEBUG] cnn_neat: Removed 2 edges (requested 3)
2026-08-14 22:23:49,655 [DEBUG] cnn_neat: Removed hidden node 4 (pool=1)
2026-08-14 22:23:49,662 [DEBUG] cnn_neat: Removed hidden node 5 (pool=2)
2026-08-14 22:23:49,666 [DEBUG] cnn_neat: Split edge 2→4, new hidden node 6 (pool=5)
2026-08-14 22:23:49,669 [DEBUG] cnn_neat: Split edge 3→2, new hidden node 4 (pool=3)
2026-08-14 22:23:49,671 [DEBUG] cnn_neat: Split edge 4→2, new hidden node 5 (pool=5)
2026-08-14 22:23:49,677 [DEBUG] cnn_neat: Split edge 4→5, new hidden node 6 (pool=3)
2026-08-14 22:23:49,680 [DEBUG] cnn_neat: Removed 2 edges (requested 3)
2026-08-14 22:23:49,685 [DEBUG] cnn_neat: Split edge 3→4, new hidden node 7 (pool=7)
2026-08-14 22:23:49,692 [DEBUG] cnn_neat: Removed 3 edges (requested 3)
2026-08-14 22:23:49,698 [DEBUG] cnn_neat: Split edge 2→3, new hidden node 6 (pool=5)
2026-08-14 22:23:49,702 [DEBUG] cnn_neat: Removed 3 edges (requested 3)
2026-08-14 22:23:49,706 [DEBUG] cnn_neat: Split edge 4→1, new hidden node 5 (pool=2)
2026-08-14 22:23:49,712 [DEBUG] cnn_neat: Removed hidden node 2 (pool=1)
2026-08-14 22:23:49,716 [DEBUG] cnn_neat: Removed edge 4→1 (from 6 candidates)
2026-08-14 22:23:49,720 [DEBUG] cnn_neat: Added edge 2→4 (from 3 candidates)
2026-08-14 22:23:49,728 [DEBUG] cnn_neat: Removed 3 edges (requested 3)
2026-08-14 22:23:49,732 [DEBUG] cnn_neat: Split edge 0→2, new hidden node 6 (pool=4)
2026-08-14 22:23:49,735 [DEBUG] cnn_neat: Added edge 4→1 (from 3 candidates)
2026-08-14 22:23:49,741 [DEBUG] cnn_neat: Removed 3 edges (requested 3)
2026-08-14 22:23:49,743 [DEBUG] cnn_neat: Removed 2 edges (requested 3)
2026-08-14 22:23:49,749 [DEBUG] cnn_neat: Removed hidden node 3 (pool=3)
2026-08-14 22:23:49,751 [DEBUG] cnn_neat: Removed hidden node 2 (pool=1)
2026-08-14 22:23:49,755 [DEBUG] cnn_neat: Split edge 4→1, new hidden node 6 (pool=2)
2026-08-14 22:23:49,759 [DEBUG] cnn_neat: Split edge 3→1, new hidden node 5 (pool=3)
2026-08-14 22:23:49,766 [DEBUG] cnn_neat: Removed hidden node 2 (pool=2)
2026-08-14 22:23:49,769 [DEBUG] cnn_neat: Removed 2 edges (requested 3)
2026-08-14 22:23:49,772 [DEBUG] cnn_neat: Removed edge 4→1 (from 3 candidates)
2026-08-14 22:23:49,774 [DEBUG] cnn_neat: Added edge 5→3 (from 7 candidates)
2026-08-14 22:23:49,777 [DEBUG] cnn_neat: Removed edge 4→2 (from 1 candidates)
2026-08-14 22:23:49,782 [DEBUG] cnn_neat: Added edge 2→3 (from 3 candidates)
2026-08-14 22:23:49,785 [DEBUG] cnn_neat: Split edge 2→3, new hidden node 5 (pool=5)
2026-08-14 22:23:49,789 [DEBUG] cnn_neat: Removed hidden node 4 (pool=1)
2026-08-14 22:23:49,793 [DEBUG] cnn_neat: Removed 1 edges (requested 3)
2026-08-14 22:23:49,796 [DEBUG] cnn_neat: Removed edge 3→5 (from 4 candidates)
2026-08-14 22:23:49,802 [DEBUG] cnn_neat: Removed hidden node 6 (pool=2)
2026-08-14 22:23:49,804 [DEBUG] cnn_neat: Added edge 2→1 (from 2 candidates)
2026-08-14 22:23:49,809 [DEBUG] cnn_neat: Split edge 5→1, new hidden node 7 (pool=7)
2026-08-14 22:23:49,812 [DEBUG] cnn_neat: Removed 1 edges (requested 3)
2026-08-14 22:23:49,818 [DEBUG] cnn_neat: Removed hidden node 5 (pool=2)
2026-08-14 22:23:49,822 [DEBUG] cnn_neat: Split edge 2→1, new hidden node 5 (pool=4)
2026-08-14 22:23:49,824 [DEBUG] cnn_neat: Removed edge 3→2 (from 1 candidates)
2026-08-14 22:23:49,828 [DEBUG] cnn_neat: Removed hidden node 5 (pool=2)
2026-08-14 22:23:49,831 [DEBUG] cnn_neat: Removed edge 3→1 (from 3 candidates)
2026-08-14 22:23:49,832 [DEBUG] cnn_neat: Removed 1 edges (requested 3)
2026-08-14 22:23:49,837 [DEBUG] cnn_neat: Removed hidden node 3 (pool=1)
2026-08-14 22:23:49,839 [DEBUG] cnn_neat: Split edge 0→1, new hidden node 3 (pool=1)
2026-08-14 22:23:49,844 [DEBUG] cnn_neat: Split edge 3→2, new hidden node 6 (pool=5)
2026-08-14 22:23:49,846 [DEBUG] cnn_neat: Added edge 0→2 (from 2 candidates)
2026-08-14 22:23:49,850 [DEBUG] cnn_neat: Added edge 0→2 (from 4 candidates)
2026-08-14 22:23:49,855 [DEBUG] cnn_neat: Removed hidden node 4 (pool=1)
2026-08-14 22:23:49,858 [DEBUG] cnn_neat: Removed 2 edges (requested 3)
2026-08-14 22:23:49,862 [DEBUG] cnn_neat: Removed 2 edges (requested 3)
2026-08-14 22:23:49,864 [DEBUG] cnn_neat: Removed edge 2→1 (from 1 candidates)
2026-08-14 22:23:49,869 [DEBUG] cnn_neat: Removed 1 edges (requested 3)
2026-08-14 22:23:49,876 [DEBUG] cnn_neat: Removed hidden node 5 (pool=2)
2026-08-14 22:23:49,879 [DEBUG] cnn_neat: Removed edge 4→2 (from 6 candidates)
2026-08-14 22:23:49,882 [DEBUG] cnn_neat: Removed 1 edges (requested 3)
2026-08-14 22:23:49,885 [DEBUG] cnn_neat: Added edge 2→1 (from 6 candidates)
2026-08-14 22:23:49,889 [DEBUG] cnn_neat: Removed edge 2→3 (from 6 candidates)
2026-08-14 22:23:49,892 [DEBUG] cnn_neat: Split edge 3→1, new hidden node 5 (pool=2)
2026-08-14 22:23:49,896 [DEBUG] cnn_neat: Added edge 5→6 (from 10 candidates)
2026-08-14 22:23:49,903 [DEBUG] cnn_neat: Removed hidden node 2 (pool=1)
2026-08-14 22:23:49,907 [DEBUG] cnn_neat: Removed edge 0→3 (from 4 candidates)
2026-08-14 22:23:49,915 [DEBUG] cnn_neat: Removed 3 edges (requested 3)
2026-08-14 22:23:49,920 [DEBUG] cnn_neat: Added edge 6→4 (from 9 candidates)
2026-08-14 22:23:49,923 [DEBUG] cnn_neat: Added edge 2→5 (from 7 candidates)
2026-08-14 22:23:49,926 [DEBUG] cnn_neat: Removed edge 4→2 (from 6 candidates)
2026-08-14 22:23:49,929 [INFO] cnn_neat: CnnNeat started | run=run_0009 | population=128 | in=(32, 32) out=(1, 1)
2026-08-14 22:23:49,930 [INFO] cnn_neat: Compute: device=cuda | grid (32, 32)→(1, 1) | AMP=on (float16) | GPU=NVIDIA GeForce RTX 4060 Ti
